10-13 11:43:42.244   959  1498 D PowerManagerService: Releasing suspend blocker "PowerManagerService.WakeLocks".
10-13 11:43:42.247  2780  2780 D ActivityThread: SVC-Destroying service: com.google.android.gms.icing.service.IndexWorkerService@c8a45de
10-13 11:43:42.247  2780  2780 D ActivityThread: SVC-STOP_SERVICE handled : 0 / android.os.BinderProxy@e960119
10-13 11:43:42.252  3780  3971 D AudioTrack: write: userSize = 3824, blocking = 1
10-13 11:43:42.353  3780  3971 D AudioTrack: write: userSize = 3824, blocking = 1
10-13 11:43:42.453  3780  3971 D AudioTrack: write: userSize = 3824, blocking = 1
10-13 11:43:42.554  3780  3971 D AudioTrack: write: userSize = 3824, blocking = 1
10-13 11:43:42.654  3780  3971 D AudioTrack: write: userSize = 3824, blocking = 1
10-13 11:43:42.754  3780  3971 D AudioTrack: write: userSize = 3824, blocking = 1
10-13 11:43:42.855  3780  3971 D AudioTrack: write: userSize = 3824, blocking = 1
10-13 11:43:42.939   959   959 E WifiTrafficPoller: TRAFFIC_STATS_POLL true Token 92 num clients 12
10-13 11:43:42.940   959   959 E WifiTrafficPoller:  packet count Tx=67334 Rx=126983
10-13 11:43:42.940   959   959 E WifiTrafficPoller: notifying of data activity 0
10-13 11:43:42.945  1097  1097 D NetworkController.WifiSignalController: Change in state from: connected=true,enabled=true,level=2,inetCondition=1,iconGroup=IconGroup(Wi-Fi Icons),activityIn=true,activityOut=true,rssi=-71,lastModified=10-13 11:43:41,ssid="CDT_GUEST"
10-13 11:43:42.945  1097  1097 D NetworkController.WifiSignalController: 	to: connected=true,enabled=true,level=2,inetCondition=1,iconGroup=IconGroup(Wi-Fi Icons),activityIn=false,activityOut=false,rssi=-71,lastModified=10-13 11:43:41,ssid="CDT_GUEST"
10-13 11:43:42.955  3780  3971 D AudioTrack: write: userSize = 3824, blocking = 1
10-13 11:43:42.972   277   485 I BufferQueueProducer: [StatusBar](this:0x7f860d9000,id:6,api:1,p:1097,c:277) queueBuffer: fps=0.99 dur=1014.70 max=1014.70 min=1014.70
10-13 11:43:42.985   277   277 I SurfaceFlinger: [Built-in Screen (type:0)] fps:0.984958,dur:1015.27,max:1015.27,min:1015.27
10-13 11:43:42.995   312   482 D AALService: enableAALEvent: 0 -> 1
10-13 11:43:42.995   312   482 D AALService: Output backlight = 614/1023, CABC gain = 256
10-13 11:43:43.003   959  1014 D WifiStateMachine:  ConnectedState (when=-3ms what=131155 arg1=19!CMD_RSSI_POLL  rt=9672616/16236435 19 0 "CDT_GUEST" 5c:83:8f:77:33:2f rssi=-71 f=5180 sc=56 link=65 tx=1,5, 0,0, 0,0  rx=1,1 bcn=0 [on:0 tx:0 rx:0 period:2999] from screen [on:0 period:-1116926821] gl hn rssi=-66 ag=0 ticks 0,6,127 ls-=0 [56,56,56,56,56] brc=0 lrc=0 offload-stopped
10-13 11:43:43.005   959  1014 D WifiStateMachine:  L2ConnectedState (when=-5ms what=131155 arg1=19!CMD_RSSI_POLL  rt=9672618/16236436 19 0 "CDT_GUEST" 5c:83:8f:77:33:2f rssi=-71 f=5180 sc=56 link=65 tx=1,5, 0,0, 0,0  rx=1,1 bcn=0 [on:0 tx:0 rx:0 period:1] from screen [on:0 period:-1116926820] gl hn rssi=-66 ag=0 ticks 0,6,127 ls-=0 [56,56,56,56,56] brc=0 lrc=0 offload-stopped
10-13 11:43:43.005   959  1014 D WifiStateMachine:  get link layer stats 0
10-13 11:43:43.006   312   482 D AALService: Output backlight = 615/1023, CABC gain = 256
10-13 11:43:43.007   959  1014 D WifiHW  : enter -->wifi_send_command cmd=IFNAME=wlan0 SIGNAL_POLL
10-13 11:43:43.007  1077  1077 D wpa_supplicant: wlan0: Control interface command 'SIGNAL_POLL'
10-13 11:43:43.024   312   482 D AALService: enableAALEvent: 1 -> 0
10-13 11:43:43.028   959  1014 D WifiHW  : leave --> reply=RSSI=-71
10-13 11:43:43.028   959  1014 D WifiHW  : LINKSPEED=65
10-13 11:43:43.028   959  1014 D WifiHW  : NOISE=9999
10-13 11:43:43.028   959  1014 D WifiHW  : FREQUENCY=5180
10-13 11:43:43.028   959  1014 D WifiHW  : 
10-13 11:43:43.028   959  1014 I WifiStateMachine: fetchRssiLinkSpeedAndFrequencyNative, newRssi:-71, newLinkSpeed:65, SSID:"CDT_GUEST"
10-13 11:43:43.028   959  1014 D WifiStateMachine: mLastSignalLevel:3, newSignalLevel:3
10-13 11:43:43.028   959  1014 E WifiConfigStore: updateConfiguration freq=5180 BSSID=5c:83:8f:77:33:2f RSSI=-70 "CDT_GUEST"WPA_PSK
10-13 11:43:43.029   959  1014 V ActivityManager: Broadcast sticky: Intent { act=android.net.wifi.RSSI_CHANGED flg=0x4000010 (has extras) } ordered=false userid=-1 callerApp=ProcessRecord{14655d3 959:system/1000}
10-13 11:43:43.034   959  1045 D WifiWatchdogStateMachine: RSSI current: 3 new: -71, 3
10-13 11:43:43.034  1097  1495 D NetworkController: onReceive: intent=Intent { act=android.net.wifi.RSSI_CHANGED flg=0x4000010 (has extras) }
10-13 11:43:43.037   959   971 D ConnectivityService: getActiveNetworkInfo networkInfo = [type: WIFI[], state: CONNECTED/CONNECTED, reason: (unspecified), extra: "CDT_GUEST", roaming: false, failover: false, isAvailable: true]
10-13 11:43:43.037   959  1909 D ConnectivityService: getActiveNetworkInfo networkInfo = [type: WIFI[], state: CONNECTED/CONNECTED, reason: (unspecified), extra: "CDT_GUEST", roaming: false, failover: false, isAvailable: true]
10-13 11:43:43.039   959  2522 W PackageManager: checkUidPermission(): android.permission.LOCAL_MAC_ADDRESS of 10079 is denied.
10-13 11:43:43.040   959  1498 D ConnectivityService: getActiveNetworkInfo networkInfo = [type: WIFI[], state: CONNECTED/CONNECTED, reason: (unspecified), extra: "CDT_GUEST", roaming: false, failover: false, isAvailable: true]
10-13 11:43:43.042   959  9794 W PackageManager: checkUidPermission(): android.permission.LOCAL_MAC_ADDRESS of 10082 is denied.
10-13 11:43:43.044   959  1899 W PackageManager: checkUidPermission(): android.permission.LOCAL_MAC_ADDRESS of 10079 is denied.
10-13 11:43:43.056  3780  3971 D AudioTrack: write: userSize = 3824, blocking = 1
10-13 11:43:43.157  3780  3971 D AudioTrack: write: userSize = 3824, blocking = 1
10-13 11:43:43.186  2780  2802 I ContextImpl: startServiceCommon service:Intent { act=com.google.android.gms.icing.START_STICKY cmp=com.google.android.gms/.icing.service.IndexWorkerService }, user:UserHandle{0}
10-13 11:43:43.187   959  9797 I ActivityManager: startServiceLocked service:Intent { act=com.google.android.gms.icing.START_STICKY cmp=com.google.android.gms/.icing.service.IndexWorkerService }
10-13 11:43:43.191  2780  2780 D ActivityThread: SVC-Creating service: CreateServiceData{token=android.os.BinderProxy@68bb566 className=com.google.android.gms.icing.service.IndexWorkerService packageName=com.google.android.gms intent=null}
10-13 11:43:43.195  2780  2780 D ActivityThread: SVC-CREATE_SERVICE handled : 0 / CreateServiceData{token=android.os.BinderProxy@68bb566 className=com.google.android.gms.icing.service.IndexWorkerService packageName=com.google.android.gms intent=null}
10-13 11:43:43.196  2780  2780 D ActivityThread: SVC-Calling onStartCommand: com.google.android.gms.icing.service.IndexWorkerService@da580a7, flags=0, startId=1
10-13 11:43:43.196  2780  2780 D ActivityThread: SVC-SERVICE_ARGS handled : 0 / ServiceArgsData{token=android.os.BinderProxy@68bb566 startId=1 args=Intent { act=com.google.android.gms.icing.START_STICKY cmp=com.google.android.gms/.icing.service.IndexWorkerService }}
10-13 11:43:43.205   959  1498 D PowerManagerService: acquireWakeLockInternal: lock=165980087, flags=0x1, tag="Icing", ws=WorkSource{10078 com.android.chrome}, uid=10011, pid=2780
10-13 11:43:43.208   959  1498 D PowerManagerService: updateWakeLockSummaryLocked: mWakefulness=Awake, mWakeLockSummary=0x1
10-13 11:43:43.209   959  1498 D PowerManagerService: updateUserActivitySummaryLocked: mWakefulness=Awake, mUserActivitySummary=0x1, nextTimeout=9673145 (in 322 ms)
10-13 11:43:43.209   959  1498 D DisplayPowerController: requestPowerState: policy=BRIGHT, useProximitySensor=false, screenBrightness=160, screenAutoBrightnessAdjustment=0.0, brightnessSetByUser=true, useAutoBrightness=false, blockScreenOn=false, lowPowerMode=false, boostScreenBrightness=false, dozeScreenBrightness=-1, dozeScreenState=UNKNOWN, waitForNegativeProximity=false
10-13 11:43:43.209   959  1498 I PowerManagerService: setBrightness mButtonLight 0.
10-13 11:43:43.209   959  1498 D PowerManagerService: updateDisplayPowerStateLocked: mDisplayReady=true, policy=3, mWakefulness=1, mWakeLockSummary=0x1, mUserActivitySummary=0x1, mBootCompleted=true, mScreenBrightnessBoostInProgress=false
10-13 11:43:43.209   959  1498 D PowerManagerService: Acquiring suspend blocker "PowerManagerService.WakeLocks".
10-13 11:43:43.210   959  1498 D PowerManagerNotifier: onWakeLockAcquired: flags=1, tag="Icing", packageName=com.google.android.gms, ownerUid=10011, ownerPid=2780, workSource=WorkSource{10078 com.android.chrome}
10-13 11:43:43.221  1097  1495 D NetworkController.MobileSignalController(1): onSignalStrengthsChanged signalStrength=SignalStrength: 11 28 -120 -160 -6 0 -1 99 2147483647 2147483647 2147483647 2147483647 gsm|lte 1 -384 -41 level=3
10-13 11:43:43.221  1097  1495 D NetworkController.MobileSignalController(1): updateTelephonySignalStrength: hasService=true ss=SignalStrength: 11 28 -120 -160 -6 0 -1 99 2147483647 2147483647 2147483647 2147483647 gsm|lte 1 -384 -41
10-13 11:43:43.222  1097  1495 D NetworkTypeUtils: getNetworkType: type=10
10-13 11:43:43.222  1097  1495 D NetworkTypeUtils: getNetworkTypeIcon iconId = 2130837866
10-13 11:43:43.224   959  9794 V ActivityManager: Broadcast sticky: Intent { act=android.intent.action.SIG_STR flg=0x20000010 (has extras) } ordered=false userid=-1 callerApp=ProcessRecord{14655d3 959:system/1000}
10-13 11:43:43.230   959  1086 D PowerManagerService: updateWakeLockWorkSourceInternal: lock=165980087 [Icing], ws=WorkSource{10011 com.google.android.gms, 10078 com.android.chrome}
10-13 11:43:43.230   959  1086 D PowerManagerNotifier: onWakeLockChanging: flags=1, tag="Icing", packageName=com.google.android.gms, ownerUid=10011, ownerPid=2780, workSource=WorkSource{10011 com.google.android.gms, 10078 com.android.chrome}
10-13 11:43:43.232   959   970 D PowerManagerService: updateWakeLockWorkSourceInternal: lock=165980087 [Icing], ws=WorkSource{10011 com.google.android.gms}
10-13 11:43:43.232   959   970 D PowerManagerNotifier: onWakeLockChanging: flags=1, tag="Icing", packageName=com.google.android.gms, ownerUid=10011, ownerPid=2780, workSource=WorkSource{10011 com.google.android.gms}
10-13 11:43:43.234  1903  9796 I ContextImpl: startServiceCommon service:Intent { cmp=com.google.android.gms/.icing.service.LightweightIndexService$LightweightWorkerService }, user:UserHandle{0}
10-13 11:43:43.235   959  1910 I ActivityManager: startServiceLocked service:Intent { cmp=com.google.android.gms/.icing.service.LightweightIndexService$LightweightWorkerService }
10-13 11:43:43.238  1903  1903 D ActivityThread: SVC-Creating service: CreateServiceData{token=android.os.BinderProxy@7d9a939 className=com.google.android.gms.icing.service.LightweightIndexService$LightweightWorkerService packageName=com.google.android.gms intent=null}
10-13 11:43:43.241  1903  1903 D ActivityThread: SVC-CREATE_SERVICE handled : 0 / CreateServiceData{token=android.os.BinderProxy@7d9a939 className=com.google.android.gms.icing.service.LightweightIndexService$LightweightWorkerService packageName=com.google.android.gms intent=null}
10-13 11:43:43.241  1903  1903 D ActivityThread: SVC-Calling onStartCommand: com.google.android.gms.icing.service.LightweightIndexService$LightweightWorkerService@4529b7e, flags=0, startId=1
10-13 11:43:43.241  1903  1903 D ActivityThread: SVC-SERVICE_ARGS handled : 0 / ServiceArgsData{token=android.os.BinderProxy@7d9a939 startId=1 args=Intent { cmp=com.google.android.gms/.icing.service.LightweightIndexService$LightweightWorkerService }}
10-13 11:43:43.242  2780  3039 I Icing   : Usage reports 0 indexed 0 rejected 0 imm upload false
10-13 11:43:43.244   959  2522 V ActivityManager: Broadcast: Intent { act=com.google.android.gms.icing.IME_NOTIFICATION flg=0x10 pkg=com.google.android.apps.inputmethod.cantonese (has extras) } ordered=false userid=0 callerApp=ProcessRecord{ca3fc43 2780:com.google.android.gms/u0a11}
10-13 11:43:43.245   959  1498 V ActivityManager: Broadcast: Intent { act=com.google.android.gms.icing.IME_NOTIFICATION flg=0x10 pkg=com.google.android.apps.inputmethod.hindi (has extras) } ordered=false userid=0 callerApp=ProcessRecord{ca3fc43 2780:com.google.android.gms/u0a11}
10-13 11:43:43.246   959  1899 V ActivityManager: Broadcast: Intent { act=com.google.android.gms.icing.IME_NOTIFICATION flg=0x10 pkg=com.google.android.apps.inputmethod.zhuyin (has extras) } ordered=false userid=0 callerApp=ProcessRecord{ca3fc43 2780:com.google.android.gms/u0a11}
10-13 11:43:43.247   959  9794 V ActivityManager: Broadcast: Intent { act=com.google.android.gms.icing.IME_NOTIFICATION flg=0x10 pkg=com.android.inputmethod.latin (has extras) } ordered=false userid=0 callerApp=ProcessRecord{ca3fc43 2780:com.google.android.gms/u0a11}
10-13 11:43:43.248   959  3435 V ActivityManager: Broadcast: Intent { act=com.google.android.gms.icing.IME_NOTIFICATION flg=0x10 pkg=com.google.android.inputmethod.korean (has extras) } ordered=false userid=0 callerApp=ProcessRecord{ca3fc43 2780:com.google.android.gms/u0a11}
10-13 11:43:43.249   959  1807 V ActivityManager: Broadcast: Intent { act=com.google.android.gms.icing.IME_NOTIFICATION flg=0x10 pkg=com.google.android.inputmethod.pinyin (has extras) } ordered=false userid=0 callerApp=ProcessRecord{ca3fc43 2780:com.google.android.gms/u0a11}
10-13 11:43:43.250   959  1086 V ActivityManager: Broadcast: Intent { act=com.google.android.gms.icing.IME_NOTIFICATION flg=0x10 pkg=com.google.android.inputmethod.japanese (has extras) } ordered=false userid=0 callerApp=ProcessRecord{ca3fc43 2780:com.google.android.gms/u0a11}
10-13 11:43:43.251   959  1084 V ActivityManager: Broadcast: Intent { act=com.google.android.gms.icing.IME_NOTIFICATION flg=0x10 pkg=com.google.android.inputmethod.latin.dogfood (has extras) } ordered=false userid=0 callerApp=ProcessRecord{ca3fc43 2780:com.google.android.gms/u0a11}
10-13 11:43:43.252   959   970 V ActivityManager: Broadcast: Intent { act=com.google.android.gms.icing.IME_NOTIFICATION flg=0x10 pkg=com.google.android.inputmethod.latin (has extras) } ordered=false userid=0 callerApp=ProcessRecord{ca3fc43 2780:com.google.android.gms/u0a11}
10-13 11:43:43.257  3780  3971 D AudioTrack: write: userSize = 3824, blocking = 1
10-13 11:43:43.278   959  1542 D PowerManagerService: releaseWakeLockInternal: lock=165980087 [Icing], flags=0x0, total_time=69ms
10-13 11:43:43.278   959  1542 D PowerManagerNotifier: onWakeLockReleased: flags=1, tag="Icing", packageName=com.google.android.gms, ownerUid=10011, ownerPid=2780, workSource=WorkSource{10011 com.google.android.gms}
10-13 11:43:43.278   959  1542 D PowerManagerService: updateWakeLockSummaryLocked: mWakefulness=Awake, mWakeLockSummary=0x0
10-13 11:43:43.278   959  1542 D PowerManagerService: updateUserActivitySummaryLocked: mWakefulness=Awake, mUserActivitySummary=0x1, nextTimeout=9673145 (in 253 ms)
10-13 11:43:43.278   959  1542 D DisplayPowerController: requestPowerState: policy=BRIGHT, useProximitySensor=false, screenBrightness=160, screenAutoBrightnessAdjustment=0.0, brightnessSetByUser=true, useAutoBrightness=false, blockScreenOn=false, lowPowerMode=false, boostScreenBrightness=false, dozeScreenBrightness=-1, dozeScreenState=UNKNOWN, waitForNegativeProximity=false
10-13 11:43:43.278   959  1542 I PowerManagerService: setBrightness mButtonLight 0.
10-13 11:43:43.278   959  1542 D PowerManagerService: updateDisplayPowerStateLocked: mDisplayReady=true, policy=3, mWakefulness=1, mWakeLockSummary=0x0, mUserActivitySummary=0x1, mBootCompleted=true, mScreenBrightnessBoostInProgress=false
10-13 11:43:43.279   959  1542 D PowerManagerService: Releasing suspend blocker "PowerManagerService.WakeLocks".
10-13 11:43:43.281  2780  2780 D ActivityThread: SVC-Destroying service: com.google.android.gms.icing.service.IndexWorkerService@da580a7
10-13 11:43:43.281  2780  2780 D ActivityThread: SVC-STOP_SERVICE handled : 0 / android.os.BinderProxy@68bb566
10-13 11:43:43.357  3780  3971 D AudioTrack: write: userSize = 3824, blocking = 1
10-13 11:43:43.458  3780  3971 D AudioTrack: write: userSize = 3824, blocking = 1
10-13 11:43:43.531   959   983 D PowerManagerService: handleUserActivityTimeout
10-13 11:43:43.531   959   983 D PowerManagerService: updateUserActivitySummaryLocked: mWakefulness=Awake, mUserActivitySummary=0x2, nextTimeout=9679145 (in 6000 ms)
10-13 11:43:43.531   959   983 D DisplayPowerController: requestPowerState: policy=DIM, useProximitySensor=false, screenBrightness=160, screenAutoBrightnessAdjustment=0.0, brightnessSetByUser=true, useAutoBrightness=false, blockScreenOn=false, lowPowerMode=false, boostScreenBrightness=false, dozeScreenBrightness=-1, dozeScreenState=UNKNOWN, waitForNegativeProximity=false
10-13 11:43:43.532   959   983 I PowerManagerService: setBrightness mButtonLight 0.
10-13 11:43:43.532   959   983 D PowerManagerService: updateDisplayPowerStateLocked: mDisplayReady=false, policy=2, mWakefulness=1, mWakeLockSummary=0x0, mUserActivitySummary=0x2, mBootCompleted=true, mScreenBrightnessBoostInProgress=false
10-13 11:43:43.533   959   983 D ColorFade: dismiss
10-13 11:43:43.533   959   983 D DisplayPowerController: Animating brightness: target=10, rate=200
10-13 11:43:43.534   959   983 D DisplayPowerController: Unfinished business...
10-13 11:43:43.534   959   983 D DisplayPowerController: Display ready!
10-13 11:43:43.534   959   983 D DisplayPowerController: requestPowerState: policy=DIM, useProximitySensor=false, screenBrightness=160, screenAutoBrightnessAdjustment=0.0, brightnessSetByUser=true, useAutoBrightness=false, blockScreenOn=false, lowPowerMode=false, boostScreenBrightness=false, dozeScreenBrightness=-1, dozeScreenState=UNKNOWN, waitForNegativeProximity=false
10-13 11:43:43.534   959   983 I PowerManagerService: setBrightness mButtonLight 0.
10-13 11:43:43.534   959   983 D PowerManagerService: updateDisplayPowerStateLocked: mDisplayReady=true, policy=2, mWakefulness=1, mWakeLockSummary=0x0, mUserActivitySummary=0x2, mBootCompleted=true, mScreenBrightnessBoostInProgress=false
10-13 11:43:43.537   959   983 D DisplayPowerState: setScreenBrightness: brightness=159
10-13 11:43:43.537   959   983 D DisplayPowerState: Requesting new screen state: state=ON, backlight=159
10-13 11:43:43.537   959   983 D DisplayPowerState: Screen not ready
10-13 11:43:43.538   959  1051 D DisplayPowerState: Updating screen state: state=ON, backlight=159, backlightChanged=true
10-13 11:43:43.538   959  1051 D DisplayManagerService: Update global display state for DisplayDeviceInfo{"cran intgr": uniqueId="local:0", 1080 x 1920, modeId 1, defaultModeId 1, supportedModes [{id=1, width=1080, height=1920, fps=54.190002}], density 480, 480.0 x 480.0 dpi, appVsyncOff -8000000, presDeadline 27453589, touch INTERNAL, rotation 0, type BUILT_IN, state ON, FLAG_DEFAULT_DISPLAY, FLAG_ROTATES_WITH_CONTENT, FLAG_SECURE, FLAG_SUPPORTS_PROTECTED_BUFFERS}
10-13 11:43:43.538   959  1051 D LocalDisplayAdapter: setDisplayBrightness(id=0, brightness=159)
10-13 11:43:43.539   959  1051 D lights  : write_int open fd=201
10-13 11:43:43.539   312   482 D AALService: onBacklightChanged: 642/1023 -> 638/1023(phy:2554/4095)
10-13 11:43:43.539   312   482 D AALService: enableAALEvent: 0 -> 1
10-13 11:43:43.539   312   482 D AALService: Output backlight = 616/1023, CABC gain = 256
10-13 11:43:43.540   959   983 D DisplayPowerState: Screen ready
10-13 11:43:43.555   959   983 D DisplayPowerState: setScreenBrightness: brightness=156
10-13 11:43:43.556   959   983 D DisplayPowerState: Requesting new screen state: state=ON, backlight=156
10-13 11:43:43.556   959   983 D DisplayPowerState: Screen not ready
10-13 11:43:43.556   959  1051 D DisplayPowerState: Updating screen state: state=ON, backlight=156, backlightChanged=true
10-13 11:43:43.557   959  1051 D DisplayManagerService: Update global display state for DisplayDeviceInfo{"cran intgr": uniqueId="local:0", 1080 x 1920, modeId 1, defaultModeId 1, supportedModes [{id=1, width=1080, height=1920, fps=54.190002}], density 480, 480.0 x 480.0 dpi, appVsyncOff -8000000, presDeadline 27453589, touch INTERNAL, rotation 0, type BUILT_IN, state ON, FLAG_DEFAULT_DISPLAY, FLAG_ROTATES_WITH_CONTENT, FLAG_SECURE, FLAG_SUPPORTS_PROTECTED_BUFFERS}
10-13 11:43:43.557   959  1051 D LocalDisplayAdapter: setDisplayBrightness(id=0, brightness=156)
10-13 11:43:43.557   959  1051 D lights  : write_int open fd=201
10-13 11:43:43.558   959   983 D DisplayPowerState: Screen ready
10-13 11:43:43.558  3780  3971 D AudioTrack: write: userSize = 3824, blocking = 1
10-13 11:43:43.560   312   482 D AALService: onBacklightChanged: 638/1023 -> 626/1023(phy:2506/4095)
10-13 11:43:43.561   312   482 D AALService: Output backlight = 607/1023, CABC gain = 256
10-13 11:43:43.574   959   983 D DisplayPowerState: setScreenBrightness: brightness=152
10-13 11:43:43.574   959   983 D DisplayPowerState: Requesting new screen state: state=ON, backlight=152
10-13 11:43:43.574   959   983 D DisplayPowerState: Screen not ready
10-13 11:43:43.575   959  1051 D DisplayPowerState: Updating screen state: state=ON, backlight=152, backlightChanged=true
10-13 11:43:43.575   959  1051 D DisplayManagerService: Update global display state for DisplayDeviceInfo{"cran intgr": uniqueId="local:0", 1080 x 1920, modeId 1, defaultModeId 1, supportedModes [{id=1, width=1080, height=1920, fps=54.190002}], density 480, 480.0 x 480.0 dpi, appVsyncOff -8000000, presDeadline 27453589, touch INTERNAL, rotation 0, type BUILT_IN, state ON, FLAG_DEFAULT_DISPLAY, FLAG_ROTATES_WITH_CONTENT, FLAG_SECURE, FLAG_SUPPORTS_PROTECTED_BUFFERS}
10-13 11:43:43.575   959  1051 D LocalDisplayAdapter: setDisplayBrightness(id=0, brightness=152)
10-13 11:43:43.576   959  1051 D lights  : write_int open fd=201
10-13 11:43:43.576   959   983 D DisplayPowerState: Screen ready
10-13 11:43:43.579   312   482 D AALService: onBacklightChanged: 626/1023 -> 610/1023(phy:2442/4095)
10-13 11:43:43.579   312   482 D AALService: Output backlight = 595/1023, CABC gain = 256
10-13 11:43:43.592   959   983 D DisplayPowerState: setScreenBrightness: brightness=148
10-13 11:43:43.593   959   983 D DisplayPowerState: Requesting new screen state: state=ON, backlight=148
10-13 11:43:43.593   959   983 D DisplayPowerState: Screen not ready
10-13 11:43:43.593   959  1051 D DisplayPowerState: Updating screen state: state=ON, backlight=148, backlightChanged=true
10-13 11:43:43.594   959  1051 D DisplayManagerService: Update global display state for DisplayDeviceInfo{"cran intgr": uniqueId="local:0", 1080 x 1920, modeId 1, defaultModeId 1, supportedModes [{id=1, width=1080, height=1920, fps=54.190002}], density 480, 480.0 x 480.0 dpi, appVsyncOff -8000000, presDeadline 27453589, touch INTERNAL, rotation 0, type BUILT_IN, state ON, FLAG_DEFAULT_DISPLAY, FLAG_ROTATES_WITH_CONTENT, FLAG_SECURE, FLAG_SUPPORTS_PROTECTED_BUFFERS}
10-13 11:43:43.594   959  1051 D LocalDisplayAdapter: setDisplayBrightness(id=0, brightness=148)
10-13 11:43:43.594   959  1051 D lights  : write_int open fd=201
10-13 11:43:43.595   959   983 D DisplayPowerState: Screen ready
10-13 11:43:43.597   312   482 D AALService: onBacklightChanged: 610/1023 -> 594/1023(phy:2378/4095)
10-13 11:43:43.598   312   482 D AALService: Output backlight = 581/1023, CABC gain = 256
10-13 11:43:43.611   959   983 D DisplayPowerState: setScreenBrightness: brightness=145
10-13 11:43:43.611   959   983 D DisplayPowerState: Requesting new screen state: state=ON, backlight=145
10-13 11:43:43.611   959   983 D DisplayPowerState: Screen not ready
10-13 11:43:43.611   959  1051 D DisplayPowerState: Updating screen state: state=ON, backlight=145, backlightChanged=true
10-13 11:43:43.612   959  1051 D DisplayManagerService: Update global display state for DisplayDeviceInfo{"cran intgr": uniqueId="local:0", 1080 x 1920, modeId 1, defaultModeId 1, supportedModes [{id=1, width=1080, height=1920, fps=54.190002}], density 480, 480.0 x 480.0 dpi, appVsyncOff -8000000, presDeadline 27453589, touch INTERNAL, rotation 0, type BUILT_IN, state ON, FLAG_DEFAULT_DISPLAY, FLAG_ROTATES_WITH_CONTENT, FLAG_SECURE, FLAG_SUPPORTS_PROTECTED_BUFFERS}
10-13 11:43:43.612   959  1051 D LocalDisplayAdapter: setDisplayBrightness(id=0, brightness=145)
10-13 11:43:43.612   959  1051 D lights  : write_int open fd=201
10-13 11:43:43.613   959   983 D DisplayPowerState: Screen ready
10-13 11:43:43.616   312   482 D AALService: onBacklightChanged: 594/1023 -> 582/1023(phy:2330/4095)
10-13 11:43:43.616   312   482 D AALService: Output backlight = 568/1023, CABC gain = 256
10-13 11:43:43.629   959   983 D DisplayPowerState: setScreenBrightness: brightness=141
10-13 11:43:43.629   959   983 D DisplayPowerState: Requesting new screen state: state=ON, backlight=141
10-13 11:43:43.630   959   983 D DisplayPowerState: Screen not ready
10-13 11:43:43.630   959  1051 D DisplayPowerState: Updating screen state: state=ON, backlight=141, backlightChanged=true
10-13 11:43:43.630   959  1051 D DisplayManagerService: Update global display state for DisplayDeviceInfo{"cran intgr": uniqueId="local:0", 1080 x 1920, modeId 1, defaultModeId 1, supportedModes [{id=1, width=1080, height=1920, fps=54.190002}], density 480, 480.0 x 480.0 dpi, appVsyncOff -8000000, presDeadline 27453589, touch INTERNAL, rotation 0, type BUILT_IN, state ON, FLAG_DEFAULT_DISPLAY, FLAG_ROTATES_WITH_CONTENT, FLAG_SECURE, FLAG_SUPPORTS_PROTECTED_BUFFERS}
10-13 11:43:43.630   959  1051 D LocalDisplayAdapter: setDisplayBrightness(id=0, brightness=141)
10-13 11:43:43.631   959  1051 D lights  : write_int open fd=201
10-13 11:43:43.631   959   983 D DisplayPowerState: Screen ready
10-13 11:43:43.634   312   482 D AALService: onBacklightChanged: 582/1023 -> 566/1023(phy:2266/4095)
10-13 11:43:43.635   312   482 D AALService: Output backlight = 554/1023, CABC gain = 256
10-13 11:43:43.648   959   983 D DisplayPowerState: setScreenBrightness: brightness=137
10-13 11:43:43.648   959   983 D DisplayPowerState: Requesting new screen state: state=ON, backlight=137
10-13 11:43:43.648   959   983 D DisplayPowerState: Screen not ready
10-13 11:43:43.649   959  1051 D DisplayPowerState: Updating screen state: state=ON, backlight=137, backlightChanged=true
10-13 11:43:43.649   959  1051 D DisplayManagerService: Update global display state for DisplayDeviceInfo{"cran intgr": uniqueId="local:0", 1080 x 1920, modeId 1, defaultModeId 1, supportedModes [{id=1, width=1080, height=1920, fps=54.190002}], density 480, 480.0 x 480.0 dpi, appVsyncOff -8000000, presDeadline 27453589, touch INTERNAL, rotation 0, type BUILT_IN, state ON, FLAG_DEFAULT_DISPLAY, FLAG_ROTATES_WITH_CONTENT, FLAG_SECURE, FLAG_SUPPORTS_PROTECTED_BUFFERS}
10-13 11:43:43.649   959  1051 D LocalDisplayAdapter: setDisplayBrightness(id=0, brightness=137)
10-13 11:43:43.649   959  1051 D lights  : write_int open fd=201
10-13 11:43:43.650   959   983 D DisplayPowerState: Screen ready
10-13 11:43:43.653   312   482 D AALService: onBacklightChanged: 566/1023 -> 550/1023(phy:2202/4095)
10-13 11:43:43.653   312   482 D AALService: Output backlight = 540/1023, CABC gain = 256
10-13 11:43:43.659  3780  3971 D AudioTrack: write: userSize = 3824, blocking = 1
10-13 11:43:43.666   959   983 D DisplayPowerState: setScreenBrightness: brightness=134
10-13 11:43:43.666   959   983 D DisplayPowerState: Requesting new screen state: state=ON, backlight=134
10-13 11:43:43.666   959   983 D DisplayPowerState: Screen not ready
10-13 11:43:43.667   959  1051 D DisplayPowerState: Updating screen state: state=ON, backlight=134, backlightChanged=true
10-13 11:43:43.667   959  1051 D DisplayManagerService: Update global display state for DisplayDeviceInfo{"cran intgr": uniqueId="local:0", 1080 x 1920, modeId 1, defaultModeId 1, supportedModes [{id=1, width=1080, height=1920, fps=54.190002}], density 480, 480.0 x 480.0 dpi, appVsyncOff -8000000, presDeadline 27453589, touch INTERNAL, rotation 0, type BUILT_IN, state ON, FLAG_DEFAULT_DISPLAY, FLAG_ROTATES_WITH_CONTENT, FLAG_SECURE, FLAG_SUPPORTS_PROTECTED_BUFFERS}
10-13 11:43:43.667   959  1051 D LocalDisplayAdapter: setDisplayBrightness(id=0, brightness=134)
10-13 11:43:43.667   959  1051 D lights  : write_int open fd=201
10-13 11:43:43.668   959   983 D DisplayPowerState: Screen ready
10-13 11:43:43.671   312   482 D AALService: onBacklightChanged: 550/1023 -> 538/1023(phy:2154/4095)
10-13 11:43:43.672   312   482 D AALService: Output backlight = 526/1023, CABC gain = 256
10-13 11:43:43.672 13494 13494 I md_monitor: Starting MD_monitor. Version=W1524 (Jul  5 2016 22:41:33)
10-13 11:43:43.673 13494 13494 I md_monitor: signal ignore
10-13 11:43:43.684   959   983 D DisplayPowerState: setScreenBrightness: brightness=130
10-13 11:43:43.685   959   983 D DisplayPowerState: Requesting new screen state: state=ON, backlight=130
10-13 11:43:43.685   959   983 D DisplayPowerState: Screen not ready
10-13 11:43:43.686   959  1051 D DisplayPowerState: Updating screen state: state=ON, backlight=130, backlightChanged=true
10-13 11:43:43.686   959  1051 D DisplayManagerService: Update global display state for DisplayDeviceInfo{"cran intgr": uniqueId="local:0", 1080 x 1920, modeId 1, defaultModeId 1, supportedModes [{id=1, width=1080, height=1920, fps=54.190002}], density 480, 480.0 x 480.0 dpi, appVsyncOff -8000000, presDeadline 27453589, touch INTERNAL, rotation 0, type BUILT_IN, state ON, FLAG_DEFAULT_DISPLAY, FLAG_ROTATES_WITH_CONTENT, FLAG_SECURE, FLAG_SUPPORTS_PROTECTED_BUFFERS}
10-13 11:43:43.686   959  1051 D LocalDisplayAdapter: setDisplayBrightness(id=0, brightness=130)
10-13 11:43:43.686   959  1051 D lights  : write_int open fd=201
10-13 11:43:43.687   959   983 D DisplayPowerState: Screen ready
10-13 11:43:43.690   312   482 D AALService: onBacklightChanged: 538/1023 -> 522/1023(phy:2090/4095)
10-13 11:43:43.690   312   482 D AALService: Output backlight = 512/1023, CABC gain = 256
10-13 11:43:43.703   959   983 D DisplayPowerState: setScreenBrightness: brightness=126
10-13 11:43:43.703   959   983 D DisplayPowerState: Requesting new screen state: state=ON, backlight=126
10-13 11:43:43.703   959   983 D DisplayPowerState: Screen not ready
10-13 11:43:43.704   959  1051 D DisplayPowerState: Updating screen state: state=ON, backlight=126, backlightChanged=true
10-13 11:43:43.704   959  1051 D DisplayManagerService: Update global display state for DisplayDeviceInfo{"cran intgr": uniqueId="local:0", 1080 x 1920, modeId 1, defaultModeId 1, supportedModes [{id=1, width=1080, height=1920, fps=54.190002}], density 480, 480.0 x 480.0 dpi, appVsyncOff -8000000, presDeadline 27453589, touch INTERNAL, rotation 0, type BUILT_IN, state ON, FLAG_DEFAULT_DISPLAY, FLAG_ROTATES_WITH_CONTENT, FLAG_SECURE, FLAG_SUPPORTS_PROTECTED_BUFFERS}
10-13 11:43:43.704   959  1051 D LocalDisplayAdapter: setDisplayBrightness(id=0, brightness=126)
10-13 11:43:43.704   959  1051 D lights  : write_int open fd=201
10-13 11:43:43.704   959   983 D DisplayPowerState: Screen ready
10-13 11:43:43.705 13494 13494 D md_monitor: Normal Mode 0
10-13 11:43:43.705 13494 13494 I md_monitor: debug property persist.mtklog.mdlog.path value is none
10-13 11:43:43.706 13494 13494 I md_monitor: Customize Prop file exist.
10-13 11:43:43.706 13494 13494 I md_monitor: Log Save debug.mdlogger.log2sd.path = internal_sd.
10-13 11:43:43.706 13494 13494 I md_monitor: Auto Run com.mediatek.log.modem.enabled = false.
10-13 11:43:43.706 13494 13494 D md_monitor: Get auto start mode: 0
10-13 11:43:43.706 13494 13494 I md_monitor: [Mon] Saved logging mode 0
10-13 11:43:43.707 13494 13494 I md_monitor: [Mon] Current logging mode 0
10-13 11:43:43.707 13494 13494 D md_monitor: [MDMon] MAL_Init
10-13 11:43:43.707 13494 13494 I md_monitor: mal_md_monitor_port /dev/ccci_mdl_monitor
10-13 11:43:43.707 13494 13494 I md_monitor: Start to init MonitorCore.
10-13 11:43:43.707 13494 13494 E         : Failed to opendir [/etc/mddb/]. err = [No such file or directory](2)
10-13 11:43:43.707 13494 13494 E         : Failed to find layout file in folder [/etc/mddb/].
10-13 11:43:43.707 13494 13494 E md_monitor: MonitorCore was not initialized successfully.
10-13 11:43:43.707 13494 13494 E md_monitor: InitMonitorCore fail
10-13 11:43:43.707 13494 13494 E md_monitor: Main: Exit EMDLogger with error.
10-13 11:43:43.708   312   482 D AALService: onBacklightChanged: 522/1023 -> 505/1023(phy:2021/4095)
10-13 11:43:43.709   312   482 D AALService: Output backlight = 497/1023, CABC gain = 256
10-13 11:43:43.721   959   983 D DisplayPowerState: setScreenBrightness: brightness=122
10-13 11:43:43.722   959   983 D DisplayPowerState: Requesting new screen state: state=ON, backlight=122
10-13 11:43:43.722   959   983 D DisplayPowerState: Screen not ready
10-13 11:43:43.722   959  1051 D DisplayPowerState: Updating screen state: state=ON, backlight=122, backlightChanged=true
10-13 11:43:43.722   959  1051 D DisplayManagerService: Update global display state for DisplayDeviceInfo{"cran intgr": uniqueId="local:0", 1080 x 1920, modeId 1, defaultModeId 1, supportedModes [{id=1, width=1080, height=1920, fps=54.190002}], density 480, 480.0 x 480.0 dpi, appVsyncOff -8000000, presDeadline 27453589, touch INTERNAL, rotation 0, type BUILT_IN, state ON, FLAG_DEFAULT_DISPLAY, FLAG_ROTATES_WITH_CONTENT, FLAG_SECURE, FLAG_SUPPORTS_PROTECTED_BUFFERS}
10-13 11:43:43.722   959  1051 D LocalDisplayAdapter: setDisplayBrightness(id=0, brightness=122)
10-13 11:43:43.722   959  1051 D lights  : write_int open fd=201
10-13 11:43:43.723   959   983 D DisplayPowerState: Screen ready
10-13 11:43:43.727   312   482 D AALService: onBacklightChanged: 505/1023 -> 489/1023(phy:1957/4095)
10-13 11:43:43.727   312   482 D AALService: Output backlight = 482/1023, CABC gain = 256
10-13 11:43:43.740   959   983 D DisplayPowerState: setScreenBrightness: brightness=119
10-13 11:43:43.740   959   983 D DisplayPowerState: Requesting new screen state: state=ON, backlight=119
10-13 11:43:43.740   959   983 D DisplayPowerState: Screen not ready
10-13 11:43:43.740   959  1051 D DisplayPowerState: Updating screen state: state=ON, backlight=119, backlightChanged=true
10-13 11:43:43.740   959  1051 D DisplayManagerService: Update global display state for DisplayDeviceInfo{"cran intgr": uniqueId="local:0", 1080 x 1920, modeId 1, defaultModeId 1, supportedModes [{id=1, width=1080, height=1920, fps=54.190002}], density 480, 480.0 x 480.0 dpi, appVsyncOff -8000000, presDeadline 27453589, touch INTERNAL, rotation 0, type BUILT_IN, state ON, FLAG_DEFAULT_DISPLAY, FLAG_ROTATES_WITH_CONTENT, FLAG_SECURE, FLAG_SUPPORTS_PROTECTED_BUFFERS}
10-13 11:43:43.741   959  1051 D LocalDisplayAdapter: setDisplayBrightness(id=0, brightness=119)
10-13 11:43:43.741   959  1051 D lights  : write_int open fd=201
10-13 11:43:43.741   959   983 D DisplayPowerState: Screen ready
10-13 11:43:43.743  1903  1903 D ActivityThread: SVC-Destroying service: com.google.android.gms.icing.service.LightweightIndexService$LightweightWorkerService@4529b7e
10-13 11:43:43.744  1903  1903 D ActivityThread: SVC-STOP_SERVICE handled : 0 / android.os.BinderProxy@7d9a939
10-13 11:43:43.745   312   482 D AALService: onBacklightChanged: 489/1023 -> 477/1023(phy:1909/4095)
10-13 11:43:43.746   312   482 D AALService: Output backlight = 467/1023, CABC gain = 256
10-13 11:43:43.758   959   983 D DisplayPowerState: setScreenBrightness: brightness=115
10-13 11:43:43.758   959   983 D DisplayPowerState: Requesting new screen state: state=ON, backlight=115
10-13 11:43:43.759   959   983 D DisplayPowerState: Screen not ready
10-13 11:43:43.759   959  1051 D DisplayPowerState: Updating screen state: state=ON, backlight=115, backlightChanged=true
10-13 11:43:43.759   959  1051 D DisplayManagerService: Update global display state for DisplayDeviceInfo{"cran intgr": uniqueId="local:0", 1080 x 1920, modeId 1, defaultModeId 1, supportedModes [{id=1, width=1080, height=1920, fps=54.190002}], density 480, 480.0 x 480.0 dpi, appVsyncOff -8000000, presDeadline 27453589, touch INTERNAL, rotation 0, type BUILT_IN, state ON, FLAG_DEFAULT_DISPLAY, FLAG_ROTATES_WITH_CONTENT, FLAG_SECURE, FLAG_SUPPORTS_PROTECTED_BUFFERS}
10-13 11:43:43.759   959  1051 D LocalDisplayAdapter: setDisplayBrightness(id=0, brightness=115)
10-13 11:43:43.759   959  1051 D lights  : write_int open fd=201
10-13 11:43:43.759  3780  3971 D AudioTrack: write: userSize = 3824, blocking = 1
10-13 11:43:43.760   959   983 D DisplayPowerState: Screen ready
10-13 11:43:43.764   312   482 D AALService: onBacklightChanged: 477/1023 -> 461/1023(phy:1845/4095)
10-13 11:43:43.764   312   482 D AALService: Output backlight = 452/1023, CABC gain = 256
10-13 11:43:43.777   959   983 D DisplayPowerState: setScreenBrightness: brightness=111
10-13 11:43:43.777   959   983 D DisplayPowerState: Requesting new screen state: state=ON, backlight=111
10-13 11:43:43.777   959   983 D DisplayPowerState: Screen not ready
10-13 11:43:43.778   959  1051 D DisplayPowerState: Updating screen state: state=ON, backlight=111, backlightChanged=true
10-13 11:43:43.778   959  1051 D DisplayManagerService: Update global display state for DisplayDeviceInfo{"cran intgr": uniqueId="local:0", 1080 x 1920, modeId 1, defaultModeId 1, supportedModes [{id=1, width=1080, height=1920, fps=54.190002}], density 480, 480.0 x 480.0 dpi, appVsyncOff -8000000, presDeadline 27453589, touch INTERNAL, rotation 0, type BUILT_IN, state ON, FLAG_DEFAULT_DISPLAY, FLAG_ROTATES_WITH_CONTENT, FLAG_SECURE, FLAG_SUPPORTS_PROTECTED_BUFFERS}
10-13 11:43:43.778   959  1051 D LocalDisplayAdapter: setDisplayBrightness(id=0, brightness=111)
10-13 11:43:43.778   959  1051 D lights  : write_int open fd=201
10-13 11:43:43.779   959   983 D DisplayPowerState: Screen ready
10-13 11:43:43.782   312   482 D AALService: onBacklightChanged: 461/1023 -> 445/1023(phy:1781/4095)
10-13 11:43:43.783   312   482 D AALService: Output backlight = 438/1023, CABC gain = 256
10-13 11:43:43.795   959   983 D DisplayPowerState: setScreenBrightness: brightness=108
10-13 11:43:43.795   959   983 D DisplayPowerState: Requesting new screen state: state=ON, backlight=108
10-13 11:43:43.796   959   983 D DisplayPowerState: Screen not ready
10-13 11:43:43.796   959  1051 D DisplayPowerState: Updating screen state: state=ON, backlight=108, backlightChanged=true
10-13 11:43:43.796   959  1051 D DisplayManagerService: Update global display state for DisplayDeviceInfo{"cran intgr": uniqueId="local:0", 1080 x 1920, modeId 1, defaultModeId 1, supportedModes [{id=1, width=1080, height=1920, fps=54.190002}], density 480, 480.0 x 480.0 dpi, appVsyncOff -8000000, presDeadline 27453589, touch INTERNAL, rotation 0, type BUILT_IN, state ON, FLAG_DEFAULT_DISPLAY, FLAG_ROTATES_WITH_CONTENT, FLAG_SECURE, FLAG_SUPPORTS_PROTECTED_BUFFERS}
10-13 11:43:43.796   959  1051 D LocalDisplayAdapter: setDisplayBrightness(id=0, brightness=108)
10-13 11:43:43.797   959  1051 D lights  : write_int open fd=201
10-13 11:43:43.797   959   983 D DisplayPowerState: Screen ready
10-13 11:43:43.801   312   482 D AALService: onBacklightChanged: 445/1023 -> 433/1023(phy:1733/4095)
10-13 11:43:43.801   312   482 D AALService: Output backlight = 422/1023, CABC gain = 256
10-13 11:43:43.814   959   983 D DisplayPowerState: setScreenBrightness: brightness=104
10-13 11:43:43.814   959   983 D DisplayPowerState: Requesting new screen state: state=ON, backlight=104
10-13 11:43:43.814   959   983 D DisplayPowerState: Screen not ready
10-13 11:43:43.814   959  1051 D DisplayPowerState: Updating screen state: state=ON, backlight=104, backlightChanged=true
10-13 11:43:43.815   959  1051 D DisplayManagerService: Update global display state for DisplayDeviceInfo{"cran intgr": uniqueId="local:0", 1080 x 1920, modeId 1, defaultModeId 1, supportedModes [{id=1, width=1080, height=1920, fps=54.190002}], density 480, 480.0 x 480.0 dpi, appVsyncOff -8000000, presDeadline 27453589, touch INTERNAL, rotation 0, type BUILT_IN, state ON, FLAG_DEFAULT_DISPLAY, FLAG_ROTATES_WITH_CONTENT, FLAG_SECURE, FLAG_SUPPORTS_PROTECTED_BUFFERS}
10-13 11:43:43.815   959  1051 D LocalDisplayAdapter: setDisplayBrightness(id=0, brightness=104)
10-13 11:43:43.815   959  1051 D lights  : write_int open fd=201
10-13 11:43:43.815   959   983 D DisplayPowerState: Screen ready
10-13 11:43:43.819   312   482 D AALService: onBacklightChanged: 433/1023 -> 417/1023(phy:1669/4095)
10-13 11:43:43.820   312   482 D AALService: Output backlight = 407/1023, CABC gain = 256
10-13 11:43:43.832   959   983 D DisplayPowerState: setScreenBrightness: brightness=100
10-13 11:43:43.832   959   983 D DisplayPowerState: Requesting new screen state: state=ON, backlight=100
10-13 11:43:43.832   959   983 D DisplayPowerState: Screen not ready
10-13 11:43:43.833   959  1051 D DisplayPowerState: Updating screen state: state=ON, backlight=100, backlightChanged=true
10-13 11:43:43.833   959  1051 D DisplayManagerService: Update global display state for DisplayDeviceInfo{"cran intgr": uniqueId="local:0", 1080 x 1920, modeId 1, defaultModeId 1, supportedModes [{id=1, width=1080, height=1920, fps=54.190002}], density 480, 480.0 x 480.0 dpi, appVsyncOff -8000000, presDeadline 27453589, touch INTERNAL, rotation 0, type BUILT_IN, state ON, FLAG_DEFAULT_DISPLAY, FLAG_ROTATES_WITH_CONTENT, FLAG_SECURE, FLAG_SUPPORTS_PROTECTED_BUFFERS}
10-13 11:43:43.833   959  1051 D LocalDisplayAdapter: setDisplayBrightness(id=0, brightness=100)
10-13 11:43:43.833   959  1051 D lights  : write_int open fd=201
10-13 11:43:43.834   959   983 D DisplayPowerState: Screen ready
10-13 11:43:43.838   312   482 D AALService: onBacklightChanged: 417/1023 -> 401/1023(phy:1605/4095)
10-13 11:43:43.838   312   482 D AALService: Output backlight = 392/1023, CABC gain = 256
10-13 11:43:43.850   959   983 D DisplayPowerState: setScreenBrightness: brightness=97
10-13 11:43:43.851   959   983 D DisplayPowerState: Requesting new screen state: state=ON, backlight=97
10-13 11:43:43.851   959   983 D DisplayPowerState: Screen not ready
10-13 11:43:43.851   959  1051 D DisplayPowerState: Updating screen state: state=ON, backlight=97, backlightChanged=true
10-13 11:43:43.851   959  1051 D DisplayManagerService: Update global display state for DisplayDeviceInfo{"cran intgr": uniqueId="local:0", 1080 x 1920, modeId 1, defaultModeId 1, supportedModes [{id=1, width=1080, height=1920, fps=54.190002}], density 480, 480.0 x 480.0 dpi, appVsyncOff -8000000, presDeadline 27453589, touch INTERNAL, rotation 0, type BUILT_IN, state ON, FLAG_DEFAULT_DISPLAY, FLAG_ROTATES_WITH_CONTENT, FLAG_SECURE, FLAG_SUPPORTS_PROTECTED_BUFFERS}
10-13 11:43:43.852   959  1051 D LocalDisplayAdapter: setDisplayBrightness(id=0, brightness=97)
10-13 11:43:43.852   959  1051 D lights  : write_int open fd=201
10-13 11:43:43.852   959   983 D DisplayPowerState: Screen ready
10-13 11:43:43.856   312   482 D AALService: onBacklightChanged: 401/1023 -> 389/1023(phy:1557/4095)
10-13 11:43:43.857   312   482 D AALService: Output backlight = 380/1023, CABC gain = 256
10-13 11:43:43.860  3780  3971 D AudioTrack: write: userSize = 3824, blocking = 1
10-13 11:43:43.869   959   983 D DisplayPowerState: setScreenBrightness: brightness=93
10-13 11:43:43.869   959   983 D DisplayPowerState: Requesting new screen state: state=ON, backlight=93
10-13 11:43:43.869   959   983 D DisplayPowerState: Screen not ready
10-13 11:43:43.870   959  1051 D DisplayPowerState: Updating screen state: state=ON, backlight=93, backlightChanged=true
10-13 11:43:43.870   959  1051 D DisplayManagerService: Update global display state for DisplayDeviceInfo{"cran intgr": uniqueId="local:0", 1080 x 1920, modeId 1, defaultModeId 1, supportedModes [{id=1, width=1080, height=1920, fps=54.190002}], density 480, 480.0 x 480.0 dpi, appVsyncOff -8000000, presDeadline 27453589, touch INTERNAL, rotation 0, type BUILT_IN, state ON, FLAG_DEFAULT_DISPLAY, FLAG_ROTATES_WITH_CONTENT, FLAG_SECURE, FLAG_SUPPORTS_PROTECTED_BUFFERS}
10-13 11:43:43.870   959  1051 D LocalDisplayAdapter: setDisplayBrightness(id=0, brightness=93)
10-13 11:43:43.871   959  1051 D lights  : write_int open fd=201
10-13 11:43:43.872   959   983 D DisplayPowerState: Screen ready
10-13 11:43:43.875   312   482 D AALService: onBacklightChanged: 389/1023 -> 373/1023(phy:1493/4095)
10-13 11:43:43.875   312   482 D AALService: Output backlight = 365/1023, CABC gain = 256
10-13 11:43:43.887   959   983 D DisplayPowerState: setScreenBrightness: brightness=89
10-13 11:43:43.888   959   983 D DisplayPowerState: Requesting new screen state: state=ON, backlight=89
10-13 11:43:43.888   959   983 D DisplayPowerState: Screen not ready
10-13 11:43:43.888   959  1051 D DisplayPowerState: Updating screen state: state=ON, backlight=89, backlightChanged=true
10-13 11:43:43.889   959  1051 D DisplayManagerService: Update global display state for DisplayDeviceInfo{"cran intgr": uniqueId="local:0", 1080 x 1920, modeId 1, defaultModeId 1, supportedModes [{id=1, width=1080, height=1920, fps=54.190002}], density 480, 480.0 x 480.0 dpi, appVsyncOff -8000000, presDeadline 27453589, touch INTERNAL, rotation 0, type BUILT_IN, state ON, FLAG_DEFAULT_DISPLAY, FLAG_ROTATES_WITH_CONTENT, FLAG_SECURE, FLAG_SUPPORTS_PROTECTED_BUFFERS}
10-13 11:43:43.889   959  1051 D LocalDisplayAdapter: setDisplayBrightness(id=0, brightness=89)
10-13 11:43:43.889   959  1051 D lights  : write_int open fd=201
10-13 11:43:43.890   959   983 D DisplayPowerState: Screen ready
10-13 11:43:43.893   312   482 D AALService: onBacklightChanged: 373/1023 -> 357/1023(phy:1429/4095)
10-13 11:43:43.894   312   482 D AALService: Output backlight = 351/1023, CABC gain = 256
10-13 11:43:43.906   959   983 D DisplayPowerState: setScreenBrightness: brightness=86
10-13 11:43:43.906   959   983 D DisplayPowerState: Requesting new screen state: state=ON, backlight=86
10-13 11:43:43.906   959   983 D DisplayPowerState: Screen not ready
10-13 11:43:43.907   959  1051 D DisplayPowerState: Updating screen state: state=ON, backlight=86, backlightChanged=true
10-13 11:43:43.907   959  1051 D DisplayManagerService: Update global display state for DisplayDeviceInfo{"cran intgr": uniqueId="local:0", 1080 x 1920, modeId 1, defaultModeId 1, supportedModes [{id=1, width=1080, height=1920, fps=54.190002}], density 480, 480.0 x 480.0 dpi, appVsyncOff -8000000, presDeadline 27453589, touch INTERNAL, rotation 0, type BUILT_IN, state ON, FLAG_DEFAULT_DISPLAY, FLAG_ROTATES_WITH_CONTENT, FLAG_SECURE, FLAG_SUPPORTS_PROTECTED_BUFFERS}
10-13 11:43:43.907   959  1051 D LocalDisplayAdapter: setDisplayBrightness(id=0, brightness=86)
10-13 11:43:43.908   959  1051 D lights  : write_int open fd=201
10-13 11:43:43.911   959   983 D DisplayPowerState: Screen ready
10-13 11:43:43.912   312   482 D AALService: onBacklightChanged: 357/1023 -> 345/1023(phy:1381/4095)
10-13 11:43:43.912   312   482 D AALService: Output backlight = 338/1023, CABC gain = 256
10-13 11:43:43.924   959   983 D DisplayPowerState: setScreenBrightness: brightness=82
10-13 11:43:43.925   959   983 D DisplayPowerState: Requesting new screen state: state=ON, backlight=82
10-13 11:43:43.925   959   983 D DisplayPowerState: Screen not ready
10-13 11:43:43.925   959  1051 D DisplayPowerState: Updating screen state: state=ON, backlight=82, backlightChanged=true
10-13 11:43:43.926   959  1051 D DisplayManagerService: Update global display state for DisplayDeviceInfo{"cran intgr": uniqueId="local:0", 1080 x 1920, modeId 1, defaultModeId 1, supportedModes [{id=1, width=1080, height=1920, fps=54.190002}], density 480, 480.0 x 480.0 dpi, appVsyncOff -8000000, presDeadline 27453589, touch INTERNAL, rotation 0, type BUILT_IN, state ON, FLAG_DEFAULT_DISPLAY, FLAG_ROTATES_WITH_CONTENT, FLAG_SECURE, FLAG_SUPPORTS_PROTECTED_BUFFERS}
10-13 11:43:43.926   959  1051 D LocalDisplayAdapter: setDisplayBrightness(id=0, brightness=82)
10-13 11:43:43.926   959  1051 D lights  : write_int open fd=201
10-13 11:43:43.927   959   983 D DisplayPowerState: Screen ready
10-13 11:43:43.930   312   482 D AALService: onBacklightChanged: 345/1023 -> 329/1023(phy:1317/4095)
10-13 11:43:43.931   312   482 D AALService: Output backlight = 323/1023, CABC gain = 256
10-13 11:43:43.942   959   959 E WifiTrafficPoller: TRAFFIC_STATS_POLL true Token 92 num clients 12
10-13 11:43:43.943   959   959 E WifiTrafficPoller:  packet count Tx=67334 Rx=126983
10-13 11:43:43.944   959   983 D DisplayPowerState: setScreenBrightness: brightness=78
10-13 11:43:43.944   959   983 D DisplayPowerState: Requesting new screen state: state=ON, backlight=78
10-13 11:43:43.944   959   983 D DisplayPowerState: Screen not ready
10-13 11:43:43.945   959  1051 D DisplayPowerState: Updating screen state: state=ON, backlight=78, backlightChanged=true
10-13 11:43:43.945   959  1051 D DisplayManagerService: Update global display state for DisplayDeviceInfo{"cran intgr": uniqueId="local:0", 1080 x 1920, modeId 1, defaultModeId 1, supportedModes [{id=1, width=1080, height=1920, fps=54.190002}], density 480, 480.0 x 480.0 dpi, appVsyncOff -8000000, presDeadline 27453589, touch INTERNAL, rotation 0, type BUILT_IN, state ON, FLAG_DEFAULT_DISPLAY, FLAG_ROTATES_WITH_CONTENT, FLAG_SECURE, FLAG_SUPPORTS_PROTECTED_BUFFERS}
10-13 11:43:43.945   959  1051 D LocalDisplayAdapter: setDisplayBrightness(id=0, brightness=78)
10-13 11:43:43.945   959  1051 D lights  : write_int open fd=201
10-13 11:43:43.946   959   983 D DisplayPowerState: Screen ready
10-13 11:43:43.949   312   482 D AALService: onBacklightChanged: 329/1023 -> 313/1023(phy:1253/4095)
10-13 11:43:43.949   312   482 D AALService: Output backlight = 309/1023, CABC gain = 256
