10-18 11:41:22.601 21108 21108 E         : Failed to opendir [/etc/mddb/]. err = [No such file or directory](2)
10-18 11:41:22.601 21108 21108 E         : Failed to find layout file in folder [/etc/mddb/].
10-18 11:41:22.601 21108 21108 E md_monitor: MonitorCore was not initialized successfully.
10-18 11:41:22.601 21108 21108 E md_monitor: InitMonitorCore fail
10-18 11:41:22.601 21108 21108 E md_monitor: Main: Exit EMDLogger with error.
10-18 11:41:22.747   966  1001 E PROXIMITY: ProximitySensor: unknown event (type=3, code=0)
10-18 11:41:22.997   966  1001 E PROXIMITY: ProximitySensor: unknown event (type=3, code=0)
10-18 11:41:23.164   966   966 E WifiTrafficPoller: TRAFFIC_STATS_POLL true Token 563 num clients 10
10-18 11:41:23.165   966   966 E WifiTrafficPoller:  packet count Tx=264818 Rx=391077
10-18 11:41:23.247   966  1001 E PROXIMITY: ProximitySensor: unknown event (type=3, code=0)
10-18 11:41:23.747   966  1001 E PROXIMITY: ProximitySensor: unknown event (type=3, code=0)
10-18 11:41:23.968  9296  9296 D wpa_supplicant: wlan0: Control interface command 'SIGNAL_POLL'
10-18 11:41:23.988   966  1016 E WifiConfigStore: updateConfiguration freq=5180 BSSID=5c:83:8f:77:33:2f RSSI=-69 "CDT_GUEST"WPA_PSK
10-18 11:41:24.165   966   966 E WifiTrafficPoller: TRAFFIC_STATS_POLL true Token 563 num clients 10
10-18 11:41:24.166   966   966 E WifiTrafficPoller:  packet count Tx=264818 Rx=391077
10-18 11:41:24.247   966  1001 E PROXIMITY: ProximitySensor: unknown event (type=3, code=0)
10-18 11:41:24.497   966  1001 E PROXIMITY: ProximitySensor: unknown event (type=3, code=0)
10-18 11:41:24.747   966  1001 E PROXIMITY: ProximitySensor: unknown event (type=3, code=0)
10-18 11:41:25.167   966   966 E WifiTrafficPoller: TRAFFIC_STATS_POLL true Token 563 num clients 10
10-18 11:41:25.168   966   966 E WifiTrafficPoller:  packet count Tx=264818 Rx=391077
10-18 11:41:25.247   966  1001 E PROXIMITY: ProximitySensor: unknown event (type=3, code=0)
10-18 11:41:25.497   966  1001 E PROXIMITY: ProximitySensor: unknown event (type=3, code=0)
10-18 11:41:25.747   966  1001 E PROXIMITY: ProximitySensor: unknown event (type=3, code=0)
10-18 11:41:25.997   966  1001 E PROXIMITY: ProximitySensor: unknown event (type=3, code=0)
10-18 11:41:26.169   966   966 E WifiTrafficPoller: TRAFFIC_STATS_POLL true Token 563 num clients 10
10-18 11:41:26.170   966   966 E WifiTrafficPoller:  packet count Tx=264818 Rx=391077
10-18 11:41:26.247   966  1001 E PROXIMITY: ProximitySensor: unknown event (type=3, code=0)
10-18 11:41:26.497   966  1001 E PROXIMITY: ProximitySensor: unknown event (type=3, code=0)
10-18 11:41:26.999   966  1001 E PROXIMITY: ProximitySensor: unknown event (type=3, code=0)
10-18 11:41:27.002  9296  9296 D wpa_supplicant: wlan0: Control interface command 'SIGNAL_POLL'
10-18 11:41:27.021   966  1016 E WifiConfigStore: updateConfiguration freq=5180 BSSID=5c:83:8f:77:33:2f RSSI=-70 "CDT_GUEST"WPA_PSK
10-18 11:41:27.171   966   966 E WifiTrafficPoller: TRAFFIC_STATS_POLL true Token 563 num clients 10
10-18 11:41:27.172   966   966 E WifiTrafficPoller:  packet count Tx=264818 Rx=391077
10-18 11:41:27.247   966  1001 E PROXIMITY: ProximitySensor: unknown event (type=3, code=0)
10-18 11:41:27.496   966  1001 E PROXIMITY: ProximitySensor: unknown event (type=3, code=0)
10-18 11:41:27.683 21109 21109 E         : Failed to opendir [/etc/mddb/]. err = [No such file or directory](2)
10-18 11:41:27.683 21109 21109 E         : Failed to find layout file in folder [/etc/mddb/].
10-18 11:41:27.683 21109 21109 E md_monitor: MonitorCore was not initialized successfully.
10-18 11:41:27.683 21109 21109 E md_monitor: InitMonitorCore fail
10-18 11:41:27.683 21109 21109 E md_monitor: Main: Exit EMDLogger with error.
10-18 11:41:27.746   966  1001 E PROXIMITY: ProximitySensor: unknown event (type=3, code=0)
10-18 11:41:27.895  1103  1508 E MPlugin : Unsupported class: com.mediatek.systemui.ext.ISystemUIStatusBarExt
10-18 11:41:27.896  1103  1508 E MPlugin : Unsupported class: com.mediatek.systemui.ext.ISystemUIStatusBarExt
10-18 11:41:27.999   966  1001 E PROXIMITY: ProximitySensor: unknown event (type=3, code=0)
10-18 11:41:28.173   966   966 E WifiTrafficPoller: TRAFFIC_STATS_POLL true Token 563 num clients 10
10-18 11:41:28.174   966   966 E WifiTrafficPoller:  packet count Tx=264818 Rx=391077
10-18 11:41:28.247   966  1001 E PROXIMITY: ProximitySensor: unknown event (type=3, code=0)
10-18 11:41:28.496   966  1001 E PROXIMITY: ProximitySensor: unknown event (type=3, code=0)
10-18 11:41:28.747   966  1001 E PROXIMITY: ProximitySensor: unknown event (type=3, code=0)
10-18 11:41:28.997   966  1001 E PROXIMITY: ProximitySensor: unknown event (type=3, code=0)
10-18 11:41:29.174   966   966 E WifiTrafficPoller: TRAFFIC_STATS_POLL true Token 563 num clients 10
10-18 11:41:29.175   966   966 E WifiTrafficPoller:  packet count Tx=264818 Rx=391077
10-18 11:41:29.247   966  1001 E PROXIMITY: ProximitySensor: unknown event (type=3, code=0)
10-18 11:41:29.496   966  1001 E PROXIMITY: ProximitySensor: unknown event (type=3, code=0)
10-18 11:41:30.036  9296  9296 D wpa_supplicant: wlan0: Control interface command 'SIGNAL_POLL'
10-18 11:41:30.059   966  1016 E WifiConfigStore: updateConfiguration freq=5180 BSSID=5c:83:8f:77:33:2f RSSI=-71 "CDT_GUEST"WPA_PSK
10-18 11:41:30.175   966   966 E WifiTrafficPoller: TRAFFIC_STATS_POLL true Token 563 num clients 10
10-18 11:41:30.176   966   966 E WifiTrafficPoller:  packet count Tx=264818 Rx=391077
10-18 11:41:30.249   966  1001 E PROXIMITY: ProximitySensor: unknown event (type=3, code=0)
10-18 11:41:30.497   966  1001 E PROXIMITY: ProximitySensor: unknown event (type=3, code=0)
10-18 11:41:30.747   966  1001 E PROXIMITY: ProximitySensor: unknown event (type=3, code=0)
10-18 11:41:31.176   966   966 E WifiTrafficPoller: TRAFFIC_STATS_POLL true Token 563 num clients 10
10-18 11:41:31.179   966   966 E WifiTrafficPoller:  packet count Tx=264818 Rx=391077
10-18 11:41:31.247   966  1001 E PROXIMITY: ProximitySensor: unknown event (type=3, code=0)
10-18 11:41:31.497   966  1001 E PROXIMITY: ProximitySensor: unknown event (type=3, code=0)
10-18 11:41:31.997   966  1001 E PROXIMITY: ProximitySensor: unknown event (type=3, code=0)
10-18 11:41:32.181   966   966 E WifiTrafficPoller: TRAFFIC_STATS_POLL true Token 563 num clients 10
10-18 11:41:32.182   966   966 E WifiTrafficPoller:  packet count Tx=264818 Rx=391077
10-18 11:41:32.747   966  1001 E PROXIMITY: ProximitySensor: unknown event (type=3, code=0)
10-18 11:41:32.760 21110 21110 E         : Failed to opendir [/etc/mddb/]. err = [No such file or directory](2)
10-18 11:41:32.760 21110 21110 E         : Failed to find layout file in folder [/etc/mddb/].
10-18 11:41:32.760 21110 21110 E md_monitor: MonitorCore was not initialized successfully.
10-18 11:41:32.760 21110 21110 E md_monitor: InitMonitorCore fail
10-18 11:41:32.760 21110 21110 E md_monitor: Main: Exit EMDLogger with error.
10-18 11:41:32.997   966  1001 E PROXIMITY: ProximitySensor: unknown event (type=3, code=0)
10-18 11:41:33.016  1103  1508 E MPlugin : Unsupported class: com.mediatek.systemui.ext.ISystemUIStatusBarExt
10-18 11:41:33.017  1103  1508 E MPlugin : Unsupported class: com.mediatek.systemui.ext.ISystemUIStatusBarExt
10-18 11:41:33.065  9296  9296 D wpa_supplicant: wlan0: Control interface command 'SIGNAL_POLL'
10-18 11:41:33.088   966  1016 E WifiConfigStore: updateConfiguration freq=5180 BSSID=5c:83:8f:77:33:2f RSSI=-71 "CDT_GUEST"WPA_PSK
10-18 11:41:33.182   966   966 E WifiTrafficPoller: TRAFFIC_STATS_POLL true Token 563 num clients 10
10-18 11:41:33.182   966   966 E WifiTrafficPoller:  packet count Tx=264818 Rx=391077
10-18 11:41:33.497   966  1001 E PROXIMITY: ProximitySensor: unknown event (type=3, code=0)
10-18 11:41:33.747   966  1001 E PROXIMITY: ProximitySensor: unknown event (type=3, code=0)
10-18 11:41:33.997   966  1001 E PROXIMITY: ProximitySensor: unknown event (type=3, code=0)
10-18 11:41:34.184   966   966 E WifiTrafficPoller: TRAFFIC_STATS_POLL true Token 563 num clients 10
10-18 11:41:34.185   966   966 E WifiTrafficPoller:  packet count Tx=264818 Rx=391077
10-18 11:41:34.497   966  1001 E PROXIMITY: ProximitySensor: unknown event (type=3, code=0)
10-18 11:41:34.747   966  1001 E PROXIMITY: ProximitySensor: unknown event (type=3, code=0)
10-18 11:41:34.997   966  1001 E PROXIMITY: ProximitySensor: unknown event (type=3, code=0)
10-18 11:41:35.186   966   966 E WifiTrafficPoller: TRAFFIC_STATS_POLL true Token 563 num clients 10
10-18 11:41:35.187   966   966 E WifiTrafficPoller:  packet count Tx=264818 Rx=391077
10-18 11:41:35.496   966  1001 E PROXIMITY: ProximitySensor: unknown event (type=3, code=0)
10-18 11:41:35.747   966  1001 E PROXIMITY: ProximitySensor: unknown event (type=3, code=0)
10-18 11:41:36.096  9296  9296 D wpa_supplicant: wlan0: Control interface command 'SIGNAL_POLL'
10-18 11:41:36.120   966  1016 E WifiConfigStore: updateConfiguration freq=5180 BSSID=5c:83:8f:77:33:2f RSSI=-71 "CDT_GUEST"WPA_PSK
10-18 11:41:36.187   966   966 E WifiTrafficPoller: TRAFFIC_STATS_POLL true Token 563 num clients 10
10-18 11:41:36.188   966   966 E WifiTrafficPoller:  packet count Tx=264818 Rx=391077
10-18 11:41:36.247   966  1001 E PROXIMITY: ProximitySensor: unknown event (type=3, code=0)
10-18 11:41:36.496   966  1001 E PROXIMITY: ProximitySensor: unknown event (type=3, code=0)
10-18 11:41:36.747   966  1001 E PROXIMITY: ProximitySensor: unknown event (type=3, code=0)
10-18 11:41:37.189   966   966 E WifiTrafficPoller: TRAFFIC_STATS_POLL true Token 563 num clients 10
10-18 11:41:37.190   966   966 E WifiTrafficPoller:  packet count Tx=264818 Rx=391077
10-18 11:41:37.247   966  1001 E PROXIMITY: ProximitySensor: unknown event (type=3, code=0)
10-18 11:41:37.496   966  1001 E PROXIMITY: ProximitySensor: unknown event (type=3, code=0)
10-18 11:41:37.747   966  1001 E PROXIMITY: ProximitySensor: unknown event (type=3, code=0)
10-18 11:41:37.831 21111 21111 E         : Failed to opendir [/etc/mddb/]. err = [No such file or directory](2)
10-18 11:41:37.831 21111 21111 E         : Failed to find layout file in folder [/etc/mddb/].
10-18 11:41:37.831 21111 21111 E md_monitor: MonitorCore was not initialized successfully.
10-18 11:41:37.831 21111 21111 E md_monitor: InitMonitorCore fail
10-18 11:41:37.831 21111 21111 E md_monitor: Main: Exit EMDLogger with error.
10-18 11:41:37.997   966  1001 E PROXIMITY: ProximitySensor: unknown event (type=3, code=0)
10-18 11:41:38.133  1103  1508 E MPlugin : Unsupported class: com.mediatek.systemui.ext.ISystemUIStatusBarExt
10-18 11:41:38.134  1103  1508 E MPlugin : Unsupported class: com.mediatek.systemui.ext.ISystemUIStatusBarExt
10-18 11:41:38.190   966   966 E WifiTrafficPoller: TRAFFIC_STATS_POLL true Token 563 num clients 10
10-18 11:41:38.191   966   966 E WifiTrafficPoller:  packet count Tx=264818 Rx=391077
10-18 11:41:38.247   966  1001 E PROXIMITY: ProximitySensor: unknown event (type=3, code=0)
10-18 11:41:38.500   966  1001 E PROXIMITY: ProximitySensor: unknown event (type=3, code=0)
10-18 11:41:38.747   966  1001 E PROXIMITY: ProximitySensor: unknown event (type=3, code=0)
10-18 11:41:38.997   966  1001 E PROXIMITY: ProximitySensor: unknown event (type=3, code=0)
10-18 11:41:39.128  9296  9296 D wpa_supplicant: wlan0: Control interface command 'SIGNAL_POLL'
10-18 11:41:39.149   966  1016 E WifiConfigStore: updateConfiguration freq=5180 BSSID=5c:83:8f:77:33:2f RSSI=-72 "CDT_GUEST"WPA_PSK
10-18 11:41:39.191   966   966 E WifiTrafficPoller: TRAFFIC_STATS_POLL true Token 563 num clients 10
10-18 11:41:39.192   966   966 E WifiTrafficPoller:  packet count Tx=264818 Rx=391077
10-18 11:41:39.247   966  1001 E PROXIMITY: ProximitySensor: unknown event (type=3, code=0)
10-18 11:41:39.496   966  1001 E PROXIMITY: ProximitySensor: unknown event (type=3, code=0)
10-18 11:41:39.581   966   983 E WifiStateMachine: syncGetLinkLayerStats called, stack: [Ljava.lang.StackTraceElement;@ec9c9a9
10-18 11:41:39.595  9364  9581 D HeadsetStateMachine: Disconnected process message: 10, size: 0
10-18 11:41:39.641  9364  9566 D BluetoothAdapterService: energyInfoCallback() status = 0tx_time = 26rx_time = 2831idle_time = 1530003energy_used = 2857ctrl_state = 3
10-18 11:41:39.657   966   983 E KernelCpuSpeedReader: cpu4 time_in_state not exist, is it a BUG??!!
10-18 11:41:39.747   966  1001 E PROXIMITY: ProximitySensor: unknown event (type=3, code=0)
10-18 11:41:40.141  9364  9364 D BluetoothAdapterService: handleMessage() - Message: 100
10-18 11:41:40.193   966   966 E WifiTrafficPoller: TRAFFIC_STATS_POLL true Token 563 num clients 10
10-18 11:41:40.193   966   966 E WifiTrafficPoller:  packet count Tx=264818 Rx=391077
10-18 11:41:40.496   966  1001 E PROXIMITY: ProximitySensor: unknown event (type=3, code=0)
10-18 11:41:40.746   966  1001 E PROXIMITY: ProximitySensor: unknown event (type=3, code=0)
10-18 11:41:40.997   966  1001 E PROXIMITY: ProximitySensor: unknown event (type=3, code=0)
10-18 11:41:41.195   966   966 E WifiTrafficPoller: TRAFFIC_STATS_POLL true Token 563 num clients 10
10-18 11:41:41.196   966   966 E WifiTrafficPoller:  packet count Tx=264818 Rx=391077
10-18 11:41:41.497   966  1001 E PROXIMITY: ProximitySensor: unknown event (type=3, code=0)
10-18 11:41:41.747   966  1001 E PROXIMITY: ProximitySensor: unknown event (type=3, code=0)
10-18 11:41:41.997   966  1001 E PROXIMITY: ProximitySensor: unknown event (type=3, code=0)
10-18 11:41:42.159  9296  9296 D wpa_supplicant: wlan0: Control interface command 'SIGNAL_POLL'
10-18 11:41:42.180   966  1016 E WifiConfigStore: updateConfiguration freq=5180 BSSID=5c:83:8f:77:33:2f RSSI=-72 "CDT_GUEST"WPA_PSK
10-18 11:41:42.196   966   966 E WifiTrafficPoller: TRAFFIC_STATS_POLL true Token 563 num clients 10
10-18 11:41:42.199   966   966 E WifiTrafficPoller:  packet count Tx=264818 Rx=391077
10-18 11:41:42.247   966  1001 E PROXIMITY: ProximitySensor: unknown event (type=3, code=0)
10-18 11:41:42.497   966  1001 E PROXIMITY: ProximitySensor: unknown event (type=3, code=0)
10-18 11:41:42.908 21112 21112 E         : Failed to opendir [/etc/mddb/]. err = [No such file or directory](2)
10-18 11:41:42.908 21112 21112 E         : Failed to find layout file in folder [/etc/mddb/].
10-18 11:41:42.908 21112 21112 E md_monitor: MonitorCore was not initialized successfully.
10-18 11:41:42.908 21112 21112 E md_monitor: InitMonitorCore fail
10-18 11:41:42.908 21112 21112 E md_monitor: Main: Exit EMDLogger with error.
10-18 11:41:42.996   966  1001 E PROXIMITY: ProximitySensor: unknown event (type=3, code=0)
10-18 11:41:43.200   966   966 E WifiTrafficPoller: TRAFFIC_STATS_POLL true Token 563 num clients 10
10-18 11:41:43.201   966   966 E WifiTrafficPoller:  packet count Tx=264818 Rx=391077
10-18 11:41:43.246   966   981 E KernelCpuSpeedReader: cpu4 time_in_state not exist, is it a BUG??!!
10-18 11:41:43.255   966  1001 E PROXIMITY: ProximitySensor: unknown event (type=3, code=0)
10-18 11:41:43.290  1103  1508 E MPlugin : Unsupported class: com.mediatek.systemui.ext.ISystemUIStatusBarExt
10-18 11:41:43.290  1103  1508 E MPlugin : Unsupported class: com.mediatek.systemui.ext.ISystemUIStatusBarExt
10-18 11:41:43.497   966  1001 E PROXIMITY: ProximitySensor: unknown event (type=3, code=0)
10-18 11:41:43.747   966  1001 E PROXIMITY: ProximitySensor: unknown event (type=3, code=0)
10-18 11:41:43.997   966  1001 E PROXIMITY: ProximitySensor: unknown event (type=3, code=0)
10-18 11:41:44.202   966   966 E WifiTrafficPoller: TRAFFIC_STATS_POLL true Token 563 num clients 10
10-18 11:41:44.203   966   966 E WifiTrafficPoller:  packet count Tx=264818 Rx=391077
10-18 11:41:44.247   966  1001 E PROXIMITY: ProximitySensor: unknown event (type=3, code=0)
10-18 11:41:44.746   966  1001 E PROXIMITY: ProximitySensor: unknown event (type=3, code=0)
10-18 11:41:44.997   966  1001 E PROXIMITY: ProximitySensor: unknown event (type=3, code=0)
10-18 11:41:45.188  9296  9296 D wpa_supplicant: wlan0: Control interface command 'SIGNAL_POLL'
10-18 11:41:45.204   966   966 E WifiTrafficPoller: TRAFFIC_STATS_POLL true Token 563 num clients 10
10-18 11:41:45.205   966   966 E WifiTrafficPoller:  packet count Tx=264818 Rx=391077
10-18 11:41:45.208   966  1016 E WifiConfigStore: updateConfiguration freq=5180 BSSID=5c:83:8f:77:33:2f RSSI=-70 "CDT_GUEST"WPA_PSK
10-18 11:41:45.247   966  1001 E PROXIMITY: ProximitySensor: unknown event (type=3, code=0)
10-18 11:41:45.496   966  1001 E PROXIMITY: ProximitySensor: unknown event (type=3, code=0)
10-18 11:41:45.747   966  1001 E PROXIMITY: ProximitySensor: unknown event (type=3, code=0)
10-18 11:41:46.206   966   966 E WifiTrafficPoller: TRAFFIC_STATS_POLL true Token 563 num clients 10
10-18 11:41:46.206   966   966 E WifiTrafficPoller:  packet count Tx=264818 Rx=391077
10-18 11:41:46.247   966  1001 E PROXIMITY: ProximitySensor: unknown event (type=3, code=0)
10-18 11:41:46.497   966  1001 E PROXIMITY: ProximitySensor: unknown event (type=3, code=0)
10-18 11:41:46.748   966  1001 E PROXIMITY: ProximitySensor: unknown event (type=3, code=0)
10-18 11:41:46.997   966  1001 E PROXIMITY: ProximitySensor: unknown event (type=3, code=0)
10-18 11:41:47.208   966   966 E WifiTrafficPoller: TRAFFIC_STATS_POLL true Token 563 num clients 10
10-18 11:41:47.209   966   966 E WifiTrafficPoller:  packet count Tx=264818 Rx=391077
10-18 11:41:47.747   966  1001 E PROXIMITY: ProximitySensor: unknown event (type=3, code=0)
10-18 11:41:47.983 21113 21113 E         : Failed to opendir [/etc/mddb/]. err = [No such file or directory](2)
10-18 11:41:47.983 21113 21113 E         : Failed to find layout file in folder [/etc/mddb/].
10-18 11:41:47.983 21113 21113 E md_monitor: MonitorCore was not initialized successfully.
10-18 11:41:47.983 21113 21113 E md_monitor: InitMonitorCore fail
10-18 11:41:47.983 21113 21113 E md_monitor: Main: Exit EMDLogger with error.
10-18 11:41:47.996   966  1001 E PROXIMITY: ProximitySensor: unknown event (type=3, code=0)
10-18 11:41:48.210   966   966 E WifiTrafficPoller: TRAFFIC_STATS_POLL true Token 563 num clients 10
10-18 11:41:48.211   966   966 E WifiTrafficPoller:  packet count Tx=264818 Rx=391077
10-18 11:41:48.215  9296  9296 D wpa_supplicant: wlan0: Control interface command 'SIGNAL_POLL'
10-18 11:41:48.240   966  1016 E WifiConfigStore: updateConfiguration freq=5180 BSSID=5c:83:8f:77:33:2f RSSI=-70 "CDT_GUEST"WPA_PSK
10-18 11:41:48.247   966  1001 E PROXIMITY: ProximitySensor: unknown event (type=3, code=0)
10-18 11:41:48.497   966  1001 E PROXIMITY: ProximitySensor: unknown event (type=3, code=0)
10-18 11:41:48.747   966  1001 E PROXIMITY: ProximitySensor: unknown event (type=3, code=0)
10-18 11:41:49.212   966   966 E WifiTrafficPoller: TRAFFIC_STATS_POLL true Token 563 num clients 10
10-18 11:41:49.213   966   966 E WifiTrafficPoller:  packet count Tx=264818 Rx=391077
10-18 11:41:49.497   966  1001 E PROXIMITY: ProximitySensor: unknown event (type=3, code=0)
10-18 11:41:49.747   966  1001 E PROXIMITY: ProximitySensor: unknown event (type=3, code=0)
10-18 11:41:49.997   966  1001 E PROXIMITY: ProximitySensor: unknown event (type=3, code=0)
10-18 11:41:50.214   966   966 E WifiTrafficPoller: TRAFFIC_STATS_POLL true Token 563 num clients 10
10-18 11:41:50.215   966   966 E WifiTrafficPoller:  packet count Tx=264818 Rx=391077
10-18 11:41:50.497   966  1001 E PROXIMITY: ProximitySensor: unknown event (type=3, code=0)
10-18 11:41:50.747   966  1001 E PROXIMITY: ProximitySensor: unknown event (type=3, code=0)
10-18 11:41:51.216   966   966 E WifiTrafficPoller: TRAFFIC_STATS_POLL true Token 563 num clients 10
10-18 11:41:51.219   966   966 E WifiTrafficPoller:  packet count Tx=264818 Rx=391077
10-18 11:41:51.248  9296  9296 D wpa_supplicant: wlan0: Control interface command 'SIGNAL_POLL'
10-18 11:41:51.268   966  1016 E WifiConfigStore: updateConfiguration freq=5180 BSSID=5c:83:8f:77:33:2f RSSI=-70 "CDT_GUEST"WPA_PSK
10-18 11:41:51.497   966  1001 E PROXIMITY: ProximitySensor: unknown event (type=3, code=0)
10-18 11:41:51.747   966  1001 E PROXIMITY: ProximitySensor: unknown event (type=3, code=0)
10-18 11:41:51.997   966  1001 E PROXIMITY: ProximitySensor: unknown event (type=3, code=0)
10-18 11:41:52.221   966   966 E WifiTrafficPoller: TRAFFIC_STATS_POLL true Token 563 num clients 10
10-18 11:41:52.222   966   966 E WifiTrafficPoller:  packet count Tx=264818 Rx=391077
10-18 11:41:52.496   966  1001 E PROXIMITY: ProximitySensor: unknown event (type=3, code=0)
10-18 11:41:52.747   966  1001 E PROXIMITY: ProximitySensor: unknown event (type=3, code=0)
10-18 11:41:53.061 21114 21114 E         : Failed to opendir [/etc/mddb/]. err = [No such file or directory](2)
10-18 11:41:53.062 21114 21114 E         : Failed to find layout file in folder [/etc/mddb/].
10-18 11:41:53.062 21114 21114 E md_monitor: MonitorCore was not initialized successfully.
10-18 11:41:53.062 21114 21114 E md_monitor: InitMonitorCore fail
10-18 11:41:53.062 21114 21114 E md_monitor: Main: Exit EMDLogger with error.
10-18 11:41:53.223   966   966 E WifiTrafficPoller: TRAFFIC_STATS_POLL true Token 563 num clients 10
10-18 11:41:53.224   966   966 E WifiTrafficPoller:  packet count Tx=264818 Rx=391077
10-18 11:41:53.496   966  1001 E PROXIMITY: ProximitySensor: unknown event (type=3, code=0)
10-18 11:41:53.746   966  1001 E PROXIMITY: ProximitySensor: unknown event (type=3, code=0)
10-18 11:41:54.225   966   966 E WifiTrafficPoller: TRAFFIC_STATS_POLL true Token 563 num clients 10
10-18 11:41:54.226   966   966 E WifiTrafficPoller:  packet count Tx=264818 Rx=391077
10-18 11:41:54.247   966  1001 E PROXIMITY: ProximitySensor: unknown event (type=3, code=0)
10-18 11:41:54.275  9296  9296 D wpa_supplicant: wlan0: Control interface command 'SIGNAL_POLL'
10-18 11:41:54.288   966  1016 E WifiConfigStore: updateConfiguration freq=5180 BSSID=5c:83:8f:77:33:2f RSSI=-70 "CDT_GUEST"WPA_PSK
10-18 11:41:54.497   966  1001 E PROXIMITY: ProximitySensor: unknown event (type=3, code=0)
10-18 11:41:55.228   966   966 E WifiTrafficPoller: TRAFFIC_STATS_POLL true Token 563 num clients 10
10-18 11:41:55.229   966   966 E WifiTrafficPoller:  packet count Tx=264818 Rx=391077
10-18 11:41:55.497   966  1001 E PROXIMITY: ProximitySensor: unknown event (type=3, code=0)
10-18 11:41:55.747   966  1001 E PROXIMITY: ProximitySensor: unknown event (type=3, code=0)
10-18 11:41:55.999   966  1001 E PROXIMITY: ProximitySensor: unknown event (type=3, code=0)
10-18 11:41:56.230   966   966 E WifiTrafficPoller: TRAFFIC_STATS_POLL true Token 563 num clients 10
10-18 11:41:56.231   966   966 E WifiTrafficPoller:  packet count Tx=264818 Rx=391077
10-18 11:41:56.247   966  1001 E PROXIMITY: ProximitySensor: unknown event (type=3, code=0)
10-18 11:41:56.497   966  1001 E PROXIMITY: ProximitySensor: unknown event (type=3, code=0)
10-18 11:41:56.747   966  1001 E PROXIMITY: ProximitySensor: unknown event (type=3, code=0)
10-18 11:41:56.999   966  1001 E PROXIMITY: ProximitySensor: unknown event (type=3, code=0)
10-18 11:41:57.232   966   966 E WifiTrafficPoller: TRAFFIC_STATS_POLL true Token 563 num clients 10
10-18 11:41:57.233   966   966 E WifiTrafficPoller:  packet count Tx=264818 Rx=391077
10-18 11:41:57.300  9296  9296 D wpa_supplicant: wlan0: Control interface command 'SIGNAL_POLL'
10-18 11:41:57.321   966  1016 E WifiConfigStore: updateConfiguration freq=5180 BSSID=5c:83:8f:77:33:2f RSSI=-71 "CDT_GUEST"WPA_PSK
10-18 11:41:58.142 21115 21115 E         : Failed to opendir [/etc/mddb/]. err = [No such file or directory](2)
10-18 11:41:58.143 21115 21115 E         : Failed to find layout file in folder [/etc/mddb/].
10-18 11:41:58.143 21115 21115 E md_monitor: MonitorCore was not initialized successfully.
10-18 11:41:58.143 21115 21115 E md_monitor: InitMonitorCore fail
10-18 11:41:58.143 21115 21115 E md_monitor: Main: Exit EMDLogger with error.
10-18 11:41:58.235   966   966 E WifiTrafficPoller: TRAFFIC_STATS_POLL true Token 563 num clients 10
10-18 11:41:58.236   966   966 E WifiTrafficPoller:  packet count Tx=264818 Rx=391077
10-18 11:41:58.247   966  1001 E PROXIMITY: ProximitySensor: unknown event (type=3, code=0)
10-18 11:41:58.496   966  1001 E PROXIMITY: ProximitySensor: unknown event (type=3, code=0)
10-18 11:41:58.997   966  1001 E PROXIMITY: ProximitySensor: unknown event (type=3, code=0)
10-18 11:41:59.237   966   966 E WifiTrafficPoller: TRAFFIC_STATS_POLL true Token 563 num clients 10
10-18 11:41:59.240   966   966 E WifiTrafficPoller:  packet count Tx=264818 Rx=391077
10-18 11:41:59.247   966  1001 E PROXIMITY: ProximitySensor: unknown event (type=3, code=0)
10-18 11:41:59.999   966  1001 E PROXIMITY: ProximitySensor: unknown event (type=3, code=0)
10-18 11:42:00.240   966   966 E WifiTrafficPoller: TRAFFIC_STATS_POLL true Token 563 num clients 10
10-18 11:42:00.241   966   966 E WifiTrafficPoller:  packet count Tx=264818 Rx=391077
10-18 11:42:00.331  9296  9296 D wpa_supplicant: wlan0: Control interface command 'SIGNAL_POLL'
10-18 11:42:00.349   966  1016 E WifiConfigStore: updateConfiguration freq=5180 BSSID=5c:83:8f:77:33:2f RSSI=-71 "CDT_GUEST"WPA_PSK
10-18 11:42:00.497   966  1001 E PROXIMITY: ProximitySensor: unknown event (type=3, code=0)
10-18 11:42:00.746   966  1001 E PROXIMITY: ProximitySensor: unknown event (type=3, code=0)
10-18 11:42:01.241   966   966 E WifiTrafficPoller: TRAFFIC_STATS_POLL true Token 563 num clients 10
10-18 11:42:01.242   966   966 E WifiTrafficPoller:  packet count Tx=264818 Rx=391077
10-18 11:42:01.247   966  1001 E PROXIMITY: ProximitySensor: unknown event (type=3, code=0)
10-18 11:42:01.497   966  1001 E PROXIMITY: ProximitySensor: unknown event (type=3, code=0)
10-18 11:42:01.747   966  1001 E PROXIMITY: ProximitySensor: unknown event (type=3, code=0)
10-18 11:42:01.997   966  1001 E PROXIMITY: ProximitySensor: unknown event (type=3, code=0)
10-18 11:42:02.243   966   966 E WifiTrafficPoller: TRAFFIC_STATS_POLL true Token 563 num clients 10
10-18 11:42:02.244   966   966 E WifiTrafficPoller:  packet count Tx=264818 Rx=391077
10-18 11:42:02.247   966  1001 E PROXIMITY: ProximitySensor: unknown event (type=3, code=0)
10-18 11:42:03.215 21116 21116 E         : Failed to opendir [/etc/mddb/]. err = [No such file or directory](2)
10-18 11:42:03.215 21116 21116 E         : Failed to find layout file in folder [/etc/mddb/].
10-18 11:42:03.215 21116 21116 E md_monitor: MonitorCore was not initialized successfully.
10-18 11:42:03.215 21116 21116 E md_monitor: InitMonitorCore fail
10-18 11:42:03.215 21116 21116 E md_monitor: Main: Exit EMDLogger with error.
10-18 11:42:03.246   966   966 E WifiTrafficPoller: TRAFFIC_STATS_POLL true Token 563 num clients 10
10-18 11:42:03.246   966   966 E WifiTrafficPoller:  packet count Tx=264818 Rx=391077
10-18 11:42:03.359  9296  9296 D wpa_supplicant: wlan0: Control interface command 'SIGNAL_POLL'
10-18 11:42:03.382   966  1016 E WifiConfigStore: updateConfiguration freq=5180 BSSID=5c:83:8f:77:33:2f RSSI=-70 "CDT_GUEST"WPA_PSK
10-18 11:42:03.997   966  1001 E PROXIMITY: ProximitySensor: unknown event (type=3, code=0)
10-18 11:42:04.247   966  1001 E PROXIMITY: ProximitySensor: unknown event (type=3, code=0)
10-18 11:42:04.248   966   966 E WifiTrafficPoller: TRAFFIC_STATS_POLL true Token 563 num clients 10
10-18 11:42:04.249   966   966 E WifiTrafficPoller:  packet count Tx=264818 Rx=391077
10-18 11:42:04.497   966  1001 E PROXIMITY: ProximitySensor: unknown event (type=3, code=0)
10-18 11:42:04.746   966  1001 E PROXIMITY: ProximitySensor: unknown event (type=3, code=0)
10-18 11:42:04.997   966  1001 E PROXIMITY: ProximitySensor: unknown event (type=3, code=0)
10-18 11:42:05.247   966  1001 E PROXIMITY: ProximitySensor: unknown event (type=3, code=0)
10-18 11:42:05.249   966   966 E WifiTrafficPoller: TRAFFIC_STATS_POLL true Token 563 num clients 10
10-18 11:42:05.250   966   966 E WifiTrafficPoller:  packet count Tx=264818 Rx=391077
10-18 11:42:05.747   966  1001 E PROXIMITY: ProximitySensor: unknown event (type=3, code=0)
10-18 11:42:06.247   966  1001 E PROXIMITY: ProximitySensor: unknown event (type=3, code=0)
10-18 11:42:06.251   966   966 E WifiTrafficPoller: TRAFFIC_STATS_POLL true Token 563 num clients 10
10-18 11:42:06.252   966   966 E WifiTrafficPoller:  packet count Tx=264818 Rx=391077
10-18 11:42:06.309   966   966 I PowerSave: PowerManagerService isIntentIntercept screen off, packageName is android
10-18 11:42:06.310   966   966 I PowerSave: PowerManagerService isIntentIntercept packageName:android, isThirdApp:false
10-18 11:42:06.310   966   966 I PowerSave: PowerManagerService isIntentIntercept clearState:0
10-18 11:42:06.388  9296  9296 D wpa_supplicant: wlan0: Control interface command 'SIGNAL_POLL'
10-18 11:42:06.390 20936 20936 D WebView : setNetworkAvailable=false
10-18 11:42:06.408   966  1016 E WifiConfigStore: updateConfiguration freq=5180 BSSID=5c:83:8f:77:33:2f RSSI=-70 "CDT_GUEST"WPA_PSK
10-18 11:42:06.497   966  1001 E PROXIMITY: ProximitySensor: unknown event (type=3, code=0)
10-18 11:42:06.850   966   989 E Sensors : handleToDriver handle(0)
10-18 11:42:06.852   966   989 E Sensors : handleToDriver handle(4)
10-18 11:42:06.869   966  1671 I PowerSave: PowerManagerService isIntentIntercept screen off, packageName is com.android.phone
10-18 11:42:06.873   966  1671 I PowerSave: PowerManagerService isIntentIntercept packageName:com.android.phone, isThirdApp:false
10-18 11:42:06.874   966  1671 I PowerSave: PowerManagerService isIntentIntercept clearState:0
10-18 11:42:06.880   966  1531 I PowerSave: PowerManagerService isIntentIntercept screen off, packageName is com.android.phone
10-18 11:42:06.880   966  1531 I PowerSave: PowerManagerService isIntentIntercept packageName:com.android.phone, isThirdApp:false
10-18 11:42:06.880   966  1531 I PowerSave: PowerManagerService isIntentIntercept clearState:0
10-18 11:42:07.252   966   966 E WifiTrafficPoller: TRAFFIC_STATS_POLL true Token 563 num clients 10
10-18 11:42:07.252   966   966 E WifiTrafficPoller:  packet count Tx=264818 Rx=391077
10-18 11:42:08.254   966   966 E WifiTrafficPoller: TRAFFIC_STATS_POLL true Token 563 num clients 10
10-18 11:42:08.255   966   966 E WifiTrafficPoller:  packet count Tx=264818 Rx=391077
10-18 11:42:08.298 21119 21119 E         : Failed to opendir [/etc/mddb/]. err = [No such file or directory](2)
10-18 11:42:08.299 21119 21119 E         : Failed to find layout file in folder [/etc/mddb/].
10-18 11:42:08.299 21119 21119 E md_monitor: MonitorCore was not initialized successfully.
10-18 11:42:08.299 21119 21119 E md_monitor: InitMonitorCore fail
10-18 11:42:08.299 21119 21119 E md_monitor: Main: Exit EMDLogger with error.
10-18 11:42:08.387   966  1054 D SurfaceControl: Excessive delay in setPowerMode(): 1513ms
10-18 11:42:08.427   966   966 E WifiTrafficPoller: ENABLE_TRAFFIC_STATS_POLL false Token 563
10-18 11:42:08.430   966  1016 I PowerSave: PowerManagerService isIntentIntercept screen off, packageName is android
10-18 11:42:08.431   966  1016 I PowerSave: PowerManagerService isIntentIntercept packageName:android, isThirdApp:false
10-18 11:42:08.431   966  1016 I PowerSave: PowerManagerService isIntentIntercept clearState:0
10-18 11:42:08.433  9296  9296 D wpa_supplicant: wlan0: Control interface command 'SET pno 0'
10-18 11:42:08.433  9296  9296 D wpa_supplicant: CTRL_IFACE SET 'pno'='0'
10-18 11:42:08.441   966  1016 E native  : do suspend true
10-18 11:42:08.441  9296  9296 D wpa_supplicant: wlan0: Control interface command 'DRIVER SETSUSPENDMODE 1'
10-18 11:42:08.441  9296  9296 D wpa_supplicant: iface wlan0 recv cmd SETSUSPENDMODE 1
10-18 11:42:08.441  9296  9296 D wpa_supplicant: nl80211: Test Mode buflen = 12, ifindex=19
10-18 11:42:08.456  9296  9296 D wpa_supplicant: ret = 0, nl=2116427968
10-18 11:42:08.456  9296  9296 D wpa_supplicant: wpa_driver_nl80211_driver_cmd: ret = 0 used = 17 total = 512
10-18 11:42:08.467  1103  1103 V HeadsUpManager: releaseAllImmediately
10-18 11:42:08.483   966  2762 I PowerSave: PowerManagerService isIntentIntercept screen off, packageName is com.android.phone
10-18 11:42:08.483   966  2762 I PowerSave: PowerManagerService isIntentIntercept packageName:com.android.phone, isThirdApp:false
10-18 11:42:08.483   966  2762 I PowerSave: PowerManagerService isIntentIntercept clearState:0
10-18 11:42:08.486   966   977 I PowerSave: PowerManagerService isIntentIntercept screen off, packageName is com.google.android.gms
10-18 11:42:08.487   966   977 I PowerSave: PowerManagerService isIntentIntercept packageName:com.google.android.gms, isThirdApp:false
10-18 11:42:08.488   966   977 I PowerSave: PowerManagerService isIntentIntercept clearState:0
10-18 11:42:08.498  5640  5640 I PowerSave: ContextImpl isIntentIntercept screen off, intent is Intent { act=com.google.android.search.core.action.SCREEN_STATE_CHANGE cmp=com.google.android.googlequicksearchbox/com.google.android.apps.gsa.search.core.service.SearchService (has extras) }
10-18 11:42:08.499  5640  5640 I PowerSave: ContextImpl isIntentIntercept packageName:com.google.android.googlequicksearchbox, isThirdApp:false
10-18 11:42:08.500  5640  5640 I PowerSave: ContextImpl isIntentIntercept clearState:0
10-18 11:42:08.500   966   976 I PowerSave: AMS isIntentIntercept screen off, intent is Intent { act=com.google.android.search.core.action.SCREEN_STATE_CHANGE cmp=com.google.android.googlequicksearchbox/com.google.android.apps.gsa.search.core.service.SearchService (has extras) }
10-18 11:42:08.501   966   976 I PowerSave: AMS isIntentIntercept packageName:com.google.android.googlequicksearchbox, isThirdApp:false
10-18 11:42:08.501   966   976 I PowerSave: AMS isIntentIntercept clearState:0
10-18 11:42:08.502  5640  5640 I PowerSave: ContextImpl isIntentIntercept screen off, intent is Intent { act=com.google.android.search.core.action.DEVICE_LOCKED_STATE_CHANGE cmp=com.google.android.googlequicksearchbox/com.google.android.apps.gsa.search.core.service.SearchService (has extras) }
10-18 11:42:08.503  5640  5640 I PowerSave: ContextImpl isIntentIntercept packageName:com.google.android.googlequicksearchbox, isThirdApp:false
10-18 11:42:08.503  5640  5640 I PowerSave: ContextImpl isIntentIntercept clearState:0
10-18 11:42:08.504   966   977 I PowerSave: AMS isIntentIntercept screen off, intent is Intent { act=com.google.android.search.core.action.DEVICE_LOCKED_STATE_CHANGE cmp=com.google.android.googlequicksearchbox/com.google.android.apps.gsa.search.core.service.SearchService (has extras) }
10-18 11:42:08.504   966   977 I PowerSave: AMS isIntentIntercept packageName:com.google.android.googlequicksearchbox, isThirdApp:false
10-18 11:42:08.505   966   977 I PowerSave: AMS isIntentIntercept clearState:0
10-18 11:42:08.509   966 15355 I PowerSave: PowerManagerService isIntentIntercept screen off, packageName is com.google.android.gms
10-18 11:42:08.510   966 15355 I PowerSave: PowerManagerService isIntentIntercept packageName:com.google.android.gms, isThirdApp:false
10-18 11:42:08.510   966 15355 I PowerSave: PowerManagerService isIntentIntercept clearState:0
10-18 11:42:08.517  1540  1540 I PowerSave: ContextImpl isIntentIntercept screen off, intent is Intent { cmp=com.android.stk/.StkAppService (has extras) }
10-18 11:42:08.518  1540  1540 I PowerSave: ContextImpl isIntentIntercept packageName:com.android.stk, isThirdApp:false
10-18 11:42:08.519  1540  1540 I PowerSave: ContextImpl isIntentIntercept clearState:0
10-18 11:42:08.520   966  1671 I PowerSave: AMS isIntentIntercept screen off, intent is Intent { cmp=com.android.stk/.StkAppService (has extras) }
10-18 11:42:08.521   966  1671 I PowerSave: AMS isIntentIntercept packageName:com.android.stk, isThirdApp:false
10-18 11:42:08.521   966  1671 I PowerSave: AMS isIntentIntercept clearState:0
10-18 11:42:09.256   966   966 E WifiTrafficPoller: TRAFFIC_STATS_POLL false Token 564 num clients 10
10-18 11:42:13.375 21120 21120 E         : Failed to opendir [/etc/mddb/]. err = [No such file or directory](2)
10-18 11:42:13.376 21120 21120 E         : Failed to find layout file in folder [/etc/mddb/].
10-18 11:42:13.376 21120 21120 E md_monitor: MonitorCore was not initialized successfully.
10-18 11:42:13.376 21120 21120 E md_monitor: InitMonitorCore fail
10-18 11:42:13.376 21120 21120 E md_monitor: Main: Exit EMDLogger with error.
10-18 11:42:18.453   966  1004 I PowerSave: PowerManagerService isIntentIntercept screen off, packageName is android
10-18 11:42:18.454   966  1004 I PowerSave: PowerManagerService isIntentIntercept packageName:android, isThirdApp:false
10-18 11:42:18.454   966  1004 I PowerSave: PowerManagerService isIntentIntercept clearState:0
10-18 11:42:18.466 21121 21121 E         : Failed to opendir [/etc/mddb/]. err = [No such file or directory](2)
10-18 11:42:18.466 21121 21121 E         : Failed to find layout file in folder [/etc/mddb/].
10-18 11:42:18.466 21121 21121 E md_monitor: MonitorCore was not initialized successfully.
10-18 11:42:18.466 21121 21121 E md_monitor: InitMonitorCore fail
10-18 11:42:18.466 21121 21121 E md_monitor: Main: Exit EMDLogger with error.
10-18 11:42:23.542 21122 21122 E         : Failed to opendir [/etc/mddb/]. err = [No such file or directory](2)
10-18 11:42:23.542 21122 21122 E         : Failed to find layout file in folder [/etc/mddb/].
10-18 11:42:23.542 21122 21122 E md_monitor: MonitorCore was not initialized successfully.
10-18 11:42:23.542 21122 21122 E md_monitor: InitMonitorCore fail
10-18 11:42:23.542 21122 21122 E md_monitor: Main: Exit EMDLogger with error.
10-18 11:42:27.613 21123 21123 E         : Failed to opendir [/etc/mddb/]. err = [No such file or directory](2)
10-18 11:42:27.613 21123 21123 E         : Failed to find layout file in folder [/etc/mddb/].
10-18 11:42:27.613 21123 21123 E md_monitor: MonitorCore was not initialized successfully.
10-18 11:42:27.613 21123 21123 E md_monitor: InitMonitorCore fail
10-18 11:42:27.613 21123 21123 E md_monitor: Main: Exit EMDLogger with error.
10-18 11:42:32.685 21124 21124 E         : Failed to opendir [/etc/mddb/]. err = [No such file or directory](2)
10-18 11:42:32.685 21124 21124 E         : Failed to find layout file in folder [/etc/mddb/].
10-18 11:42:32.685 21124 21124 E md_monitor: MonitorCore was not initialized successfully.
10-18 11:42:32.685 21124 21124 E md_monitor: InitMonitorCore fail
10-18 11:42:32.685 21124 21124 E md_monitor: Main: Exit EMDLogger with error.
10-18 11:42:37.756 21125 21125 E         : Failed to opendir [/etc/mddb/]. err = [No such file or directory](2)
10-18 11:42:37.756 21125 21125 E         : Failed to find layout file in folder [/etc/mddb/].
10-18 11:42:37.756 21125 21125 E md_monitor: MonitorCore was not initialized successfully.
10-18 11:42:37.756 21125 21125 E md_monitor: InitMonitorCore fail
10-18 11:42:37.756 21125 21125 E md_monitor: Main: Exit EMDLogger with error.
10-18 11:42:38.532   966  1004 I PowerSave: PowerManagerService isIntentIntercept screen off, packageName is android
10-18 11:42:38.533   966  1004 I PowerSave: PowerManagerService isIntentIntercept packageName:android, isThirdApp:false
10-18 11:42:38.533   966  1004 I PowerSave: PowerManagerService isIntentIntercept clearState:0
10-18 11:42:42.826 21126 21126 E         : Failed to opendir [/etc/mddb/]. err = [No such file or directory](2)
10-18 11:42:42.826 21126 21126 E         : Failed to find layout file in folder [/etc/mddb/].
10-18 11:42:42.826 21126 21126 E md_monitor: MonitorCore was not initialized successfully.
10-18 11:42:42.826 21126 21126 E md_monitor: InitMonitorCore fail
10-18 11:42:42.826 21126 21126 E md_monitor: Main: Exit EMDLogger with error.
10-18 11:42:47.903 21127 21127 E         : Failed to opendir [/etc/mddb/]. err = [No such file or directory](2)
10-18 11:42:47.903 21127 21127 E         : Failed to find layout file in folder [/etc/mddb/].
10-18 11:42:47.903 21127 21127 E md_monitor: MonitorCore was not initialized successfully.
10-18 11:42:47.903 21127 21127 E md_monitor: InitMonitorCore fail
10-18 11:42:47.903 21127 21127 E md_monitor: Main: Exit EMDLogger with error.
10-18 11:42:49.588  9364  9581 D HeadsetStateMachine: Disconnected process message: 10, size: 0
10-18 11:42:52.975 21128 21128 E         : Failed to opendir [/etc/mddb/]. err = [No such file or directory](2)
10-18 11:42:52.975 21128 21128 E         : Failed to find layout file in folder [/etc/mddb/].
10-18 11:42:52.975 21128 21128 E md_monitor: MonitorCore was not initialized successfully.
10-18 11:42:52.975 21128 21128 E md_monitor: InitMonitorCore fail
10-18 11:42:52.975 21128 21128 E md_monitor: Main: Exit EMDLogger with error.
10-18 11:42:58.050 21129 21129 E         : Failed to opendir [/etc/mddb/]. err = [No such file or directory](2)
10-18 11:42:58.050 21129 21129 E         : Failed to find layout file in folder [/etc/mddb/].
10-18 11:42:58.050 21129 21129 E md_monitor: MonitorCore was not initialized successfully.
10-18 11:42:58.050 21129 21129 E md_monitor: InitMonitorCore fail
10-18 11:42:58.050 21129 21129 E md_monitor: Main: Exit EMDLogger with error.
10-18 11:43:00.001   966  1004 I PowerSave: PowerManagerService isIntentIntercept screen off, packageName is android
10-18 11:43:00.002   966  1004 I PowerSave: PowerManagerService isIntentIntercept packageName:android, isThirdApp:false
10-18 11:43:00.003   966  1004 I PowerSave: PowerManagerService isIntentIntercept clearState:0
10-18 11:43:00.055   966  2761 I PowerSave: ContextImpl isIntentIntercept screen off, intent is Intent { dat=intent: cmp=com.android.deskclock/com.android.alarmclock.DigitalAppWidgetService (has extras) }
10-18 11:43:00.055   966  2761 I PowerSave: ContextImpl isIntentIntercept packageName:com.android.deskclock, isThirdApp:false
10-18 11:43:00.056   966  2761 I PowerSave: ContextImpl isIntentIntercept clearState:0
10-18 11:43:00.056   966  2761 I PowerSave: AMS isIntentIntercept screen off, intent is Intent { dat=intent: cmp=com.android.deskclock/com.android.alarmclock.DigitalAppWidgetService (has extras) }
10-18 11:43:00.056   966  2761 I PowerSave: AMS isIntentIntercept packageName:com.android.deskclock, isThirdApp:false
10-18 11:43:00.056   966  2761 I PowerSave: AMS isIntentIntercept clearState:0
10-18 11:43:03.119 21130 21130 E         : Failed to opendir [/etc/mddb/]. err = [No such file or directory](2)
10-18 11:43:03.119 21130 21130 E         : Failed to find layout file in folder [/etc/mddb/].
10-18 11:43:03.119 21130 21130 E md_monitor: MonitorCore was not initialized successfully.
10-18 11:43:03.119 21130 21130 E md_monitor: InitMonitorCore fail
10-18 11:43:03.119 21130 21130 E md_monitor: Main: Exit EMDLogger with error.
10-18 11:43:06.680   966  1008 I hy      : pn = com.ionicframework.freelancemobile235842, cn = .MainActivity
10-18 11:43:06.681   966  1008 I PowerSave: PowerManagerService isIntentIntercept screen off, packageName is android
10-18 11:43:06.682   966  1008 I PowerSave: PowerManagerService isIntentIntercept packageName:android, isThirdApp:false
10-18 11:43:06.682   966  1008 I PowerSave: PowerManagerService isIntentIntercept clearState:0
10-18 11:43:06.725   966   989 E Sensors : handleToDriver handle(4)
10-18 11:43:06.725   966   989 E Sensors : handleToDriver handle(4)
10-18 11:43:06.725   966   989 E Sensors : new setDelay handle(4),ns(250000000)m, error(0), index(5)
10-18 11:43:06.725   966   989 E LIGHT   : ALS batch: handle:4, en:0,samplingPeriodNs:250000000, maxBatchReportLatencyNs:0 
10-18 11:43:06.725   966   989 E Sensors : sensor 4 go to common batch
10-18 11:43:06.725   966   989 E Sensors : handleToDriver handle(4)
10-18 11:43:06.771 19650 19650 D TouchInterceptor: onPreDraw: mIsDraw = true
10-18 11:43:06.771 19650 19650 D TouchInterceptor: onPreDraw: mIsDraw = true
10-18 11:43:06.774 20936 20936 D WebView : resumeTimers
10-18 11:43:06.774 20936 20936 D WebView : setNetworkAvailable=true
10-18 11:43:06.778   966   966 E WifiTrafficPoller: ENABLE_TRAFFIC_STATS_POLL true Token 564
10-18 11:43:06.779   966  1008 I hy      : pn = com.ionicframework.freelancemobile235842, cn = .MainActivity
10-18 11:43:06.779   966   966 E WifiTrafficPoller:  packet count Tx=264820 Rx=391078
10-18 11:43:06.779   966   966 E WifiTrafficPoller: notifying of data activity 3
10-18 11:43:06.787  9296  9296 D wpa_supplicant: wlan0: Control interface command 'SET pno 0'
10-18 11:43:06.787  9296  9296 D wpa_supplicant: CTRL_IFACE SET 'pno'='0'
10-18 11:43:06.789  9296  9296 D wpa_supplicant: wlan0: Control interface command 'SIGNAL_POLL'
10-18 11:43:06.794   966  1016 E WifiConfigStore: updateConfiguration freq=5180 BSSID=5c:83:8f:77:33:2f RSSI=-67 "CDT_GUEST"WPA_PSK
10-18 11:43:06.797   966  1016 E native  : do suspend false
10-18 11:43:06.798  9296  9296 D wpa_supplicant: wlan0: Control interface command 'DRIVER SETSUSPENDMODE 0'
10-18 11:43:06.798  9296  9296 D wpa_supplicant: iface wlan0 recv cmd SETSUSPENDMODE 0
10-18 11:43:06.798  9296  9296 D wpa_supplicant: nl80211: Test Mode buflen = 12, ifindex=19
10-18 11:43:06.800  9364  9364 D HeadsetPhoneState: sendDeviceStateChanged. mService=1 mSignal=4 mRoam=0 mBatteryCharge=4
10-18 11:43:06.800  9364  9581 D HeadsetStateMachine: Disconnected process message: 11, size: 0
10-18 11:43:06.801  9296  9296 D wpa_supplicant: ret = 0, nl=2116427968
10-18 11:43:06.801  9296  9296 D wpa_supplicant: wpa_driver_nl80211_driver_cmd: ret = 0 used = 17 total = 512
10-18 11:43:06.821   966   982 E Sensors : handleToDriver handle(0)
10-18 11:43:06.821   966   982 E Sensors : handleToDriver handle(0)
10-18 11:43:06.821   966   982 E Sensors : new setDelay handle(0),ns(66667000)m, error(0), index(2)
10-18 11:43:06.821   966   982 E Accel   : ACC batch: handle:0, en:0,samplingPeriodNs:66667000 maxBatchReportLatencyNs:0 
10-18 11:43:06.821   966   982 E Sensors : sensor 0 go to common batch
10-18 11:43:06.821   966   982 E Sensors : handleToDriver handle(0)
10-18 11:43:06.899  9364  9567 D BtGatt.GattService: registerClient() - UUID=3816767a-b2b3-48fc-b2ba-d8fc7afc0670
10-18 11:43:06.900  9364  9566 D BtGatt.GattService: onClientRegistered() - UUID=3816767a-b2b3-48fc-b2ba-d8fc7afc0670, clientIf=5
10-18 11:43:06.901  1944  8793 D BluetoothLeScanner: onClientRegistered() - status=0 clientIf=5
10-18 11:43:06.902  9364  9379 D BtGatt.GattService: start scan without filters
10-18 11:43:06.903  1944  6004 I BluetoothLeScanner: startRegisteration: mLeScanClients={android.bluetooth.BluetoothAdapter$2@5a9b693=android.bluetooth.le.BluetoothLeScanner$BleScanCallbackWrapper@795b6d0}
10-18 11:43:06.904  9364  9570 D BtGatt.ScanManager: handling starting scan
10-18 11:43:06.905   966  1054 D SurfaceControl: Excessive delay in setPowerMode(): 177ms
10-18 11:43:06.908  9364  9570 I BtGatt.ScanManager: configureScanFilters: client=com.android.bluetooth.gatt.ScanClient@24
10-18 11:43:06.908  9364  9570 I BtGatt.ScanManager: getDeliveryMode:  DELIVERY_MODE_IMMEDIATE
10-18 11:43:06.908  9364  9570 I BtGatt.ScanManager: gattClientScanFilterEnableNative(com.android.bluetooth.gatt.ScanClient@24,true);
10-18 11:43:06.911  9364  9566 D BtGatt.GattService: onScanFilterEnableDisabled() - clientIf=5, status=0, action=1
10-18 11:43:06.911  9364  9566 D BtGatt.ScanManager: callback done for clientIf - 5 status - 0
10-18 11:43:06.912  9364  9570 I BtGatt.ScanManager: configureScanFilters: shouldUseAllPassFilter
10-18 11:43:06.912  9364  9570 I BtGatt.ScanManager: getDeliveryMode:  DELIVERY_MODE_IMMEDIATE
10-18 11:43:06.912  9364  9570 D BtGatt.ScanManager: configureFilterParamter 500 10000 1 0
10-18 11:43:06.912  9364  9570 I BtGatt.ScanManager: configureFilterParamter: deliveryMode=0 ,rssiThreshold=-128
10-18 11:43:06.912  9364  9570 I BtGatt.ScanManager: gattClientScanFilterParamAddNative
10-18 11:43:06.914  9364  9566 D BtGatt.GattService: onScanFilterParamsConfigured() - clientIf=5, status=0, action=0, availableSpace=49
10-18 11:43:06.914  9364  9566 D BtGatt.ScanManager: callback done for clientIf - 5 status - 0
10-18 11:43:06.914  9364  9570 I BtGatt.ScanManager: gattClientScanNative(true);
10-18 11:43:06.914  9364  9570 D BtGatt.ScanManager: configureRegularScanParams() - queue=1
10-18 11:43:06.915  9364  9570 D BtGatt.ScanManager: configureRegularScanParams() - ScanSetting Scan mode=2 mLastConfiguredScanSetting=-2147483648
10-18 11:43:06.915  9364  9570 I BtGatt.ScanManager: gattClientScanNative(false);
10-18 11:43:06.915  9364  9570 D BtGatt.ScanManager: configureRegularScanParams - scanInterval = 8000configureRegularScanParams - scanWindow = 8000
10-18 11:43:06.915  9364  9570 I BtGatt.ScanManager: gattClientScanNative(true);
10-18 11:43:06.915  9364  9566 D BtGatt.GattService: onScanParamSetupCompleted : 0
10-18 11:43:06.924  9364  9571 W bt_hci  : filter_incoming_event command complete event with no matching command. opcode: 0x200c.
10-18 11:43:06.931  1944 26452 E ctxmgr  : [ProducerActiveIntervalImpl]addNewAppInterval: already contained:appKey=bxa@bb9b632b,appInterval=bwy@d5266c9,record=key=(com.google.android.googlequicksearchbox, 10025, account#33593588#, com.google.android.apps.gsa.extradex.kato.GmsContextManagerClientHelper, 6015ee9a-c5ed-4508-958e-4ea66c850b0b), t=1476737108373, name=1, lifetime=(2), production=null, retention=null, dispatch=(1), consumer=(byw@a2759c8-33202356)
10-18 11:43:06.978   966  1001 E PROXIMITY: ProximitySensor: unknown event (type=3, code=0)
10-18 11:43:06.981   966  1001 E PROXIMITY: ProximitySensor: unknown event (type=3, code=0)
10-18 11:43:07.010   966  2596 E Sensors : handleToDriver handle(0)
