10-13 11:43:24.884   959  1014 D WifiStateMachine:  get link layer stats 0
10-13 11:43:24.885   959  1014 D WifiHW  : enter -->wifi_send_command cmd=IFNAME=wlan0 SIGNAL_POLL
10-13 11:43:24.885  1077  1077 D wpa_supplicant: wlan0: Control interface command 'SIGNAL_POLL'
10-13 11:43:24.894   959   959 E WifiTrafficPoller: TRAFFIC_STATS_POLL true Token 92 num clients 12
10-13 11:43:24.895   959   959 E WifiTrafficPoller:  packet count Tx=67318 Rx=126969
10-13 11:43:24.908   959  1014 D WifiHW  : leave --> reply=RSSI=-73
10-13 11:43:24.908   959  1014 D WifiHW  : LINKSPEED=65
10-13 11:43:24.908   959  1014 D WifiHW  : NOISE=9999
10-13 11:43:24.908   959  1014 D WifiHW  : FREQUENCY=5180
10-13 11:43:24.908   959  1014 D WifiHW  : 
10-13 11:43:24.908   959  1014 I WifiStateMachine: fetchRssiLinkSpeedAndFrequencyNative, newRssi:-73, newLinkSpeed:65, SSID:"CDT_GUEST"
10-13 11:43:24.908   959  1014 D WifiStateMachine: mLastSignalLevel:3, newSignalLevel:3
10-13 11:43:24.908   959  1014 E WifiConfigStore: updateConfiguration freq=5180 BSSID=5c:83:8f:77:33:2f RSSI=-73 "CDT_GUEST"WPA_PSK
10-13 11:43:24.913   959  1045 D WifiWatchdogStateMachine: RSSI current: 3 new: -73, 3
10-13 11:43:24.924  1097  1495 D NetworkController: onReceive: intent=Intent { act=android.net.wifi.RSSI_CHANGED flg=0x4000010 (has extras) }
10-13 11:43:24.955  3780  3971 D AudioTrack: write: userSize = 3824, blocking = 1
10-13 11:43:25.056  3780  3971 D AudioTrack: write: userSize = 3824, blocking = 1
10-13 11:43:25.156  3780  3971 D AudioTrack: write: userSize = 3824, blocking = 1
10-13 11:43:25.257  3780  3971 D AudioTrack: write: userSize = 3824, blocking = 1
10-13 11:43:25.357  3780  3971 D AudioTrack: write: userSize = 3824, blocking = 1
10-13 11:43:25.457  3780  3971 D AudioTrack: write: userSize = 3824, blocking = 1
10-13 11:43:25.558  3780  3971 D AudioTrack: write: userSize = 3824, blocking = 1
10-13 11:43:25.658  3780  3971 D AudioTrack: write: userSize = 3824, blocking = 1
10-13 11:43:25.724   328   328 I thermal_repeater: select timeout
10-13 11:43:25.759  3780  3971 D AudioTrack: write: userSize = 3824, blocking = 1
10-13 11:43:25.859  3780  3971 D AudioTrack: write: userSize = 3824, blocking = 1
10-13 11:43:25.896   959   959 E WifiTrafficPoller: TRAFFIC_STATS_POLL true Token 92 num clients 12
10-13 11:43:25.897   959   959 E WifiTrafficPoller:  packet count Tx=67319 Rx=126970
10-13 11:43:25.897   959   959 E WifiTrafficPoller: notifying of data activity 3
10-13 11:43:25.902  1097  1097 D NetworkController.WifiSignalController: Change in state from: connected=true,enabled=true,level=2,inetCondition=1,iconGroup=IconGroup(Wi-Fi Icons),activityIn=false,activityOut=false,rssi=-73,lastModified=10-13 11:43:21,ssid="CDT_GUEST"
10-13 11:43:25.902  1097  1097 D NetworkController.WifiSignalController: 	to: connected=true,enabled=true,level=2,inetCondition=1,iconGroup=IconGroup(Wi-Fi Icons),activityIn=true,activityOut=true,rssi=-73,lastModified=10-13 11:43:21,ssid="CDT_GUEST"
10-13 11:43:25.921   277   987 I BufferQueueProducer: [StatusBar](this:0x7f860d9000,id:6,api:1,p:1097,c:277) queueBuffer: fps=0.75 dur=4017.82 max=3133.50 min=34.33
10-13 11:43:25.934   277   277 I SurfaceFlinger: [Built-in Screen (type:0)] fps:0.746925,dur:4016.47,max:3137.52,min:35.62
10-13 11:43:25.944   312   482 D AALService: enableAALEvent: 0 -> 1
10-13 11:43:25.944   312   482 D AALService: Output backlight = 594/1023, CABC gain = 256
10-13 11:43:25.950   312   482 D AALService: enableAALEvent: 1 -> 0
10-13 11:43:25.959  3780  3971 D AudioTrack: write: userSize = 3824, blocking = 1
10-13 11:43:25.972   312   492 D AALLightSensor: newLux = 81, [80, 78] -> 75
10-13 11:43:26.060  3780  3971 D AudioTrack: write: userSize = 3824, blocking = 1
10-13 11:43:26.160  3780  3971 D AudioTrack: write: userSize = 3824, blocking = 1
10-13 11:43:26.261  3780  3971 D AudioTrack: write: userSize = 3824, blocking = 1
10-13 11:43:26.302  3780  3864 D BluetoothAdapter: isEnabled
10-13 11:43:26.361  3780  3971 D AudioTrack: write: userSize = 3824, blocking = 1
10-13 11:43:26.416   326   326 I thermal_src: wake up function 3
10-13 11:43:26.416   326   326 I thermal_src: TA_DAEMON_CMD_GET_TPCB cmd=0x5, len=4 PCB=36000
10-13 11:43:26.416   326   326 I thermal_src: TA_DAEMON_CMD_SET_TTJ cmd=0x4, len=4 Tj=85000
10-13 11:43:26.416   326   326 I thermal_src: waiting NOTIFY from kernel...
10-13 11:43:26.461  3780  3971 D AudioTrack: write: userSize = 3824, blocking = 1
10-13 11:43:26.561  3780  3971 D AudioTrack: write: userSize = 3824, blocking = 1
10-13 11:43:26.661  3780  3971 D AudioTrack: write: userSize = 3824, blocking = 1
10-13 11:43:26.762  3780  3971 D AudioTrack: write: userSize = 3824, blocking = 1
10-13 11:43:26.862  3780  3971 D AudioTrack: write: userSize = 3824, blocking = 1
10-13 11:43:26.900   959   959 E WifiTrafficPoller: TRAFFIC_STATS_POLL true Token 92 num clients 12
10-13 11:43:26.901   959   959 E WifiTrafficPoller:  packet count Tx=67319 Rx=126970
10-13 11:43:26.901   959   959 E WifiTrafficPoller: notifying of data activity 0
10-13 11:43:26.906  1097  1097 D NetworkController.WifiSignalController: Change in state from: connected=true,enabled=true,level=2,inetCondition=1,iconGroup=IconGroup(Wi-Fi Icons),activityIn=true,activityOut=true,rssi=-73,lastModified=10-13 11:43:25,ssid="CDT_GUEST"
10-13 11:43:26.906  1097  1097 D NetworkController.WifiSignalController: 	to: connected=true,enabled=true,level=2,inetCondition=1,iconGroup=IconGroup(Wi-Fi Icons),activityIn=false,activityOut=false,rssi=-73,lastModified=10-13 11:43:25,ssid="CDT_GUEST"
10-13 11:43:26.939   312   482 D AALService: enableAALEvent: 0 -> 1
10-13 11:43:26.940   312   482 D AALService: Output backlight = 595/1023, CABC gain = 256
10-13 11:43:26.949   312   482 D AALService: Output backlight = 596/1023, CABC gain = 256
10-13 11:43:26.963  3780  3971 D AudioTrack: write: userSize = 3824, blocking = 1
10-13 11:43:26.967   312   482 D AALService: enableAALEvent: 1 -> 0
10-13 11:43:27.063  3780  3971 D AudioTrack: write: userSize = 3824, blocking = 1
10-13 11:43:27.164  3780  3971 D AudioTrack: write: userSize = 3824, blocking = 1
10-13 11:43:27.264  3780  3971 D AudioTrack: write: userSize = 3824, blocking = 1
10-13 11:43:27.364  3780  3971 D AudioTrack: write: userSize = 3824, blocking = 1
10-13 11:43:27.465  3780  3971 D AudioTrack: write: userSize = 3824, blocking = 1
10-13 11:43:27.566  3780  3971 D AudioTrack: write: userSize = 3824, blocking = 1
10-13 11:43:27.666  3780  3971 D AudioTrack: write: userSize = 3824, blocking = 1
10-13 11:43:27.766  3780  3971 D AudioTrack: write: userSize = 3824, blocking = 1
10-13 11:43:27.854  1097  1495 D NetworkController.MobileSignalController(1): onSignalStrengthsChanged signalStrength=SignalStrength: 11 27 -120 -160 -6 0 -1 99 2147483647 2147483647 2147483647 2147483647 gsm|lte 1 -396 -44 level=3
10-13 11:43:27.854  1097  1495 D NetworkController.MobileSignalController(1): updateTelephonySignalStrength: hasService=true ss=SignalStrength: 11 27 -120 -160 -6 0 -1 99 2147483647 2147483647 2147483647 2147483647 gsm|lte 1 -396 -44
10-13 11:43:27.855  1097  1495 D NetworkTypeUtils: getNetworkType: type=10
10-13 11:43:27.855  1097  1495 D NetworkTypeUtils: getNetworkTypeIcon iconId = 2130837866
10-13 11:43:27.860  1097  1495 D NetworkController.MobileSignalController(1): Change in state from: connected=true,enabled=true,level=2,inetCondition=1,iconGroup=IconGroup(Unknown),activityIn=false,activityOut=false,rssi=0,lastModified=10-13 11:43:22,dataSim=true,networkName=LOL Mobile,networkNameData=LOL Mobile,dataConnected=false,isDefault=false,isEmergency=false,airplaneMode=false,networkIcon2130837866,dataNetType0,customizedState0,carrierNetworkChangeMode=false
10-13 11:43:27.860  1097  1495 D NetworkController.MobileSignalController(1): 	to: connected=true,enabled=true,level=3,inetCondition=1,iconGroup=IconGroup(Unknown),activityIn=false,activityOut=false,rssi=0,lastModified=10-13 11:43:22,dataSim=true,networkName=LOL Mobile,networkNameData=LOL Mobile,dataConnected=false,isDefault=false,isEmergency=false,airplaneMode=false,networkIcon2130837866,dataNetType0,customizedState0,carrierNetworkChangeMode=false
10-13 11:43:27.863  1097  1495 D DefaultStatusBarPlmnPlugin: into updateCarrierLabel, slotId=0, isSimInserted=false, isHasSimService=false
10-13 11:43:27.863  1097  1495 D MPlugin : createInstance(): Begin = 9657477
10-13 11:43:27.863  1097  1495 D MPlugin : create Instance (two parameters) with : com.mediatek.systemui.ext.ISystemUIStatusBarExt
10-13 11:43:27.863  1097  1495 D MPlugin : Clazz exists on mapping table : false
10-13 11:43:27.863  1097  1495 E MPlugin : Unsupported class: com.mediatek.systemui.ext.ISystemUIStatusBarExt
10-13 11:43:27.863  1097  1495 D MPlugin : createInstance(): End = 9657477
10-13 11:43:27.863  1097  1495 D DefaultStatusBarPlmnPlugin: into updateCarrierLabel, slotId=1, isSimInserted=true, isHasSimService=true
10-13 11:43:27.863  1097  1495 D MPlugin : createInstance(): Begin = 9657478
10-13 11:43:27.863  1097  1495 D MPlugin : create Instance (two parameters) with : com.mediatek.systemui.ext.ISystemUIStatusBarExt
10-13 11:43:27.864  1097  1495 D MPlugin : Clazz exists on mapping table : false
10-13 11:43:27.864  1097  1495 E MPlugin : Unsupported class: com.mediatek.systemui.ext.ISystemUIStatusBarExt
10-13 11:43:27.864  1097  1495 D MPlugin : createInstance(): End = 9657478
10-13 11:43:27.867  3780  3971 D AudioTrack: write: userSize = 3824, blocking = 1
10-13 11:43:27.876   277  2005 I BufferQueueProducer: [StatusBar](this:0x7f860d9000,id:6,api:1,p:1097,c:277) queueBuffer: fps=1.02 dur=1955.50 max=996.46 min=959.04
10-13 11:43:27.890   277   277 I SurfaceFlinger: [Built-in Screen (type:0)] fps:1.022566,dur:1955.86,max:996.52,min:959.34
10-13 11:43:27.899   312   482 D AALService: enableAALEvent: 0 -> 1
10-13 11:43:27.899   312   482 D AALService: Output backlight = 597/1023, CABC gain = 256
10-13 11:43:27.904   959   959 E WifiTrafficPoller: TRAFFIC_STATS_POLL true Token 92 num clients 12
10-13 11:43:27.905   959   959 E WifiTrafficPoller:  packet count Tx=67319 Rx=126970
10-13 11:43:27.911   312   482 D AALService: Output backlight = 598/1023, CABC gain = 256
10-13 11:43:27.915   959  1014 D WifiStateMachine:  ConnectedState (when=-5ms what=131155 arg1=19!CMD_RSSI_POLL  rt=9657528/16221346 19 0 "CDT_GUEST" 5c:83:8f:77:33:2f rssi=-73 f=5180 sc=60 link=65 tx=49,1, 0,0, 0,0  rx=53,8 bcn=0 [on:0 tx:0 rx:0 period:3001] from screen [on:0 period:-1116941909] gl hn u24 rssi=-68 ag=0 ticks 0,6,125 ls-=0 [56,56,60,60,60] brc=0 lrc=0 offload-stopped
10-13 11:43:27.920   959  1014 D WifiStateMachine:  L2ConnectedState (when=-11ms what=131155 arg1=19!CMD_RSSI_POLL  rt=9657534/16221352 19 0 "CDT_GUEST" 5c:83:8f:77:33:2f rssi=-73 f=5180 sc=60 link=65 tx=49,1, 0,0, 0,0  rx=53,8 bcn=0 [on:0 tx:0 rx:0 period:5] from screen [on:0 period:-1116941904] gl hn u24 rssi=-68 ag=0 ticks 0,6,125 ls-=0 [56,56,60,60,60] brc=0 lrc=0 offload-stopped
10-13 11:43:27.921   959  1014 D WifiStateMachine:  get link layer stats 0
10-13 11:43:27.921   959  1014 D WifiHW  : enter -->wifi_send_command cmd=IFNAME=wlan0 SIGNAL_POLL
10-13 11:43:27.922  1077  1077 D wpa_supplicant: wlan0: Control interface command 'SIGNAL_POLL'
10-13 11:43:27.929   312   482 D AALService: enableAALEvent: 1 -> 0
10-13 11:43:27.938   959  1014 D WifiHW  : leave --> reply=RSSI=-71
10-13 11:43:27.938   959  1014 D WifiHW  : LINKSPEED=65
10-13 11:43:27.938   959  1014 D WifiHW  : NOISE=9999
10-13 11:43:27.938   959  1014 D WifiHW  : FREQUENCY=5180
10-13 11:43:27.938   959  1014 D WifiHW  : 
10-13 11:43:27.938   959  1014 I WifiStateMachine: fetchRssiLinkSpeedAndFrequencyNative, newRssi:-71, newLinkSpeed:65, SSID:"CDT_GUEST"
10-13 11:43:27.938   959  1014 D WifiStateMachine: mLastSignalLevel:3, newSignalLevel:3
10-13 11:43:27.939   959  1014 E WifiConfigStore: updateConfiguration freq=5180 BSSID=5c:83:8f:77:33:2f RSSI=-71 "CDT_GUEST"WPA_PSK
10-13 11:43:27.943   959  1045 D WifiWatchdogStateMachine: RSSI current: 3 new: -71, 3
10-13 11:43:27.955  1097  1495 D NetworkController: onReceive: intent=Intent { act=android.net.wifi.RSSI_CHANGED flg=0x4000010 (has extras) }
10-13 11:43:27.956  1097  1495 D NetworkController.WifiSignalController: Change in state from: connected=true,enabled=true,level=2,inetCondition=1,iconGroup=IconGroup(Wi-Fi Icons),activityIn=false,activityOut=false,rssi=-73,lastModified=10-13 11:43:26,ssid="CDT_GUEST"
10-13 11:43:27.956  1097  1495 D NetworkController.WifiSignalController: 	to: connected=true,enabled=true,level=2,inetCondition=1,iconGroup=IconGroup(Wi-Fi Icons),activityIn=false,activityOut=false,rssi=-71,lastModified=10-13 11:43:26,ssid="CDT_GUEST"
10-13 11:43:27.970  3780  3971 D AudioTrack: write: userSize = 3824, blocking = 1
10-13 11:43:27.991   312   482 D AALService: enableAALEvent: 0 -> 1
10-13 11:43:27.991   312   482 D AALService: Output backlight = 599/1023, CABC gain = 256
10-13 11:43:28.003   312   482 D AALService: enableAALEvent: 1 -> 0
10-13 11:43:28.070  3780  3971 D AudioTrack: write: userSize = 3824, blocking = 1
10-13 11:43:28.171  3780  3971 D AudioTrack: write: userSize = 3824, blocking = 1
10-13 11:43:28.271  3780  3971 D AudioTrack: write: userSize = 3824, blocking = 1
10-13 11:43:28.372  3780  3971 D AudioTrack: write: userSize = 3824, blocking = 1
10-13 11:43:28.454 13489 13489 I md_monitor: Starting MD_monitor. Version=W1524 (Jul  5 2016 22:41:33)
10-13 11:43:28.454 13489 13489 I md_monitor: signal ignore
10-13 11:43:28.472  3780  3971 D AudioTrack: write: userSize = 3824, blocking = 1
10-13 11:43:28.483   959  1002 D SettingsInterface:  from settings cache , name = background_power_saving_enable , value = 1
10-13 11:43:28.485   959  1011 D SettingsInterface:  from settings cache , name = netstats_time_cache_max_age , value = null
10-13 11:43:28.486   959  1011 I muxinwu : PowerManagerService agoldReleaseWakelock mPackageName:android, mTag:*alarm*
10-13 11:43:28.486   959  1011 I muxinwu : PowerManagerService agoldReleaseWakelock package_name = com.google.android.gms, tag_name = *net_scheduler*
10-13 11:43:28.486   959  1011 I muxinwu : PowerManagerService agoldReleaseWakelock package_name = com.google.android.gms, tag_name = Checkin Service
10-13 11:43:28.487   959  1011 D AppOps  : startOperation: allowing code 40 uid 1000 package android
10-13 11:43:28.488 13489 13489 D md_monitor: Normal Mode 0
10-13 11:43:28.488 13489 13489 I md_monitor: debug property persist.mtklog.mdlog.path value is none
10-13 11:43:28.488 13489 13489 I md_monitor: Customize Prop file exist.
10-13 11:43:28.489 13489 13489 I md_monitor: Log Save debug.mdlogger.log2sd.path = internal_sd.
10-13 11:43:28.489 13489 13489 I md_monitor: Auto Run com.mediatek.log.modem.enabled = false.
10-13 11:43:28.489 13489 13489 D md_monitor: Get auto start mode: 0
10-13 11:43:28.489 13489 13489 I md_monitor: [Mon] Saved logging mode 0
10-13 11:43:28.489 13489 13489 I md_monitor: [Mon] Current logging mode 0
10-13 11:43:28.489 13489 13489 D md_monitor: [MDMon] MAL_Init
10-13 11:43:28.489 13489 13489 I md_monitor: mal_md_monitor_port /dev/ccci_mdl_monitor
10-13 11:43:28.489 13489 13489 I md_monitor: Start to init MonitorCore.
10-13 11:43:28.489 13489 13489 E         : Failed to opendir [/etc/mddb/]. err = [No such file or directory](2)
10-13 11:43:28.489 13489 13489 E         : Failed to find layout file in folder [/etc/mddb/].
10-13 11:43:28.489 13489 13489 E md_monitor: MonitorCore was not initialized successfully.
10-13 11:43:28.490 13489 13489 E md_monitor: InitMonitorCore fail
10-13 11:43:28.490 13489 13489 E md_monitor: Main: Exit EMDLogger with error.
10-13 11:43:28.530   959  1011 D SettingsInterface:  from settings cache , name = netstats_sample_enabled , value = null
10-13 11:43:28.532  1590  1643 D SettingsInterface:  from settings cache , name = multi_sim_data_call , value = 1
10-13 11:43:28.541  1590  1590 D SettingsInterface:  from settings cache , name = mobile_data1 , value = 0
10-13 11:43:28.542  1590  1790 D SettingsInterface:  from settings cache , name = multi_sim_data_call , value = 1
10-13 11:43:28.573  3780  3971 D AudioTrack: write: userSize = 3824, blocking = 1
10-13 11:43:28.673  3780  3971 D AudioTrack: write: userSize = 3824, blocking = 1
10-13 11:43:28.773  3780  3971 D AudioTrack: write: userSize = 3824, blocking = 1
10-13 11:43:28.874  3780  3971 D AudioTrack: write: userSize = 3824, blocking = 1
10-13 11:43:28.906   959   959 E WifiTrafficPoller: TRAFFIC_STATS_POLL true Token 92 num clients 12
10-13 11:43:28.906   959   959 E WifiTrafficPoller:  packet count Tx=67319 Rx=126970
10-13 11:43:28.974  3780  3971 D AudioTrack: write: userSize = 3824, blocking = 1
10-13 11:43:29.075  3780  3971 D AudioTrack: write: userSize = 3824, blocking = 1
10-13 11:43:29.175  3780  3971 D AudioTrack: write: userSize = 3824, blocking = 1
10-13 11:43:29.275  3780  3971 D AudioTrack: write: userSize = 3824, blocking = 1
10-13 11:43:29.376  3780  3971 D AudioTrack: write: userSize = 3824, blocking = 1
10-13 11:43:29.476  3780  3971 D AudioTrack: write: userSize = 3824, blocking = 1
10-13 11:43:29.577  3780  3971 D AudioTrack: write: userSize = 3824, blocking = 1
10-13 11:43:29.677  3780  3971 D AudioTrack: write: userSize = 3824, blocking = 1
10-13 11:43:29.777  3780  3971 D AudioTrack: write: userSize = 3824, blocking = 1
10-13 11:43:29.878  3780  3971 D AudioTrack: write: userSize = 3824, blocking = 1
10-13 11:43:29.908   959   959 E WifiTrafficPoller: TRAFFIC_STATS_POLL true Token 92 num clients 12
10-13 11:43:29.908   959   959 E WifiTrafficPoller:  packet count Tx=67319 Rx=126970
10-13 11:43:29.978  3780  3971 D AudioTrack: write: userSize = 3824, blocking = 1
10-13 11:43:30.079  3780  3971 D AudioTrack: write: userSize = 3824, blocking = 1
10-13 11:43:30.179  3780  3971 D AudioTrack: write: userSize = 3824, blocking = 1
10-13 11:43:30.279  3780  3971 D AudioTrack: write: userSize = 3824, blocking = 1
10-13 11:43:30.380  3780  3971 D AudioTrack: write: userSize = 3824, blocking = 1
10-13 11:43:30.480  3780  3971 D AudioTrack: write: userSize = 3824, blocking = 1
10-13 11:43:30.581  3780  3971 D AudioTrack: write: userSize = 3824, blocking = 1
10-13 11:43:30.646   959  7327 D NetlinkSocketObserver: RtNetlinkNeighborMessage{ nlmsghdr{StructNlMsgHdr{ nlmsg_len{76}, nlmsg_type{28(RTM_NEWNEIGH)}, nlmsg_flags{0())}, nlmsg_seq{0}, nlmsg_pid{0} }}, ndmsg{StructNdMsg{ family{AF_INET}, ifindex{15}, state{4 (NUD_STALE)}, flags{0 ()}, type{1} }}, destination{10.14.1.1} linklayeraddr{84B59C27A3F0} probes{1} cacheinfo{NdaCacheInfo{ ndm_used{10910}, ndm_confirmed{17770}, ndm_updated{0}, ndm_refcnt{1} }} }
10-13 11:43:30.681  3780  3971 D AudioTrack: write: userSize = 3824, blocking = 1
10-13 11:43:30.725   328   328 I thermal_repeater: oh, queryMdThermalInfo (0)No such file or directory
10-13 11:43:30.741   328   328 I thermal_repeater: [recvMdThermalInfo] ret=28, strLen=127,  2, 32767, -127, 0, 32767, 1
10-13 11:43:30.782  3780  3971 D AudioTrack: write: userSize = 3824, blocking = 1
10-13 11:43:30.882  3780  3971 D AudioTrack: write: userSize = 3824, blocking = 1
10-13 11:43:30.910   959   959 E WifiTrafficPoller: TRAFFIC_STATS_POLL true Token 92 num clients 12
10-13 11:43:30.911   959   959 E WifiTrafficPoller:  packet count Tx=67319 Rx=126970
10-13 11:43:30.942   959  1014 D WifiStateMachine:  ConnectedState (when=-2ms what=131155 arg1=19!CMD_RSSI_POLL  rt=9660555/16224373 19 0 "CDT_GUEST" 5c:83:8f:77:33:2f rssi=-71 f=5180 sc=60 link=65 tx=25,0, 0,0, 0,0  rx=27,4 bcn=0 [on:0 tx:0 rx:0 period:2997] from screen [on:0 period:-1116938883] gl hn u24 rssi=-66 ag=0 ticks 0,6,126 ls-=0 [56,56,60,60,60] brc=0 lrc=0 offload-stopped
10-13 11:43:30.943   959  1014 D WifiStateMachine:  L2ConnectedState (when=-3ms what=131155 arg1=19!CMD_RSSI_POLL  rt=9660556/16224375 19 0 "CDT_GUEST" 5c:83:8f:77:33:2f rssi=-71 f=5180 sc=60 link=65 tx=25,0, 0,0, 0,0  rx=27,4 bcn=0 [on:0 tx:0 rx:0 period:2] from screen [on:0 period:-1116938881] gl hn u24 rssi=-66 ag=0 ticks 0,6,126 ls-=0 [56,56,60,60,60] brc=0 lrc=0 offload-stopped
10-13 11:43:30.943   959  1014 D WifiStateMachine:  get link layer stats 0
10-13 11:43:30.944   959  1014 D WifiHW  : enter -->wifi_send_command cmd=IFNAME=wlan0 SIGNAL_POLL
10-13 11:43:30.944  1077  1077 D wpa_supplicant: wlan0: Control interface command 'SIGNAL_POLL'
10-13 11:43:30.957   959  1014 D WifiHW  : leave --> reply=RSSI=-71
10-13 11:43:30.957   959  1014 D WifiHW  : LINKSPEED=65
10-13 11:43:30.957   959  1014 D WifiHW  : NOISE=9999
10-13 11:43:30.957   959  1014 D WifiHW  : FREQUENCY=5180
10-13 11:43:30.957   959  1014 D WifiHW  : 
10-13 11:43:30.958   959  1014 I WifiStateMachine: fetchRssiLinkSpeedAndFrequencyNative, newRssi:-71, newLinkSpeed:65, SSID:"CDT_GUEST"
10-13 11:43:30.958   959  1014 D WifiStateMachine: mLastSignalLevel:3, newSignalLevel:3
10-13 11:43:30.959   959  1014 E WifiConfigStore: updateConfiguration freq=5180 BSSID=5c:83:8f:77:33:2f RSSI=-71 "CDT_GUEST"WPA_PSK
10-13 11:43:30.963   959  1045 D WifiWatchdogStateMachine: RSSI current: 3 new: -71, 3
10-13 11:43:30.964  1097  1495 D NetworkController: onReceive: intent=Intent { act=android.net.wifi.RSSI_CHANGED flg=0x4000010 (has extras) }
10-13 11:43:30.982  3780  3971 D AudioTrack: write: userSize = 3824, blocking = 1
10-13 11:43:31.000   312   492 D AALLightSensor: newLux = 89, [88, 86] -> 75
10-13 11:43:31.083  3780  3971 D AudioTrack: write: userSize = 3824, blocking = 1
10-13 11:43:31.183  3780  3971 D AudioTrack: write: userSize = 3824, blocking = 1
10-13 11:43:31.221  4108  7537 D Segment : isOkToSend status for flushing events is false
10-13 11:43:31.284  3780  3971 D AudioTrack: write: userSize = 3824, blocking = 1
10-13 11:43:31.384  3780  3971 D AudioTrack: write: userSize = 3824, blocking = 1
10-13 11:43:31.426   326   326 I thermal_src: wake up function 3
10-13 11:43:31.426   326   326 I thermal_src: TA_DAEMON_CMD_GET_TPCB cmd=0x5, len=4 PCB=36000
10-13 11:43:31.426   326   326 I thermal_src: TA_DAEMON_CMD_SET_TTJ cmd=0x4, len=4 Tj=85000
10-13 11:43:31.426   326   326 I thermal_src: waiting NOTIFY from kernel...
10-13 11:43:31.485  3780  3971 D AudioTrack: write: userSize = 3824, blocking = 1
10-13 11:43:31.585  3780  3971 D AudioTrack: write: userSize = 3824, blocking = 1
10-13 11:43:31.685  3780  3971 D AudioTrack: write: userSize = 3824, blocking = 1
10-13 11:43:31.786  3780  3971 D AudioTrack: write: userSize = 3824, blocking = 1
10-13 11:43:31.886  3780  3971 D AudioTrack: write: userSize = 3824, blocking = 1
10-13 11:43:31.912   959   959 E WifiTrafficPoller: TRAFFIC_STATS_POLL true Token 92 num clients 12
10-13 11:43:31.912   959   959 E WifiTrafficPoller:  packet count Tx=67319 Rx=126970
10-13 11:43:31.986  3780  3971 D AudioTrack: write: userSize = 3824, blocking = 1
10-13 11:43:32.087  3780  3971 D AudioTrack: write: userSize = 3824, blocking = 1
10-13 11:43:32.187  3780  3971 D AudioTrack: write: userSize = 3824, blocking = 1
10-13 11:43:32.288  3780  3971 D AudioTrack: write: userSize = 3824, blocking = 1
10-13 11:43:32.388  3780  3971 D AudioTrack: write: userSize = 3824, blocking = 1
10-13 11:43:32.488  3780  3971 D AudioTrack: write: userSize = 3824, blocking = 1
10-13 11:43:32.589  3780  3971 D AudioTrack: write: userSize = 3824, blocking = 1
10-13 11:43:32.689  3780  3971 D AudioTrack: write: userSize = 3824, blocking = 1
10-13 11:43:32.789  3780  3971 D AudioTrack: write: userSize = 3824, blocking = 1
10-13 11:43:32.889  3780  3971 D AudioTrack: write: userSize = 3824, blocking = 1
10-13 11:43:32.914   959   959 E WifiTrafficPoller: TRAFFIC_STATS_POLL true Token 92 num clients 12
10-13 11:43:32.915   959   959 E WifiTrafficPoller:  packet count Tx=67323 Rx=126974
10-13 11:43:32.915   959   959 E WifiTrafficPoller: notifying of data activity 3
10-13 11:43:32.919  1097  1097 D NetworkController.WifiSignalController: Change in state from: connected=true,enabled=true,level=2,inetCondition=1,iconGroup=IconGroup(Wi-Fi Icons),activityIn=false,activityOut=false,rssi=-71,lastModified=10-13 11:43:27,ssid="CDT_GUEST"
10-13 11:43:32.919  1097  1097 D NetworkController.WifiSignalController: 	to: connected=true,enabled=true,level=2,inetCondition=1,iconGroup=IconGroup(Wi-Fi Icons),activityIn=true,activityOut=true,rssi=-71,lastModified=10-13 11:43:27,ssid="CDT_GUEST"
10-13 11:43:32.933   277   481 I BufferQueueProducer: [StatusBar](this:0x7f860d9000,id:6,api:1,p:1097,c:277) queueBuffer: fps=0.40 dur=5056.65 max=4964.97 min=91.68
10-13 11:43:32.947   277   277 I SurfaceFlinger: [Built-in Screen (type:0)] fps:0.395476,dur:5057.20,max:4965.13,min:92.07
10-13 11:43:32.956   312   482 D AALService: enableAALEvent: 0 -> 1
10-13 11:43:32.956   312   482 D AALService: Output backlight = 600/1023, CABC gain = 256
10-13 11:43:32.963   312   482 D AALService: Output backlight = 601/1023, CABC gain = 256
10-13 11:43:32.979   312   482 D AALService: enableAALEvent: 1 -> 0
10-13 11:43:32.981  1097  1495 D NetworkController.MobileSignalController(1): onSignalStrengthsChanged signalStrength=SignalStrength: 11 28 -120 -160 -6 0 -1 99 2147483647 2147483647 2147483647 2147483647 gsm|lte 1 -388 -42 level=3
10-13 11:43:32.981  1097  1495 D NetworkController.MobileSignalController(1): updateTelephonySignalStrength: hasService=true ss=SignalStrength: 11 28 -120 -160 -6 0 -1 99 2147483647 2147483647 2147483647 2147483647 gsm|lte 1 -388 -42
10-13 11:43:32.982  1097  1495 D NetworkTypeUtils: getNetworkType: type=10
10-13 11:43:32.982  1097  1495 D NetworkTypeUtils: getNetworkTypeIcon iconId = 2130837866
10-13 11:43:32.989  3780  3971 D AudioTrack: write: userSize = 3824, blocking = 1
10-13 11:43:33.090  3780  3971 D AudioTrack: write: userSize = 3824, blocking = 1
10-13 11:43:33.190  3780  3971 D AudioTrack: write: userSize = 3824, blocking = 1
10-13 11:43:33.290  3780  3971 D AudioTrack: write: userSize = 3824, blocking = 1
10-13 11:43:33.310   959  1002 D SettingsInterface:  from settings cache , name = background_power_saving_enable , value = 1
10-13 11:43:33.325 11387 11387 I ContextImpl: startServiceCommon service:Intent { flg=0x114 cmp=com.android.chrome/com.google.ipc.invalidation.ticl.android2.TiclService (has extras) }, user:UserHandle{0}
10-13 11:43:33.390  3780  3971 D AudioTrack: write: userSize = 3824, blocking = 1
10-13 11:43:33.490  3780  3971 D AudioTrack: write: userSize = 3824, blocking = 1
10-13 11:43:33.525 13491 13491 I md_monitor: Starting MD_monitor. Version=W1524 (Jul  5 2016 22:41:33)
10-13 11:43:33.525 13491 13491 I md_monitor: signal ignore
10-13 11:43:33.557 13491 13491 D md_monitor: Normal Mode 0
10-13 11:43:33.557 13491 13491 I md_monitor: debug property persist.mtklog.mdlog.path value is none
10-13 11:43:33.557 13491 13491 I md_monitor: Customize Prop file exist.
10-13 11:43:33.558 13491 13491 I md_monitor: Log Save debug.mdlogger.log2sd.path = internal_sd.
10-13 11:43:33.558 13491 13491 I md_monitor: Auto Run com.mediatek.log.modem.enabled = false.
10-13 11:43:33.558 13491 13491 D md_monitor: Get auto start mode: 0
10-13 11:43:33.558 13491 13491 I md_monitor: [Mon] Saved logging mode 0
10-13 11:43:33.558 13491 13491 I md_monitor: [Mon] Current logging mode 0
10-13 11:43:33.558 13491 13491 D md_monitor: [MDMon] MAL_Init
10-13 11:43:33.558 13491 13491 I md_monitor: mal_md_monitor_port /dev/ccci_mdl_monitor
10-13 11:43:33.558 13491 13491 I md_monitor: Start to init MonitorCore.
10-13 11:43:33.559 13491 13491 E         : Failed to opendir [/etc/mddb/]. err = [No such file or directory](2)
10-13 11:43:33.559 13491 13491 E         : Failed to find layout file in folder [/etc/mddb/].
10-13 11:43:33.559 13491 13491 E md_monitor: MonitorCore was not initialized successfully.
10-13 11:43:33.559 13491 13491 E md_monitor: InitMonitorCore fail
10-13 11:43:33.559 13491 13491 E md_monitor: Main: Exit EMDLogger with error.
10-13 11:43:33.591  3780  3971 D AudioTrack: write: userSize = 3824, blocking = 1
10-13 11:43:33.606   959  1014 D WifiStateMachine:  ConnectedState (when=-3ms what=131143 arg1=-2 arg2=335) !CMD_START_SCAN  rt=9663220/16227038 -2 335 ic=1 proc(ms):20003 dur:3111 cnt=335 rssi=-71 f=5180 sc=60 link=65 tx=12,5, 0,0, 0,0  rx=13,7 fiv=227812 [on:0 tx:0 rx:0 period:2642] from screen [on:0 period:-1116936218]
10-13 11:43:33.607   959  1014 D WifiStateMachine:  L2ConnectedState (when=-4ms what=131143 arg1=-2 arg2=335) !CMD_START_SCAN  rt=9663221/16227039 -2 335 ic=1 proc(ms):20004 dur:3111 cnt=335 rssi=-71 f=5180 sc=60 link=65 tx=12,5, 0,0, 0,0  rx=13,7 fiv=227812 [on:0 tx:0 rx:0 period:1] from screen [on:0 period:-1116936217]
10-13 11:43:33.607   959  1014 D WifiStateMachine: CMD_START_SCAN source -2 txSuccessRate=12,51 rxSuccessRate=13,70 targetRoamBSSID=5c:83:8f:77:33:2f RSSI=-71
10-13 11:43:33.608   959  1014 D WifiStateMachine: startDelayedScan send -> 336 milli 20000
10-13 11:43:33.608   959  1014 D WifiStateMachine: CMD_START_SCAN with age=20005 interval=227812 maxinterval=300000
10-13 11:43:33.608   959  1014 D WifiStateMachine: CMD_START_SCAN prevent full band scan due to pkt rate
10-13 11:43:33.608   959  1014 D WifiStateMachine: CMD_START_SCAN full=false
10-13 11:43:33.608   959  1014 E WifiConfigStore: makeChannelList age=3600000 for "CDT_GUEST"WPA_PSK max=6 bssids=4
10-13 11:43:33.608   959  1014 E WifiConfigStore: has 5c:83:8f:90:01:4f freq=5180 age=16859 ?=true
10-13 11:43:33.608   959  1014 E WifiConfigStore: has 5c:83:8f:90:01:40 freq=2462 age=16860 ?=true
10-13 11:43:33.608   959  1014 E WifiConfigStore: has 5c:83:8f:77:33:20 freq=2462 age=16863 ?=true
10-13 11:43:33.608   959  1014 E WifiConfigStore: has 5c:83:8f:77:33:2f freq=5180 age=2650 ?=true
10-13 11:43:33.609   959  1014 D WifiStateMachine: starting scan for "CDT_GUEST"WPA_PSK with 2462,5180
10-13 11:43:33.609   959  1014 D WifiStateMachine: stopReconnectWifi Wfd=false StopScan=false mDontReconnectAndScan=false
10-13 11:43:33.609   959  1014 D WifiHW  : enter -->wifi_send_command cmd=IFNAME=wlan0 SCAN TYPE=ONLY freq=2462,5180
10-13 11:43:33.609  1077  1077 D wpa_supplicant: wlan0: Control interface command 'SCAN TYPE=ONLY freq=2462,5180'
10-13 11:43:33.609  1077  1077 D wpa_supplicant: hw.num_modes = 3
10-13 11:43:33.609  1077  1077 D wpa_supplicant: wlan0: Setting scan request: 0.000000 sec
10-13 11:43:33.609  1077  1077 D wpa_supplicant: wlan0: Starting AP scan for wildcard SSID
10-13 11:43:33.609  1077  1077 D wpa_supplicant: WPS: Building WPS IE for Probe Request
10-13 11:43:33.609  1077  1077 D wpa_supplicant: WPS:  * Version (hardcoded 0x10)
10-13 11:43:33.609  1077  1077 D wpa_supplicant: WPS:  * Request Type
10-13 11:43:33.609  1077  1077 D wpa_supplicant: WPS:  * Config Methods (4288)
10-13 11:43:33.610  1077  1077 D wpa_supplicant: WPS:  * UUID-E
10-13 11:43:33.610  1077  1077 D wpa_supplicant: WPS:  * Primary Device Type
10-13 11:43:33.610  1077  1077 D wpa_supplicant: WPS:  * RF Bands (3)
10-13 11:43:33.610  1077  1077 D wpa_supplicant: WPS:  * Association State
10-13 11:43:33.610  1077  1077 D wpa_supplicant: WPS:  * Configuration Error (0)
10-13 11:43:33.610  1077  1077 D wpa_supplicant: WPS:  * Device Password ID (0)
10-13 11:43:33.610  1077  1077 D wpa_supplicant: WPS:  * Manufacturer
10-13 11:43:33.610  1077  1077 D wpa_supplicant: WPS:  * Model Name
10-13 11:43:33.610  1077  1077 D wpa_supplicant: WPS:  * Model Number
10-13 11:43:33.610  1077  1077 D wpa_supplicant: WPS:  * Device Name
10-13 11:43:33.610  1077  1077 D wpa_supplicant: WPS:  * Version2 (0x20)
10-13 11:43:33.610  1077  1077 D wpa_supplicant: P2P: * P2P IE header
10-13 11:43:33.610  1077  1077 D wpa_supplicant: P2P: * Capability dev=25 group=00
10-13 11:43:33.610  1077  1077 D wpa_supplicant: P2P: * Listen Channel: Regulatory Class 81 Channel 6
10-13 11:43:33.610  1077  1077 D wpa_supplicant: wlan0: Limit manual scan to specified channels
10-13 11:43:33.610  1077  1077 D wpa_supplicant: wlan0: Add radio work 'scan'@0x7fb601d140
10-13 11:43:33.611  1077  1077 D wpa_supplicant: wlan0: First radio work item in the queue - schedule start immediately
10-13 11:43:33.611  1077  1077 D wpa_supplicant: wlan0: Starting radio work 'scan'@0x7fb601d140 after 0.000100 second wait
10-13 11:43:33.611  1077  1077 D wpa_supplicant: wlan0: nl80211: scan request
10-13 11:43:33.611  1077  1077 D wpa_supplicant: nl80211: Scan SSID - hexdump(len=0): [NULL]
10-13 11:43:33.611  1077  1077 D wpa_supplicant: nl80211: Scan extra IEs - hexdump(len=148): 7f 04 00 00 0a 02 dd 79 00 50 f2 04 10 4a 00 01 10 10 3a 00 01 00 10 08 00 02 42 88 10 47 00 10 5f cb 15 eb 22 a9 57 6b a2 b3 c9 b7 2a 96 89 b6 10 54 00 08 00 0a 00 50 f2 04 00 05 10 3c 00 01 03 10 02 00 02 00 00 10 09 00 02 00 00 10 12 00 02 00 00 10 21 00 03 55 4d 49 10 23 00 07 55 4d 49 5f 4d 41 58 10 24 00 07 55 4d 49 5f 4d 41 58 10 11 00 03 4d 41 58 10 49 00 06 00 37 2a 00 01 20 dd 11 50 6f 9a 09 02 02 00 25 00 06 05 00 4c 55 04 51 06
10-13 11:43:33.611  1077  1077 D wpa_supplicant: nl80211: Scan frequency 2462 MHz
10-13 11:43:33.611  1077  1077 D wpa_supplicant: nl80211: Scan frequency 5180 MHz
10-13 11:43:33.613   959  1073 D WifiHAL : event received NL80211_CMD_TRIGGER_SCAN
10-13 11:43:33.613  1077  1077 D wpa_supplicant: Scan requested (ret=0) - scan timeout 30 seconds
10-13 11:43:33.613  1077  1077 D wpa_supplicant: nl80211: Event message available
10-13 11:43:33.613  1077  1077 D wpa_supplicant: nl80211: Ignored event (cmd=33) for foreign interface (ifindex 15 wdev 0x0)
10-13 11:43:33.613  1077  1077 D wpa_supplicant: nl80211: Drv Event 33 (NL80211_CMD_TRIGGER_SCAN) received for wlan0
10-13 11:43:33.613  1077  1077 D wpa_supplicant: wlan0: nl80211: Scan trigger
10-13 11:43:33.613  1077  1077 D wpa_supplicant: wlan0: Event SCAN_STARTED (47) received
10-13 11:43:33.613  1077  1077 D wpa_supplicant: wlan0: Own scan request started a scan in 0.000520 seconds
10-13 11:43:33.614   959  1413 D WifiHW  : [1] get event: IFNAME=wlan0 <3>CTRL-EVENT-SCAN-STARTED 
10-13 11:43:33.614   959  1413 D WifiHW  : [2] get event: IFNAME=wlan0 CTRL-EVENT-SCAN-STARTED 
10-13 11:43:33.614   959  1413 D WifiMonitor: Event [IFNAME=wlan0 CTRL-EVENT-SCAN-STARTED ]
10-13 11:43:33.614   959  1413 E WifiMonitor: handleEvent unknown: 14  CTRL-EVENT-SCAN-STARTED 
10-13 11:43:33.614   959  1413 D WifiHW  : enter -->wifi_wait_on_socket buflen=2048
10-13 11:43:33.615  1077  1077 D wpa_supplicant: CTRL_IFACE monitor sent successfully to /data/misc/wifi/sockets/wpa_ctrl_959-3\x00
10-13 11:43:33.615   959  1014 D WifiHW  : leave --> reply=OK
10-13 11:43:33.615   959  1014 D WifiHW  : 
10-13 11:43:33.615   959  1014 D WifiStateMachine: [1476351813615 ms] noteScanstart no scan source uid -2
10-13 11:43:33.691  3780  3971 D AudioTrack: write: userSize = 3824, blocking = 1
10-13 11:43:33.792  3780  3971 D AudioTrack: write: userSize = 3824, blocking = 1
10-13 11:43:33.892  3780  3971 D AudioTrack: write: userSize = 3824, blocking = 1
10-13 11:43:33.917   959   959 E WifiTrafficPoller: TRAFFIC_STATS_POLL true Token 92 num clients 12
10-13 11:43:33.918   959   959 E WifiTrafficPoller:  packet count Tx=67324 Rx=126975
10-13 11:43:33.960   959  1014 D WifiStateMachine:  ConnectedState (when=-1ms what=131155 arg1=19!CMD_RSSI_POLL  rt=9663574/16227392 19 0 "CDT_GUEST" 5c:83:8f:77:33:2f rssi=-71 f=5180 sc=60 link=65 tx=8,8, 0,0, 0,0  rx=9,4 bcn=0 [on:0 tx:0 rx:0 period:344] from screen [on:0 period:-1116935864] gl hn rssi=-66 ag=0 ticks 0,6,127 ls-=0 [56,56,60,60,60] brc=0 lrc=0 offload-stopped
10-13 11:43:33.962   959  1014 D WifiStateMachine:  L2ConnectedState (when=-2ms what=131155 arg1=19!CMD_RSSI_POLL  rt=9663575/16227394 19 0 "CDT_GUEST" 5c:83:8f:77:33:2f rssi=-71 f=5180 sc=60 link=65 tx=8,8, 0,0, 0,0  rx=9,4 bcn=0 [on:0 tx:0 rx:0 period:2] from screen [on:0 period:-1116935862] gl hn rssi=-66 ag=0 ticks 0,6,127 ls-=0 [56,56,60,60,60] brc=0 lrc=0 offload-stopped
10-13 11:43:33.962   959  1014 D WifiStateMachine:  get link layer stats 0
10-13 11:43:33.963   959  1014 D WifiHW  : enter -->wifi_send_command cmd=IFNAME=wlan0 SIGNAL_POLL
10-13 11:43:33.963  1077  1077 D wpa_supplicant: wlan0: Control interface command 'SIGNAL_POLL'
10-13 11:43:33.965   959  1014 D WifiHW  : leave --> reply=RSSI=-68
10-13 11:43:33.965   959  1014 D WifiHW  : LINKSPEED=65
10-13 11:43:33.965   959  1014 D WifiHW  : NOISE=9999
10-13 11:43:33.965   959  1014 D WifiHW  : FREQUENCY=5180
10-13 11:43:33.965   959  1014 D WifiHW  : 
10-13 11:43:33.966   959  1014 I WifiStateMachine: fetchRssiLinkSpeedAndFrequencyNative, newRssi:-68, newLinkSpeed:65, SSID:"CDT_GUEST"
10-13 11:43:33.966   959  1014 D WifiStateMachine: mLastSignalLevel:3, newSignalLevel:3
10-13 11:43:33.966   959  1014 E WifiConfigStore: updateConfiguration freq=5180 BSSID=5c:83:8f:77:33:2f RSSI=-69 "CDT_GUEST"WPA_PSK
10-13 11:43:33.967   959  1014 D WifiStateMachine: calculateWifiScore() report new score 56
10-13 11:43:33.971   959  1048 D Ethernet: new score 56 for exisiting request NetworkRequest [ id=1, legacyType=-1, [ Capabilities: INTERNET&NOT_RESTRICTED&TRUSTED&NOT_VPN] ]
10-13 11:43:33.971   959  1048 D Ethernet:   my score=-1, my filter=[ Transports: ETHERNET Capabilities: INTERNET&NOT_RESTRICTED&TRUSTED&NOT_VPN LinkUpBandwidth>=100000Kbps LinkDnBandwidth>=100000Kbps]
10-13 11:43:33.971   959  1048 D Ethernet: evalRequest request = NetworkRequest [ id=1, legacyType=-1, [ Capabilities: INTERNET&NOT_RESTRICTED&TRUSTED&NOT_VPN] ] with requested = false
10-13 11:43:33.971   959  1048 D Ethernet:   done
10-13 11:43:33.975   959  1045 D WifiWatchdogStateMachine: RSSI current: 3 new: -68, 3
10-13 11:43:33.981   959  1014 D WIFI_UT : new score 56 for exisiting request NetworkRequest [ id=1, legacyType=-1, [ Capabilities: INTERNET&NOT_RESTRICTED&TRUSTED&NOT_VPN] ]
10-13 11:43:33.982   959  1014 D WIFI_UT :   my score=2147483647, my filter=[ Transports: WIFI Capabilities: INTERNET&NOT_RESTRICTED&TRUSTED&NOT_VPN LinkUpBandwidth>=1048576Kbps LinkDnBandwidth>=1048576Kbps]
10-13 11:43:33.982   959  1014 D WIFI_UT : evalRequest request = NetworkRequest [ id=1, legacyType=-1, [ Capabilities: INTERNET&NOT_RESTRICTED&TRUSTED&NOT_VPN] ] with requested = true
10-13 11:43:33.982   959  1014 D WIFI_UT :   done
10-13 11:43:33.982   959  1014 D WIFI    : new score 56 for exisiting request NetworkRequest [ id=1, legacyType=-1, [ Capabilities: INTERNET&NOT_RESTRICTED&TRUSTED&NOT_VPN] ]
10-13 11:43:33.982   959  1014 D WIFI    :   my score=60, my filter=[ Transports: WIFI Capabilities: INTERNET&NOT_RESTRICTED&TRUSTED&NOT_VPN LinkUpBandwidth>=1048576Kbps LinkDnBandwidth>=1048576Kbps]
10-13 11:43:33.983   959  1014 D WIFI    : evalRequest request = NetworkRequest [ id=1, legacyType=-1, [ Capabilities: INTERNET&NOT_RESTRICTED&TRUSTED&NOT_VPN] ] with requested = true
10-13 11:43:33.983   959  1014 D WIFI    :   done
10-13 11:43:33.991  1097  1495 D NetworkController: onReceive: intent=Intent { act=android.net.wifi.RSSI_CHANGED flg=0x4000010 (has extras) }
10-13 11:43:33.992  1097  1495 D NetworkController.WifiSignalController: Change in state from: connected=true,enabled=true,level=2,inetCondition=1,iconGroup=IconGroup(Wi-Fi Icons),activityIn=true,activityOut=true,rssi=-71,lastModified=10-13 11:43:32,ssid="CDT_GUEST"
10-13 11:43:33.992  1097  1495 D NetworkController.WifiSignalController: 	to: connected=true,enabled=true,level=2,inetCondition=1,iconGroup=IconGroup(Wi-Fi Icons),activityIn=true,activityOut=true,rssi=-68,lastModified=10-13 11:43:32,ssid="CDT_GUEST"
10-13 11:43:33.993  3780  3971 D AudioTrack: write: userSize = 3824, blocking = 1
10-13 11:43:34.002   277   987 I BufferQueueProducer: [StatusBar](this:0x7f860d9000,id:6,api:1,p:1097,c:277) queueBuffer: fps=0.94 dur=1068.71 max=1068.71 min=1068.71
10-13 11:43:34.016   277   277 I SurfaceFlinger: [Built-in Screen (type:0)] fps:0.935314,dur:1069.16,max:1069.16,min:1069.16
10-13 11:43:34.025   312   482 D AALService: enableAALEvent: 0 -> 1
10-13 11:43:34.025   312   482 D AALService: Output backlight = 602/1023, CABC gain = 256
10-13 11:43:34.034   312   482 D AALService: Output backlight = 603/1023, CABC gain = 256
10-13 11:43:34.052   312   482 D AALService: enableAALEvent: 1 -> 0
10-13 11:43:34.093  3780  3971 D AudioTrack: write: userSize = 3824, blocking = 1
10-13 11:43:34.193  3780  3971 D AudioTrack: write: userSize = 3824, blocking = 1
10-13 11:43:34.294  3780  3971 D AudioTrack: write: userSize = 3824, blocking = 1
10-13 11:43:34.394  3780  3971 D AudioTrack: write: userSize = 3824, blocking = 1
10-13 11:43:34.494  3780  3971 D AudioTrack: write: userSize = 3824, blocking = 1
10-13 11:43:34.595  3780  3971 D AudioTrack: write: userSize = 3824, blocking = 1
10-13 11:43:34.695  3780  3971 D AudioTrack: write: userSize = 3824, blocking = 1
10-13 11:43:34.796  3780  3971 D AudioTrack: write: userSize = 3824, blocking = 1
10-13 11:43:34.896  3780  3971 D AudioTrack: write: userSize = 3824, blocking = 1
10-13 11:43:34.919   959   959 E WifiTrafficPoller: TRAFFIC_STATS_POLL true Token 92 num clients 12
10-13 11:43:34.920   959   959 E WifiTrafficPoller:  packet count Tx=67324 Rx=126975
10-13 11:43:34.920   959   959 E WifiTrafficPoller: notifying of data activity 0
10-13 11:43:34.924  1097  1097 D NetworkController.WifiSignalController: Change in state from: connected=true,enabled=true,level=2,inetCondition=1,iconGroup=IconGroup(Wi-Fi Icons),activityIn=true,activityOut=true,rssi=-68,lastModified=10-13 11:43:33,ssid="CDT_GUEST"
10-13 11:43:34.924  1097  1097 D NetworkController.WifiSignalController: 	to: connected=true,enabled=true,level=2,inetCondition=1,iconGroup=IconGroup(Wi-Fi Icons),activityIn=false,activityOut=false,rssi=-68,lastModified=10-13 11:43:33,ssid="CDT_GUEST"
10-13 11:43:34.967   312   482 D AALService: enableAALEvent: 0 -> 1
10-13 11:43:34.967   312   482 D AALService: Output backlight = 604/1023, CABC gain = 256
10-13 11:43:34.977   312   482 D AALService: enableAALEvent: 1 -> 0
10-13 11:43:34.997  3780  3971 D AudioTrack: write: userSize = 3824, blocking = 1
10-13 11:43:35.097  3780  3971 D AudioTrack: write: userSize = 3824, blocking = 1
10-13 11:43:35.197  3780  3971 D AudioTrack: write: userSize = 3824, blocking = 1
10-13 11:43:35.298  3780  3971 D AudioTrack: write: userSize = 3824, blocking = 1
10-13 11:43:35.398  3780  3971 D AudioTrack: write: userSize = 3824, blocking = 1
10-13 11:43:35.499  3780  3971 D AudioTrack: write: userSize = 3824, blocking = 1
10-13 11:43:35.599  3780  3971 D AudioTrack: write: userSize = 3824, blocking = 1
10-13 11:43:35.699  3780  3971 D AudioTrack: write: userSize = 3824, blocking = 1
10-13 11:43:35.746   328   328 I thermal_repeater: select timeout
10-13 11:43:35.800  3780  3971 D AudioTrack: write: userSize = 3824, blocking = 1
10-13 11:43:35.900  3780  3971 D AudioTrack: write: userSize = 3824, blocking = 1
10-13 11:43:35.922   959   959 E WifiTrafficPoller: TRAFFIC_STATS_POLL true Token 92 num clients 12
10-13 11:43:35.923   959   959 E WifiTrafficPoller:  packet count Tx=67324 Rx=126975
10-13 11:43:36.001  3780  3971 D AudioTrack: write: userSize = 3824, blocking = 1
10-13 11:43:36.028   312   492 D AALLightSensor: newLux = 101, [100, 98] -> 75
10-13 11:43:36.101  3780  3971 D AudioTrack: write: userSize = 3824, blocking = 1
10-13 11:43:36.201  3780  3971 D AudioTrack: write: userSize = 3824, blocking = 1
10-13 11:43:36.302  3780  3971 D AudioTrack: write: userSize = 3824, blocking = 1
10-13 11:43:36.402  3780  3971 D AudioTrack: write: userSize = 3824, blocking = 1
10-13 11:43:36.436   326   326 I thermal_src: wake up function 3
10-13 11:43:36.436   326   326 I thermal_src: TA_DAEMON_CMD_GET_TPCB cmd=0x5, len=4 PCB=36000
10-13 11:43:36.436   326   326 I thermal_src: TA_DAEMON_CMD_SET_TTJ cmd=0x4, len=4 Tj=85000
10-13 11:43:36.436   326   326 I thermal_src: waiting NOTIFY from kernel...
10-13 11:43:36.503  3780  3971 D AudioTrack: write: userSize = 3824, blocking = 1
10-13 11:43:36.603  3780  3971 D AudioTrack: write: userSize = 3824, blocking = 1
10-13 11:43:36.632   312   492 D AALService: onALIChanged: 75 -> 101
10-13 11:43:36.632   312   492 D AALService: enableAALEvent: 0 -> 1
10-13 11:43:36.632   312   482 D AALService: Output backlight = 605/1023, CABC gain = 256
10-13 11:43:36.642   312   482 D AALService: Output backlight = 606/1023, CABC gain = 256
10-13 11:43:36.660   312   482 D AALService: enableAALEvent: 1 -> 0
10-13 11:43:36.704  3780  3971 D AudioTrack: write: userSize = 3824, blocking = 1
10-13 11:43:36.740   319   319 D wifi2agps: scan result, found 7 APs
10-13 11:43:36.740   319   319 D agps    : [WIFI2AGPS] wifi2agps_scanned
10-13 11:43:36.741  1077  1077 D wpa_supplicant: RTM_NEWLINK: ifi_index=15 ifname=wlan0 wext ifi_family=0 ifi_flags=0x11043 ([UP][RUNNING][LOWER_UP])
10-13 11:43:36.741  1077  1077 D wpa_supplicant: nl80211: Event message available
10-13 11:43:36.741  1077  1077 D wpa_supplicant: nl80211: Ignored event (cmd=34) for foreign interface (ifindex 15 wdev 0x0)
10-13 11:43:36.741  1077  1077 D wpa_supplicant: nl80211: Drv Event 34 (NL80211_CMD_NEW_SCAN_RESULTS) received for wlan0
10-13 11:43:36.741  1077  1077 D wpa_supplicant: wlan0: nl80211: New scan results available
10-13 11:43:36.742  1077  1077 D wpa_supplicant: nl80211: Scan probed for SSID ''
10-13 11:43:36.742  1077  1077 D wpa_supplicant: nl80211: Scan included frequencies: 2462 5180
10-13 11:43:36.742  1077  1077 D wpa_supplicant: wlan0: Event SCAN_RESULTS (3) received
10-13 11:43:36.742  1077  1077 D wpa_supplicant: wlan0: Scan completed in 3.128465 seconds
10-13 11:43:36.742  1077  1077 D wpa_supplicant: nl80211: Associated on 5180 MHz
10-13 11:43:36.742  1077  1077 D wpa_supplicant: nl80211: Associated with 5c:83:8f:77:33:2f
10-13 11:43:36.742  1077  1077 D wpa_supplicant: nl80211: Received scan results (7 BSSes)
10-13 11:43:36.743  1077  1077 D wpa_supplicant: nl80211: Scan results indicate BSS status with 5c:83:8f:77:33:2f as associated
10-13 11:43:36.743  1077  1077 D wpa_supplicant: wlan0: BSS: Start scan result update 300
10-13 11:43:36.743  1077  1077 D wpa_supplicant: BSS: last_scan_res_used=7/64
10-13 11:43:36.743  1077  1077 D wpa_supplicant: wlan0: Scan-only results received
10-13 11:43:36.743   959  1413 D WifiHW  : [1] get event: IFNAME=wlan0 <3>CTRL-EVENT-SCAN-RESULTS 
10-13 11:43:36.743   959  1413 D WifiHW  : [2] get event: IFNAME=wlan0 CTRL-EVENT-SCAN-RESULTS 
10-13 11:43:36.744   959  1413 D WifiMonitor: Event [IFNAME=wlan0 CTRL-EVENT-SCAN-RESULTS ]
10-13 11:43:36.744   959  1413 D WifiHW  : enter -->wifi_wait_on_socket buflen=2048
10-13 11:43:36.744   301   897 I Netd    : Get netlink event, ifname: wlan0 action: 4
10-13 11:43:36.745   959  1073 D WifiHAL : event received NL80211_CMD_NEW_SCAN_RESULTS
10-13 11:43:36.746   317   410 D agps    : [agps][n][WIFI] wifi_scanned  count=301 timestamp=9666360 num=7
10-13 11:43:36.747   959  1014 D WifiStateMachine:  ConnectedState (when=-3ms what=147461!SCAN_RESULTS_EVENT  rt=9666361/16230179 0 0 found=10 known=4 got=10 bcn=0 con=1 last="CDT_GUEST"WPA_PSK
10-13 11:43:36.747   959  1014 D WifiStateMachine:  L2ConnectedState (when=-3ms what=147461!SCAN_RESULTS_EVENT  rt=9666362/16230180 0 0 found=10 known=4 got=10 bcn=0 con=1 last="CDT_GUEST"WPA_PSK
10-13 11:43:36.748   959  1014 D WifiStateMachine:  ConnectModeState (when=-4ms what=147461!SCAN_RESULTS_EVENT  rt=9666362/16230180 0 0 found=10 known=4 got=10 bcn=0 con=1 last="CDT_GUEST"WPA_PSK
10-13 11:43:36.749   959  1014 D WifiStateMachine:  DriverStartedState (when=-5ms what=147461!SCAN_RESULTS_EVENT  rt=9666363/16230181 0 0 found=10 known=4 got=10 bcn=0 con=1 last="CDT_GUEST"WPA_PSK
10-13 11:43:36.749   959  1014 D WifiStateMachine:  SupplicantStartedState (when=-5ms what=147461!SCAN_RESULTS_EVENT  rt=9666363/16230182 0 0 found=10 known=4 got=10 bcn=0 con=1 last="CDT_GUEST"WPA_PSK
10-13 11:43:36.750   959  1014 D WifiStateMachine: [1476351816750 ms] noteScanEnd no scan source onTime=0
10-13 11:43:36.750   959  1014 D WifiHW  : enter -->wifi_send_command cmd=IFNAME=wlan0 BSS RANGE=0- MASK=0x29d87
10-13 11:43:36.751   959   977 D Tethering: interfaceLinkStateChanged wlan0, true
10-13 11:43:36.752   959   977 D Tethering: interfaceStatusChanged wlan0, true
10-13 11:43:36.752  1077  1077 D wpa_supplicant: CTRL_IFACE monitor sent successfully to /data/misc/wifi/sockets/wpa_ctrl_959-3\x00
10-13 11:43:36.753  1077  1077 D wpa_supplicant: wlan0: Radio work 'scan'@0x7fb601d140 done in 3.141964 seconds
10-13 11:43:36.753  1077  1077 D wpa_supplicant: wlan0: Control interface command 'BSS RANGE=0- MASK=0x29d87'
10-13 11:43:36.758   959  1014 D WifiHW  : leave --> reply=id=334
10-13 11:43:36.758   959  1014 D WifiHW  : bssid=5c:83:8f:77:33:2f
10-13 11:43:36.758   959  1014 D WifiHW  : freq=5180
10-13 11:43:36.758   959  1014 D WifiHW  : level=-71
10-13 11:43:36.758   959  1014 D WifiHW  : tsf=0000016230172507
10-13 11:43:36.758   959  1014 D WifiHW  : ie=00094344545f475545535401088c129824b048606c070c4c552024081764051784031e0b050600028d5b2d1aac191bffffff000000000000000000000000000000000000000030180100000fac040100000fac040200000fac02000fac042800360366cf003d16240804000000000000000000000000000000000000007f0800100000004000409606004096001200bf0cb279830feaff0000eaff0000c0050000000000c3020002dd180050f2020101800003a4000027a4000042435e0062322f00dd06004096010104dd050040960305dd050040960b09dd080040961340000000dd050040961400
10-13 11:43:36.758   959  1014 D WifiHW  : flags=[WPA2-PSK+FT/PSK-CCMP][ESS]
10-13 11:43:36.758   959  1014 D WifiHW  : ssid=CDT_GUEST
10-13 11:43:36.758   959  1014 D WifiHW  : ====
10-13 11:43:36.758   959  1014 D WifiHW  : id=336
10-13 11:43:36.758   959  1014 D WifiHW  : bssid=5c:83:8f:77:33:20
