10-18 11:04:33.438   966  1019 E ConnectivityService: RemoteException caught trying to send a callback msg for NetworkRequest [ id=83, legacyType=-1, [ Capabilities: INTERNET&NOT_RESTRICTED&TRUSTED] ]
10-18 11:04:33.501   295  9934 D TableOfContentThread: ~TableOfContentThread 0xeb15e008!
10-18 11:04:33.501   295  9934 D TableOfContentThread: stopTOCThread 0xeb15e008
10-18 11:04:33.510   295  9821 D TableOfContentThread: ~TableOfContentThread 0xeb15fa48!
10-18 11:04:33.510   295  9821 D TableOfContentThread: stopTOCThread 0xeb15fa48
10-18 11:04:33.671   966  1019 E ConnectivityService: RemoteException caught trying to send a callback msg for NetworkRequest [ id=88, legacyType=-1, [ Capabilities: INTERNET&NOT_RESTRICTED&TRUSTED] ]
10-18 11:04:33.924   966  1019 E ConnectivityService: RemoteException caught trying to send a callback msg for NetworkRequest [ id=82, legacyType=-1, [ Capabilities: INTERNET&NOT_RESTRICTED&TRUSTED] ]
10-18 11:05:17.817   966   966 I PowerSave: PowerManagerService isIntentIntercept screen off, packageName is android
10-18 11:05:17.818   966   966 I PowerSave: PowerManagerService isIntentIntercept packageName:android, isThirdApp:false
10-18 11:05:17.818   966   966 I PowerSave: PowerManagerService isIntentIntercept clearState:0
10-18 11:05:17.824   966  6533 I PowerSave: PowerManagerService isIntentIntercept screen off, packageName is media
10-18 11:05:17.824   966  6533 I PowerSave: PowerManagerService isIntentIntercept packageName:media, isThirdApp:false
10-18 11:05:17.824   966  6533 I PowerSave: PowerManagerService isIntentIntercept clearState:0
10-18 11:05:18.231   966  1920 I PowerSave: PowerManagerService isIntentIntercept screen off, packageName is media
10-18 11:05:18.231   966  1920 I PowerSave: PowerManagerService isIntentIntercept packageName:media, isThirdApp:false
10-18 11:05:18.231   966  1920 I PowerSave: PowerManagerService isIntentIntercept clearState:0
10-18 11:05:18.384   966  1920 I PowerSave: PowerManagerService isIntentIntercept screen off, packageName is com.android.phone
10-18 11:05:18.384   966  1920 I PowerSave: PowerManagerService isIntentIntercept packageName:com.android.phone, isThirdApp:false
10-18 11:05:18.384   966  1920 I PowerSave: PowerManagerService isIntentIntercept clearState:0
10-18 11:05:18.390   966  2757 I PowerSave: PowerManagerService isIntentIntercept screen off, packageName is com.android.phone
10-18 11:05:18.393   966  2757 I PowerSave: PowerManagerService isIntentIntercept packageName:com.android.phone, isThirdApp:false
10-18 11:05:18.393   966  2757 I PowerSave: PowerManagerService isIntentIntercept clearState:0
10-18 11:05:19.192   966  2762 I PowerSave: PowerManagerService isIntentIntercept screen off, packageName is media
10-18 11:05:19.193   966  2762 I PowerSave: PowerManagerService isIntentIntercept packageName:media, isThirdApp:false
10-18 11:05:19.193   966  2762 I PowerSave: PowerManagerService isIntentIntercept clearState:0
10-18 11:05:19.886   966   977 I PowerSave: PowerManagerService isIntentIntercept screen off, packageName is media
10-18 11:05:19.886   966   977 I PowerSave: PowerManagerService isIntentIntercept packageName:media, isThirdApp:false
10-18 11:05:19.886   966   977 I PowerSave: PowerManagerService isIntentIntercept clearState:0
10-18 11:05:19.910   966  3486 I PowerSave: PowerManagerService isIntentIntercept screen off, packageName is com.android.systemui
10-18 11:05:19.911   966  3486 I PowerSave: PowerManagerService isIntentIntercept packageName:com.android.systemui, isThirdApp:false
10-18 11:05:19.911   966  3486 I PowerSave: PowerManagerService isIntentIntercept clearState:0
10-18 11:05:19.926   966  1016 I PowerSave: PowerManagerService isIntentIntercept screen off, packageName is android
10-18 11:05:19.927   966  1016 I PowerSave: PowerManagerService isIntentIntercept packageName:android, isThirdApp:false
10-18 11:05:19.928   966  1016 I PowerSave: PowerManagerService isIntentIntercept clearState:0
10-18 11:05:20.141   295 17945 E APEExtractor: getAPEInfo not ape 5002
10-18 11:05:20.143   295 17945 D TableOfContentThread: TableOfContentThread Construct !0xe9cfa008
10-18 11:05:20.143   295 17945 D TableOfContentThread: TableOfContentThread::startTOCThread 0xe9cfa008
10-18 11:05:20.162   295 17946 D TableOfContentThread: TableOfContentThread::threadWrapper
10-18 11:05:20.162   295 17946 D TableOfContentThread: TableOfContentThread::threadEntry ,priority = 10,pid=295
10-18 11:05:20.168   295 17946 D TableOfContentThread: build TocTable process over--actual duration=3552000,mFrameNum=148,mEntryCount=5
10-18 11:05:20.251   966  2596 I PowerSave: PowerManagerService isIntentIntercept screen off, packageName is com.android.phone
10-18 11:05:20.252   966  2596 I PowerSave: PowerManagerService isIntentIntercept packageName:com.android.phone, isThirdApp:false
10-18 11:05:20.252   966  2596 I PowerSave: PowerManagerService isIntentIntercept clearState:0
10-18 11:05:20.257   966  1078 I PowerSave: PowerManagerService isIntentIntercept screen off, packageName is com.google.android.gms
10-18 11:05:20.258   966  1078 I PowerSave: PowerManagerService isIntentIntercept packageName:com.google.android.gms, isThirdApp:false
10-18 11:05:20.258   966  1078 I PowerSave: PowerManagerService isIntentIntercept clearState:0
10-18 11:05:20.272  5640  5640 I PowerSave: ContextImpl isIntentIntercept screen off, intent is Intent { act=com.google.android.search.core.action.SCREEN_STATE_CHANGE cmp=com.google.android.googlequicksearchbox/com.google.android.apps.gsa.search.core.service.SearchService (has extras) }
10-18 11:05:20.273  5640  5640 I PowerSave: ContextImpl isIntentIntercept packageName:com.google.android.googlequicksearchbox, isThirdApp:false
10-18 11:05:20.273  5640  5640 I PowerSave: ContextImpl isIntentIntercept clearState:0
10-18 11:05:20.274   966   977 I PowerSave: AMS isIntentIntercept screen off, intent is Intent { act=com.google.android.search.core.action.SCREEN_STATE_CHANGE cmp=com.google.android.googlequicksearchbox/com.google.android.apps.gsa.search.core.service.SearchService (has extras) }
10-18 11:05:20.274   966   977 I PowerSave: AMS isIntentIntercept packageName:com.google.android.googlequicksearchbox, isThirdApp:false
10-18 11:05:20.274   966   977 I PowerSave: AMS isIntentIntercept clearState:0
10-18 11:05:20.276  5640  5640 I PowerSave: ContextImpl isIntentIntercept screen off, intent is Intent { act=com.google.android.search.core.action.DEVICE_LOCKED_STATE_CHANGE cmp=com.google.android.googlequicksearchbox/com.google.android.apps.gsa.search.core.service.SearchService (has extras) }
10-18 11:05:20.277  5640  5640 I PowerSave: ContextImpl isIntentIntercept packageName:com.google.android.googlequicksearchbox, isThirdApp:false
10-18 11:05:20.278  5640  5640 I PowerSave: ContextImpl isIntentIntercept clearState:0
10-18 11:05:20.278   966 14015 I PowerSave: AMS isIntentIntercept screen off, intent is Intent { act=com.google.android.search.core.action.DEVICE_LOCKED_STATE_CHANGE cmp=com.google.android.googlequicksearchbox/com.google.android.apps.gsa.search.core.service.SearchService (has extras) }
10-18 11:05:20.279   966 14015 I PowerSave: AMS isIntentIntercept packageName:com.google.android.googlequicksearchbox, isThirdApp:false
10-18 11:05:20.279   966 14015 I PowerSave: AMS isIntentIntercept clearState:0
10-18 11:05:20.283   966  1079 I PowerSave: PowerManagerService isIntentIntercept screen off, packageName is com.google.android.gms
10-18 11:05:20.285   966  1079 I PowerSave: PowerManagerService isIntentIntercept packageName:com.google.android.gms, isThirdApp:false
10-18 11:05:20.285   966  1079 I PowerSave: PowerManagerService isIntentIntercept clearState:0
10-18 11:05:20.290  1540  1540 I PowerSave: ContextImpl isIntentIntercept screen off, intent is Intent { cmp=com.android.stk/.StkAppService (has extras) }
10-18 11:05:20.293  1540  1540 I PowerSave: ContextImpl isIntentIntercept packageName:com.android.stk, isThirdApp:false
10-18 11:05:20.293  1540  1540 I PowerSave: ContextImpl isIntentIntercept clearState:0
10-18 11:05:20.293   966   976 I PowerSave: AMS isIntentIntercept screen off, intent is Intent { cmp=com.android.stk/.StkAppService (has extras) }
10-18 11:05:20.294   966   976 I PowerSave: AMS isIntentIntercept packageName:com.android.stk, isThirdApp:false
10-18 11:05:20.294   966   976 I PowerSave: AMS isIntentIntercept clearState:0
10-18 11:05:20.304  9686  9686 I PowerSave: ContextImpl isIntentIntercept screen off, intent is Intent { cmp=com.google.android.gms/.cast.service.CastDeviceScannerIntentService }
10-18 11:05:20.306  9686  9686 I PowerSave: ContextImpl isIntentIntercept packageName:com.google.android.gms, isThirdApp:false
10-18 11:05:20.306  9686  9686 I PowerSave: ContextImpl isIntentIntercept clearState:0
10-18 11:05:20.307   966  1531 I PowerSave: AMS isIntentIntercept screen off, intent is Intent { cmp=com.google.android.gms/.cast.service.CastDeviceScannerIntentService }
10-18 11:05:20.308   966  1531 I PowerSave: AMS isIntentIntercept packageName:com.google.android.gms, isThirdApp:false
10-18 11:05:20.308   966  1531 I PowerSave: AMS isIntentIntercept clearState:0
10-18 11:05:20.313  9686  9686 I PowerSave: ContextImpl isIntentIntercept screen off, intent is Intent { cmp=com.google.android.gms/.cast.service.CastDeviceScannerIntentService }
10-18 11:05:20.315  9686  9686 I PowerSave: ContextImpl isIntentIntercept packageName:com.google.android.gms, isThirdApp:false
10-18 11:05:20.315  9686  9686 I PowerSave: ContextImpl isIntentIntercept clearState:0
10-18 11:05:20.316   966 15355 I PowerSave: AMS isIntentIntercept screen off, intent is Intent { cmp=com.google.android.gms/.cast.service.CastDeviceScannerIntentService }
10-18 11:05:20.317   966 15355 I PowerSave: AMS isIntentIntercept packageName:com.google.android.gms, isThirdApp:false
10-18 11:05:20.317   966 15355 I PowerSave: AMS isIntentIntercept clearState:0
10-18 11:05:22.302   966  2762 I PowerSave: PowerManagerService isIntentIntercept screen off, packageName is media
10-18 11:05:22.302   966  2762 I PowerSave: PowerManagerService isIntentIntercept packageName:media, isThirdApp:false
10-18 11:05:22.303   966  2762 I PowerSave: PowerManagerService isIntentIntercept clearState:0
10-18 11:05:23.762   295 17944 D TableOfContentThread: stopTOCThread 0xe9cfa008
10-18 11:05:23.762   295 17944 D TableOfContentThread: stopTOCThread pthread_join
10-18 11:05:23.762   295 17944 D TableOfContentThread: ~TableOfContentThread 0xe9cfa008!
10-18 11:05:23.762   295 17944 D TableOfContentThread: stopTOCThread 0xe9cfa008
10-18 11:05:30.112   966  1004 I PowerSave: PowerManagerService isIntentIntercept screen off, packageName is android
10-18 11:05:30.114   966  1004 I PowerSave: PowerManagerService isIntentIntercept packageName:android, isThirdApp:false
10-18 11:05:30.114   966  1004 I PowerSave: PowerManagerService isIntentIntercept clearState:0
10-18 11:05:30.338   966  1004 I PowerSave: AMS isIntentIntercept screen off, intent is Intent { act=send_events flg=0x104 cmp=com.google.android.googlequicksearchbox/com.google.android.apps.gsa.eventlogger.EventLoggerService (has extras) }
10-18 11:05:30.339   966  1004 I PowerSave: AMS isIntentIntercept packageName:com.google.android.googlequicksearchbox, isThirdApp:false
10-18 11:05:30.340   966  1004 I PowerSave: AMS isIntentIntercept clearState:0
10-18 11:05:30.346   966  1004 I PowerSave: PowerManagerService isIntentIntercept screen off, packageName is android
10-18 11:05:30.348   966  1004 I PowerSave: PowerManagerService isIntentIntercept packageName:android, isThirdApp:false
10-18 11:05:30.348   966  1004 I PowerSave: PowerManagerService isIntentIntercept clearState:0
10-18 11:05:30.363  5640  5670 I PowerSave: ContextImpl isIntentIntercept screen off, intent is Intent { act=com.google.android.gms.clearcut.service.START pkg=com.google.android.gms }
10-18 11:05:30.368   966  1920 I PowerSave: AMS isIntentIntercept screen off, intent is Intent { act=com.google.android.gms.clearcut.service.START pkg=com.google.android.gms }
10-18 11:05:50.329   966  1004 I PowerSave: PowerManagerService isIntentIntercept screen off, packageName is android
10-18 11:05:50.330   966  1004 I PowerSave: PowerManagerService isIntentIntercept packageName:android, isThirdApp:false
10-18 11:05:50.331   966  1004 I PowerSave: PowerManagerService isIntentIntercept clearState:0
10-18 11:05:50.342   966 15355 I PowerSave: PowerManagerService isIntentIntercept screen off, packageName is com.google.android.gms
10-18 11:05:50.343   966 15355 I PowerSave: PowerManagerService isIntentIntercept packageName:com.google.android.gms, isThirdApp:false
10-18 11:05:50.344   966 15355 I PowerSave: PowerManagerService isIntentIntercept clearState:0
10-18 11:05:50.374   966 14015 I PowerSave: PowerManagerService isIntentIntercept screen off, packageName is com.google.android.gms
10-18 11:05:50.375   966 14015 I PowerSave: PowerManagerService isIntentIntercept packageName:com.google.android.gms, isThirdApp:false
10-18 11:05:50.376   966 14015 I PowerSave: PowerManagerService isIntentIntercept clearState:0
10-18 11:05:50.394  1944  1944 I PowerSave: ContextImpl isIntentIntercept screen off, intent is Intent { act=com.google.android.gms.gcm.ACTION_TASK_READY cmp=com.google.android.gms/.icing.service.IcingGcmTaskService (has extras) }
10-18 11:05:50.396  1944  1944 I PowerSave: ContextImpl isIntentIntercept packageName:com.google.android.gms, isThirdApp:false
10-18 11:05:50.397  1944  1944 I PowerSave: ContextImpl isIntentIntercept clearState:0
10-18 11:05:50.398   966  1079 I PowerSave: AMS isIntentIntercept screen off, intent is Intent { act=com.google.android.gms.gcm.ACTION_TASK_READY cmp=com.google.android.gms/.icing.service.IcingGcmTaskService (has extras) }
10-18 11:05:50.399   966  1079 I PowerSave: AMS isIntentIntercept packageName:com.google.android.gms, isThirdApp:false
10-18 11:05:50.399   966  1079 I PowerSave: AMS isIntentIntercept clearState:0
10-18 11:05:50.408  9686 17962 I PowerSave: ContextImpl isIntentIntercept screen off, intent is Intent { act=com.google.android.gms.icing.GCM_TASK cmp=com.google.android.gms/.icing.service.IndexWorkerService (has extras) }
10-18 11:05:50.409  9686 17962 I PowerSave: ContextImpl isIntentIntercept packageName:com.google.android.gms, isThirdApp:false
10-18 11:05:50.410  9686 17962 I PowerSave: ContextImpl isIntentIntercept clearState:0
10-18 11:05:50.411   966  3486 I PowerSave: AMS isIntentIntercept screen off, intent is Intent { act=com.google.android.gms.icing.GCM_TASK cmp=com.google.android.gms/.icing.service.IndexWorkerService (has extras) }
10-18 11:05:50.412   966  3486 I PowerSave: AMS isIntentIntercept packageName:com.google.android.gms, isThirdApp:false
10-18 11:05:50.412   966  3486 I PowerSave: AMS isIntentIntercept clearState:0
10-18 11:05:50.418  9686  9686 I PowerSave: ContextImpl isIntentIntercept screen off, intent is Intent { act=com.google.android.gms.icing.START_STICKY cmp=com.google.android.gms/.icing.service.IndexWorkerService }
10-18 11:05:50.421  9686  9686 I PowerSave: ContextImpl isIntentIntercept packageName:com.google.android.gms, isThirdApp:false
10-18 11:05:50.421  9686  9686 I PowerSave: ContextImpl isIntentIntercept clearState:0
10-18 11:05:50.422   966  1671 I PowerSave: AMS isIntentIntercept screen off, intent is Intent { act=com.google.android.gms.icing.START_STICKY cmp=com.google.android.gms/.icing.service.IndexWorkerService }
10-18 11:05:50.423   966  1671 I PowerSave: AMS isIntentIntercept packageName:com.google.android.gms, isThirdApp:false
10-18 11:05:50.423   966  1671 I PowerSave: AMS isIntentIntercept clearState:0
10-18 11:05:50.426   966   976 I PowerSave: PowerManagerService isIntentIntercept screen off, packageName is com.google.android.gms
10-18 11:05:50.427   966   976 I PowerSave: PowerManagerService isIntentIntercept packageName:com.google.android.gms, isThirdApp:false
10-18 11:05:50.427   966   976 I PowerSave: PowerManagerService isIntentIntercept clearState:0
10-18 11:05:50.431   966  1920 I PowerSave: PowerManagerService isIntentIntercept screen off, packageName is com.google.android.gms
10-18 11:05:50.432   966  1920 I PowerSave: PowerManagerService isIntentIntercept packageName:com.google.android.gms, isThirdApp:false
10-18 11:05:50.432   966  1920 I PowerSave: PowerManagerService isIntentIntercept clearState:0
10-18 11:05:50.447  1944  1944 I PowerSave: ContextImpl isIntentIntercept screen off, intent is Intent { act=com.google.android.gms.gcm.ACTION_TASK_READY cmp=com.google.android.gms/.chimera.container.ConfigService (has extras) }
10-18 11:05:50.449  1944  1944 I PowerSave: ContextImpl isIntentIntercept packageName:com.google.android.gms, isThirdApp:false
10-18 11:05:50.449  1944  1944 I PowerSave: ContextImpl isIntentIntercept clearState:0
10-18 11:05:50.454   966 14015 I PowerSave: AMS isIntentIntercept screen off, intent is Intent { act=com.google.android.gms.gcm.ACTION_TASK_READY cmp=com.google.android.gms/.chimera.container.ConfigService (has extras) }
10-18 11:05:50.455   966 14015 I PowerSave: AMS isIntentIntercept packageName:com.google.android.gms, isThirdApp:false
10-18 11:05:50.456   966 14015 I PowerSave: AMS isIntentIntercept clearState:0
10-18 11:05:50.507   966 15355 I PowerSave: PowerManagerService isIntentIntercept screen off, packageName is com.google.android.gms
10-18 11:05:50.508   966 15355 I PowerSave: PowerManagerService isIntentIntercept packageName:com.google.android.gms, isThirdApp:false
10-18 11:05:50.508   966 15355 I PowerSave: PowerManagerService isIntentIntercept clearState:0
10-18 11:05:50.509  9686  9971 I PowerSave: ContextImpl isIntentIntercept screen off, intent is Intent { act=com.google.android.gms.wearable.BIND pkg=com.google.android.gms }
10-18 11:05:50.511   966   976 I PowerSave: AMS isIntentIntercept screen off, intent is Intent { act=com.google.android.gms.wearable.BIND pkg=com.google.android.gms }
10-18 11:05:50.516  9686  9971 I PowerSave: ContextImpl isIntentIntercept screen off, intent is Intent { act=com.google.android.gms.config.START pkg=com.google.android.gms }
10-18 11:05:50.517   966   977 I PowerSave: AMS isIntentIntercept screen off, intent is Intent { act=com.google.android.gms.config.START pkg=com.google.android.gms }
10-18 11:05:50.583  1944 17966 I PowerSave: ContextImpl isIntentIntercept screen off, intent is Intent { cmp=com.google.android.gms/.gcm.http.GoogleHttpService }
10-18 11:05:50.584  1944 17966 I PowerSave: ContextImpl isIntentIntercept packageName:com.google.android.gms, isThirdApp:false
10-18 11:05:50.585  1944 17966 I PowerSave: ContextImpl isIntentIntercept clearState:0
10-18 11:05:50.586   966  6533 I PowerSave: AMS isIntentIntercept screen off, intent is Intent { cmp=com.google.android.gms/.gcm.http.GoogleHttpService }
10-18 11:05:50.587   966  6533 I PowerSave: AMS isIntentIntercept packageName:com.google.android.gms, isThirdApp:false
10-18 11:05:50.588   966  6533 I PowerSave: AMS isIntentIntercept clearState:0
10-18 11:05:50.935   966  1079 I PowerSave: PowerManagerService isIntentIntercept screen off, packageName is com.google.android.gms
10-18 11:05:50.936   966  1079 I PowerSave: PowerManagerService isIntentIntercept packageName:com.google.android.gms, isThirdApp:false
10-18 11:05:50.937   966  1079 I PowerSave: PowerManagerService isIntentIntercept clearState:0
10-18 11:05:50.957   966  1671 I PowerSave: PowerManagerService isIntentIntercept screen off, packageName is com.google.android.gms
10-18 11:05:50.958   966  1671 I PowerSave: PowerManagerService isIntentIntercept packageName:com.google.android.gms, isThirdApp:false
10-18 11:05:50.958   966  1671 I PowerSave: PowerManagerService isIntentIntercept clearState:0
10-18 11:06:00.001   966  1004 I PowerSave: PowerManagerService isIntentIntercept screen off, packageName is android
10-18 11:06:00.003   966  1004 I PowerSave: PowerManagerService isIntentIntercept packageName:android, isThirdApp:false
10-18 11:06:00.003   966  1004 I PowerSave: PowerManagerService isIntentIntercept clearState:0
10-18 11:06:00.049   966  1531 I PowerSave: ContextImpl isIntentIntercept screen off, intent is Intent { dat=intent: cmp=com.android.deskclock/com.android.alarmclock.DigitalAppWidgetService (has extras) }
10-18 11:06:00.049   966  1531 I PowerSave: ContextImpl isIntentIntercept packageName:com.android.deskclock, isThirdApp:false
10-18 11:06:00.049   966  1531 I PowerSave: ContextImpl isIntentIntercept clearState:0
10-18 11:06:00.050   966  1531 I PowerSave: AMS isIntentIntercept screen off, intent is Intent { dat=intent: cmp=com.android.deskclock/com.android.alarmclock.DigitalAppWidgetService (has extras) }
10-18 11:06:00.050   966  1531 I PowerSave: AMS isIntentIntercept packageName:com.android.deskclock, isThirdApp:false
10-18 11:06:00.050   966  1531 I PowerSave: AMS isIntentIntercept clearState:0
10-18 11:06:38.755   966  1004 I PowerSave: PowerManagerService isIntentIntercept screen off, packageName is android
10-18 11:06:38.759   966  1004 I PowerSave: PowerManagerService isIntentIntercept packageName:android, isThirdApp:false
10-18 11:06:38.760   966  1004 I PowerSave: PowerManagerService isIntentIntercept clearState:0
10-18 11:06:38.769   966  1079 I PowerSave: PowerManagerService isIntentIntercept screen off, packageName is com.google.android.gms
10-18 11:06:38.770   966  1079 I PowerSave: PowerManagerService isIntentIntercept packageName:com.google.android.gms, isThirdApp:false
10-18 11:06:38.771   966  1079 I PowerSave: PowerManagerService isIntentIntercept clearState:0
10-18 11:06:38.778   966  1078 I PowerSave: PowerManagerService isIntentIntercept screen off, packageName is com.google.android.gms
10-18 11:06:38.780   966  1078 I PowerSave: PowerManagerService isIntentIntercept packageName:com.google.android.gms, isThirdApp:false
10-18 11:06:38.780   966  1078 I PowerSave: PowerManagerService isIntentIntercept clearState:0
10-18 11:06:38.783   966  1671 I PowerSave: PowerManagerService isIntentIntercept screen off, packageName is com.google.android.gms
10-18 11:06:38.787   966  1671 I PowerSave: PowerManagerService isIntentIntercept packageName:com.google.android.gms, isThirdApp:false
10-18 11:06:38.788   966  1671 I PowerSave: PowerManagerService isIntentIntercept clearState:0
10-18 11:06:38.808   966   977 I PowerSave: PowerManagerService isIntentIntercept screen off, packageName is com.google.android.gms
10-18 11:06:38.810   966   977 I PowerSave: PowerManagerService isIntentIntercept packageName:com.google.android.gms, isThirdApp:false
10-18 11:06:38.810   966   977 I PowerSave: PowerManagerService isIntentIntercept clearState:0
10-18 11:06:39.651   966  3486 I PowerSave: PowerManagerService isIntentIntercept screen off, packageName is com.google.android.gms
10-18 11:06:39.653   966  3486 I PowerSave: PowerManagerService isIntentIntercept packageName:com.google.android.gms, isThirdApp:false
10-18 11:06:39.653   966  3486 I PowerSave: PowerManagerService isIntentIntercept clearState:0
10-18 11:06:39.658   966  1078 I PowerSave: PowerManagerService isIntentIntercept screen off, packageName is com.google.android.gms
10-18 11:06:39.660   966  1078 I PowerSave: PowerManagerService isIntentIntercept packageName:com.google.android.gms, isThirdApp:false
10-18 11:06:39.661   966  1078 I PowerSave: PowerManagerService isIntentIntercept clearState:0
10-18 11:06:39.670   966   976 I PowerSave: PowerManagerService isIntentIntercept screen off, packageName is com.google.android.gms
10-18 11:06:39.671   966   976 I PowerSave: PowerManagerService isIntentIntercept packageName:com.google.android.gms, isThirdApp:false
10-18 11:06:39.672   966   976 I PowerSave: PowerManagerService isIntentIntercept clearState:0
10-18 11:06:39.676   966 14015 I PowerSave: PowerManagerService isIntentIntercept screen off, packageName is com.google.android.gms
10-18 11:06:39.677   966 14015 I PowerSave: PowerManagerService isIntentIntercept packageName:com.google.android.gms, isThirdApp:false
10-18 11:06:39.678   966 14015 I PowerSave: PowerManagerService isIntentIntercept clearState:0
10-18 11:06:39.681   966  6533 I PowerSave: AMS isIntentIntercept screen off, intent is Intent { act=com.google.android.location.reporting.ACTION_ACTIVITY cmp=com.google.android.gms/com.google.android.location.reporting.service.DispatchingService (has extras) }
10-18 11:06:39.682   966  6533 I PowerSave: AMS isIntentIntercept packageName:com.google.android.gms, isThirdApp:false
10-18 11:06:39.682   966  6533 I PowerSave: AMS isIntentIntercept clearState:0
10-18 11:06:39.692   966  2762 I PowerSave: PowerManagerService isIntentIntercept screen off, packageName is com.google.android.gms
10-18 11:06:39.693   966  2762 I PowerSave: PowerManagerService isIntentIntercept packageName:com.google.android.gms, isThirdApp:false
10-18 11:06:39.693   966  2762 I PowerSave: PowerManagerService isIntentIntercept clearState:0
10-18 11:07:00.001   966  1004 I PowerSave: PowerManagerService isIntentIntercept screen off, packageName is android
10-18 11:07:00.002   966  1004 I PowerSave: PowerManagerService isIntentIntercept packageName:android, isThirdApp:false
10-18 11:07:00.003   966  1004 I PowerSave: PowerManagerService isIntentIntercept clearState:0
10-18 11:07:00.055   966  3486 I PowerSave: ContextImpl isIntentIntercept screen off, intent is Intent { dat=intent: cmp=com.android.deskclock/com.android.alarmclock.DigitalAppWidgetService (has extras) }
10-18 11:07:00.055   966  3486 I PowerSave: ContextImpl isIntentIntercept packageName:com.android.deskclock, isThirdApp:false
10-18 11:07:00.056   966  3486 I PowerSave: ContextImpl isIntentIntercept clearState:0
10-18 11:07:00.056   966  3486 I PowerSave: AMS isIntentIntercept screen off, intent is Intent { dat=intent: cmp=com.android.deskclock/com.android.alarmclock.DigitalAppWidgetService (has extras) }
10-18 11:07:00.056   966  3486 I PowerSave: AMS isIntentIntercept packageName:com.android.deskclock, isThirdApp:false
10-18 11:07:00.056   966  3486 I PowerSave: AMS isIntentIntercept clearState:0
10-18 11:07:09.958   966   994 I PowerSave: ContextImpl isIntentIntercept screen off, intent is Intent { cmp=com.android.defcontainer/.DefaultContainerService }
10-18 11:07:09.959   966   994 I PowerSave: ContextImpl isIntentIntercept packageName:com.android.defcontainer, isThirdApp:false
10-18 11:07:09.959   966   994 I PowerSave: ContextImpl isIntentIntercept clearState:0
10-18 11:07:09.960   966   994 I PowerSave: AMS isIntentIntercept screen off, intent is Intent { cmp=com.android.defcontainer/.DefaultContainerService }
10-18 11:07:09.960   966   994 I PowerSave: AMS isIntentIntercept packageName:com.android.defcontainer, isThirdApp:false
10-18 11:07:09.960   966   994 I PowerSave: AMS isIntentIntercept clearState:0
10-18 11:07:09.975 16135 16146 D DefContainer: Copying /data/local/tmp/android-debug.apk to base.apk
10-18 11:07:10.392   966   994 I PowerSave: PowerManagerService isIntentIntercept screen off, packageName is android
10-18 11:07:10.393   966   994 I PowerSave: PowerManagerService isIntentIntercept packageName:android, isThirdApp:false
10-18 11:07:10.393   966   994 I PowerSave: PowerManagerService isIntentIntercept clearState:0
10-18 11:07:13.656   966   966 D JobSchedulerService: Receieved: android.intent.action.PACKAGE_REMOVED
10-18 11:07:16.084   966  2476 I WindowStateAnimator: drawIfNeeded
10-18 11:07:16.089   966  2476 I WindowStateAnimator: lockCanvas, mToken =AppWindowToken{7e35494 token=Token{ebfe0e7 ActivityRecord{a8e6ea6 u0 com.ionicframework.ecdtmobile235842/.MainActivity t627}}}
10-18 11:07:16.097   966  2476 I WindowStateAnimator: unlockCanvasAndPost
10-18 11:13:49.638   966   983 E KernelCpuSpeedReader: cpu4 time_in_state not exist, is it a BUG??!!
10-18 11:13:49.894   966   981 E KernelCpuSpeedReader: cpu4 time_in_state not exist, is it a BUG??!!
10-18 11:16:07.648   966   983 E KernelCpuSpeedReader: cpu4 time_in_state not exist, is it a BUG??!!
10-18 11:18:00.406   966  6533 I WindowState: WIN DEATH: Window{100b8db u0 com.ionicframework.ecdtmobile235842/com.ionicframework.ecdtmobile235842.MainActivity}
10-18 11:18:00.408   966  1019 E ConnectivityService: RemoteException caught trying to send a callback msg for NetworkRequest [ id=114, legacyType=-1, [ Capabilities: INTERNET&NOT_RESTRICTED&TRUSTED] ]
10-18 11:18:00.975   966   966 D JobSchedulerService: Receieved: android.intent.action.PACKAGE_REMOVED
10-18 11:18:02.192   966  2596 E libprocessgroup: failed to kill 1 processes for processgroup 3778
10-18 11:18:37.393 16135 16145 D DefContainer: Copying /data/local/tmp/android-debug.apk to base.apk
10-18 11:18:41.623   966  5581 I WindowStateAnimator: drawIfNeeded
10-18 11:18:41.628   966  5581 I WindowStateAnimator: lockCanvas, mToken =AppWindowToken{3dcbf00 token=Token{ce40183 ActivityRecord{17a8032 u0 com.ionicframework.ecdtmobile235842/.MainActivity t629}}}
10-18 11:18:41.639   966  5581 I WindowStateAnimator: unlockCanvasAndPost
10-18 11:22:16.709   966   981 E libprocessgroup: failed to kill 1 processes for processgroup 18628
10-18 11:22:16.717   966   977 I WindowState: WIN DEATH: Window{2b40fb6 u0 com.ionicframework.ecdtmobile235842/com.ionicframework.ecdtmobile235842.MainActivity}
10-18 11:22:16.719   966  1019 E ConnectivityService: RemoteException caught trying to send a callback msg for NetworkRequest [ id=116, legacyType=-1, [ Capabilities: INTERNET&NOT_RESTRICTED&TRUSTED] ]
10-18 11:22:17.139   966   966 D JobSchedulerService: Receieved: android.intent.action.PACKAGE_REMOVED
10-18 11:23:50.680 16135 16146 D DefContainer: Copying /data/local/tmp/android-debug.apk to base.apk
10-18 11:23:55.019   966  5647 I WindowStateAnimator: drawIfNeeded
10-18 11:23:55.026   966  5647 I WindowStateAnimator: lockCanvas, mToken =AppWindowToken{ef87b4d token=Token{e54fae4 ActivityRecord{d11ee77 u0 com.ionicframework.ecdtmobile235842/.MainActivity t631}}}
10-18 11:23:55.037   966  5647 I WindowStateAnimator: unlockCanvasAndPost
10-18 11:30:00.082   966   981 I ProcessStatsService: Prepared write state in 10ms
10-18 11:30:00.263   966   980 I ProcessStatsService: Pruning old procstats: /data/system/procstats/state-2016-10-16-21-48-05.bin
10-18 11:30:20.669 16135 16145 D DefContainer: Copying /data/local/tmp/android-debug.apk to base.apk
10-18 11:30:22.887   966  2761 I WindowState: WIN DEATH: Window{4f8a6ba u0 com.ionicframework.ecdtmobile235842/com.ionicframework.ecdtmobile235842.MainActivity}
10-18 11:30:22.890   966  1019 E ConnectivityService: RemoteException caught trying to send a callback msg for NetworkRequest [ id=118, legacyType=-1, [ Capabilities: INTERNET&NOT_RESTRICTED&TRUSTED] ]
10-18 11:30:23.320 16135 16146 D DefContainer: Copying /data/local/tmp/android-debug.apk to base.apk
10-18 11:30:23.428   966   966 D JobSchedulerService: Receieved: android.intent.action.PACKAGE_REMOVED
10-18 11:30:25.378   966  5655 I WindowStateAnimator: drawIfNeeded
10-18 11:30:25.393   966  5655 I WindowStateAnimator: lockCanvas, mToken =AppWindowToken{a5d4ae9 token=Token{76b1770 ActivityRecord{82bb5b3 u0 com.ionicframework.ecdtmobile235842/.MainActivity t632}}}
10-18 11:30:25.416   966  5655 I WindowStateAnimator: unlockCanvasAndPost
10-18 11:30:26.627   966   977 I WindowState: WIN DEATH: Window{6aec6e8 u0 com.ionicframework.ecdtmobile235842/com.ionicframework.ecdtmobile235842.MainActivity}
10-18 11:30:26.630   966  3487 I WindowState: WIN DEATH: Window{fa736fc u0 com.ionicframework.ecdtmobile235842/com.ionicframework.ecdtmobile235842.MainActivity}
10-18 11:30:26.632   966  1019 E ConnectivityService: RemoteException caught trying to send a callback msg for NetworkRequest [ id=120, legacyType=-1, [ Capabilities: INTERNET&NOT_RESTRICTED&TRUSTED] ]
10-18 11:30:26.633   966  1019 E ConnectivityService: RemoteException caught trying to send a callback msg for NetworkRequest [ id=119, legacyType=-1, [ Capabilities: INTERNET&NOT_RESTRICTED&TRUSTED] ]
10-18 11:30:26.634   966  1920 I WindowState: WIN DEATH: Window{9fd3bda u0 com.ionicframework.ecdtmobile235842/com.ionicframework.ecdtmobile235842.MainActivity}
10-18 11:30:27.060   966   966 D JobSchedulerService: Receieved: android.intent.action.PACKAGE_REMOVED
10-18 11:30:29.046   966  5943 I WindowStateAnimator: drawIfNeeded
10-18 11:30:29.052   966  5943 I WindowStateAnimator: lockCanvas, mToken =AppWindowToken{13d8126 token=Token{7bf7c81 ActivityRecord{9873068 u0 com.ionicframework.ecdtmobile235842/.MainActivity t633}}}
10-18 11:30:29.063   966  5943 I WindowStateAnimator: unlockCanvasAndPost
10-18 11:31:11.471   966   986 I WindowStateAnimator: doCacheBitmap, mToken =Token{1da63ca ActivityRecord{a357335 u0 com.android.music/.MusicBrowserActivity t634}}
10-18 11:31:12.916  1103  1103 V DeadZone: consuming errant click: (539.5005,35.05664)
10-18 11:31:42.493 16135 16146 D DefContainer: Copying /data/local/tmp/android-debug.apk to base.apk
10-18 11:31:44.787   966 15355 I WindowState: WIN DEATH: Window{49ec912 u0 com.ionicframework.ecdtmobile235842/com.ionicframework.ecdtmobile235842.MainActivity}
10-18 11:31:44.790   966  1019 E ConnectivityService: RemoteException caught trying to send a callback msg for NetworkRequest [ id=122, legacyType=-1, [ Capabilities: INTERNET&NOT_RESTRICTED&TRUSTED] ]
10-18 11:31:44.837   966   981 E libprocessgroup: failed to kill 1 processes for processgroup 19532
10-18 11:31:45.288   966   966 D JobSchedulerService: Receieved: android.intent.action.PACKAGE_REMOVED
10-18 11:31:47.226   966  2212 I WindowStateAnimator: drawIfNeeded
10-18 11:31:47.230   966  2212 I WindowStateAnimator: lockCanvas, mToken =AppWindowToken{6b3264b token=Token{b7f9b1a ActivityRecord{afab5c5 u0 com.ionicframework.ecdtmobile235842/.MainActivity t635}}}
10-18 11:31:47.243   966  2212 I WindowStateAnimator: unlockCanvasAndPost
10-18 11:33:41.126   966   986 I WindowStateAnimator: doCacheBitmap, mToken =Token{ddbef60 ActivityRecord{55a3763 u0 com.facebook.katana/.LoginActivity t636}}
10-18 11:33:52.318 16135 16145 W DefContainer: Failed to parse package at /data/local/tmp/android-debug.apk: android.content.pm.PackageParser$PackageParserException: Failed to parse /data/local/tmp/android-debug.apk
10-18 11:33:53.017 16135 18518 W DefContainer: Failed to parse package at /data/local/tmp/android-debug.apk: android.content.pm.PackageParser$PackageParserException: Failed to parse /data/local/tmp/android-debug.apk
10-18 11:34:10.696  1103  1103 V DeadZone: consuming errant click: (515.52264,33.05774)
10-18 11:34:32.698   966  1078 I WindowState: WIN DEATH: Window{b5a7a07 u0 com.ionicframework.ecdtmobile235842/com.ionicframework.ecdtmobile235842.MainActivity}
10-18 11:34:32.698   966  1019 E ConnectivityService: RemoteException caught trying to send a callback msg for NetworkRequest [ id=124, legacyType=-1, [ Capabilities: INTERNET&NOT_RESTRICTED&TRUSTED] ]
10-18 11:34:33.101   966   966 D JobSchedulerService: Receieved: android.intent.action.PACKAGE_REMOVED
10-18 11:35:05.747 16135 18518 D DefContainer: Copying /data/local/tmp/android-debug.apk to base.apk
10-18 11:35:08.345 16135 16146 D DefContainer: Copying /data/local/tmp/android-debug.apk to base.apk
10-18 11:35:11.194   966   986 I WindowStateAnimator: doCacheBitmap, mToken =Token{d142ed1 ActivityRecord{f70f9f8 u0 com.ionicframework.freelancemobile235842/.MainActivity t638}}
10-18 11:35:13.461   966  5540 I WindowStateAnimator: drawIfNeeded
10-18 11:35:13.475   966  5540 I WindowStateAnimator: lockCanvas, mToken =AppWindowToken{7c936c0 token=Token{4dc8043 ActivityRecord{b9ec1f2 u0 com.ionicframework.ecdtmobile235842/.MainActivity t639}}}
10-18 11:35:13.488   966  5540 I WindowStateAnimator: unlockCanvasAndPost
10-18 11:36:23.061   966  6533 I WindowState: WIN DEATH: Window{822b55c u0 com.ionicframework.ecdtmobile235842/com.ionicframework.ecdtmobile235842.MainActivity}
10-18 11:36:23.065   966  1019 E ConnectivityService: RemoteException caught trying to send a callback msg for NetworkRequest [ id=131, legacyType=-1, [ Capabilities: INTERNET&NOT_RESTRICTED&TRUSTED] ]
10-18 11:36:23.537   966  6533 I WindowState: WIN DEATH: Window{6a2e28e u0 com.ionicframework.freelancemobile235842/com.ionicframework.freelancemobile235842.MainActivity}
10-18 11:36:23.539   966  1019 E ConnectivityService: RemoteException caught trying to send a callback msg for NetworkRequest [ id=129, legacyType=-1, [ Capabilities: INTERNET&NOT_RESTRICTED&TRUSTED] ]
10-18 11:36:26.577   966   986 I WindowStateAnimator: doCacheBitmap, mToken =Token{1eff63e ActivityRecord{dfcb6f9 u0 com.ionicframework.ecdtmobile235842/.MainActivity t641}}
10-18 11:36:47.832   966   986 I WindowStateAnimator: doCacheBitmap, mToken =Token{c05137b ActivityRecord{13d3f0a u0 com.ionicframework.freelancemobile235842/.MainActivity t642}}
--------- beginning of main
10-18 11:39:52.997   966  1001 E PROXIMITY: ProximitySensor: unknown event (type=3, code=0)
10-18 11:39:53.115  9296  9296 D wpa_supplicant: wlan0: Control interface command 'SIGNAL_POLL'
10-18 11:39:53.140   966  1016 E WifiConfigStore: updateConfiguration freq=5180 BSSID=5c:83:8f:77:33:2f RSSI=-72 "CDT_GUEST"WPA_PSK
10-18 11:39:53.245 21087 21087 E         : Failed to opendir [/etc/mddb/]. err = [No such file or directory](2)
10-18 11:39:53.245 21087 21087 E         : Failed to find layout file in folder [/etc/mddb/].
10-18 11:39:53.245 21087 21087 E md_monitor: MonitorCore was not initialized successfully.
10-18 11:39:53.245 21087 21087 E md_monitor: InitMonitorCore fail
10-18 11:39:53.245 21087 21087 E md_monitor: Main: Exit EMDLogger with error.
10-18 11:39:53.971   966   966 E WifiTrafficPoller: TRAFFIC_STATS_POLL true Token 563 num clients 10
10-18 11:39:53.972   966   966 E WifiTrafficPoller:  packet count Tx=264812 Rx=391072
10-18 11:39:53.997   966  1001 E PROXIMITY: ProximitySensor: unknown event (type=3, code=0)
10-18 11:39:54.247   966  1001 E PROXIMITY: ProximitySensor: unknown event (type=3, code=0)
10-18 11:39:54.747   966  1001 E PROXIMITY: ProximitySensor: unknown event (type=3, code=0)
10-18 11:39:54.973   966   966 E WifiTrafficPoller: TRAFFIC_STATS_POLL true Token 563 num clients 10
10-18 11:39:54.974   966   966 E WifiTrafficPoller:  packet count Tx=264812 Rx=391072
10-18 11:39:54.997   966  1001 E PROXIMITY: ProximitySensor: unknown event (type=3, code=0)
10-18 11:39:55.247   966  1001 E PROXIMITY: ProximitySensor: unknown event (type=3, code=0)
10-18 11:39:55.496   966  1001 E PROXIMITY: ProximitySensor: unknown event (type=3, code=0)
10-18 11:39:55.747   966  1001 E PROXIMITY: ProximitySensor: unknown event (type=3, code=0)
10-18 11:39:55.975   966   966 E WifiTrafficPoller: TRAFFIC_STATS_POLL true Token 563 num clients 10
10-18 11:39:55.976   966   966 E WifiTrafficPoller:  packet count Tx=264812 Rx=391072
10-18 11:39:55.997   966  1001 E PROXIMITY: ProximitySensor: unknown event (type=3, code=0)
10-18 11:39:56.149  9296  9296 D wpa_supplicant: wlan0: Control interface command 'SIGNAL_POLL'
10-18 11:39:56.168   966  1016 E WifiConfigStore: updateConfiguration freq=5180 BSSID=5c:83:8f:77:33:2f RSSI=-70 "CDT_GUEST"WPA_PSK
10-18 11:39:56.247   966  1001 E PROXIMITY: ProximitySensor: unknown event (type=3, code=0)
10-18 11:39:56.497   966  1001 E PROXIMITY: ProximitySensor: unknown event (type=3, code=0)
10-18 11:39:56.747   966  1001 E PROXIMITY: ProximitySensor: unknown event (type=3, code=0)
10-18 11:39:56.977   966   966 E WifiTrafficPoller: TRAFFIC_STATS_POLL true Token 563 num clients 10
10-18 11:39:56.980   966   966 E WifiTrafficPoller:  packet count Tx=264812 Rx=391072
10-18 11:39:56.997   966  1001 E PROXIMITY: ProximitySensor: unknown event (type=3, code=0)
10-18 11:39:57.746   966  1001 E PROXIMITY: ProximitySensor: unknown event (type=3, code=0)
10-18 11:39:57.981   966   966 E WifiTrafficPoller: TRAFFIC_STATS_POLL true Token 563 num clients 10
10-18 11:39:57.982   966   966 E WifiTrafficPoller:  packet count Tx=264812 Rx=391072
10-18 11:39:57.997   966  1001 E PROXIMITY: ProximitySensor: unknown event (type=3, code=0)
10-18 11:39:58.247   966  1001 E PROXIMITY: ProximitySensor: unknown event (type=3, code=0)
10-18 11:39:58.322 21088 21088 E         : Failed to opendir [/etc/mddb/]. err = [No such file or directory](2)
10-18 11:39:58.322 21088 21088 E         : Failed to find layout file in folder [/etc/mddb/].
10-18 11:39:58.322 21088 21088 E md_monitor: MonitorCore was not initialized successfully.
10-18 11:39:58.322 21088 21088 E md_monitor: InitMonitorCore fail
10-18 11:39:58.322 21088 21088 E md_monitor: Main: Exit EMDLogger with error.
10-18 11:39:58.746   966  1001 E PROXIMITY: ProximitySensor: unknown event (type=3, code=0)
10-18 11:39:58.983   966   966 E WifiTrafficPoller: TRAFFIC_STATS_POLL true Token 563 num clients 10
10-18 11:39:58.984   966   966 E WifiTrafficPoller:  packet count Tx=264812 Rx=391072
10-18 11:39:58.996   966  1001 E PROXIMITY: ProximitySensor: unknown event (type=3, code=0)
10-18 11:39:59.176  9296  9296 D wpa_supplicant: wlan0: Control interface command 'SIGNAL_POLL'
10-18 11:39:59.200   966  1016 E WifiConfigStore: updateConfiguration freq=5180 BSSID=5c:83:8f:77:33:2f RSSI=-69 "CDT_GUEST"WPA_PSK
10-18 11:39:59.247   966  1001 E PROXIMITY: ProximitySensor: unknown event (type=3, code=0)
10-18 11:39:59.746   966  1001 E PROXIMITY: ProximitySensor: unknown event (type=3, code=0)
10-18 11:39:59.986   966   966 E WifiTrafficPoller: TRAFFIC_STATS_POLL true Token 563 num clients 10
10-18 11:39:59.987   966   966 E WifiTrafficPoller:  packet count Tx=264812 Rx=391072
10-18 11:39:59.997   966  1001 E PROXIMITY: ProximitySensor: unknown event (type=3, code=0)
10-18 11:40:00.248   966  1001 E PROXIMITY: ProximitySensor: unknown event (type=3, code=0)
10-18 11:40:00.746   966  1001 E PROXIMITY: ProximitySensor: unknown event (type=3, code=0)
10-18 11:40:00.990   966   966 E WifiTrafficPoller: TRAFFIC_STATS_POLL true Token 563 num clients 10
10-18 11:40:00.991   966   966 E WifiTrafficPoller:  packet count Tx=264812 Rx=391072
10-18 11:40:00.997   966  1001 E PROXIMITY: ProximitySensor: unknown event (type=3, code=0)
10-18 11:40:01.246   966  1001 E PROXIMITY: ProximitySensor: unknown event (type=3, code=0)
10-18 11:40:01.992   966   966 E WifiTrafficPoller: TRAFFIC_STATS_POLL true Token 563 num clients 10
10-18 11:40:01.993   966   966 E WifiTrafficPoller:  packet count Tx=264812 Rx=391072
10-18 11:40:01.997   966  1001 E PROXIMITY: ProximitySensor: unknown event (type=3, code=0)
10-18 11:40:02.208  9296  9296 D wpa_supplicant: wlan0: Control interface command 'SIGNAL_POLL'
10-18 11:40:02.229   966  1016 E WifiConfigStore: updateConfiguration freq=5180 BSSID=5c:83:8f:77:33:2f RSSI=-70 "CDT_GUEST"WPA_PSK
10-18 11:40:02.247   966  1001 E PROXIMITY: ProximitySensor: unknown event (type=3, code=0)
10-18 11:40:02.496   966  1001 E PROXIMITY: ProximitySensor: unknown event (type=3, code=0)
10-18 11:40:02.994   966   966 E WifiTrafficPoller: TRAFFIC_STATS_POLL true Token 563 num clients 10
10-18 11:40:02.996   966   966 E WifiTrafficPoller:  packet count Tx=264812 Rx=391072
10-18 11:40:03.247   966  1001 E PROXIMITY: ProximitySensor: unknown event (type=3, code=0)
10-18 11:40:03.392 21089 21089 E         : Failed to opendir [/etc/mddb/]. err = [No such file or directory](2)
10-18 11:40:03.392 21089 21089 E         : Failed to find layout file in folder [/etc/mddb/].
10-18 11:40:03.392 21089 21089 E md_monitor: MonitorCore was not initialized successfully.
10-18 11:40:03.392 21089 21089 E md_monitor: InitMonitorCore fail
10-18 11:40:03.392 21089 21089 E md_monitor: Main: Exit EMDLogger with error.
10-18 11:40:03.496   966  1001 E PROXIMITY: ProximitySensor: unknown event (type=3, code=0)
10-18 11:40:03.746   966  1001 E PROXIMITY: ProximitySensor: unknown event (type=3, code=0)
10-18 11:40:03.997   966  1001 E PROXIMITY: ProximitySensor: unknown event (type=3, code=0)
10-18 11:40:03.999   966   966 E WifiTrafficPoller: TRAFFIC_STATS_POLL true Token 563 num clients 10
10-18 11:40:04.000   966   966 E WifiTrafficPoller:  packet count Tx=264812 Rx=391072
10-18 11:40:04.247   966  1001 E PROXIMITY: ProximitySensor: unknown event (type=3, code=0)
10-18 11:40:05.001   966   966 E WifiTrafficPoller: TRAFFIC_STATS_POLL true Token 563 num clients 10
10-18 11:40:05.002   966   966 E WifiTrafficPoller:  packet count Tx=264812 Rx=391072
10-18 11:40:05.239  9296  9296 D wpa_supplicant: wlan0: Control interface command 'SIGNAL_POLL'
10-18 11:40:05.260   966  1016 E WifiConfigStore: updateConfiguration freq=5180 BSSID=5c:83:8f:77:33:2f RSSI=-70 "CDT_GUEST"WPA_PSK
10-18 11:40:05.497   966  1001 E PROXIMITY: ProximitySensor: unknown event (type=3, code=0)
10-18 11:40:05.747   966  1001 E PROXIMITY: ProximitySensor: unknown event (type=3, code=0)
10-18 11:40:06.002   966   966 E WifiTrafficPoller: TRAFFIC_STATS_POLL true Token 563 num clients 10
10-18 11:40:06.003   966   966 E WifiTrafficPoller:  packet count Tx=264812 Rx=391072
10-18 11:40:06.497   966  1001 E PROXIMITY: ProximitySensor: unknown event (type=3, code=0)
10-18 11:40:06.747   966  1001 E PROXIMITY: ProximitySensor: unknown event (type=3, code=0)
10-18 11:40:06.997   966  1001 E PROXIMITY: ProximitySensor: unknown event (type=3, code=0)
10-18 11:40:07.004   966   966 E WifiTrafficPoller: TRAFFIC_STATS_POLL true Token 563 num clients 10
10-18 11:40:07.005   966   966 E WifiTrafficPoller:  packet count Tx=264812 Rx=391072
10-18 11:40:07.247   966  1001 E PROXIMITY: ProximitySensor: unknown event (type=3, code=0)
10-18 11:40:07.497   966  1001 E PROXIMITY: ProximitySensor: unknown event (type=3, code=0)
10-18 11:40:07.997   966  1001 E PROXIMITY: ProximitySensor: unknown event (type=3, code=0)
10-18 11:40:08.006   966   966 E WifiTrafficPoller: TRAFFIC_STATS_POLL true Token 563 num clients 10
10-18 11:40:08.007   966   966 E WifiTrafficPoller:  packet count Tx=264812 Rx=391072
10-18 11:40:08.247   966  1001 E PROXIMITY: ProximitySensor: unknown event (type=3, code=0)
10-18 11:40:08.267  9296  9296 D wpa_supplicant: wlan0: Control interface command 'SIGNAL_POLL'
10-18 11:40:08.288   966  1016 E WifiConfigStore: updateConfiguration freq=5180 BSSID=5c:83:8f:77:33:2f RSSI=-70 "CDT_GUEST"WPA_PSK
10-18 11:40:08.466 21090 21090 E         : Failed to opendir [/etc/mddb/]. err = [No such file or directory](2)
10-18 11:40:08.466 21090 21090 E         : Failed to find layout file in folder [/etc/mddb/].
10-18 11:40:08.466 21090 21090 E md_monitor: MonitorCore was not initialized successfully.
10-18 11:40:08.466 21090 21090 E md_monitor: InitMonitorCore fail
10-18 11:40:08.466 21090 21090 E md_monitor: Main: Exit EMDLogger with error.
10-18 11:40:08.498   966  1001 E PROXIMITY: ProximitySensor: unknown event (type=3, code=0)
10-18 11:40:08.531   966  1531 E Sensors : handleToDriver handle(0)
10-18 11:40:08.535   966  1531 E Sensors : handleToDriver handle(0)
10-18 11:40:08.535   966  1531 E Sensors : new setDelay handle(0),ns(20000000)m, error(0), index(2)
10-18 11:40:08.535   966  1531 E Accel   : ACC batch: handle:0, en:0,samplingPeriodNs:20000000 maxBatchReportLatencyNs:0 
10-18 11:40:08.535   966  1531 E Sensors : sensor 0 go to common batch
10-18 11:40:08.535   966  1531 E Sensors : handleToDriver handle(0)
10-18 11:40:08.535   966  1531 E Sensors : go to batchsensor(0)
10-18 11:40:08.676 11066 11113 I PlayCommon: [1319] com.google.android.play.a.g.e(790): Preparing logs for uploading
10-18 11:40:08.676 11066 11113 I PlayCommon: [1319] com.google.android.play.a.g.e(792): No file ready to send
10-18 11:40:08.999   966  1001 E PROXIMITY: ProximitySensor: unknown event (type=3, code=0)
10-18 11:40:09.008   966   966 E WifiTrafficPoller: TRAFFIC_STATS_POLL true Token 563 num clients 10
10-18 11:40:09.009   966   966 E WifiTrafficPoller:  packet count Tx=264812 Rx=391072
10-18 11:40:09.247   966  1001 E PROXIMITY: ProximitySensor: unknown event (type=3, code=0)
10-18 11:40:09.496   966  1001 E PROXIMITY: ProximitySensor: unknown event (type=3, code=0)
10-18 11:40:09.747   966  1001 E PROXIMITY: ProximitySensor: unknown event (type=3, code=0)
10-18 11:40:09.997   966  1001 E PROXIMITY: ProximitySensor: unknown event (type=3, code=0)
10-18 11:40:10.010   966   966 E WifiTrafficPoller: TRAFFIC_STATS_POLL true Token 563 num clients 10
10-18 11:40:10.011   966   966 E WifiTrafficPoller:  packet count Tx=264814 Rx=391073
10-18 11:40:10.011   966   966 E WifiTrafficPoller: notifying of data activity 3
10-18 11:40:10.246   966  1001 E PROXIMITY: ProximitySensor: unknown event (type=3, code=0)
10-18 11:40:10.496   966  1001 E PROXIMITY: ProximitySensor: unknown event (type=3, code=0)
10-18 11:40:10.747   966  1001 E PROXIMITY: ProximitySensor: unknown event (type=3, code=0)
10-18 11:40:10.997   966  1001 E PROXIMITY: ProximitySensor: unknown event (type=3, code=0)
10-18 11:40:11.013   966   966 E WifiTrafficPoller: TRAFFIC_STATS_POLL true Token 563 num clients 10
10-18 11:40:11.014   966   966 E WifiTrafficPoller:  packet count Tx=264814 Rx=391073
10-18 11:40:11.014   966   966 E WifiTrafficPoller: notifying of data activity 0
10-18 11:40:11.296  9296  9296 D wpa_supplicant: wlan0: Control interface command 'SIGNAL_POLL'
10-18 11:40:11.320   966  1016 E WifiConfigStore: updateConfiguration freq=5180 BSSID=5c:83:8f:77:33:2f RSSI=-70 "CDT_GUEST"WPA_PSK
10-18 11:40:11.497   966  1001 E PROXIMITY: ProximitySensor: unknown event (type=3, code=0)
10-18 11:40:11.924   966  1079 E Sensors : handleToDriver handle(0)
10-18 11:40:11.924   966  1079 E Sensors : handleToDriver handle(0)
