10-17 16:54:30.410   966  1019 D ConnectivityService:   checking if request is satisfied: NetworkRequest [ id=7, legacyType=-1, [ Capabilities: INTERNET&NOT_RESTRICTED&TRUSTED] ]
10-17 16:54:30.410   966  1019 D ConnectivityService: Network NetworkAgentInfo [WIFI () - 1007] was already satisfying request 1. No change.
10-17 16:54:30.410   966  1019 D ConnectivityService:   checking if request is satisfied: NetworkRequest [ id=3, legacyType=-1, [] ]
10-17 16:54:30.410   966  1019 D ConnectivityService:   checking if request is satisfied: NetworkRequest [ id=9, legacyType=-1, [ Capabilities: INTERNET&NOT_RESTRICTED&TRUSTED] ]
10-17 16:54:30.410   966  1019 D ConnectivityService:   checking if request is satisfied: NetworkRequest [ id=10, legacyType=-1, [ Capabilities: INTERNET&NOT_RESTRICTED&TRUSTED] ]
10-17 16:54:30.410   966  1019 D ConnectivityService:   checking if request is satisfied: NetworkRequest [ id=12, legacyType=-1, [ Capabilities: INTERNET&NOT_RESTRICTED&TRUSTED] ]
10-17 16:54:30.410   966  1016 D WifiStateMachine: mLastSignalLevel:4, newSignalLevel:3
10-17 16:54:30.410   966  1019 D ConnectivityService:   checking if request is satisfied: NetworkRequest [ id=54, legacyType=-1, [ Capabilities: INTERNET&NOT_RESTRICTED&TRUSTED] ]
10-17 16:54:30.410   966  1019 D ConnectivityService: notifyType CAP_CHANGED for NetworkAgentInfo [WIFI () - 1007]
10-17 16:54:30.410   966  1016 E WifiConfigStore: updateConfiguration freq=5180 BSSID=5c:83:8f:77:33:2f RSSI=-65 "CDT_GUEST"WPA_PSK
10-17 16:54:30.410   966  1019 D ConnectivityService:  sending notification for NetworkRequest [ id=1, legacyType=-1, [ Capabilities: INTERNET&NOT_RESTRICTED&TRUSTED&NOT_VPN] ]
10-17 16:54:30.410   966  1019 D ConnectivityService:  sending notification for NetworkRequest [ id=3, legacyType=-1, [] ]
10-17 16:54:30.411   966  1019 D ConnectivityService: sending notification CAP_CHANGED for NetworkRequest [ id=3, legacyType=-1, [] ]
10-17 16:54:30.411   966  1019 D ConnectivityService:  sending notification for NetworkRequest [ id=4, legacyType=-1, [ Capabilities: INTERNET&NOT_RESTRICTED&TRUSTED&NOT_VPN] ]
10-17 16:54:30.411   966  1019 D ConnectivityService: sending notification CAP_CHANGED for NetworkRequest [ id=4, legacyType=-1, [ Capabilities: INTERNET&NOT_RESTRICTED&TRUSTED&NOT_VPN] ]
10-17 16:54:30.412   966  1019 D ConnectivityService:  sending notification for NetworkRequest [ id=7, legacyType=-1, [ Capabilities: INTERNET&NOT_RESTRICTED&TRUSTED] ]
10-17 16:54:30.412   966  1019 D ConnectivityService: sending notification CAP_CHANGED for NetworkRequest [ id=7, legacyType=-1, [ Capabilities: INTERNET&NOT_RESTRICTED&TRUSTED] ]
10-17 16:54:30.412   966  1019 D ConnectivityService:  sending notification for NetworkRequest [ id=8, legacyType=-1, [ Capabilities: INTERNET&NOT_RESTRICTED&TRUSTED] ]
10-17 16:54:30.412   966  1019 D ConnectivityService: sending notification CAP_CHANGED for NetworkRequest [ id=8, legacyType=-1, [ Capabilities: INTERNET&NOT_RESTRICTED&TRUSTED] ]
10-17 16:54:30.413   966  1019 D ConnectivityService:  sending notification for NetworkRequest [ id=9, legacyType=-1, [ Capabilities: INTERNET&NOT_RESTRICTED&TRUSTED] ]
10-17 16:54:30.413   966  1019 D ConnectivityService: sending notification CAP_CHANGED for NetworkRequest [ id=9, legacyType=-1, [ Capabilities: INTERNET&NOT_RESTRICTED&TRUSTED] ]
10-17 16:54:30.413   966  1019 D ConnectivityService:  sending notification for NetworkRequest [ id=10, legacyType=-1, [ Capabilities: INTERNET&NOT_RESTRICTED&TRUSTED] ]
10-17 16:54:30.414   966  1019 D ConnectivityService: sending notification CAP_CHANGED for NetworkRequest [ id=10, legacyType=-1, [ Capabilities: INTERNET&NOT_RESTRICTED&TRUSTED] ]
10-17 16:54:30.414   966  1019 D ConnectivityService:  sending notification for NetworkRequest [ id=12, legacyType=-1, [ Capabilities: INTERNET&NOT_RESTRICTED&TRUSTED] ]
10-17 16:54:30.414   966  1019 D ConnectivityService: sending notification CAP_CHANGED for NetworkRequest [ id=12, legacyType=-1, [ Capabilities: INTERNET&NOT_RESTRICTED&TRUSTED] ]
10-17 16:54:30.415   966  1019 D ConnectivityService:  sending notification for NetworkRequest [ id=54, legacyType=-1, [ Capabilities: INTERNET&NOT_RESTRICTED&TRUSTED] ]
10-17 16:54:30.415   966  1019 D ConnectivityService: sending notification CAP_CHANGED for NetworkRequest [ id=54, legacyType=-1, [ Capabilities: INTERNET&NOT_RESTRICTED&TRUSTED] ]
10-17 16:54:30.416  1103  1508 D NetworkController: onReceive: intent=Intent { act=android.net.wifi.RSSI_CHANGED flg=0x4000010 (has extras) }
10-17 16:54:30.416  1103  1518 D ConnectivityManager.CallbackHandler: CM callback handler got msg 524294
10-17 16:54:30.417  1994  3394 D ConnectivityManager.CallbackHandler: CM callback handler got msg 524294
10-17 16:54:30.420   966  1016 V ActivityManager: Broadcast sticky: Intent { act=android.net.wifi.RSSI_CHANGED flg=0x4000010 (has extras) } ordered=false userid=-1 callerApp=ProcessRecord{ba51619 966:system/1000}
10-17 16:54:30.422   295 22210 D AudioTrackShared: front(51334720), mIsOut(0), mAvailToClient=0 stepCount=320 minimum=320, FUTEX_WAKE
10-17 16:54:30.422   966  1048 D WifiWatchdogStateMachine: RSSI current: 4 new: -66, 3
10-17 16:54:30.422   966  1019 D ConnectivityService:  sending notification for NetworkRequest [ id=55, legacyType=-1, [ Capabilities: INTERNET&NOT_RESTRICTED&TRUSTED] ]
10-17 16:54:30.423   966  1019 D ConnectivityService: sending notification CAP_CHANGED for NetworkRequest [ id=55, legacyType=-1, [ Capabilities: INTERNET&NOT_RESTRICTED&TRUSTED] ]
10-17 16:54:30.423   966  1019 D ConnectivityService: rematchCapabilityClearDefault
10-17 16:54:30.423   966  1019 D ConnectivityService: checking requestId:1
10-17 16:54:30.423   966  1019 D ConnectivityService: satisfied:true
10-17 16:54:30.423   966  1019 D ConnectivityService: checking requestId:3
10-17 16:54:30.423   966  1019 D ConnectivityService: satisfied:true
10-17 16:54:30.423   966  1019 D ConnectivityService: checking requestId:4
10-17 16:54:30.423   966  1019 D ConnectivityService: satisfied:true
10-17 16:54:30.423   966  1019 D ConnectivityService: checking requestId:7
10-17 16:54:30.423   966  1019 D ConnectivityService: satisfied:true
10-17 16:54:30.423   966  1019 D ConnectivityService: checking requestId:8
10-17 16:54:30.423   966  1019 D ConnectivityService: satisfied:true
10-17 16:54:30.423   966  1019 D ConnectivityService: checking requestId:9
10-17 16:54:30.423   966  1019 D ConnectivityService: satisfied:true
10-17 16:54:30.423   966  1019 D ConnectivityService: checking requestId:10
10-17 16:54:30.423   966  1019 D ConnectivityService: satisfied:true
10-17 16:54:30.423   966  1019 D ConnectivityService: checking requestId:12
10-17 16:54:30.423   966  1019 D ConnectivityService: satisfied:true
10-17 16:54:30.424   966  1019 D ConnectivityService: checking requestId:54
10-17 16:54:30.424   966  1019 D ConnectivityService: satisfied:true
10-17 16:54:30.424   966  1019 D ConnectivityService: checking requestId:55
10-17 16:54:30.424   966  1019 D ConnectivityService: satisfied:true
10-17 16:54:30.425  1103  1508 D NetworkController.WifiSignalController: Change in state from: connected=true,enabled=true,level=3,inetCondition=1,iconGroup=IconGroup(Wi-Fi Icons),activityIn=false,activityOut=false,rssi=-65,lastModified=10-17 04:54:16,ssid="CDT_GUEST"
10-17 16:54:30.425  1103  1508 D NetworkController.WifiSignalController: 	to: connected=true,enabled=true,level=2,inetCondition=1,iconGroup=IconGroup(Wi-Fi Icons),activityIn=false,activityOut=false,rssi=-66,lastModified=10-17 04:54:16,ssid="CDT_GUEST"
10-17 16:54:30.428   966  1048 D WifiWatchdogStateMachine: RSSI current: 3 new: -66, 3
10-17 16:54:30.432  2782  5780 D ConnectivityManager.CallbackHandler: CM callback handler got msg 524294
10-17 16:54:30.435   277  2842 I BufferQueueProducer: [StatusBar](this:0x7fad999000,id:6,api:1,p:1103,c:277) queueBuffer: fps=2.02 dur=8896.17 max=8584.04 min=13.85
10-17 16:54:30.442   295 22210 D AudioTrackShared: front(51335040), mIsOut(0), mAvailToClient=0 stepCount=320 minimum=320, FUTEX_WAKE
10-17 16:54:30.445  8860  9040 D ConnectivityManager.CallbackHandler: CM callback handler got msg 524294
10-17 16:54:30.445  1103  1508 D NetworkController: onReceive: intent=Intent { act=android.net.wifi.RSSI_CHANGED flg=0x4000010 (has extras) }
10-17 16:54:30.454   277   277 I SurfaceFlinger: [Built-in Screen (type:0)] fps:53.863499,dur:1002.53,max:23.28,min:13.63
10-17 16:54:30.456  6622  9356 D ConnectivityManager.CallbackHandler: CM callback handler got msg 524294
10-17 16:54:30.459   966  6533 D SettingsInterface:  from settings cache , name = sys_storage_threshold_percentage , value = null
10-17 16:54:30.460   966  6533 D SettingsInterface:  from settings cache , name = sys_storage_threshold_max_bytes , value = null
10-17 16:54:30.462   295 22210 D AudioTrackShared: front(51335360), mIsOut(0), mAvailToClient=0 stepCount=320 minimum=320, FUTEX_WAKE
10-17 16:54:30.465   966   973 I System  : FinalizerDaemon: finalize objects = 674
10-17 16:54:30.469   966  1079 D ConnectivityService: getActiveNetworkInfo networkInfo = [type: WIFI[], state: CONNECTED/CONNECTED, reason: (unspecified), extra: "CDT_GUEST", roaming: false, failover: false, isAvailable: true]
10-17 16:54:30.470  8896  9061 D ConnectivityManager.CallbackHandler: CM callback handler got msg 524294
10-17 16:54:30.470   966  2757 D ConnectivityService: getActiveNetworkInfo networkInfo = [type: WIFI[], state: CONNECTED/CONNECTED, reason: (unspecified), extra: "CDT_GUEST", roaming: false, failover: false, isAvailable: true]
10-17 16:54:30.471   966  1920 W PackageManager: checkUidPermission(): android.permission.LOCAL_MAC_ADDRESS of 10091 is denied.
10-17 16:54:30.473   966  1078 D ConnectivityService: getActiveNetworkInfo networkInfo = [type: WIFI[], state: CONNECTED/CONNECTED, reason: (unspecified), extra: "CDT_GUEST", roaming: false, failover: false, isAvailable: true]
10-17 16:54:30.473   966  2596 W PackageManager: checkUidPermission(): android.permission.LOCAL_MAC_ADDRESS of 10017 is denied.
10-17 16:54:30.474   966   977 D ConnectivityService: getActiveNetworkInfo networkInfo = [type: WIFI[], state: CONNECTED/CONNECTED, reason: (unspecified), extra: "CDT_GUEST", roaming: false, failover: false, isAvailable: true]
10-17 16:54:30.475   966  3486 W PackageManager: checkUidPermission(): android.permission.LOCAL_MAC_ADDRESS of 10091 is denied.
10-17 16:54:30.476   966  1531 W PackageManager: checkUidPermission(): android.permission.LOCAL_MAC_ADDRESS of 10017 is denied.
10-17 16:54:30.478  1759  5282 D ConnectivityManager.CallbackHandler: CM callback handler got msg 524294
10-17 16:54:30.480   966   976 D ConnectivityService: getActiveNetworkInfo networkInfo = [type: WIFI[], state: CONNECTED/CONNECTED, reason: (unspecified), extra: "CDT_GUEST", roaming: false, failover: false, isAvailable: true]
10-17 16:54:30.481  1759  5282 D ConnectivityManager.CallbackHandler: CM callback handler got msg 524294
10-17 16:54:30.482  1759  5282 D ConnectivityManager.CallbackHandler: CM callback handler got msg 524294
10-17 16:54:30.482   295 22210 D AudioTrackShared: front(51335680), mIsOut(0), mAvailToClient=0 stepCount=320 minimum=320, FUTEX_WAKE
10-17 16:54:30.483   966 15355 W PackageManager: checkUidPermission(): android.permission.LOCAL_MAC_ADDRESS of 10025 is denied.
10-17 16:54:30.483   966  2757 D ConnectivityService: getActiveNetworkInfo networkInfo = [type: WIFI[], state: CONNECTED/CONNECTED, reason: (unspecified), extra: "CDT_GUEST", roaming: false, failover: false, isAvailable: true]
10-17 16:54:30.484   966  1920 W PackageManager: checkUidPermission(): android.permission.LOCAL_MAC_ADDRESS of 10025 is denied.
10-17 16:54:30.485   966  3487 D ConnectivityService: getActiveNetworkInfo networkInfo = [type: WIFI[], state: CONNECTED/CONNECTED, reason: (unspecified), extra: "CDT_GUEST", roaming: false, failover: false, isAvailable: true]
10-17 16:54:30.486   966  1078 W PackageManager: checkUidPermission(): android.permission.LOCAL_MAC_ADDRESS of 10025 is denied.
10-17 16:54:30.487   966  2596 D ConnectivityService: getActiveNetworkInfo networkInfo = [type: WIFI[], state: CONNECTED/CONNECTED, reason: (unspecified), extra: "CDT_GUEST", roaming: false, failover: false, isAvailable: true]
10-17 16:54:30.489   966   977 W PackageManager: checkUidPermission(): android.permission.LOCAL_MAC_ADDRESS of 10025 is denied.
10-17 16:54:30.490   966  3486 D ConnectivityService: getActiveNetworkInfo networkInfo = [type: WIFI[], state: CONNECTED/CONNECTED, reason: (unspecified), extra: "CDT_GUEST", roaming: false, failover: false, isAvailable: true]
10-17 16:54:30.491   966  1671 W PackageManager: checkUidPermission(): android.permission.LOCAL_MAC_ADDRESS of 10025 is denied.
10-17 16:54:30.491   966  1531 D ConnectivityService: getActiveNetworkInfo networkInfo = [type: WIFI[], state: CONNECTED/CONNECTED, reason: (unspecified), extra: "CDT_GUEST", roaming: false, failover: false, isAvailable: true]
10-17 16:54:30.492   966   976 W PackageManager: checkUidPermission(): android.permission.LOCAL_MAC_ADDRESS of 10025 is denied.
10-17 16:54:30.502   295 22210 D AudioTrackShared: front(51336000), mIsOut(0), mAvailToClient=0 stepCount=320 minimum=320, FUTEX_WAKE
10-17 16:54:30.522   295 22210 D AudioTrackShared: front(51336320), mIsOut(0), mAvailToClient=0 stepCount=320 minimum=320, FUTEX_WAKE
10-17 16:54:30.533   966  1079 V ActivityManager: Broadcast sticky: Intent { act=android.intent.action.SIG_STR flg=0x20000010 (has extras) } ordered=false userid=-1 callerApp=ProcessRecord{ba51619 966:system/1000}
10-17 16:54:30.533  1103  1508 D NetworkController.MobileSignalController(1): onSignalStrengthsChanged signalStrength=SignalStrength: 11 27 -120 -160 -6 0 -1 99 2147483647 2147483647 2147483647 2147483647 gsm|lte 1 -408 -44 level=2
10-17 16:54:30.533  1103  1508 D NetworkController.MobileSignalController(1): updateTelephonySignalStrength: hasService=true ss=SignalStrength: 11 27 -120 -160 -6 0 -1 99 2147483647 2147483647 2147483647 2147483647 gsm|lte 1 -408 -44
10-17 16:54:30.533  1103  1508 D NetworkTypeUtils: getNetworkType: type=10
10-17 16:54:30.533  1103  1508 D NetworkTypeUtils: getNetworkTypeIcon iconId = 2130837866
10-17 16:54:30.542   295 22210 D AudioTrackShared: front(51336640), mIsOut(0), mAvailToClient=0 stepCount=320 minimum=320, FUTEX_WAKE
10-17 16:54:30.546  1949  1955 D FRR     : buff=0x7f96e9a240, len=193
10-17 16:54:30.546   291   903 D SocketClient: SocketClient sendData done: 613 IfaceClass idle 1 92745507860330
10-17 16:54:30.546  1949  1955 D FRR     : uevent[0]=0x7f96e9a240, len=43, "change@/devices/virtual/xt_idletimer/timers"
10-17 16:54:30.546  1949  1955 D FRR     : voteFps(60, 0)
10-17 16:54:30.547  1949  1955 D FRR     : ThermalListener loop:
10-17 16:54:30.547   966  1012 D NetdConnector: RCV <- {613 IfaceClass idle 1 92745507860330}
10-17 16:54:30.547   966   983 D NetworkManagement: onEvent:613 IfaceClass idle 1 92745507860330:5
10-17 16:54:30.548   966   983 V ActivityManager: Broadcast: Intent { act=android.net.conn.DATA_ACTIVITY_CHANGE flg=0x10 (has extras) } ordered=true userid=-1 callerApp=ProcessRecord{ba51619 966:system/1000}
10-17 16:54:30.550  1944  1944 D ActivityThread: BDC-Calling finishReceiver: IIntentReceiver=c93829f
10-17 16:54:30.550   966   983 V ActivityManager: Broadcast sticky: Intent { act=android.net.conn.DATA_ACTIVITY_CHANGE_CT flg=0x10 (has extras) } ordered=false userid=-1 callerApp=ProcessRecord{ba51619 966:system/1000}
10-17 16:54:30.562   295 22210 D AudioTrackShared: front(51336960), mIsOut(0), mAvailToClient=0 stepCount=320 minimum=320, FUTEX_WAKE
10-17 16:54:30.582   295 22210 D AudioTrackShared: front(51337280), mIsOut(0), mAvailToClient=0 stepCount=320 minimum=320, FUTEX_WAKE
10-17 16:54:30.602   295 22210 D AudioTrackShared: front(51337600), mIsOut(0), mAvailToClient=0 stepCount=320 minimum=320, FUTEX_WAKE
10-17 16:54:30.618   277   512 I BufferQueueProducer: [com.ionicframework.ecdtmobile235842/com.ionicframework.ecdtmobile235842.MainActivity](this:0x7fadd2b000,id:888,api:1,p:24154,c:277) queueBuffer: fps=54.06 dur=1017.36 max=24.41 min=13.48
10-17 16:54:30.622   295 22210 D AudioTrackShared: front(51337920), mIsOut(0), mAvailToClient=0 stepCount=320 minimum=320, FUTEX_WAKE
10-17 16:54:30.642   966   981 W ActivityManager: Launch timeout has expired, giving up wake lock!
10-17 16:54:30.642   295 22210 D AudioTrackShared: front(51338240), mIsOut(0), mAvailToClient=0 stepCount=320 minimum=320, FUTEX_WAKE
10-17 16:54:30.642   966   981 D PowerManagerService: releaseWakeLockInternal: lock=65541121 [*launch*], flags=0x0, total_time=10002ms
10-17 16:54:30.643   966   981 D PowerManagerNotifier: onWakeLockReleased: flags=1, tag="*launch*", packageName=android, ownerUid=1000, ownerPid=966, workSource=WorkSource{10109}
10-17 16:54:30.643   966   981 D PowerManagerService: updateWakeLockSummaryLocked: mWakefulness=Awake, mWakeLockSummary=0x1
10-17 16:54:30.643   966   981 D PowerManagerService: updateUserActivitySummaryLocked: mWakefulness=Awake, mUserActivitySummary=0x1, nextTimeout=74420377 (in 282020 ms)
10-17 16:54:30.643   966   981 D DisplayPowerController: requestPowerState: policy=BRIGHT, useProximitySensor=false, screenBrightness=102, screenAutoBrightnessAdjustment=0.20800781, brightnessSetByUser=true, useAutoBrightness=true, blockScreenOn=false, lowPowerMode=false, boostScreenBrightness=false, dozeScreenBrightness=-1, dozeScreenState=UNKNOWN, waitForNegativeProximity=false
10-17 16:54:30.643   966   981 I PowerManagerService: setBrightness mButtonLight 0.
10-17 16:54:30.643   966   981 D PowerManagerService: updateDisplayPowerStateLocked: mDisplayReady=true, policy=3, mWakefulness=1, mWakeLockSummary=0x1, mUserActivitySummary=0x1, mBootCompleted=true, mScreenBrightnessBoostInProgress=false
10-17 16:54:30.662   295 22210 D AudioTrackShared: front(51338560), mIsOut(0), mAvailToClient=0 stepCount=320 minimum=320, FUTEX_WAKE
10-17 16:54:30.667   966  1001 E PROXIMITY: ProximitySensor: unknown event (type=3, code=0)
10-17 16:54:30.667   966   989 D AutomaticBrightnessController: calculateAmbientLux: [0, 100]: lux=18.0, weight=305000.0
10-17 16:54:30.667   966   989 D AutomaticBrightnessController: calculateAmbientLux: [-500, 0]: lux=16.0, weight=1375000.0
10-17 16:54:30.667   966   989 D AutomaticBrightnessController: calculateAmbientLux: totalWeight=1680000.0, newAmbientLux=16.363094
10-17 16:54:30.667   966   989 D AutomaticBrightnessController: updateAmbientLux: ambientLux=16.363094, timeToBrighten=1251, timeToDarken=2000, current=0.0
10-17 16:54:30.667   966   989 D AutomaticBrightnessController: updateAmbientLux: Scheduling ambient lux update for 7413963274139632 (in 1251 ms)
10-17 16:54:30.667   966   989 D AutomaticBrightnessController: onSensorChanged: lux = 18.0
10-17 16:54:30.682   295 22210 D AudioTrackShared: front(51338880), mIsOut(0), mAvailToClient=0 stepCount=320 minimum=320, FUTEX_WAKE
10-17 16:54:30.702   295 22210 D AudioTrackShared: front(51339200), mIsOut(0), mAvailToClient=0 stepCount=320 minimum=320, FUTEX_WAKE
10-17 16:54:30.722   295 22210 D AudioTrackShared: front(51339520), mIsOut(0), mAvailToClient=0 stepCount=320 minimum=320, FUTEX_WAKE
10-17 16:54:30.742   295 22210 D AudioTrackShared: front(51339840), mIsOut(0), mAvailToClient=0 stepCount=320 minimum=320, FUTEX_WAKE
10-17 16:54:30.762   295 22210 D AudioTrackShared: front(51340160), mIsOut(0), mAvailToClient=0 stepCount=320 minimum=320, FUTEX_WAKE
10-17 16:54:30.782   295 22210 D AudioTrackShared: front(51340480), mIsOut(0), mAvailToClient=0 stepCount=320 minimum=320, FUTEX_WAKE
10-17 16:54:30.802   295 22210 D AudioTrackShared: front(51340800), mIsOut(0), mAvailToClient=0 stepCount=320 minimum=320, FUTEX_WAKE
10-17 16:54:30.804  1581  1581 D Launcher3: Launcher,  onSaveInstanceState: outState = Bundle[{launcher.state=1, apps_customize_currentTab=APPS, android:viewHierarchyState=Bundle[{android:views={0=android.view.AbsSavedState$1@8d5c12, 1=android.view.AbsSavedState$1@8d5c12, 2=android.view.AbsSavedState$1@8d5c12, 3=android.view.AbsSavedState$1@8d5c12, 4=android.view.AbsSavedState$1@8d5c12, 5=android.view.AbsSavedState$1@8d5c12, 6=android.view.AbsSavedState$1@8d5c12, 7=android.view.AbsSavedState$1@8d5c12, 8=android.view.AbsSavedState$1@8d5c12, 9=android.view.AbsSavedState$1@8d5c12, 10=android.view.AbsSavedState$1@8d5c12, 11=android.view.AbsSavedState$1@8d5c12, 12=android.view.AbsSavedState$1@8d5c12, 13=android.view.AbsSavedState$1@8d5c12, 14=android.view.AbsSavedState$1@8d5c12, 15=android.view.AbsSavedState$1@8d5c12, 16=android.view.AbsSavedState$1@8d5c12, 17=android.view.AbsSavedState$1@8d5c12, 18=android.view.AbsSavedState$1@8d5c12, 19=android.view.AbsSavedState$1@8d5c12, 20=android.view.AbsSavedState$1@8d5c12, 21=android.view.AbsSavedState$1@8d5c12, 22=android.view.AbsSavedState$1@8d5c12, 23=android.view.AbsSavedState$1@8d5c12, 24=android.view.AbsSavedState$1@8d5c12, 25=android.view.AbsSavedState$1@8d5c12, 26=android.view.AbsSavedState$1@8d5c12, 27=android.view.AbsSavedState$1@8d5c12, 28=android.view.AbsSavedState$1@8d5c12, 29=android.view.AbsSavedState$1@8d5c12, 30=android.view.AbsSavedState$1@8d5c12, 31=android.view.AbsSavedState$1@8d5c12, 32=android.view.AbsSavedState$1@8d5c12, 33=android.view.AbsSavedState$1@8d5c12, 34=android.view.AbsSavedState$1@8d5c12, 35=android.view.AbsSavedState$1@8d5c12, 36=android.view.AbsSavedState$1@8d5c12, 37=android.view.AbsSavedState$1@8d5c12, 38=android.view.AbsSavedState$1@8d5c12, 39=android.view.AbsSavedState$1@8d5c12, 40=android.view.AbsSavedState$1@8d5c12, 41=android.view.AbsSavedState$1@8d5c12, 16908290=android.view.AbsSavedState$1@8d5c12, 2131820549=android.view.AbsSavedState$1@8d5c12, 2131820550=android.view.AbsSavedState$1@8d5c12, 2131820551=android.view.AbsSavedState$1@8d5c12, 2131820552=android.view.AbsSavedState$1@8d5c12, 2131820553=android.view.AbsSavedState$1@8d5c12, 2131820570=android.view.AbsSavedState$1@8d5c12, 2131820571=android.view.AbsSavedState$1@8d5c12, 2131820576=android.view.AbsSavedState$1@8d5c12, 2131820577=android.view.AbsSavedState$1@8d5c12, 2131820578=android.view.AbsSavedState$1@8d5c12, 2131820579=android.view.AbsSavedState$1@8d5c12, 2131820580=android.view.AbsSavedState$1@8d5c12, 2131820581=android.view.AbsSavedState$1@8d5c12, 2131820582=android.view.AbsSavedState$1@8d5c12, 2131820583=android.view.AbsSavedState$1@8d5c12, 2131820584=android.view.AbsSavedState$1@8d5c12, 2131820585=android.view.AbsSavedState$1@8d5c12, 2131820586=android.view.AbsSavedState$1@8d5c12, 2131820597=android.view.AbsSavedState$1@8d5c12, 2131820598=android.view.AbsSavedState$1@8d5c12, 2131820599=android.view.AbsSavedState$1@8d5c12, 2131820600=android.view.AbsSavedState$1@8d5c12, 2131820601=android.view.AbsSavedState$1@8d5c12, 2131820602=android.view.AbsSavedState$1@8d5c12, 2131820607=android.view.AbsSavedState$1@8d5c12, 2131820608=android.view.AbsSavedState$1@8d5c12, 2131820609=android.view.AbsSavedState$1@8d5c12}, android:Panels={0=com.android.internal.policy.PhoneWindow$PanelFeatureState$SavedState@7455418}}], apps_customize_currentIndex=10, launcher.current_screen=0, launcher.view_ids={8=3, 33=17, 13=10, 30=9, 29=8, 22=5, 28=6, 37=22, 36=21, 1=20, 34=18, 26=13, 32=16, 9=4, 35=19, 17=11, 12=7, 21=15, 14=14, 16=12, 7=2}}]
10-17 16:54:30.806  1581  1581 D Launcher3: Launcher, (Launcher)onStop: this = com.android.launcher3.Launcher@8fd278a
10-17 16:54:30.806  1581  1581 D Launcher3: Launcher, (Launcher)onStop: set SharedPreferences for MMS
10-17 16:54:30.806  1581  1581 D Launcher3: Launcher, (Launcher)onStop: PowerManager.isScreenOn() = fasle, don't set SharedPreferences
10-17 16:54:30.808  1581  1581 D Launcher3: Launcher, (Launcher)onStop: set SharedPreferences for MMS,end
10-17 16:54:30.809  1581  1581 V ActivityThread: Finishing stop of ActivityRecord{abe6df token=android.os.BinderProxy@9036f2c {com.android.launcher3/com.android.launcher3.Launcher}}: show=false win=com.android.internal.policy.PhoneWindow@629dfe3
10-17 16:54:30.809  1581  1581 V PhoneWindow: DecorView setVisiblity: visibility = 4 ,Parent =ViewRoot{f674a57 com.android.launcher3/com.android.launcher3.Launcher,ident = 0}, this =com.android.internal.policy.PhoneWindow$DecorView{96c7471 I.E...... R......D 0,0-1080,1920}
10-17 16:54:30.822   295 22210 D AudioTrackShared: front(51341120), mIsOut(0), mAvailToClient=0 stepCount=320 minimum=320, FUTEX_WAKE
10-17 16:54:30.823  1581  1581 D ActivityThread: ACT-STOP_ACTIVITY_HIDE handled : 0 / android.os.BinderProxy@9036f2c
10-17 16:54:30.823  1581  1581 D Launcher3: Launcher, onTrimMemory: level = 20
10-17 16:54:30.823  1581  1581 D Launcher3: AppsCustomizePagedView, cancelAllTasks: mRunningTasks size = 0
10-17 16:54:30.823  1581  1581 D Launcher3: AppsCustomizePagedView, clearAllPages: count = 3
10-17 16:54:30.842   295 22210 D AudioTrackShared: front(51341440), mIsOut(0), mAvailToClient=0 stepCount=320 minimum=320, FUTEX_WAKE
10-17 16:54:30.862   295 22210 D AudioTrackShared: front(51341760), mIsOut(0), mAvailToClient=0 stepCount=320 minimum=320, FUTEX_WAKE
10-17 16:54:30.882   295 22210 D AudioTrackShared: front(51342080), mIsOut(0), mAvailToClient=0 stepCount=320 minimum=320, FUTEX_WAKE
10-17 16:54:30.886   966   966 E WifiTrafficPoller: TRAFFIC_STATS_POLL true Token 374 num clients 13
10-17 16:54:30.887   966   966 E WifiTrafficPoller:  packet count Tx=189070 Rx=293463
10-17 16:54:30.902   295 22210 D AudioTrackShared: front(51342400), mIsOut(0), mAvailToClient=0 stepCount=320 minimum=320, FUTEX_WAKE
10-17 16:54:30.917   966  1001 E PROXIMITY: ProximitySensor: unknown event (type=3, code=0)
10-17 16:54:30.917   966   989 D AutomaticBrightnessController: calculateAmbientLux: [0, 100]: lux=6.0, weight=305000.0
10-17 16:54:30.917   966   989 D AutomaticBrightnessController: calculateAmbientLux: [-250, 0]: lux=18.0, weight=718750.0
10-17 16:54:30.918   966   989 D AutomaticBrightnessController: calculateAmbientLux: totalWeight=1023750.0, newAmbientLux=14.424909
10-17 16:54:30.918   966   989 D AutomaticBrightnessController: updateAmbientLux: ambientLux=14.424909, timeToBrighten=1001, timeToDarken=2000, current=0.0
10-17 16:54:30.918   966   989 D AutomaticBrightnessController: updateAmbientLux: Scheduling ambient lux update for 7413963274139632 (in 1000 ms)
10-17 16:54:30.918   966   989 D AutomaticBrightnessController: onSensorChanged: lux = 6.0
10-17 16:54:30.922   295 22210 D AudioTrackShared: front(51342720), mIsOut(0), mAvailToClient=0 stepCount=320 minimum=320, FUTEX_WAKE
10-17 16:54:30.942   295 22210 D AudioTrackShared: front(51343040), mIsOut(0), mAvailToClient=0 stepCount=320 minimum=320, FUTEX_WAKE
10-17 16:54:30.962   295 22210 D AudioTrackShared: front(51343360), mIsOut(0), mAvailToClient=0 stepCount=320 minimum=320, FUTEX_WAKE
10-17 16:54:30.982  1005  1029 D fingerprintd: onAcquired(1102)
10-17 16:54:30.982   295 22210 D AudioTrackShared: front(51343680), mIsOut(0), mAvailToClient=0 stepCount=320 minimum=320, FUTEX_WAKE
10-17 16:54:31.002   295 22210 D AudioTrackShared: front(51344000), mIsOut(0), mAvailToClient=0 stepCount=320 minimum=320, FUTEX_WAKE
10-17 16:54:31.022   295 22210 D AudioTrackShared: front(51344320), mIsOut(0), mAvailToClient=0 stepCount=320 minimum=320, FUTEX_WAKE
10-17 16:54:31.043   295 22210 D AudioTrackShared: front(51344640), mIsOut(0), mAvailToClient=0 stepCount=320 minimum=320, FUTEX_WAKE
10-17 16:54:31.062   295 22210 D AudioTrackShared: front(51344960), mIsOut(0), mAvailToClient=0 stepCount=320 minimum=320, FUTEX_WAKE
10-17 16:54:31.082   295 22210 D AudioTrackShared: front(51345280), mIsOut(0), mAvailToClient=0 stepCount=320 minimum=320, FUTEX_WAKE
10-17 16:54:31.102   295 22210 D AudioTrackShared: front(51345600), mIsOut(0), mAvailToClient=0 stepCount=320 minimum=320, FUTEX_WAKE
10-17 16:54:31.122   295 22210 D AudioTrackShared: front(51345920), mIsOut(0), mAvailToClient=0 stepCount=320 minimum=320, FUTEX_WAKE
10-17 16:54:31.142   295 22210 D AudioTrackShared: front(51346240), mIsOut(0), mAvailToClient=0 stepCount=320 minimum=320, FUTEX_WAKE
10-17 16:54:31.162   295 22210 D AudioTrackShared: front(51346560), mIsOut(0), mAvailToClient=0 stepCount=320 minimum=320, FUTEX_WAKE
10-17 16:54:31.166   966  1001 E PROXIMITY: ProximitySensor: unknown event (type=3, code=0)
10-17 16:54:31.167   966   989 D AutomaticBrightnessController: calculateAmbientLux: [0, 100]: lux=0.0, weight=305000.0
10-17 16:54:31.167   966   989 D AutomaticBrightnessController: calculateAmbientLux: [-250, 0]: lux=6.0, weight=718750.0
10-17 16:54:31.167   966   989 D AutomaticBrightnessController: calculateAmbientLux: [-500, -250]: lux=18.0, weight=656250.0
10-17 16:54:31.167   966   989 D AutomaticBrightnessController: calculateAmbientLux: totalWeight=1680000.0, newAmbientLux=9.598214
10-17 16:54:31.167   966   989 D AutomaticBrightnessController: updateAmbientLux: ambientLux=9.598214, timeToBrighten=2000, timeToDarken=2000, current=0.0
10-17 16:54:31.167   966   989 D AutomaticBrightnessController: updateAmbientLux: Scheduling ambient lux update for 7414088174140881 (in 2000 ms)
10-17 16:54:31.167   966   989 D AutomaticBrightnessController: onSensorChanged: lux = 0.0
10-17 16:54:31.182   295 22210 D AudioTrackShared: front(51346880), mIsOut(0), mAvailToClient=0 stepCount=320 minimum=320, FUTEX_WAKE
10-17 16:54:31.202   295 22210 D AudioTrackShared: front(51347200), mIsOut(0), mAvailToClient=0 stepCount=320 minimum=320, FUTEX_WAKE
10-17 16:54:31.222   295 22210 D AudioTrackShared: front(51347520), mIsOut(0), mAvailToClient=0 stepCount=320 minimum=320, FUTEX_WAKE
10-17 16:54:31.242   295 22210 D AudioTrackShared: front(51347840), mIsOut(0), mAvailToClient=0 stepCount=320 minimum=320, FUTEX_WAKE
10-17 16:54:31.262   295 22210 D AudioTrackShared: front(51348160), mIsOut(0), mAvailToClient=0 stepCount=320 minimum=320, FUTEX_WAKE
10-17 16:54:31.282   295 22210 D AudioTrackShared: front(51348480), mIsOut(0), mAvailToClient=0 stepCount=320 minimum=320, FUTEX_WAKE
10-17 16:54:31.302   295 22210 D AudioTrackShared: front(51348800), mIsOut(0), mAvailToClient=0 stepCount=320 minimum=320, FUTEX_WAKE
10-17 16:54:31.322   295 22210 D AudioTrackShared: front(51349120), mIsOut(0), mAvailToClient=0 stepCount=320 minimum=320, FUTEX_WAKE
10-17 16:54:31.342   295 22210 D AudioTrackShared: front(51349440), mIsOut(0), mAvailToClient=0 stepCount=320 minimum=320, FUTEX_WAKE
10-17 16:54:31.362   295 22210 D AudioTrackShared: front(51349760), mIsOut(0), mAvailToClient=0 stepCount=320 minimum=320, FUTEX_WAKE
10-17 16:54:31.382   295 22210 D AudioTrackShared: front(51350080), mIsOut(0), mAvailToClient=0 stepCount=320 minimum=320, FUTEX_WAKE
10-17 16:54:31.386 24154 24154 I chromium: [INFO:CONSOLE(209)] "Angular 2 is running in the development mode. Call enableProdMode() to enable the production mode.", source: file:///android_asset/www/build/main.js (209)
10-17 16:54:31.402   295 22210 D AudioTrackShared: front(51350400), mIsOut(0), mAvailToClient=0 stepCount=320 minimum=320, FUTEX_WAKE
10-17 16:54:31.422   295 22210 D AudioTrackShared: front(51350720), mIsOut(0), mAvailToClient=0 stepCount=320 minimum=320, FUTEX_WAKE
10-17 16:54:31.442   295 22210 D AudioTrackShared: front(51351040), mIsOut(0), mAvailToClient=0 stepCount=320 minimum=320, FUTEX_WAKE
10-17 16:54:31.462   295 22210 D AudioTrackShared: front(51351360), mIsOut(0), mAvailToClient=0 stepCount=320 minimum=320, FUTEX_WAKE
10-17 16:54:31.467   277   277 I SurfaceFlinger: [Built-in Screen (type:0)] fps:54.298252,dur:1012.92,max:19.93,min:13.45
10-17 16:54:31.478   277  2842 I BufferQueueProducer: [com.ionicframework.ecdtmobile235842/com.ionicframework.ecdtmobile235842.MainActivity](this:0x7fae397000,id:889,api:1,p:24154,c:277) queueBuffer: fps=2.20 dur=6828.84 max=6570.21 min=14.90
10-17 16:54:31.482   295 22210 D AudioTrackShared: front(51351680), mIsOut(0), mAvailToClient=0 stepCount=320 minimum=320, FUTEX_WAKE
10-17 16:54:31.502   295 22210 D AudioTrackShared: front(51352000), mIsOut(0), mAvailToClient=0 stepCount=320 minimum=320, FUTEX_WAKE
10-17 16:54:31.509 24154 24154 I chromium: [INFO:CONSOLE(1185)] "deviceready has not fired after 5 seconds.", source: file:///android_asset/www/cordova.js (1185)
10-17 16:54:31.510 24154 24154 I chromium: [INFO:CONSOLE(80237)] "Native: deviceready did not fire within 2000ms. This can happen when plugins are in an inconsistent state. Try removing plugins from plugins/ and reinstalling them.", source: file:///android_asset/www/build/main.js (80237)
10-17 16:54:31.522   295 22210 D AudioTrackShared: front(51352320), mIsOut(0), mAvailToClient=0 stepCount=320 minimum=320, FUTEX_WAKE
10-17 16:54:31.542   295 22210 D AudioTrackShared: front(51352640), mIsOut(0), mAvailToClient=0 stepCount=320 minimum=320, FUTEX_WAKE
10-17 16:54:31.553 24154 24154 I chromium: [INFO:CONSOLE(80232)] "DEVICE READY FIRED AFTER", source: file:///android_asset/www/build/main.js (80232)
10-17 16:54:31.562   295 22210 D AudioTrackShared: front(51352960), mIsOut(0), mAvailToClient=0 stepCount=320 minimum=320, FUTEX_WAKE
10-17 16:54:31.582   295 22210 D AudioTrackShared: front(51353280), mIsOut(0), mAvailToClient=0 stepCount=320 minimum=320, FUTEX_WAKE
10-17 16:54:31.602   295 22210 D AudioTrackShared: front(51353600), mIsOut(0), mAvailToClient=0 stepCount=320 minimum=320, FUTEX_WAKE
10-17 16:54:31.616 24248 24248 I md_monitor: Starting MD_monitor. Version=W1524 (Jul  5 2016 22:41:33)
10-17 16:54:31.616 24248 24248 I md_monitor: signal ignore
10-17 16:54:31.618   277   510 I BufferQueueProducer: [com.ionicframework.ecdtmobile235842/com.ionicframework.ecdtmobile235842.MainActivity](this:0x7fadd2b000,id:888,api:1,p:24154,c:277) queueBuffer: fps=53.99 dur=1000.10 max=22.00 min=14.43
10-17 16:54:31.622   295 22210 D AudioTrackShared: front(51353920), mIsOut(0), mAvailToClient=0 stepCount=320 minimum=320, FUTEX_WAKE
10-17 16:54:31.634 24248 24248 D md_monitor: Normal Mode 0
10-17 16:54:31.634 24248 24248 I md_monitor: debug property persist.mtklog.mdlog.path value is none
10-17 16:54:31.634 24248 24248 I md_monitor: Customize Prop file exist.
10-17 16:54:31.635 24248 24248 I md_monitor: Log Save debug.mdlogger.log2sd.path = internal_sd.
10-17 16:54:31.635 24248 24248 I md_monitor: Auto Run com.mediatek.log.modem.enabled = false.
10-17 16:54:31.635 24248 24248 D md_monitor: Get auto start mode: 0
10-17 16:54:31.635 24248 24248 I md_monitor: [Mon] Saved logging mode 0
10-17 16:54:31.635 24248 24248 I md_monitor: [Mon] Current logging mode 0
10-17 16:54:31.635 24248 24248 D md_monitor: [MDMon] MAL_Init
10-17 16:54:31.636 24248 24248 I md_monitor: mal_md_monitor_port /dev/ccci_mdl_monitor
10-17 16:54:31.636 24248 24248 I md_monitor: Start to init MonitorCore.
10-17 16:54:31.636 24248 24248 E         : Failed to opendir [/etc/mddb/]. err = [No such file or directory](2)
10-17 16:54:31.636 24248 24248 E         : Failed to find layout file in folder [/etc/mddb/].
10-17 16:54:31.636 24248 24248 E md_monitor: MonitorCore was not initialized successfully.
10-17 16:54:31.636 24248 24248 E md_monitor: InitMonitorCore fail
10-17 16:54:31.636 24248 24248 E md_monitor: Main: Exit EMDLogger with error.
10-17 16:54:31.642   295 22210 D AudioTrackShared: front(51354240), mIsOut(0), mAvailToClient=0 stepCount=320 minimum=320, FUTEX_WAKE
10-17 16:54:31.662   295 22210 D AudioTrackShared: front(51354560), mIsOut(0), mAvailToClient=0 stepCount=320 minimum=320, FUTEX_WAKE
10-17 16:54:31.682   295 22210 D AudioTrackShared: front(51354880), mIsOut(0), mAvailToClient=0 stepCount=320 minimum=320, FUTEX_WAKE
10-17 16:54:31.702   295 22210 D AudioTrackShared: front(51355200), mIsOut(0), mAvailToClient=0 stepCount=320 minimum=320, FUTEX_WAKE
10-17 16:54:31.715   277  1006 I BufferQueueProducer: [com.ionicframework.ecdtmobile235842/com.ionicframework.ecdtmobile235842.MainActivity](this:0x7fae393400,id:887,api:1,p:24154,c:277) queueBuffer: fps=0.10 dur=10243.26 max=10243.26 min=10243.26
10-17 16:54:31.717   277  5542 I BufferQueueProducer: [com.ionicframework.ecdtmobile235842/com.ionicframework.ecdtmobile235842.MainActivity](this:0x7fae393400,id:887,api:1,p:24154,c:277) new GraphicBuffer needed
10-17 16:54:31.717   277  5542 D GraphicBuffer: free, handle(0x7fb11c9960) (w:1080 h:1920 s:1088 f:0x1 u:0x000900)
10-17 16:54:31.717   277  5542 I [MALI][Gralloc]: [-]hnd(0x7fb11c9960), client(29), share_fd(86)
10-17 16:54:31.721   277  5542 I [MALI][Gralloc]: [+]hnd(0x7fb11c9960), client(29), share_fd(86), hnd->flags:4
10-17 16:54:31.722   295 22210 D AudioTrackShared: front(51355520), mIsOut(0), mAvailToClient=0 stepCount=320 minimum=320, FUTEX_WAKE
10-17 16:54:31.723   277  5542 D GraphicBuffer: alloc, handle(0x7fb11c9960) (w:1080 h:1920 s:1088 f:0x1 u:0x000b00) err(0)
10-17 16:54:31.725 24154 24200 I [MALI][Gralloc]: [+]r_hnd(0x7f554ca9a0), client(62), share_fd(131)
10-17 16:54:31.725 24154 24200 D GraphicBuffer: register, handle(0x7f554ca9a0) (w:1080 h:1920 s:1088 f:0x1 u:0x000b00)
10-17 16:54:31.734 24154 24200 D Surface : Surface::disconnect(this=0x7f6544f200,api=1)
10-17 16:54:31.734   277  1006 I BufferQueueProducer: [com.ionicframework.ecdtmobile235842/com.ionicframework.ecdtmobile235842.MainActivity](this:0x7fadd2b000,id:888,api:1,p:-1,c:277) disconnect(P): api 1
10-17 16:54:31.734   277  1006 I BufferQueueConsumer: [com.ionicframework.ecdtmobile235842/com.ionicframework.ecdtmobile235842.MainActivity](this:0x7fadd2b000,id:888,api:1,p:-1,c:277) getReleasedBuffers: returning mask 0xfffffffffffffffe
10-17 16:54:31.734   277  1006 D GraphicBuffer: free, handle(0x7fb11caae0) (w:1218 h:336 s:1232 f:0x1 u:0x000b00)
10-17 16:54:31.734   277  1006 I [MALI][Gralloc]: [-]hnd(0x7fb11caae0), client(29), share_fd(116)
10-17 16:54:31.735   277  1006 D GraphicBuffer: free, handle(0x7fb171fb20) (w:1218 h:336 s:1232 f:0x1 u:0x000b00)
10-17 16:54:31.735   277  1006 I [MALI][Gralloc]: [-]hnd(0x7fb171fb20), client(29), share_fd(112)
10-17 16:54:31.735 24154 24200 D GraphicBuffer: unregister, handle(0x7f66c927c0) (w:1218 h:336 s:1232 f:0x1 u:0x000b00)
10-17 16:54:31.736 24154 24200 I [MALI][Gralloc]: [-]r_hnd(0x7f66c927c0), client(62), share_fd(108)
10-17 16:54:31.736 24154 24200 D GraphicBuffer: unregister, handle(0x7f66c94200) (w:1218 h:336 s:1232 f:0x1 u:0x000b00)
10-17 16:54:31.737 24154 24200 I [MALI][Gralloc]: [-]r_hnd(0x7f66c94200), client(62), share_fd(98)
10-17 16:54:31.737 24154 24200 D GraphicBuffer: unregister, handle(0x7f66c92720) (w:1218 h:336 s:1232 f:0x1 u:0x000b00)
10-17 16:54:31.737 24154 24200 I [MALI][Gralloc]: [-]r_hnd(0x7f66c92720), client(62), share_fd(111)
10-17 16:54:31.738 24154 24200 E Surface : getSlotFromBufferLocked: unknown buffer: 0x7f66c91780
10-17 16:54:31.738 24154 24200 D mali_winsys: [MALI] win=0x6544f210, native_buffer=0x64d3ca10, fd=-1
10-17 16:54:31.738 24154 24200 D GraphicBuffer: unregister, handle(0x7f66c91780) (w:1218 h:336 s:1232 f:0x1 u:0x000b00)
10-17 16:54:31.738 24154 24200 I [MALI][Gralloc]: [-]r_hnd(0x7f66c91780), client(62), share_fd(103)
10-17 16:54:31.738 24154 24200 D Surface : Surface::disconnect(this=0x7f6544f200,api=1)
10-17 16:54:31.739   277  5542 I BufferQueueProducer: [com.ionicframework.ecdtmobile235842/com.ionicframework.ecdtmobile235842.MainActivity](this:0x7fadd2b000,id:888,api:1,p:-1,c:277) disconnect(P): api 1
10-17 16:54:31.740   966  2596 V WindowManager: Remove Window{6178e4c u0 com.ionicframework.ecdtmobile235842/com.ionicframework.ecdtmobile235842.MainActivity} client=4e8e7f, surface=Surface(name=com.ionicframework.ecdtmobile235842/com.ionicframework.ecdtmobile235842.MainActivity) Callers=com.android.server.wm.WindowManagerService.removeWindow:2861 com.android.server.wm.Session.remove:190 android.view.IWindowSession$Stub.onTransact:242 com.android.server.wm.Session.onTransact:133 
10-17 16:54:31.741   966  2596 V WindowManager: Looking for focus: 33 = Window{a2bc86e u0 StatusBar}, flags=-2122055608, canReceive=false
10-17 16:54:31.741   966  2596 V WindowManager: findFocusedWindow: Found new focus @ 27 = Window{40b739e u0 com.ionicframework.ecdtmobile235842/com.ionicframework.ecdtmobile235842.MainActivity}
10-17 16:54:31.742   966  2596 V WindowManager: Changing focus from Window{6178e4c u0 com.ionicframework.ecdtmobile235842/com.ionicframework.ecdtmobile235842.MainActivity EXITING} to Window{40b739e u0 com.ionicframework.ecdtmobile235842/com.ionicframework.ecdtmobile235842.MainActivity} Callers=com.android.server.wm.WindowManagerService.removeWindowLocked:2931 com.android.server.wm.WindowManagerService.removeWindow:2861 com.android.server.wm.Session.remove:190 android.view.IWindowSession$Stub.onTransact:242 
10-17 16:54:31.742   966  2596 D WindowManager: Input focus has changed to Window{40b739e u0 com.ionicframework.ecdtmobile235842/com.ionicframework.ecdtmobile235842.MainActivity}
10-17 16:54:31.742   295 22210 D AudioTrackShared: front(51355840), mIsOut(0), mAvailToClient=0 stepCount=320 minimum=320, FUTEX_WAKE
10-17 16:54:31.743   277   277 D GraphicBuffer: free, handle(0x7fb11cab80) (w:1218 h:336 s:1232 f:0x1 u:0x000b00)
10-17 16:54:31.743   277   277 I [MALI][Gralloc]: [-]hnd(0x7fb11cab80), client(29), share_fd(114)
10-17 16:54:31.745   966   986 I WindowManager: Focus moving from Window{6178e4c u0 com.ionicframework.ecdtmobile235842/com.ionicframework.ecdtmobile235842.MainActivity EXITING} to Window{40b739e u0 com.ionicframework.ecdtmobile235842/com.ionicframework.ecdtmobile235842.MainActivity}
10-17 16:54:31.745   966   986 I WindowManager: Gaining focus: Window{40b739e u0 com.ionicframework.ecdtmobile235842/com.ionicframework.ecdtmobile235842.MainActivity}
10-17 16:54:31.745 24154 24154 D WindowClient: Remove from mViews: com.android.internal.policy.PhoneWindow$DecorView{998e4 V.E...... R......D 0,0-1026,144}, this = android.view.WindowManagerGlobal@36a6e4a
10-17 16:54:31.745   966   986 I WindowManager: Losing focus: Window{6178e4c u0 com.ionicframework.ecdtmobile235842/com.ionicframework.ecdtmobile235842.MainActivity EXITING}
10-17 16:54:31.752 24154 24154 V InputMethodManager: onWindowFocus: null softInputMode=32 first=false flags=#1810100
10-17 16:54:31.753   966   977 V InputMethodManagerService: windowGainedFocus: android.os.BinderProxy@2d99020 controlFlags=#0 softInputMode=#20 windowFlags=#1810100
10-17 16:54:31.753   966   977 W InputMethodManagerService: Window already focused, ignoring focus gain of: com.android.internal.view.IInputMethodClient$Stub$Proxy@fee156f attribute=null, token = android.os.BinderProxy@94c4dd9
10-17 16:54:31.756   277  2842 I BufferQueueProducer: [com.ionicframework.ecdtmobile235842/com.ionicframework.ecdtmobile235842.MainActivity](this:0x7fae393400,id:887,api:1,p:24154,c:277) new GraphicBuffer needed
10-17 16:54:31.756   277  2842 D GraphicBuffer: free, handle(0x7fb11ca900) (w:1080 h:1920 s:1088 f:0x1 u:0x000900)
10-17 16:54:31.756   277  2842 I [MALI][Gralloc]: [-]hnd(0x7fb11ca900), client(29), share_fd(32)
10-17 16:54:31.759   277  2842 I [MALI][Gralloc]: [+]hnd(0x7fb11ca900), client(29), share_fd(32), hnd->flags:4
10-17 16:54:31.762   295 22210 D AudioTrackShared: front(51356160), mIsOut(0), mAvailToClient=0 stepCount=320 minimum=320, FUTEX_WAKE
10-17 16:54:31.766   277  2842 D GraphicBuffer: alloc, handle(0x7fb11ca900) (w:1080 h:1920 s:1088 f:0x1 u:0x000b00) err(0)
10-17 16:54:31.769 24154 24200 I [MALI][Gralloc]: [+]r_hnd(0x7f66c91780), client(62), share_fd(81)
10-17 16:54:31.769 24154 24200 D GraphicBuffer: register, handle(0x7f66c91780) (w:1080 h:1920 s:1088 f:0x1 u:0x000b00)
10-17 16:54:31.782   295 22210 D AudioTrackShared: front(51356480), mIsOut(0), mAvailToClient=0 stepCount=320 minimum=320, FUTEX_WAKE
10-17 16:54:31.802   295 22210 D AudioTrackShared: front(51356800), mIsOut(0), mAvailToClient=0 stepCount=320 minimum=320, FUTEX_WAKE
10-17 16:54:31.806   303   513 D AALService: enableAALEvent: 0 -> 1
10-17 16:54:31.822   295 22210 D AudioTrackShared: front(51357120), mIsOut(0), mAvailToClient=0 stepCount=320 minimum=320, FUTEX_WAKE
10-17 16:54:31.824   303   513 D AALService: enableAALEvent: 1 -> 0
10-17 16:54:31.842   295 22210 D AudioTrackShared: front(51357440), mIsOut(0), mAvailToClient=0 stepCount=320 minimum=320, FUTEX_WAKE
10-17 16:54:31.862   295 22210 D AudioTrackShared: front(51357760), mIsOut(0), mAvailToClient=0 stepCount=320 minimum=320, FUTEX_WAKE
10-17 16:54:31.882   295 22210 D AudioTrackShared: front(51358080), mIsOut(0), mAvailToClient=0 stepCount=320 minimum=320, FUTEX_WAKE
10-17 16:54:31.888   966   966 E WifiTrafficPoller: TRAFFIC_STATS_POLL true Token 374 num clients 13
10-17 16:54:31.889   966   966 E WifiTrafficPoller:  packet count Tx=189070 Rx=293463
10-17 16:54:31.902   295 22210 D AudioTrackShared: front(51358400), mIsOut(0), mAvailToClient=0 stepCount=320 minimum=320, FUTEX_WAKE
10-17 16:54:31.922   295 22210 D AudioTrackShared: front(51358720), mIsOut(0), mAvailToClient=0 stepCount=320 minimum=320, FUTEX_WAKE
10-17 16:54:31.942   295 22210 D AudioTrackShared: front(51359040), mIsOut(0), mAvailToClient=0 stepCount=320 minimum=320, FUTEX_WAKE
10-17 16:54:31.962   295 22210 D AudioTrackShared: front(51359360), mIsOut(0), mAvailToClient=0 stepCount=320 minimum=320, FUTEX_WAKE
10-17 16:54:31.966   277   277 I BufferQueueConsumer: [com.ionicframework.ecdtmobile235842/com.ionicframework.ecdtmobile235842.MainActivity](this:0x7fadd2b000,id:888,api:1,p:-1,c:-1) disconnect(C)
10-17 16:54:31.966   277   277 D GraphicBuffer: free, handle(0x7fb11cac20) (w:1218 h:336 s:1232 f:0x1 u:0x000b00)
10-17 16:54:31.966   277   277 I [MALI][Gralloc]: [-]hnd(0x7fb11cac20), client(29), share_fd(137)
10-17 16:54:31.966   277   277 I BufferQueue: [com.ionicframework.ecdtmobile235842/com.ionicframework.ecdtmobile235842.MainActivity](this:0x7fadd2b000,id:888,api:1,p:-1,c:-1) ~BufferQueueCore
10-17 16:54:31.969   966  1531 D SettingsInterface:  from settings cache , name = sys_storage_threshold_percentage , value = null
10-17 16:54:31.969   966  1531 D SettingsInterface:  from settings cache , name = sys_storage_threshold_max_bytes , value = null
10-17 16:54:31.982   295 22210 D AudioTrackShared: front(51359680), mIsOut(0), mAvailToClient=0 stepCount=320 minimum=320, FUTEX_WAKE
10-17 16:54:32.002   295 22210 D AudioTrackShared: front(51360000), mIsOut(0), mAvailToClient=0 stepCount=320 minimum=320, FUTEX_WAKE
10-17 16:54:32.022   295 22210 D AudioTrackShared: front(51360320), mIsOut(0), mAvailToClient=0 stepCount=320 minimum=320, FUTEX_WAKE
10-17 16:54:32.042   295 22210 D AudioTrackShared: front(51360640), mIsOut(0), mAvailToClient=0 stepCount=320 minimum=320, FUTEX_WAKE
10-17 16:54:32.062   295 22210 D AudioTrackShared: front(51360960), mIsOut(0), mAvailToClient=0 stepCount=320 minimum=320, FUTEX_WAKE
10-17 16:54:32.082   295 22210 D AudioTrackShared: front(51361280), mIsOut(0), mAvailToClient=0 stepCount=320 minimum=320, FUTEX_WAKE
10-17 16:54:32.102   295 22210 D AudioTrackShared: front(51361600), mIsOut(0), mAvailToClient=0 stepCount=320 minimum=320, FUTEX_WAKE
10-17 16:54:32.105   303   520 D AALLightSensor: newLux = 0, [0, 0] -> 0
10-17 16:54:32.121 24154 24200 D Surface : Surface::disconnect(this=0x7f66cc5800,api=1)
10-17 16:54:32.121   277   512 I BufferQueueProducer: [com.ionicframework.ecdtmobile235842/com.ionicframework.ecdtmobile235842.MainActivity](this:0x7fae393400,id:887,api:1,p:-1,c:277) disconnect(P): api 1
10-17 16:54:32.122   295 22210 D AudioTrackShared: front(51361920), mIsOut(0), mAvailToClient=0 stepCount=320 minimum=320, FUTEX_WAKE
10-17 16:54:32.122   277   512 I BufferQueueConsumer: [com.ionicframework.ecdtmobile235842/com.ionicframework.ecdtmobile235842.MainActivity](this:0x7fae393400,id:887,api:1,p:-1,c:277) getReleasedBuffers: returning mask 0xfffffffffffffff6
10-17 16:54:32.123   277   512 D GraphicBuffer: free, handle(0x7fb11ca5e0) (w:1080 h:1920 s:1088 f:0x1 u:0x000b00)
10-17 16:54:32.123   277   512 I [MALI][Gralloc]: [-]hnd(0x7fb11ca5e0), client(29), share_fd(102)
10-17 16:54:32.133   277   277 D GraphicBuffer: free, handle(0x7fb11c9960) (w:1080 h:1920 s:1088 f:0x1 u:0x000b00)
10-17 16:54:32.133   277   277 I [MALI][Gralloc]: [-]hnd(0x7fb11c9960), client(29), share_fd(86)
10-17 16:54:32.136   316   316 I thermal_src: wake up function 3
10-17 16:54:32.136   316   316 I thermal_src: TA_DAEMON_CMD_GET_TPCB cmd=0x5, len=4 PCB=36000
10-17 16:54:32.136   316   316 I thermal_src: TA_DAEMON_CMD_SET_TTJ cmd=0x4, len=4 Tj=85000
10-17 16:54:32.136 24154 24200 D GraphicBuffer: unregister, handle(0x7f554ca9a0) (w:1080 h:1920 s:1088 f:0x1 u:0x000b00)
10-17 16:54:32.136   316   316 I thermal_src: waiting NOTIFY from kernel...
10-17 16:54:32.136 24154 24200 I [MALI][Gralloc]: [-]r_hnd(0x7f554ca9a0), client(62), share_fd(131)
10-17 16:54:32.137 24154 24200 D GraphicBuffer: unregister, handle(0x7f66c91780) (w:1080 h:1920 s:1088 f:0x1 u:0x000b00)
10-17 16:54:32.137 24154 24200 I [MALI][Gralloc]: [-]r_hnd(0x7f66c91780), client(62), share_fd(81)
10-17 16:54:32.137 24154 24200 D GraphicBuffer: unregister, handle(0x7f892fbbe0) (w:1080 h:1920 s:1088 f:0x1 u:0x000b00)
10-17 16:54:32.138 24154 24200 I [MALI][Gralloc]: [-]r_hnd(0x7f892fbbe0), client(62), share_fd(101)
10-17 16:54:32.138 24154 24200 E Surface : getSlotFromBufferLocked: unknown buffer: 0x7f66c916e0
10-17 16:54:32.138 24154 24200 D mali_winsys: [MALI] win=0x66cc5810, native_buffer=0x8929b610, fd=-1
10-17 16:54:32.138 24154 24200 D GraphicBuffer: unregister, handle(0x7f66c916e0) (w:1080 h:1920 s:1088 f:0x1 u:0x000b00)
10-17 16:54:32.139 24154 24200 I [MALI][Gralloc]: [-]r_hnd(0x7f66c916e0), client(62), share_fd(104)
10-17 16:54:32.139 24154 24200 D Surface : Surface::disconnect(this=0x7f66cc5800,api=1)
