10-17 16:54:21.682   295 22210 D AudioTrackShared: front(51194880), mIsOut(0), mAvailToClient=0 stepCount=320 minimum=320, FUTEX_WAKE
10-17 16:54:21.702   295 22210 D AudioTrackShared: front(51195200), mIsOut(0), mAvailToClient=0 stepCount=320 minimum=320, FUTEX_WAKE
10-17 16:54:21.722   295 22210 D AudioTrackShared: front(51195520), mIsOut(0), mAvailToClient=0 stepCount=320 minimum=320, FUTEX_WAKE
10-17 16:54:21.742   295 22210 D AudioTrackShared: front(51195840), mIsOut(0), mAvailToClient=0 stepCount=320 minimum=320, FUTEX_WAKE
10-17 16:54:21.762   295 22210 D AudioTrackShared: front(51196160), mIsOut(0), mAvailToClient=0 stepCount=320 minimum=320, FUTEX_WAKE
10-17 16:54:21.782   295 22210 D AudioTrackShared: front(51196480), mIsOut(0), mAvailToClient=0 stepCount=320 minimum=320, FUTEX_WAKE
10-17 16:54:21.802   295 22210 D AudioTrackShared: front(51196800), mIsOut(0), mAvailToClient=0 stepCount=320 minimum=320, FUTEX_WAKE
10-17 16:54:21.822   295 22210 D AudioTrackShared: front(51197120), mIsOut(0), mAvailToClient=0 stepCount=320 minimum=320, FUTEX_WAKE
10-17 16:54:21.842   295 22210 D AudioTrackShared: front(51197440), mIsOut(0), mAvailToClient=0 stepCount=320 minimum=320, FUTEX_WAKE
10-17 16:54:21.845 24154 24154 D JsMessageQueue: Set native->JS mode to OnlineEventsBridgeMode
10-17 16:54:21.845 24154 24154 D WebView : setNetworkAvailable=true
10-17 16:54:21.862   295 22210 D AudioTrackShared: front(51197760), mIsOut(0), mAvailToClient=0 stepCount=320 minimum=320, FUTEX_WAKE
10-17 16:54:21.868   966   966 E WifiTrafficPoller: TRAFFIC_STATS_POLL true Token 374 num clients 13
10-17 16:54:21.869   966   966 E WifiTrafficPoller:  packet count Tx=189070 Rx=293463
10-17 16:54:21.882   295 22210 D AudioTrackShared: front(51198080), mIsOut(0), mAvailToClient=0 stepCount=320 minimum=320, FUTEX_WAKE
10-17 16:54:21.890   303   513 D AALService: Output backlight = 55/1023, CABC gain = 256
10-17 16:54:21.902   295 22210 D AudioTrackShared: front(51198400), mIsOut(0), mAvailToClient=0 stepCount=320 minimum=320, FUTEX_WAKE
10-17 16:54:21.922   295 22210 D AudioTrackShared: front(51198720), mIsOut(0), mAvailToClient=0 stepCount=320 minimum=320, FUTEX_WAKE
10-17 16:54:21.942   295 22210 D AudioTrackShared: front(51199040), mIsOut(0), mAvailToClient=0 stepCount=320 minimum=320, FUTEX_WAKE
10-17 16:54:21.962   295 22210 D AudioTrackShared: front(51199360), mIsOut(0), mAvailToClient=0 stepCount=320 minimum=320, FUTEX_WAKE
10-17 16:54:21.982   295 22210 D AudioTrackShared: front(51199680), mIsOut(0), mAvailToClient=0 stepCount=320 minimum=320, FUTEX_WAKE
10-17 16:54:22.002   295 22210 D AudioTrackShared: front(51200000), mIsOut(0), mAvailToClient=0 stepCount=320 minimum=320, FUTEX_WAKE
10-17 16:54:22.022   295 22210 D AudioTrackShared: front(51200320), mIsOut(0), mAvailToClient=0 stepCount=320 minimum=320, FUTEX_WAKE
10-17 16:54:22.039   303   520 D AALLightSensor: newLux = 0, [0, 0] -> 0
10-17 16:54:22.042   295 22210 D AudioTrackShared: front(51200640), mIsOut(0), mAvailToClient=0 stepCount=320 minimum=320, FUTEX_WAKE
10-17 16:54:22.062   295 22210 D AudioTrackShared: front(51200960), mIsOut(0), mAvailToClient=0 stepCount=320 minimum=320, FUTEX_WAKE
10-17 16:54:22.082   295 22210 D AudioTrackShared: front(51201280), mIsOut(0), mAvailToClient=0 stepCount=320 minimum=320, FUTEX_WAKE
10-17 16:54:22.094   303   513 D AALService: enableAALEvent: 1 -> 0
10-17 16:54:22.102   295 22210 D AudioTrackShared: front(51201600), mIsOut(0), mAvailToClient=0 stepCount=320 minimum=320, FUTEX_WAKE
10-17 16:54:22.116   316   316 I thermal_src: wake up function 3
10-17 16:54:22.116   316   316 I thermal_src: TA_DAEMON_CMD_GET_TPCB cmd=0x5, len=4 PCB=34000
10-17 16:54:22.116   316   316 I thermal_src: TA_DAEMON_CMD_SET_TTJ cmd=0x4, len=4 Tj=85000
10-17 16:54:22.116   316   316 I thermal_src: waiting NOTIFY from kernel...
10-17 16:54:22.122   295 22210 D AudioTrackShared: front(51201920), mIsOut(0), mAvailToClient=0 stepCount=320 minimum=320, FUTEX_WAKE
10-17 16:54:22.142   295 22210 D AudioTrackShared: front(51202240), mIsOut(0), mAvailToClient=0 stepCount=320 minimum=320, FUTEX_WAKE
10-17 16:54:22.162   295 22210 D AudioTrackShared: front(51202560), mIsOut(0), mAvailToClient=0 stepCount=320 minimum=320, FUTEX_WAKE
10-17 16:54:22.182   295 22210 D AudioTrackShared: front(51202880), mIsOut(0), mAvailToClient=0 stepCount=320 minimum=320, FUTEX_WAKE
10-17 16:54:22.186   303   513 D AALService: enableAALEvent: 0 -> 1
10-17 16:54:22.187   303   513 D AALService: Output backlight = 56/1023, CABC gain = 256
10-17 16:54:22.202   295 22210 D AudioTrackShared: front(51203200), mIsOut(0), mAvailToClient=0 stepCount=320 minimum=320, FUTEX_WAKE
10-17 16:54:22.205   303   513 D AALService: enableAALEvent: 1 -> 0
10-17 16:54:22.222   295 22210 D AudioTrackShared: front(51203520), mIsOut(0), mAvailToClient=0 stepCount=320 minimum=320, FUTEX_WAKE
10-17 16:54:22.242   295 22210 D AudioTrackShared: front(51203840), mIsOut(0), mAvailToClient=0 stepCount=320 minimum=320, FUTEX_WAKE
10-17 16:54:22.262   295 22210 D AudioTrackShared: front(51204160), mIsOut(0), mAvailToClient=0 stepCount=320 minimum=320, FUTEX_WAKE
10-17 16:54:22.282   295 22210 D AudioTrackShared: front(51204480), mIsOut(0), mAvailToClient=0 stepCount=320 minimum=320, FUTEX_WAKE
10-17 16:54:22.302   295 22210 D AudioTrackShared: front(51204800), mIsOut(0), mAvailToClient=0 stepCount=320 minimum=320, FUTEX_WAKE
10-17 16:54:22.322   295 22210 D AudioTrackShared: front(51205120), mIsOut(0), mAvailToClient=0 stepCount=320 minimum=320, FUTEX_WAKE
10-17 16:54:22.342   295 22210 D AudioTrackShared: front(51205440), mIsOut(0), mAvailToClient=0 stepCount=320 minimum=320, FUTEX_WAKE
10-17 16:54:22.362   295 22210 D AudioTrackShared: front(51205760), mIsOut(0), mAvailToClient=0 stepCount=320 minimum=320, FUTEX_WAKE
10-17 16:54:22.366   277   277 I SurfaceFlinger: [Built-in Screen (type:0)] fps:53.125072,dur:1016.47,max:35.89,min:14.30
10-17 16:54:22.382   295 22210 D AudioTrackShared: front(51206080), mIsOut(0), mAvailToClient=0 stepCount=320 minimum=320, FUTEX_WAKE
10-17 16:54:22.402   295 22210 D AudioTrackShared: front(51206400), mIsOut(0), mAvailToClient=0 stepCount=320 minimum=320, FUTEX_WAKE
10-17 16:54:22.422   295 22210 D AudioTrackShared: front(51206720), mIsOut(0), mAvailToClient=0 stepCount=320 minimum=320, FUTEX_WAKE
10-17 16:54:22.442   295 22210 D AudioTrackShared: front(51207040), mIsOut(0), mAvailToClient=0 stepCount=320 minimum=320, FUTEX_WAKE
10-17 16:54:22.462   295 22210 D AudioTrackShared: front(51207360), mIsOut(0), mAvailToClient=0 stepCount=320 minimum=320, FUTEX_WAKE
10-17 16:54:22.482   295 22210 D AudioTrackShared: front(51207680), mIsOut(0), mAvailToClient=0 stepCount=320 minimum=320, FUTEX_WAKE
10-17 16:54:22.482   303   513 D AALService: enableAALEvent: 0 -> 1
10-17 16:54:22.482   303   513 D AALService: Output backlight = 57/1023, CABC gain = 256
10-17 16:54:22.500   277  1006 I BufferQueueProducer: [com.ionicframework.ecdtmobile235842/com.ionicframework.ecdtmobile235842.MainActivity](this:0x7fadd2b000,id:888,api:1,p:24154,c:277) queueBuffer: fps=52.36 dur=1012.29 max=45.40 min=7.24
10-17 16:54:22.501   303   513 D AALService: enableAALEvent: 1 -> 0
10-17 16:54:22.502   295 22210 D AudioTrackShared: front(51208000), mIsOut(0), mAvailToClient=0 stepCount=320 minimum=320, FUTEX_WAKE
10-17 16:54:22.522   295 22210 D AudioTrackShared: front(51208320), mIsOut(0), mAvailToClient=0 stepCount=320 minimum=320, FUTEX_WAKE
10-17 16:54:22.542   295 22210 D AudioTrackShared: front(51208640), mIsOut(0), mAvailToClient=0 stepCount=320 minimum=320, FUTEX_WAKE
10-17 16:54:22.562   295 22210 D AudioTrackShared: front(51208960), mIsOut(0), mAvailToClient=0 stepCount=320 minimum=320, FUTEX_WAKE
10-17 16:54:22.582   295 22210 D AudioTrackShared: front(51209280), mIsOut(0), mAvailToClient=0 stepCount=320 minimum=320, FUTEX_WAKE
10-17 16:54:22.589   966  1004 D AlarmManager: set alarm to RTC 92748949
10-17 16:54:22.589   966  1004 D SettingsInterface:  from settings cache , name = background_power_saving_enable , value = 1
10-17 16:54:22.589   966  1004 D DataShapingService: Alarm manager openLteDataUpLinkGate: false
10-17 16:54:22.589   966  1004 V AlarmManager: openLteGateSuccess = false
10-17 16:54:22.589   966  1004 V AlarmManager: socktUnblockingTimeElapsed(ms): 221122 < mMinimumPeriod_BlockSocket: 300000
10-17 16:54:22.589   966  1004 D AlarmManager: wakeup alarm = Alarm{a1b5b4d type 2 when 92737551 com.google.android.gms}; package = com.google.android.gmsneedGrouping = false
10-17 16:54:22.590   966  1004 V ActivityManager: Broadcast: Intent { act=com.google.android.location.ALARM_WAKEUP_BURST_COLLECTOR flg=0x114 (has extras) } ordered=true userid=0 callerApp=null
10-17 16:54:22.590   966  1004 V AlarmManager: sending alarm Alarm{a1b5b4d type 2 when 92737551 com.google.android.gms} success
10-17 16:54:22.591   966  1004 D PowerManagerService: acquireWakeLockInternal: lock=100667145, flags=0x1, tag="*alarm*", ws=WorkSource{10011}, uid=1000, pid=966
10-17 16:54:22.591   966  1004 I muxinwu : PowerManagerService agoldReleaseWakelock mPackageName:media, mTag:AudioIn
10-17 16:54:22.591   966  1004 I muxinwu : PowerManagerService agoldReleaseWakelock package_name = com.google.android.gms, tag_name = *net_scheduler*
10-17 16:54:22.591   966  1004 I muxinwu : PowerManagerService agoldReleaseWakelock package_name = com.google.android.gms, tag_name = Checkin Service
10-17 16:54:22.591   966  1004 I muxinwu : PowerManagerService agoldReleaseWakelock mPackageName:android, mTag:*launch*
10-17 16:54:22.591   966  1004 I muxinwu : PowerManagerService agoldReleaseWakelock package_name = com.google.android.gms, tag_name = *net_scheduler*
10-17 16:54:22.591   966  1004 I muxinwu : PowerManagerService agoldReleaseWakelock package_name = com.google.android.gms, tag_name = Checkin Service
10-17 16:54:22.591   966  1004 D PowerManagerService: updateWakeLockSummaryLocked: mWakefulness=Awake, mWakeLockSummary=0x1
10-17 16:54:22.591   966  1004 D PowerManagerService: updateUserActivitySummaryLocked: mWakefulness=Awake, mUserActivitySummary=0x9, nextTimeout=74135377 (in 5072 ms)
10-17 16:54:22.591   966  1004 D DisplayPowerController: requestPowerState: policy=BRIGHT, useProximitySensor=false, screenBrightness=102, screenAutoBrightnessAdjustment=0.20800781, brightnessSetByUser=true, useAutoBrightness=true, blockScreenOn=false, lowPowerMode=false, boostScreenBrightness=false, dozeScreenBrightness=-1, dozeScreenState=UNKNOWN, waitForNegativeProximity=false
10-17 16:54:22.591   966  1004 I PowerManagerService: setBrightness mButtonLight, screenBrightness=102
10-17 16:54:22.591   966  1004 D PowerManagerService: updateDisplayPowerStateLocked: mDisplayReady=true, policy=3, mWakefulness=1, mWakeLockSummary=0x1, mUserActivitySummary=0x9, mBootCompleted=true, mScreenBrightnessBoostInProgress=false
10-17 16:54:22.592   966  1004 D PowerManagerNotifier: onWakeLockAcquired: flags=1, tag="*alarm*", packageName=android, ownerUid=1000, ownerPid=966, workSource=WorkSource{10011}
10-17 16:54:22.594   966  1671 D SettingsInterface:  from settings cache , name = location_providers_allowed , value = network,gps
10-17 16:54:22.594   966  2762 D AlarmManager: manual remove option = PendingIntent{e058602: PendingIntentRecord{e38ee9d com.google.android.gms broadcastIntent}}
10-17 16:54:22.595  1944  2139 D ActivityThread: BDC-Calling finishReceiver: IIntentReceiver=a89685e
10-17 16:54:22.595   966   966 D AlarmManager: onSendFinished begin
10-17 16:54:22.596   966   966 D PowerManagerService: releaseWakeLockInternal: lock=100667145 [*alarm*], flags=0x0, total_time=5ms
10-17 16:54:22.596   966   966 D PowerManagerNotifier: onWakeLockReleased: flags=1, tag="*alarm*", packageName=android, ownerUid=1000, ownerPid=966, workSource=WorkSource{10011}
10-17 16:54:22.596   966   966 D PowerManagerService: updateWakeLockSummaryLocked: mWakefulness=Awake, mWakeLockSummary=0x1
10-17 16:54:22.596   966   966 D PowerManagerService: updateUserActivitySummaryLocked: mWakefulness=Awake, mUserActivitySummary=0x9, nextTimeout=74135377 (in 5067 ms)
10-17 16:54:22.596   966   966 D DisplayPowerController: requestPowerState: policy=BRIGHT, useProximitySensor=false, screenBrightness=102, screenAutoBrightnessAdjustment=0.20800781, brightnessSetByUser=true, useAutoBrightness=true, blockScreenOn=false, lowPowerMode=false, boostScreenBrightness=false, dozeScreenBrightness=-1, dozeScreenState=UNKNOWN, waitForNegativeProximity=false
10-17 16:54:22.596   966   966 I PowerManagerService: setBrightness mButtonLight, screenBrightness=102
10-17 16:54:22.596   966   966 D PowerManagerService: updateDisplayPowerStateLocked: mDisplayReady=true, policy=3, mWakefulness=1, mWakeLockSummary=0x1, mUserActivitySummary=0x9, mBootCompleted=true, mScreenBrightnessBoostInProgress=false
10-17 16:54:22.602   295 22210 D AudioTrackShared: front(51209600), mIsOut(0), mAvailToClient=0 stepCount=320 minimum=320, FUTEX_WAKE
10-17 16:54:22.622   295 22210 D AudioTrackShared: front(51209920), mIsOut(0), mAvailToClient=0 stepCount=320 minimum=320, FUTEX_WAKE
10-17 16:54:22.642   295 22210 D AudioTrackShared: front(51210240), mIsOut(0), mAvailToClient=0 stepCount=320 minimum=320, FUTEX_WAKE
10-17 16:54:22.662   295 22210 D AudioTrackShared: front(51210560), mIsOut(0), mAvailToClient=0 stepCount=320 minimum=320, FUTEX_WAKE
10-17 16:54:22.682   295 22210 D AudioTrackShared: front(51210880), mIsOut(0), mAvailToClient=0 stepCount=320 minimum=320, FUTEX_WAKE
10-17 16:54:22.702   295 22210 D AudioTrackShared: front(51211200), mIsOut(0), mAvailToClient=0 stepCount=320 minimum=320, FUTEX_WAKE
10-17 16:54:22.723   295 22210 D AudioTrackShared: front(51211520), mIsOut(0), mAvailToClient=0 stepCount=320 minimum=320, FUTEX_WAKE
10-17 16:54:22.742   295 22210 D AudioTrackShared: front(51211840), mIsOut(0), mAvailToClient=0 stepCount=320 minimum=320, FUTEX_WAKE
10-17 16:54:22.762   295 22210 D AudioTrackShared: front(51212160), mIsOut(0), mAvailToClient=0 stepCount=320 minimum=320, FUTEX_WAKE
10-17 16:54:22.778   303   513 D AALService: enableAALEvent: 0 -> 1
10-17 16:54:22.779   303   513 D AALService: Output backlight = 58/1023, CABC gain = 256
10-17 16:54:22.782   295 22210 D AudioTrackShared: front(51212480), mIsOut(0), mAvailToClient=0 stepCount=320 minimum=320, FUTEX_WAKE
10-17 16:54:22.797   303   513 D AALService: enableAALEvent: 1 -> 0
10-17 16:54:22.802   295 22210 D AudioTrackShared: front(51212800), mIsOut(0), mAvailToClient=0 stepCount=320 minimum=320, FUTEX_WAKE
10-17 16:54:22.822   295 22210 D AudioTrackShared: front(51213120), mIsOut(0), mAvailToClient=0 stepCount=320 minimum=320, FUTEX_WAKE
10-17 16:54:22.842   295 22210 D AudioTrackShared: front(51213440), mIsOut(0), mAvailToClient=0 stepCount=320 minimum=320, FUTEX_WAKE
10-17 16:54:22.860   966  2761 W PackageManager: checkUidPermission(): android.permission.INTERACT_ACROSS_USERS_FULL of 10086 is denied.
10-17 16:54:22.860   966  2761 W PackageManager: checkUidPermission(): android.permission.REAL_GET_TASKS of 10086 is denied.
10-17 16:54:22.860   966  2761 W PackageManager: checkUidPermission(): android.permission.GET_TASKS of 10086 is denied.
10-17 16:54:22.862   295 22210 D AudioTrackShared: front(51213760), mIsOut(0), mAvailToClient=0 stepCount=320 minimum=320, FUTEX_WAKE
10-17 16:54:22.869   966   966 E WifiTrafficPoller: TRAFFIC_STATS_POLL true Token 374 num clients 13
10-17 16:54:22.870   966   966 E WifiTrafficPoller:  packet count Tx=189070 Rx=293463
10-17 16:54:22.882   295 22210 D AudioTrackShared: front(51214080), mIsOut(0), mAvailToClient=0 stepCount=320 minimum=320, FUTEX_WAKE
10-17 16:54:22.894   966  2757 D SettingsInterface:  from settings cache , name = sys_storage_threshold_percentage , value = null
10-17 16:54:22.894   966  2757 D SettingsInterface:  from settings cache , name = sys_storage_threshold_max_bytes , value = null
10-17 16:54:22.902   295 22210 D AudioTrackShared: front(51214400), mIsOut(0), mAvailToClient=0 stepCount=320 minimum=320, FUTEX_WAKE
10-17 16:54:22.922   295 22210 D AudioTrackShared: front(51214720), mIsOut(0), mAvailToClient=0 stepCount=320 minimum=320, FUTEX_WAKE
10-17 16:54:22.942   295 22210 D AudioTrackShared: front(51215040), mIsOut(0), mAvailToClient=0 stepCount=320 minimum=320, FUTEX_WAKE
10-17 16:54:22.962   295 22210 D AudioTrackShared: front(51215360), mIsOut(0), mAvailToClient=0 stepCount=320 minimum=320, FUTEX_WAKE
10-17 16:54:22.975   966   989 D AutomaticBrightnessController: calculateAmbientLux: [-3000, 100]: lux=0.0, weight=4805000.0
10-17 16:54:22.975   966   989 D AutomaticBrightnessController: calculateAmbientLux: totalWeight=4805000.0, newAmbientLux=0.0
10-17 16:54:22.975   966   989 D AutomaticBrightnessController: updateAmbientLux: ambientLux=0.0, timeToBrighten=2000, timeToDarken=2000, current=0.0
10-17 16:54:22.975   966   989 D AutomaticBrightnessController: updateAmbientLux: Scheduling ambient lux update for 7413268974132689 (in 2000 ms)
10-17 16:54:22.982   295 22210 D AudioTrackShared: front(51215680), mIsOut(0), mAvailToClient=0 stepCount=320 minimum=320, FUTEX_WAKE
10-17 16:54:23.002   295 22210 D AudioTrackShared: front(51216000), mIsOut(0), mAvailToClient=0 stepCount=320 minimum=320, FUTEX_WAKE
10-17 16:54:23.006   966  1078 V SettingsProvider: packageValueForCallResult, name = android_id, value : 99f3d89b17221388
10-17 16:54:23.011   966  3486 D SettingsInterface:  from settings cache , name = sys_storage_threshold_percentage , value = null
10-17 16:54:23.013   966  3486 D SettingsInterface:  from settings cache , name = sys_storage_threshold_max_bytes , value = null
10-17 16:54:23.017   966   976 D SettingsInterface:  from settings cache , name = sys_storage_threshold_percentage , value = null
10-17 16:54:23.017   966   976 D SettingsInterface:  from settings cache , name = sys_storage_threshold_max_bytes , value = null
10-17 16:54:23.020   966  1531 D SettingsInterface:  from settings cache , name = sys_storage_threshold_percentage , value = null
10-17 16:54:23.020   966  1531 D SettingsInterface:  from settings cache , name = sys_storage_threshold_max_bytes , value = null
10-17 16:54:23.022   295 22210 D AudioTrackShared: front(51216320), mIsOut(0), mAvailToClient=0 stepCount=320 minimum=320, FUTEX_WAKE
10-17 16:54:23.023   966  2762 D SettingsInterface:  from settings cache , name = sys_storage_threshold_percentage , value = null
10-17 16:54:23.023   966  2762 D SettingsInterface:  from settings cache , name = sys_storage_threshold_max_bytes , value = null
10-17 16:54:23.025   966  1920 D SettingsInterface:  from settings cache , name = sys_storage_threshold_percentage , value = null
10-17 16:54:23.026   966  1920 D SettingsInterface:  from settings cache , name = sys_storage_threshold_max_bytes , value = null
10-17 16:54:23.042   295 22210 D AudioTrackShared: front(51216640), mIsOut(0), mAvailToClient=0 stepCount=320 minimum=320, FUTEX_WAKE
10-17 16:54:23.062   295 22210 D AudioTrackShared: front(51216960), mIsOut(0), mAvailToClient=0 stepCount=320 minimum=320, FUTEX_WAKE
10-17 16:54:23.068   277  1006 I BufferQueueProducer: [com.ionicframework.ecdtmobile235842/com.ionicframework.ecdtmobile235842.MainActivity](this:0x7fae397000,id:889,api:1,p:24154,c:277) queueBuffer: fps=0.64 dur=1568.89 max=1568.89 min=1568.89
10-17 16:54:23.070   277  2842 I BufferQueueProducer: [com.ionicframework.ecdtmobile235842/com.ionicframework.ecdtmobile235842.MainActivity](this:0x7fae397000,id:889,api:1,p:24154,c:277) new GraphicBuffer needed
10-17 16:54:23.070   277  2842 D GraphicBuffer: free, handle(0x7fb171f3a0) (w:1080 h:1920 s:1088 f:0x1 u:0x000900)
10-17 16:54:23.070   277  2842 I [MALI][Gralloc]: [-]hnd(0x7fb171f3a0), client(29), share_fd(124)
10-17 16:54:23.074   277  2842 I [MALI][Gralloc]: [+]hnd(0x7fb171f3a0), client(29), share_fd(147), hnd->flags:4
10-17 16:54:23.075   277  2842 D GraphicBuffer: alloc, handle(0x7fb171f3a0) (w:1080 h:1920 s:1088 f:0x1 u:0x000b00) err(0)
10-17 16:54:23.075   303   513 D AALService: enableAALEvent: 0 -> 1
10-17 16:54:23.076   303   513 D AALService: Output backlight = 59/1023, CABC gain = 256
10-17 16:54:23.078 24154 24200 I [MALI][Gralloc]: [+]r_hnd(0x7f554ca900), client(62), share_fd(116)
10-17 16:54:23.078 24154 24200 D GraphicBuffer: register, handle(0x7f554ca900) (w:1080 h:1920 s:1088 f:0x1 u:0x000b00)
10-17 16:54:23.082   295 22210 D AudioTrackShared: front(51217280), mIsOut(0), mAvailToClient=0 stepCount=320 minimum=320, FUTEX_WAKE
10-17 16:54:23.093   303   513 D AALService: enableAALEvent: 1 -> 0
10-17 16:54:23.099   277   510 I BufferQueueProducer: [com.ionicframework.ecdtmobile235842/com.ionicframework.ecdtmobile235842.MainActivity](this:0x7fae397000,id:889,api:1,p:24154,c:277) new GraphicBuffer needed
10-17 16:54:23.099   277   510 D GraphicBuffer: free, handle(0x7fb171ee00) (w:1080 h:1920 s:1088 f:0x1 u:0x000900)
10-17 16:54:23.099   277   510 I [MALI][Gralloc]: [-]hnd(0x7fb171ee00), client(29), share_fd(75)
10-17 16:54:23.102   277   510 I [MALI][Gralloc]: [+]hnd(0x7fb171ee00), client(29), share_fd(56), hnd->flags:4
10-17 16:54:23.102   295 22210 D AudioTrackShared: front(51217600), mIsOut(0), mAvailToClient=0 stepCount=320 minimum=320, FUTEX_WAKE
10-17 16:54:23.103   277   510 D GraphicBuffer: alloc, handle(0x7fb171ee00) (w:1080 h:1920 s:1088 f:0x1 u:0x000b00) err(0)
10-17 16:54:23.104 24154 24200 I [MALI][Gralloc]: [+]r_hnd(0x7f554c9b40), client(62), share_fd(118)
10-17 16:54:23.105 24154 24200 D GraphicBuffer: register, handle(0x7f554c9b40) (w:1080 h:1920 s:1088 f:0x1 u:0x000b00)
10-17 16:54:23.122   295 22210 D AudioTrackShared: front(51217920), mIsOut(0), mAvailToClient=0 stepCount=320 minimum=320, FUTEX_WAKE
10-17 16:54:23.142   295 22210 D AudioTrackShared: front(51218240), mIsOut(0), mAvailToClient=0 stepCount=320 minimum=320, FUTEX_WAKE
10-17 16:54:23.162   295 22210 D AudioTrackShared: front(51218560), mIsOut(0), mAvailToClient=0 stepCount=320 minimum=320, FUTEX_WAKE
10-17 16:54:23.182   295 22210 D AudioTrackShared: front(51218880), mIsOut(0), mAvailToClient=0 stepCount=320 minimum=320, FUTEX_WAKE
10-17 16:54:23.202   295 22210 D AudioTrackShared: front(51219200), mIsOut(0), mAvailToClient=0 stepCount=320 minimum=320, FUTEX_WAKE
10-17 16:54:23.222   295 22210 D AudioTrackShared: front(51219520), mIsOut(0), mAvailToClient=0 stepCount=320 minimum=320, FUTEX_WAKE
10-17 16:54:23.242   295 22210 D AudioTrackShared: front(51219840), mIsOut(0), mAvailToClient=0 stepCount=320 minimum=320, FUTEX_WAKE
10-17 16:54:23.262   295 22210 D AudioTrackShared: front(51220160), mIsOut(0), mAvailToClient=0 stepCount=320 minimum=320, FUTEX_WAKE
10-17 16:54:23.282   295 22210 D AudioTrackShared: front(51220480), mIsOut(0), mAvailToClient=0 stepCount=320 minimum=320, FUTEX_WAKE
10-17 16:54:23.302   295 22210 D AudioTrackShared: front(51220800), mIsOut(0), mAvailToClient=0 stepCount=320 minimum=320, FUTEX_WAKE
10-17 16:54:23.322   295 22210 D AudioTrackShared: front(51221120), mIsOut(0), mAvailToClient=0 stepCount=320 minimum=320, FUTEX_WAKE
10-17 16:54:23.342   295 22210 D AudioTrackShared: front(51221440), mIsOut(0), mAvailToClient=0 stepCount=320 minimum=320, FUTEX_WAKE
10-17 16:54:23.362   295 22210 D AudioTrackShared: front(51221760), mIsOut(0), mAvailToClient=0 stepCount=320 minimum=320, FUTEX_WAKE
10-17 16:54:23.370   303   513 D AALService: enableAALEvent: 0 -> 1
10-17 16:54:23.371   303   513 D AALService: Output backlight = 60/1023, CABC gain = 256
10-17 16:54:23.382   295 22210 D AudioTrackShared: front(51222080), mIsOut(0), mAvailToClient=0 stepCount=320 minimum=320, FUTEX_WAKE
10-17 16:54:23.383   277   277 I SurfaceFlinger: [Built-in Screen (type:0)] fps:54.047024,dur:1017.63,max:26.21,min:10.72
10-17 16:54:23.389   303   513 D AALService: enableAALEvent: 1 -> 0
10-17 16:54:23.402   295 22210 D AudioTrackShared: front(51222400), mIsOut(0), mAvailToClient=0 stepCount=320 minimum=320, FUTEX_WAKE
10-17 16:54:23.422   295 22210 D AudioTrackShared: front(51222720), mIsOut(0), mAvailToClient=0 stepCount=320 minimum=320, FUTEX_WAKE
10-17 16:54:23.442   295 22210 D AudioTrackShared: front(51223040), mIsOut(0), mAvailToClient=0 stepCount=320 minimum=320, FUTEX_WAKE
10-17 16:54:23.462   295 22210 D AudioTrackShared: front(51223360), mIsOut(0), mAvailToClient=0 stepCount=320 minimum=320, FUTEX_WAKE
10-17 16:54:23.482   295 22210 D AudioTrackShared: front(51223680), mIsOut(0), mAvailToClient=0 stepCount=320 minimum=320, FUTEX_WAKE
10-17 16:54:23.502   295 22210 D AudioTrackShared: front(51224000), mIsOut(0), mAvailToClient=0 stepCount=320 minimum=320, FUTEX_WAKE
10-17 16:54:23.515   277  1006 I BufferQueueProducer: [com.ionicframework.ecdtmobile235842/com.ionicframework.ecdtmobile235842.MainActivity](this:0x7fadd2b000,id:888,api:1,p:24154,c:277) queueBuffer: fps=54.15 dur=1015.70 max=48.85 min=5.41
10-17 16:54:23.522   295 22210 D AudioTrackShared: front(51224320), mIsOut(0), mAvailToClient=0 stepCount=320 minimum=320, FUTEX_WAKE
10-17 16:54:23.542   295 22210 D AudioTrackShared: front(51224640), mIsOut(0), mAvailToClient=0 stepCount=320 minimum=320, FUTEX_WAKE
10-17 16:54:23.562   295 22210 D AudioTrackShared: front(51224960), mIsOut(0), mAvailToClient=0 stepCount=320 minimum=320, FUTEX_WAKE
10-17 16:54:23.582   295 22210 D AudioTrackShared: front(51225280), mIsOut(0), mAvailToClient=0 stepCount=320 minimum=320, FUTEX_WAKE
10-17 16:54:23.602   295 22210 D AudioTrackShared: front(51225600), mIsOut(0), mAvailToClient=0 stepCount=320 minimum=320, FUTEX_WAKE
10-17 16:54:23.622   295 22210 D AudioTrackShared: front(51225920), mIsOut(0), mAvailToClient=0 stepCount=320 minimum=320, FUTEX_WAKE
10-17 16:54:23.642   295 22210 D AudioTrackShared: front(51226240), mIsOut(0), mAvailToClient=0 stepCount=320 minimum=320, FUTEX_WAKE
10-17 16:54:23.662   295 22210 D AudioTrackShared: front(51226560), mIsOut(0), mAvailToClient=0 stepCount=320 minimum=320, FUTEX_WAKE
10-17 16:54:23.666   303   513 D AALService: enableAALEvent: 0 -> 1
10-17 16:54:23.668   303   513 D AALService: Output backlight = 61/1023, CABC gain = 256
10-17 16:54:23.682   295 22210 D AudioTrackShared: front(51226880), mIsOut(0), mAvailToClient=0 stepCount=320 minimum=320, FUTEX_WAKE
10-17 16:54:23.685   303   513 D AALService: enableAALEvent: 1 -> 0
10-17 16:54:23.702   295 22210 D AudioTrackShared: front(51227200), mIsOut(0), mAvailToClient=0 stepCount=320 minimum=320, FUTEX_WAKE
10-17 16:54:23.723   295 22210 D AudioTrackShared: front(51227520), mIsOut(0), mAvailToClient=0 stepCount=320 minimum=320, FUTEX_WAKE
10-17 16:54:23.742   295 22210 D AudioTrackShared: front(51227840), mIsOut(0), mAvailToClient=0 stepCount=320 minimum=320, FUTEX_WAKE
10-17 16:54:23.762   295 22210 D AudioTrackShared: front(51228160), mIsOut(0), mAvailToClient=0 stepCount=320 minimum=320, FUTEX_WAKE
10-17 16:54:23.782   295 22210 D AudioTrackShared: front(51228480), mIsOut(0), mAvailToClient=0 stepCount=320 minimum=320, FUTEX_WAKE
10-17 16:54:23.802   295 22210 D AudioTrackShared: front(51228800), mIsOut(0), mAvailToClient=0 stepCount=320 minimum=320, FUTEX_WAKE
10-17 16:54:23.812   318   318 I thermal_repeater: select timeout
10-17 16:54:23.822   295 22210 D AudioTrackShared: front(51229120), mIsOut(0), mAvailToClient=0 stepCount=320 minimum=320, FUTEX_WAKE
10-17 16:54:23.842   295 22210 D AudioTrackShared: front(51229440), mIsOut(0), mAvailToClient=0 stepCount=320 minimum=320, FUTEX_WAKE
10-17 16:54:23.862   295 22210 D AudioTrackShared: front(51229760), mIsOut(0), mAvailToClient=0 stepCount=320 minimum=320, FUTEX_WAKE
10-17 16:54:23.871   966   966 E WifiTrafficPoller: TRAFFIC_STATS_POLL true Token 374 num clients 13
10-17 16:54:23.872   966   966 E WifiTrafficPoller:  packet count Tx=189070 Rx=293463
10-17 16:54:23.882   295 22210 D AudioTrackShared: front(51230080), mIsOut(0), mAvailToClient=0 stepCount=320 minimum=320, FUTEX_WAKE
10-17 16:54:23.902   295 22210 D AudioTrackShared: front(51230400), mIsOut(0), mAvailToClient=0 stepCount=320 minimum=320, FUTEX_WAKE
10-17 16:54:23.922   295 22210 D AudioTrackShared: front(51230720), mIsOut(0), mAvailToClient=0 stepCount=320 minimum=320, FUTEX_WAKE
10-17 16:54:23.942   295 22210 D AudioTrackShared: front(51231040), mIsOut(0), mAvailToClient=0 stepCount=320 minimum=320, FUTEX_WAKE
10-17 16:54:23.962   295 22210 D AudioTrackShared: front(51231360), mIsOut(0), mAvailToClient=0 stepCount=320 minimum=320, FUTEX_WAKE
10-17 16:54:23.963   303   513 D AALService: enableAALEvent: 0 -> 1
10-17 16:54:23.963   303   513 D AALService: Output backlight = 62/1023, CABC gain = 256
10-17 16:54:23.981   303   513 D AALService: enableAALEvent: 1 -> 0
10-17 16:54:23.982   295 22210 D AudioTrackShared: front(51231680), mIsOut(0), mAvailToClient=0 stepCount=320 minimum=320, FUTEX_WAKE
10-17 16:54:24.003   295 22210 D AudioTrackShared: front(51232000), mIsOut(0), mAvailToClient=0 stepCount=320 minimum=320, FUTEX_WAKE
10-17 16:54:24.022   295 22210 D AudioTrackShared: front(51232320), mIsOut(0), mAvailToClient=0 stepCount=320 minimum=320, FUTEX_WAKE
10-17 16:54:24.042   295 22210 D AudioTrackShared: front(51232640), mIsOut(0), mAvailToClient=0 stepCount=320 minimum=320, FUTEX_WAKE
10-17 16:54:24.062   295 22210 D AudioTrackShared: front(51232960), mIsOut(0), mAvailToClient=0 stepCount=320 minimum=320, FUTEX_WAKE
10-17 16:54:24.082   295 22210 D AudioTrackShared: front(51233280), mIsOut(0), mAvailToClient=0 stepCount=320 minimum=320, FUTEX_WAKE
10-17 16:54:24.102   295 22210 D AudioTrackShared: front(51233600), mIsOut(0), mAvailToClient=0 stepCount=320 minimum=320, FUTEX_WAKE
10-17 16:54:24.111  1944  1944 D ActivityThread: SVC-UNBIND_SERVICE handled : 0 / BindServiceData{token=android.os.BinderProxy@16009fa intent=Intent { act=com.google.android.gms.wearable.BIND pkg=com.google.android.gms }}
10-17 16:54:24.112  1944  1944 D ActivityThread: SVC-Destroying service: com.google.android.gms.wearable.service.WearableService@a4a9bab
10-17 16:54:24.112  1944  1944 D ActivityThread: SVC-STOP_SERVICE handled : 0 / android.os.BinderProxy@16009fa
10-17 16:54:24.122   295 22210 D AudioTrackShared: front(51233920), mIsOut(0), mAvailToClient=0 stepCount=320 minimum=320, FUTEX_WAKE
10-17 16:54:24.142   295 22210 D AudioTrackShared: front(51234240), mIsOut(0), mAvailToClient=0 stepCount=320 minimum=320, FUTEX_WAKE
10-17 16:54:24.163   295 22210 D AudioTrackShared: front(51234560), mIsOut(0), mAvailToClient=0 stepCount=320 minimum=320, FUTEX_WAKE
10-17 16:54:24.183   295 22210 D AudioTrackShared: front(51234880), mIsOut(0), mAvailToClient=0 stepCount=320 minimum=320, FUTEX_WAKE
10-17 16:54:24.202   295 22210 D AudioTrackShared: front(51235200), mIsOut(0), mAvailToClient=0 stepCount=320 minimum=320, FUTEX_WAKE
10-17 16:54:24.223   295 22210 D AudioTrackShared: front(51235520), mIsOut(0), mAvailToClient=0 stepCount=320 minimum=320, FUTEX_WAKE
10-17 16:54:24.242   295 22210 D AudioTrackShared: front(51235840), mIsOut(0), mAvailToClient=0 stepCount=320 minimum=320, FUTEX_WAKE
10-17 16:54:24.258   303   513 D AALService: enableAALEvent: 0 -> 1
10-17 16:54:24.258   303   513 D AALService: Output backlight = 63/1023, CABC gain = 256
10-17 16:54:24.262   295 22210 D AudioTrackShared: front(51236160), mIsOut(0), mAvailToClient=0 stepCount=320 minimum=320, FUTEX_WAKE
10-17 16:54:24.268  1944  1944 D ActivityThread: SVC-UNBIND_SERVICE handled : 0 / BindServiceData{token=android.os.BinderProxy@38dc59b intent=Intent { act=com.google.android.gms.icing.LIGHTWEIGHT_INDEX_SERVICE pkg=com.google.android.gms }}
10-17 16:54:24.268  1944  1944 D ActivityThread: SVC-Destroying service: com.google.android.gms.icing.service.LightweightIndexService@3792077
10-17 16:54:24.268  1944  1944 D ActivityThread: SVC-STOP_SERVICE handled : 0 / android.os.BinderProxy@38dc59b
10-17 16:54:24.277   303   513 D AALService: enableAALEvent: 1 -> 0
10-17 16:54:24.282   295 22210 D AudioTrackShared: front(51236480), mIsOut(0), mAvailToClient=0 stepCount=320 minimum=320, FUTEX_WAKE
10-17 16:54:24.295  4825  4835 I System  : FinalizerDaemon: finalize objects = 181
10-17 16:54:24.302   295 22210 D AudioTrackShared: front(51236800), mIsOut(0), mAvailToClient=0 stepCount=320 minimum=320, FUTEX_WAKE
10-17 16:54:24.309  1994  1994 D ActivityThread: SVC-UNBIND_SERVICE handled : 0 / BindServiceData{token=android.os.BinderProxy@5fe1ddd intent=Intent { act=com.google.android.gms.icing.INDEX_SERVICE pkg=com.google.android.gms }}
10-17 16:54:24.313  1994  1994 D ActivityThread: SVC-Destroying service: com.google.android.gms.icing.service.IndexService@643bad9
10-17 16:54:24.313  1994  1994 D ActivityThread: SVC-STOP_SERVICE handled : 0 / android.os.BinderProxy@5fe1ddd
10-17 16:54:24.322   295 22210 D AudioTrackShared: front(51237120), mIsOut(0), mAvailToClient=0 stepCount=320 minimum=320, FUTEX_WAKE
10-17 16:54:24.342   295 22210 D AudioTrackShared: front(51237440), mIsOut(0), mAvailToClient=0 stepCount=320 minimum=320, FUTEX_WAKE
10-17 16:54:24.352   966  1016 D WifiStateMachine:  ConnectedState (when=-4ms what=131155 arg1=187!CMD_RSSI_POLL  rt=74132066/92739314 187 0 "CDT_GUEST" 5c:83:8f:77:33:2f rssi=-65 f=5180 sc=56 link=65 tx=1,0, 0,0, 0,0  rx=0,5 bcn=0 [on:0 tx:0 rx:0 period:3003] from screen [on:0 period:-752685472] gl rssi=-65 ag=0 ticks 4,4,223 ls-=0 [56,56,56,56,56] brc=0 lrc=0 offload-stopped
10-17 16:54:24.353   966  1016 D WifiStateMachine:  L2ConnectedState (when=-5ms what=131155 arg1=187!CMD_RSSI_POLL  rt=74132067/92739315 187 0 "CDT_GUEST" 5c:83:8f:77:33:2f rssi=-65 f=5180 sc=56 link=65 tx=1,0, 0,0, 0,0  rx=0,5 bcn=0 [on:0 tx:0 rx:0 period:1] from screen [on:0 period:-752685471] gl rssi=-65 ag=0 ticks 4,4,223 ls-=0 [56,56,56,56,56] brc=0 lrc=0 offload-stopped
10-17 16:54:24.353   966  1016 D WifiStateMachine:  get link layer stats 0
10-17 16:54:24.354   966  1016 D WifiHW  : enter -->wifi_send_command cmd=IFNAME=wlan0 SIGNAL_POLL
10-17 16:54:24.354  4588  4588 D wpa_supplicant: wlan0: Control interface command 'SIGNAL_POLL'
10-17 16:54:24.362   295 22210 D AudioTrackShared: front(51237760), mIsOut(0), mAvailToClient=0 stepCount=320 minimum=320, FUTEX_WAKE
10-17 16:54:24.368   966  1016 D WifiHW  : leave --> reply=RSSI=-65
10-17 16:54:24.368   966  1016 D WifiHW  : LINKSPEED=65
10-17 16:54:24.368   966  1016 D WifiHW  : NOISE=9999
10-17 16:54:24.368   966  1016 D WifiHW  : FREQUENCY=5180
10-17 16:54:24.368   966  1016 D WifiHW  : 
10-17 16:54:24.368   966  1016 I WifiStateMachine: fetchRssiLinkSpeedAndFrequencyNative, newRssi:-65, newLinkSpeed:65, SSID:"CDT_GUEST"
10-17 16:54:24.368   966  1016 D WifiStateMachine: mLastSignalLevel:4, newSignalLevel:4
10-17 16:54:24.368   966  1016 E WifiConfigStore: updateConfiguration freq=5180 BSSID=5c:83:8f:77:33:2f RSSI=-65 "CDT_GUEST"WPA_PSK
10-17 16:54:24.369   966  1016 V ActivityManager: Broadcast sticky: Intent { act=android.net.wifi.RSSI_CHANGED flg=0x4000010 (has extras) } ordered=false userid=-1 callerApp=ProcessRecord{ba51619 966:system/1000}
10-17 16:54:24.374  1103  1508 D NetworkController: onReceive: intent=Intent { act=android.net.wifi.RSSI_CHANGED flg=0x4000010 (has extras) }
10-17 16:54:24.376   966  1048 D WifiWatchdogStateMachine: RSSI current: 4 new: -65, 4
10-17 16:54:24.382   295 22210 D AudioTrackShared: front(51238080), mIsOut(0), mAvailToClient=0 stepCount=320 minimum=320, FUTEX_WAKE
10-17 16:54:24.383   277   277 I SurfaceFlinger: [Built-in Screen (type:0)] fps:53.997669,dur:1000.04,max:20.88,min:16.20
10-17 16:54:24.400   966   977 D ConnectivityService: getActiveNetworkInfo networkInfo = [type: WIFI[], state: CONNECTED/CONNECTED, reason: (unspecified), extra: "CDT_GUEST", roaming: false, failover: false, isAvailable: true]
10-17 16:54:24.403   295 22210 D AudioTrackShared: front(51238080), mIsOut(0), mAvailToClient=320 stepCount=320 minimum=320, FUTEX_WAKE
10-17 16:54:24.413   966  3486 D ConnectivityService: getActiveNetworkInfo networkInfo = [type: WIFI[], state: CONNECTED/CONNECTED, reason: (unspecified), extra: "CDT_GUEST", roaming: false, failover: false, isAvailable: true]
10-17 16:54:24.415   966 14015 W PackageManager: checkUidPermission(): android.permission.LOCAL_MAC_ADDRESS of 10091 is denied.
10-17 16:54:24.415   966  1079 D ConnectivityService: getActiveNetworkInfo networkInfo = [type: WIFI[], state: CONNECTED/CONNECTED, reason: (unspecified), extra: "CDT_GUEST", roaming: false, failover: false, isAvailable: true]
10-17 16:54:24.416   966 15355 W PackageManager: checkUidPermission(): android.permission.LOCAL_MAC_ADDRESS of 10017 is denied.
10-17 16:54:24.416   966  1671 W PackageManager: checkUidPermission(): android.permission.LOCAL_MAC_ADDRESS of 10025 is denied.
10-17 16:54:24.417   966  6533 D ConnectivityService: getActiveNetworkInfo networkInfo = [type: WIFI[], state: CONNECTED/CONNECTED, reason: (unspecified), extra: "CDT_GUEST", roaming: false, failover: false, isAvailable: true]
10-17 16:54:24.417   966  2762 D SettingsInterface:  from settings cache , name = sys_storage_threshold_percentage , value = null
10-17 16:54:24.418   966  2762 D SettingsInterface:  from settings cache , name = sys_storage_threshold_max_bytes , value = null
10-17 16:54:24.421   966  1920 W PackageManager: checkUidPermission(): android.permission.LOCAL_MAC_ADDRESS of 10025 is denied.
10-17 16:54:24.422   295 22210 D AudioTrackShared: front(51238720), mIsOut(0), mAvailToClient=0 stepCount=320 minimum=320, FUTEX_WAKE
10-17 16:54:24.423   966  2761 D ConnectivityService: getActiveNetworkInfo networkInfo = [type: WIFI[], state: CONNECTED/CONNECTED, reason: (unspecified), extra: "CDT_GUEST", roaming: false, failover: false, isAvailable: true]
10-17 16:54:24.424   966  2757 W PackageManager: checkUidPermission(): android.permission.LOCAL_MAC_ADDRESS of 10025 is denied.
10-17 16:54:24.442   295 22210 D AudioTrackShared: front(51239040), mIsOut(0), mAvailToClient=0 stepCount=320 minimum=320, FUTEX_WAKE
10-17 16:54:24.462   295 22210 D AudioTrackShared: front(51239360), mIsOut(0), mAvailToClient=0 stepCount=320 minimum=320, FUTEX_WAKE
10-17 16:54:24.482   295 22210 D AudioTrackShared: front(51239680), mIsOut(0), mAvailToClient=0 stepCount=320 minimum=320, FUTEX_WAKE
10-17 16:54:24.502   295 22210 D AudioTrackShared: front(51240000), mIsOut(0), mAvailToClient=0 stepCount=320 minimum=320, FUTEX_WAKE
10-17 16:54:24.522   295 22210 D AudioTrackShared: front(51240320), mIsOut(0), mAvailToClient=0 stepCount=320 minimum=320, FUTEX_WAKE
10-17 16:54:24.533   277   510 I BufferQueueProducer: [com.ionicframework.ecdtmobile235842/com.ionicframework.ecdtmobile235842.MainActivity](this:0x7fadd2b000,id:888,api:1,p:24154,c:277) queueBuffer: fps=54.08 dur=1017.05 max=23.38 min=14.56
10-17 16:54:24.536   303   513 D AALService: enableAALEvent: 0 -> 1
10-17 16:54:24.537   303   513 D AALService: Output backlight = 64/1023, CABC gain = 256
10-17 16:54:24.542   295 22210 D AudioTrackShared: front(51240640), mIsOut(0), mAvailToClient=0 stepCount=320 minimum=320, FUTEX_WAKE
10-17 16:54:24.554   303   513 D AALService: enableAALEvent: 1 -> 0
10-17 16:54:24.562   295 22210 D AudioTrackShared: front(51240960), mIsOut(0), mAvailToClient=0 stepCount=320 minimum=320, FUTEX_WAKE
10-17 16:54:24.582   295 22210 D AudioTrackShared: front(51241280), mIsOut(0), mAvailToClient=0 stepCount=320 minimum=320, FUTEX_WAKE
10-17 16:54:24.602   295 22210 D AudioTrackShared: front(51241600), mIsOut(0), mAvailToClient=0 stepCount=320 minimum=320, FUTEX_WAKE
10-17 16:54:24.623   295 22210 D AudioTrackShared: front(51241920), mIsOut(0), mAvailToClient=0 stepCount=320 minimum=320, FUTEX_WAKE
10-17 16:54:24.642   295 22210 D AudioTrackShared: front(51242240), mIsOut(0), mAvailToClient=0 stepCount=320 minimum=320, FUTEX_WAKE
10-17 16:54:24.649   277  2842 I BufferQueueProducer: [com.ionicframework.ecdtmobile235842/com.ionicframework.ecdtmobile235842.MainActivity](this:0x7fae397000,id:889,api:1,p:24154,c:277) queueBuffer: fps=1.27 dur=1580.75 max=1550.03 min=30.72
10-17 16:54:24.662   295 22210 D AudioTrackShared: front(51242560), mIsOut(0), mAvailToClient=0 stepCount=320 minimum=320, FUTEX_WAKE
10-17 16:54:24.683   295 22210 D AudioTrackShared: front(51242880), mIsOut(0), mAvailToClient=0 stepCount=320 minimum=320, FUTEX_WAKE
10-17 16:54:24.702   295 22210 D AudioTrackShared: front(51243200), mIsOut(0), mAvailToClient=0 stepCount=320 minimum=320, FUTEX_WAKE
10-17 16:54:24.722   295 22210 D AudioTrackShared: front(51243520), mIsOut(0), mAvailToClient=0 stepCount=320 minimum=320, FUTEX_WAKE
10-17 16:54:24.742   295 22210 D AudioTrackShared: front(51243840), mIsOut(0), mAvailToClient=0 stepCount=320 minimum=320, FUTEX_WAKE
10-17 16:54:24.762   295 22210 D AudioTrackShared: front(51244160), mIsOut(0), mAvailToClient=0 stepCount=320 minimum=320, FUTEX_WAKE
10-17 16:54:24.782   295 22210 D AudioTrackShared: front(51244480), mIsOut(0), mAvailToClient=0 stepCount=320 minimum=320, FUTEX_WAKE
10-17 16:54:24.802   295 22210 D AudioTrackShared: front(51244800), mIsOut(0), mAvailToClient=0 stepCount=320 minimum=320, FUTEX_WAKE
10-17 16:54:24.822   295 22210 D AudioTrackShared: front(51245120), mIsOut(0), mAvailToClient=0 stepCount=320 minimum=320, FUTEX_WAKE
10-17 16:54:24.842   295 22210 D AudioTrackShared: front(51245440), mIsOut(0), mAvailToClient=0 stepCount=320 minimum=320, FUTEX_WAKE
10-17 16:54:24.862   295 22210 D AudioTrackShared: front(51245760), mIsOut(0), mAvailToClient=0 stepCount=320 minimum=320, FUTEX_WAKE
10-17 16:54:24.873   966   966 E WifiTrafficPoller: TRAFFIC_STATS_POLL true Token 374 num clients 13
10-17 16:54:24.874   966   966 E WifiTrafficPoller:  packet count Tx=189070 Rx=293463
10-17 16:54:24.882   295 22210 D AudioTrackShared: front(51246080), mIsOut(0), mAvailToClient=0 stepCount=320 minimum=320, FUTEX_WAKE
10-17 16:54:24.902   295 22210 D AudioTrackShared: front(51246400), mIsOut(0), mAvailToClient=0 stepCount=320 minimum=320, FUTEX_WAKE
10-17 16:54:24.922   295 22210 D AudioTrackShared: front(51246720), mIsOut(0), mAvailToClient=0 stepCount=320 minimum=320, FUTEX_WAKE
10-17 16:54:24.942   295 22210 D AudioTrackShared: front(51247040), mIsOut(0), mAvailToClient=0 stepCount=320 minimum=320, FUTEX_WAKE
10-17 16:54:24.962   295 22210 D AudioTrackShared: front(51247360), mIsOut(0), mAvailToClient=0 stepCount=320 minimum=320, FUTEX_WAKE
10-17 16:54:24.976   966   989 D AutomaticBrightnessController: calculateAmbientLux: [-3000, 100]: lux=0.0, weight=4805000.0
10-17 16:54:24.976   966   989 D AutomaticBrightnessController: calculateAmbientLux: totalWeight=4805000.0, newAmbientLux=0.0
10-17 16:54:24.976   966   989 D AutomaticBrightnessController: updateAmbientLux: ambientLux=0.0, timeToBrighten=2000, timeToDarken=2000, current=0.0
10-17 16:54:24.976   966   989 D AutomaticBrightnessController: updateAmbientLux: Scheduling ambient lux update for 7413469074134690 (in 2000 ms)
10-17 16:54:24.982   295 22210 D AudioTrackShared: front(51247680), mIsOut(0), mAvailToClient=0 stepCount=320 minimum=320, FUTEX_WAKE
10-17 16:54:25.002   295 22210 D AudioTrackShared: front(51248000), mIsOut(0), mAvailToClient=0 stepCount=320 minimum=320, FUTEX_WAKE
10-17 16:54:25.022   295 22210 D AudioTrackShared: front(51248320), mIsOut(0), mAvailToClient=0 stepCount=320 minimum=320, FUTEX_WAKE
10-17 16:54:25.042   295 22210 D AudioTrackShared: front(51248640), mIsOut(0), mAvailToClient=0 stepCount=320 minimum=320, FUTEX_WAKE
10-17 16:54:25.062   295 22210 D AudioTrackShared: front(51248960), mIsOut(0), mAvailToClient=0 stepCount=192 minimum=320, FUTEX_WAKE
10-17 16:54:25.062   295 22210 D AudioTrackShared: front(51248960), mIsOut(0), mAvailToClient=192 stepCount=128 minimum=320, FUTEX_WAKE
10-17 16:54:25.082   295 22210 D AudioTrackShared: front(51249280), mIsOut(0), mAvailToClient=0 stepCount=320 minimum=320, FUTEX_WAKE
10-17 16:54:25.102   295 22210 D AudioTrackShared: front(51249600), mIsOut(0), mAvailToClient=0 stepCount=320 minimum=320, FUTEX_WAKE
10-17 16:54:25.122   295 22210 D AudioTrackShared: front(51249920), mIsOut(0), mAvailToClient=0 stepCount=320 minimum=320, FUTEX_WAKE
10-17 16:54:25.142   295 22210 D AudioTrackShared: front(51250240), mIsOut(0), mAvailToClient=0 stepCount=320 minimum=320, FUTEX_WAKE
10-17 16:54:25.162   295 22210 D AudioTrackShared: front(51250560), mIsOut(0), mAvailToClient=0 stepCount=320 minimum=320, FUTEX_WAKE
10-17 16:54:25.183   295 22210 D AudioTrackShared: front(51250880), mIsOut(0), mAvailToClient=0 stepCount=320 minimum=320, FUTEX_WAKE
10-17 16:54:25.202   295 22210 D AudioTrackShared: front(51251200), mIsOut(0), mAvailToClient=0 stepCount=320 minimum=320, FUTEX_WAKE
10-17 16:54:25.222   295 22210 D AudioTrackShared: front(51251520), mIsOut(0), mAvailToClient=0 stepCount=320 minimum=320, FUTEX_WAKE
10-17 16:54:25.242   295 22210 D AudioTrackShared: front(51251840), mIsOut(0), mAvailToClient=0 stepCount=320 minimum=320, FUTEX_WAKE
10-17 16:54:25.253  6299  6307 I System  : FinalizerDaemon: finalize objects = 2
10-17 16:54:25.262   295 22210 D AudioTrackShared: front(51252160), mIsOut(0), mAvailToClient=0 stepCount=320 minimum=320, FUTEX_WAKE
10-17 16:54:25.282   295 22210 D AudioTrackShared: front(51252480), mIsOut(0), mAvailToClient=0 stepCount=320 minimum=320, FUTEX_WAKE
10-17 16:54:25.302   295 22210 D AudioTrackShared: front(51252800), mIsOut(0), mAvailToClient=0 stepCount=320 minimum=320, FUTEX_WAKE
10-17 16:54:25.322   295 22210 D AudioTrackShared: front(51253120), mIsOut(0), mAvailToClient=0 stepCount=320 minimum=320, FUTEX_WAKE
10-17 16:54:25.342   295 22210 D AudioTrackShared: front(51253440), mIsOut(0), mAvailToClient=0 stepCount=320 minimum=320, FUTEX_WAKE
10-17 16:54:25.363   295 22210 D AudioTrackShared: front(51253760), mIsOut(0), mAvailToClient=0 stepCount=320 minimum=320, FUTEX_WAKE
10-17 16:54:25.382   295 22210 D AudioTrackShared: front(51254080), mIsOut(0), mAvailToClient=0 stepCount=320 minimum=320, FUTEX_WAKE
10-17 16:54:25.399   277   277 I SurfaceFlinger: [Built-in Screen (type:0)] fps:54.128124,dur:1016.11,max:21.31,min:15.41
10-17 16:54:25.402   295 22210 D AudioTrackShared: front(51254400), mIsOut(0), mAvailToClient=0 stepCount=320 minimum=320, FUTEX_WAKE
10-17 16:54:25.423   295 22210 D AudioTrackShared: front(51254720), mIsOut(0), mAvailToClient=0 stepCount=320 minimum=320, FUTEX_WAKE
10-17 16:54:25.442   295 22210 D AudioTrackShared: front(51254720), mIsOut(0), mAvailToClient=320 stepCount=320 minimum=320, FUTEX_WAKE
10-17 16:54:25.463   295 22210 D AudioTrackShared: front(51254720), mIsOut(0), mAvailToClient=640 stepCount=320 minimum=320, FUTEX_WAKE
10-17 16:54:25.482   295 22210 D AudioTrackShared: front(51254720), mIsOut(0), mAvailToClient=960 stepCount=320 minimum=320, FUTEX_WAKE
10-17 16:54:25.503   295 22210 D AudioTrackShared: front(51254720), mIsOut(0), mAvailToClient=1280 stepCount=320 minimum=320, FUTEX_WAKE
10-17 16:54:25.522   295 22210 D AudioTrackShared: front(51254720), mIsOut(0), mAvailToClient=1600 stepCount=320 minimum=320, FUTEX_WAKE
10-17 16:54:25.534   277  1006 I BufferQueueProducer: [com.ionicframework.ecdtmobile235842/com.ionicframework.ecdtmobile235842.MainActivity](this:0x7fadd2b000,id:888,api:1,p:24154,c:277) queueBuffer: fps=53.93 dur=1001.37 max=21.99 min=15.56
10-17 16:54:25.542   295 22210 D AudioTrackShared: front(51254720), mIsOut(0), mAvailToClient=1920 stepCount=320 minimum=320, FUTEX_WAKE
10-17 16:54:25.562   295 22210 D AudioTrackShared: front(51254720), mIsOut(0), mAvailToClient=2240 stepCount=320 minimum=320, FUTEX_WAKE
10-17 16:54:25.582   295 22210 D AudioTrackShared: front(51254720), mIsOut(0), mAvailToClient=2560 stepCount=320 minimum=320, FUTEX_WAKE
10-17 16:54:25.602  1759  1793 I System  : FinalizerDaemon: finalize objects = 105
10-17 16:54:25.602   295 22210 D AudioTrackShared: front(51254720), mIsOut(0), mAvailToClient=2880 stepCount=320 minimum=320, FUTEX_WAKE
10-17 16:54:25.622   295 22210 D AudioTrackShared: front(51257920), mIsOut(0), mAvailToClient=0 stepCount=320 minimum=320, FUTEX_WAKE
10-17 16:54:25.642   295 22210 D AudioTrackShared: front(51258240), mIsOut(0), mAvailToClient=0 stepCount=320 minimum=320, FUTEX_WAKE
10-17 16:54:25.662   295 22210 D AudioTrackShared: front(51258560), mIsOut(0), mAvailToClient=0 stepCount=320 minimum=320, FUTEX_WAKE
10-17 16:54:25.682   295 22210 D AudioTrackShared: front(51258880), mIsOut(0), mAvailToClient=0 stepCount=320 minimum=320, FUTEX_WAKE
10-17 16:54:25.702   295 22210 D AudioTrackShared: front(51259200), mIsOut(0), mAvailToClient=0 stepCount=320 minimum=320, FUTEX_WAKE
10-17 16:54:25.722   295 22210 D AudioTrackShared: front(51259520), mIsOut(0), mAvailToClient=0 stepCount=320 minimum=320, FUTEX_WAKE
10-17 16:54:25.742   295 22210 D AudioTrackShared: front(51259840), mIsOut(0), mAvailToClient=0 stepCount=320 minimum=320, FUTEX_WAKE
10-17 16:54:25.762   295 22210 D AudioTrackShared: front(51260160), mIsOut(0), mAvailToClient=0 stepCount=320 minimum=320, FUTEX_WAKE
10-17 16:54:25.782   295 22210 D AudioTrackShared: front(51260480), mIsOut(0), mAvailToClient=0 stepCount=320 minimum=320, FUTEX_WAKE
10-17 16:54:25.802   295 22210 D AudioTrackShared: front(51260800), mIsOut(0), mAvailToClient=0 stepCount=320 minimum=320, FUTEX_WAKE
10-17 16:54:25.822   295 22210 D AudioTrackShared: front(51261120), mIsOut(0), mAvailToClient=0 stepCount=320 minimum=320, FUTEX_WAKE
10-17 16:54:25.842   295 22210 D AudioTrackShared: front(51261440), mIsOut(0), mAvailToClient=0 stepCount=320 minimum=320, FUTEX_WAKE
10-17 16:54:25.862   295 22210 D AudioTrackShared: front(51261760), mIsOut(0), mAvailToClient=0 stepCount=320 minimum=320, FUTEX_WAKE
10-17 16:54:25.875   966   966 E WifiTrafficPoller: TRAFFIC_STATS_POLL true Token 374 num clients 13
