10-18 11:43:07.010   966  2596 E Sensors : handleToDriver handle(0)
10-18 11:43:07.011   966  2596 E Sensors : new setDelay handle(0),ns(20000000)m, error(0), index(2)
10-18 11:43:07.011   966  2596 E Accel   : ACC batch: handle:0, en:0,samplingPeriodNs:20000000 maxBatchReportLatencyNs:0 
10-18 11:43:07.011   966  2596 E Sensors : sensor 0 go to common batch
10-18 11:43:07.011   966  2596 E Sensors : handleToDriver handle(0)
10-18 11:43:07.011   966  2596 E Sensors : go to batchsensor(0)
10-18 11:43:07.227   966  1001 E PROXIMITY: ProximitySensor: unknown event (type=3, code=0)
10-18 11:43:07.292  9296  9296 D wpa_supplicant: wlan0: Control interface command 'SCAN TYPE=ONLY'
10-18 11:43:07.292  9296  9296 D wpa_supplicant: hw.num_modes = 3
10-18 11:43:07.292  9296  9296 D wpa_supplicant: wlan0: Setting scan request: 0.000000 sec
10-18 11:43:07.292  9296  9296 D wpa_supplicant: wlan0: Starting AP scan for wildcard SSID
10-18 11:43:07.292  9296  9296 D wpa_supplicant: WPS: Building WPS IE for Probe Request
10-18 11:43:07.292  9296  9296 D wpa_supplicant: WPS:  * Version (hardcoded 0x10)
10-18 11:43:07.292  9296  9296 D wpa_supplicant: WPS:  * Request Type
10-18 11:43:07.292  9296  9296 D wpa_supplicant: WPS:  * Config Methods (4288)
10-18 11:43:07.292  9296  9296 D wpa_supplicant: WPS:  * UUID-E
10-18 11:43:07.293  9296  9296 D wpa_supplicant: WPS:  * Primary Device Type
10-18 11:43:07.293  9296  9296 D wpa_supplicant: WPS:  * RF Bands (3)
10-18 11:43:07.293  9296  9296 D wpa_supplicant: WPS:  * Association State
10-18 11:43:07.293  9296  9296 D wpa_supplicant: WPS:  * Configuration Error (0)
10-18 11:43:07.293  9296  9296 D wpa_supplicant: WPS:  * Device Password ID (0)
10-18 11:43:07.293  9296  9296 D wpa_supplicant: WPS:  * Manufacturer
10-18 11:43:07.293  9296  9296 D wpa_supplicant: WPS:  * Model Name
10-18 11:43:07.293  9296  9296 D wpa_supplicant: WPS:  * Model Number
10-18 11:43:07.293  9296  9296 D wpa_supplicant: WPS:  * Device Name
10-18 11:43:07.297  9296  9296 D wpa_supplicant: WPS:  * Version2 (0x20)
10-18 11:43:07.297  9296  9296 D wpa_supplicant: P2P: * P2P IE header
10-18 11:43:07.297  9296  9296 D wpa_supplicant: P2P: * Capability dev=25 group=00
10-18 11:43:07.299  9296  9296 D wpa_supplicant: P2P: * Listen Channel: Regulatory Class 81 Channel 6
10-18 11:43:07.300  9296  9296 D wpa_supplicant: wlan0: Add radio work 'scan'@0x7f7e25d280
10-18 11:43:07.300  9296  9296 D wpa_supplicant: wlan0: First radio work item in the queue - schedule start immediately
10-18 11:43:07.300  9296  9296 D wpa_supplicant: wlan0: Starting radio work 'scan'@0x7f7e25d280 after 0.000179 second wait
10-18 11:43:07.300  9296  9296 D wpa_supplicant: wlan0: nl80211: scan request
10-18 11:43:07.304  9296  9296 D wpa_supplicant: Scan requested (ret=0) - scan timeout 30 seconds
10-18 11:43:07.304  9296  9296 D wpa_supplicant: nl80211: Event message available
10-18 11:43:07.304  9296  9296 D wpa_supplicant: nl80211: Ignored event (cmd=33) for foreign interface (ifindex 19 wdev 0x0)
10-18 11:43:07.304  9296  9296 D wpa_supplicant: nl80211: Drv Event 33 (NL80211_CMD_TRIGGER_SCAN) received for wlan0
10-18 11:43:07.304  9296  9296 D wpa_supplicant: wlan0: nl80211: Scan trigger
10-18 11:43:07.304  9296  9296 D wpa_supplicant: wlan0: Event SCAN_STARTED (47) received
10-18 11:43:07.304  9296  9296 D wpa_supplicant: wlan0: Own scan request started a scan in 0.000581 seconds
10-18 11:43:07.305   966  9322 E WifiMonitor: handleEvent unknown: 14  CTRL-EVENT-SCAN-STARTED 
10-18 11:43:07.306  9296  9296 D wpa_supplicant: CTRL_IFACE monitor sent successfully to /data/misc/wifi/sockets/wpa_ctrl_966-6\x00
10-18 11:43:07.430  9364  9364 D BluetoothAdapterService: handleMessage() - Message: 100
10-18 11:43:07.477   966  1001 E PROXIMITY: ProximitySensor: unknown event (type=3, code=0)
10-18 11:43:07.727   966  1001 E PROXIMITY: ProximitySensor: unknown event (type=3, code=0)
10-18 11:43:07.784   966   966 E WifiTrafficPoller: TRAFFIC_STATS_POLL true Token 565 num clients 10
10-18 11:43:07.785   966   966 E WifiTrafficPoller:  packet count Tx=264822 Rx=391081
10-18 11:43:07.977   966  1001 E PROXIMITY: ProximitySensor: unknown event (type=3, code=0)
10-18 11:43:07.977 21132 21132 E         : Failed to opendir [/etc/mddb/]. err = [No such file or directory](2)
10-18 11:43:07.977 21132 21132 E         : Failed to find layout file in folder [/etc/mddb/].
10-18 11:43:07.977 21132 21132 E md_monitor: MonitorCore was not initialized successfully.
10-18 11:43:07.977 21132 21132 E md_monitor: InitMonitorCore fail
10-18 11:43:07.977 21132 21132 E md_monitor: Main: Exit EMDLogger with error.
10-18 11:43:08.226   966  1001 E PROXIMITY: ProximitySensor: unknown event (type=3, code=0)
10-18 11:43:08.479   966  1001 E PROXIMITY: ProximitySensor: unknown event (type=3, code=0)
10-18 11:43:08.727   966  1001 E PROXIMITY: ProximitySensor: unknown event (type=3, code=0)
10-18 11:43:08.787   966   966 E WifiTrafficPoller: TRAFFIC_STATS_POLL true Token 565 num clients 10
10-18 11:43:08.788   966   966 E WifiTrafficPoller:  packet count Tx=264822 Rx=391081
10-18 11:43:08.788   966   966 E WifiTrafficPoller: notifying of data activity 0
10-18 11:43:08.918  1944  6004 I BluetoothLeScanner: startRegisteration: mLeScanClients={android.bluetooth.BluetoothAdapter$2@5a9b693=android.bluetooth.le.BluetoothLeScanner$BleScanCallbackWrapper@795b6d0} ,callback=android.bluetooth.BluetoothAdapter$2@5a9b693
10-18 11:43:08.919  9364  9582 D BtGatt.GattService: stopScan() - queue size =1
10-18 11:43:08.919  9364  9570 I BtGatt.ScanManager: getDeliveryMode:  DELIVERY_MODE_IMMEDIATE
10-18 11:43:08.919  9364  9567 D BtGatt.GattService: unregisterClient() - clientIf=5
10-18 11:43:08.919  9364  9570 D BtGatt.ScanManager: stop scan
10-18 11:43:08.920  9364  9570 D BtGatt.ScanManager: gattClientScanNative(false);
10-18 11:43:08.923  9364  9571 W bt_hci  : filter_incoming_event command complete event with no matching command. opcode: 0x200c.
10-18 11:43:08.925  9364  9566 D BtGatt.GattService: onScanFilterParamsConfigured() - clientIf=5, status=0, action=1, availableSpace=50
10-18 11:43:08.925  9364  9566 D BtGatt.ScanManager: callback done for clientIf - 5 status - 0
10-18 11:43:08.925  9364  9570 D BtGatt.ScanManager: configureRegularScanParams() - queue=0
10-18 11:43:08.925  9364  9570 D BtGatt.ScanManager: configureRegularScanParams() - ScanSetting Scan mode=-2147483648 mLastConfiguredScanSetting=2
10-18 11:43:08.925  9364  9570 D BtGatt.ScanManager: configureRegularScanParams() - queue emtpy, scan stopped
10-18 11:43:08.976   966  1001 E PROXIMITY: ProximitySensor: unknown event (type=3, code=0)
10-18 11:43:09.090  9364  9567 D BtGatt.GattService: registerClient() - UUID=2620ef8c-d07c-41cf-8a59-b332c33541e1
10-18 11:43:09.091  9364  9566 D BtGatt.GattService: onClientRegistered() - UUID=2620ef8c-d07c-41cf-8a59-b332c33541e1, clientIf=5
10-18 11:43:09.091  1944  1963 D BluetoothLeScanner: onClientRegistered() - status=0 clientIf=5
10-18 11:43:09.092  9364  9379 D BtGatt.GattService: start scan without filters
10-18 11:43:09.093  1944  6004 I BluetoothLeScanner: startRegisteration: mLeScanClients={android.bluetooth.BluetoothAdapter$2@2dfaa7e=android.bluetooth.le.BluetoothLeScanner$BleScanCallbackWrapper@aa22bdf}
10-18 11:43:09.093  9364  9570 D BtGatt.ScanManager: handling starting scan
10-18 11:43:09.095  9364  9570 I BtGatt.ScanManager: configureScanFilters: client=com.android.bluetooth.gatt.ScanClient@24
10-18 11:43:09.095  9364  9570 I BtGatt.ScanManager: getDeliveryMode:  DELIVERY_MODE_IMMEDIATE
10-18 11:43:09.095  9364  9570 I BtGatt.ScanManager: gattClientScanFilterEnableNative(com.android.bluetooth.gatt.ScanClient@24,true);
10-18 11:43:09.099  9364  9566 D BtGatt.GattService: onScanFilterEnableDisabled() - clientIf=5, status=0, action=1
10-18 11:43:09.099  9364  9566 D BtGatt.ScanManager: callback done for clientIf - 5 status - 0
10-18 11:43:09.099  9364  9570 I BtGatt.ScanManager: configureScanFilters: shouldUseAllPassFilter
10-18 11:43:09.099  9364  9570 I BtGatt.ScanManager: getDeliveryMode:  DELIVERY_MODE_IMMEDIATE
10-18 11:43:09.099  9364  9570 D BtGatt.ScanManager: configureFilterParamter 500 10000 1 0
10-18 11:43:09.099  9364  9570 I BtGatt.ScanManager: configureFilterParamter: deliveryMode=0 ,rssiThreshold=-128
10-18 11:43:09.099  9364  9570 I BtGatt.ScanManager: gattClientScanFilterParamAddNative
10-18 11:43:09.102  9364  9566 D BtGatt.GattService: onScanFilterParamsConfigured() - clientIf=5, status=0, action=0, availableSpace=49
10-18 11:43:09.102  9364  9566 D BtGatt.ScanManager: callback done for clientIf - 5 status - 0
10-18 11:43:09.102  9364  9570 I BtGatt.ScanManager: gattClientScanNative(true);
10-18 11:43:09.102  9364  9570 D BtGatt.ScanManager: configureRegularScanParams() - queue=1
10-18 11:43:09.103  9364  9570 D BtGatt.ScanManager: configureRegularScanParams() - ScanSetting Scan mode=2 mLastConfiguredScanSetting=-2147483648
10-18 11:43:09.103  9364  9570 I BtGatt.ScanManager: gattClientScanNative(false);
10-18 11:43:09.103  9364  9570 D BtGatt.ScanManager: configureRegularScanParams - scanInterval = 8000configureRegularScanParams - scanWindow = 8000
10-18 11:43:09.103  9364  9570 I BtGatt.ScanManager: gattClientScanNative(true);
10-18 11:43:09.104  9364  9566 D BtGatt.GattService: onScanParamSetupCompleted : 0
10-18 11:43:09.110  9364  9571 W bt_hci  : filter_incoming_event command complete event with no matching command. opcode: 0x200c.
10-18 11:43:09.227   966  1001 E PROXIMITY: ProximitySensor: unknown event (type=3, code=0)
10-18 11:43:09.480   966  1001 E PROXIMITY: ProximitySensor: unknown event (type=3, code=0)
10-18 11:43:09.616  9364  9364 D BluetoothAdapterService: handleMessage() - Message: 100
10-18 11:43:09.726   966  1001 E PROXIMITY: ProximitySensor: unknown event (type=3, code=0)
10-18 11:43:09.790   966   966 E WifiTrafficPoller: TRAFFIC_STATS_POLL true Token 565 num clients 10
10-18 11:43:09.790   966   966 E WifiTrafficPoller:  packet count Tx=264822 Rx=391081
10-18 11:43:09.799  9296  9296 D wpa_supplicant: wlan0: Control interface command 'SIGNAL_POLL'
10-18 11:43:09.801   966  1016 E WifiConfigStore: updateConfiguration freq=5180 BSSID=5c:83:8f:77:33:2f RSSI=-67 "CDT_GUEST"WPA_PSK
10-18 11:43:09.900  1944  6004 I BluetoothLeScanner: startRegisteration: mLeScanClients={android.bluetooth.BluetoothAdapter$2@2dfaa7e=android.bluetooth.le.BluetoothLeScanner$BleScanCallbackWrapper@aa22bdf} ,callback=android.bluetooth.BluetoothAdapter$2@2dfaa7e
10-18 11:43:09.900  9364  9378 D BtGatt.GattService: stopScan() - queue size =1
10-18 11:43:09.901  9364  9570 I BtGatt.ScanManager: getDeliveryMode:  DELIVERY_MODE_IMMEDIATE
10-18 11:43:09.901  9364  9570 D BtGatt.ScanManager: stop scan
10-18 11:43:09.902  9364  9570 D BtGatt.ScanManager: gattClientScanNative(false);
10-18 11:43:09.907  9364  9579 D BtGatt.GattService: unregisterClient() - clientIf=5
10-18 11:43:09.913  9364  9571 W bt_hci  : filter_incoming_event command complete event with no matching command. opcode: 0x200c.
10-18 11:43:09.917  9364  9566 D BtGatt.GattService: onScanFilterParamsConfigured() - clientIf=5, status=0, action=1, availableSpace=50
10-18 11:43:09.917  9364  9566 D BtGatt.ScanManager: callback done for clientIf - 5 status - 0
10-18 11:43:09.917  9364  9570 D BtGatt.ScanManager: configureRegularScanParams() - queue=0
10-18 11:43:09.917  9364  9570 D BtGatt.ScanManager: configureRegularScanParams() - ScanSetting Scan mode=-2147483648 mLastConfiguredScanSetting=2
10-18 11:43:09.917  9364  9570 D BtGatt.ScanManager: configureRegularScanParams() - queue emtpy, scan stopped
10-18 11:43:09.977   966  1001 E PROXIMITY: ProximitySensor: unknown event (type=3, code=0)
10-18 11:43:10.227   966  1001 E PROXIMITY: ProximitySensor: unknown event (type=3, code=0)
10-18 11:43:10.295  1103  1508 E MPlugin : Unsupported class: com.mediatek.systemui.ext.ISystemUIStatusBarExt
10-18 11:43:10.299  1103  1508 E MPlugin : Unsupported class: com.mediatek.systemui.ext.ISystemUIStatusBarExt
10-18 11:43:10.379   309   309 D wifi2agps: scan result, found 10 APs
10-18 11:43:10.380  9296  9296 D wpa_supplicant: RTM_NEWLINK: ifi_index=19 ifname=wlan0 wext ifi_family=0 ifi_flags=0x11043 ([UP][RUNNING][LOWER_UP])
10-18 11:43:10.380  9296  9296 D wpa_supplicant: nl80211: Event message available
10-18 11:43:10.380  9296  9296 D wpa_supplicant: nl80211: Ignored event (cmd=34) for foreign interface (ifindex 19 wdev 0x0)
10-18 11:43:10.383  9296  9296 D wpa_supplicant: nl80211: Drv Event 34 (NL80211_CMD_NEW_SCAN_RESULTS) received for wlan0
10-18 11:43:10.383  9296  9296 D wpa_supplicant: wlan0: nl80211: New scan results available
10-18 11:43:10.383  9296  9296 D wpa_supplicant: nl80211: Scan probed for SSID ''
10-18 11:43:10.383  9296  9296 D wpa_supplicant: nl80211: Scan included frequencies: 2412 2417 2422 2427 2432 2437 2442 2447 2452 2457 2462 2467 2472 5180 5200 5220 5240 5260 5280 5300 5320 5500 5520 5540 5560 5580 5600 5620 5640 5660 5680 5700
10-18 11:43:10.384  9296  9296 D wpa_supplicant: wlan0: Event SCAN_RESULTS (3) received
10-18 11:43:10.384  9296  9296 D wpa_supplicant: wlan0: Scan completed in 3.079329 seconds
10-18 11:43:10.384  9296  9296 D wpa_supplicant: nl80211: Associated on 5180 MHz
10-18 11:43:10.384  9296  9296 D wpa_supplicant: nl80211: Associated with 5c:83:8f:77:33:2f
10-18 11:43:10.384  9296  9296 D wpa_supplicant: nl80211: Received scan results (7 BSSes)
10-18 11:43:10.384  9296  9296 D wpa_supplicant: nl80211: Scan results indicate BSS status with 5c:83:8f:77:33:2f as associated
10-18 11:43:10.384  9296  9296 D wpa_supplicant: wlan0: BSS: Start scan result update 83
10-18 11:43:10.385  9296  9296 D wpa_supplicant: wlan0: BSS: Add new id 174 BSSID 5c:83:8f:77:33:21 SSID ''
10-18 11:43:10.386  9296  9296 D wpa_supplicant: CTRL_IFACE monitor sent successfully to /data/misc/wifi/sockets/wpa_ctrl_966-6\x00
10-18 11:43:10.386  9296  9296 D wpa_supplicant: wlan0: BSS: Add new id 175 BSSID 00:24:fe:ae:0b:b8 SSID ''
10-18 11:43:10.387  9296  9296 D wpa_supplicant: CTRL_IFACE monitor sent successfully to /data/misc/wifi/sockets/wpa_ctrl_966-6\x00
10-18 11:43:10.387  9296  9296 D wpa_supplicant: wlan0: BSS: Add new id 176 BSSID f4:0f:1b:05:57:70 SSID 'EC_Corporate'
10-18 11:43:10.387  9296  9296 D wpa_supplicant: CTRL_IFACE monitor sent successfully to /data/misc/wifi/sockets/wpa_ctrl_966-6\x00
10-18 11:43:10.387  9296  9296 D wpa_supplicant: wlan0: BSS: Add new id 177 BSSID f4:0f:1b:05:57:72 SSID 'EC_Guest'
10-18 11:43:10.388  9296  9296 D wpa_supplicant: CTRL_IFACE monitor sent successfully to /data/misc/wifi/sockets/wpa_ctrl_966-6\x00
10-18 11:43:10.388  9296  9296 D wpa_supplicant: BSS: last_scan_res_used=7/32
10-18 11:43:10.388  9296  9296 D wpa_supplicant: wlan0: Scan-only results received
10-18 11:43:10.392  9296  9296 D wpa_supplicant: CTRL_IFACE monitor sent successfully to /data/misc/wifi/sockets/wpa_ctrl_966-6\x00
10-18 11:43:10.393  9296  9296 D wpa_supplicant: wlan0: Radio work 'scan'@0x7f7e25d280 done in 3.092669 seconds
10-18 11:43:10.393  9296  9296 D wpa_supplicant: wlan0: Control interface command 'BSS RANGE=0- MASK=0x29d87'
10-18 11:43:10.401  9296  9296 D wpa_supplicant: wlan0: Control interface command 'BSS RANGE=177- MASK=0x29d87'
10-18 11:43:10.405   966  1016 E WifiConfigStore: updateSavedNetworkHistory(): try "CDT_GUEST"WPA_PSK SSID="CDT_GUEST" CDT_GUEST [WPA2-PSK+FT/PSK-CCMP][ESS] ajst=0
10-18 11:43:10.405   966  1016 E WifiConfigStore:         got known scan result 5c:83:8f:77:33:2f key : "CDT_GUEST"WPA_PSK num: 10 rssi=-66 freq=5180
10-18 11:43:10.406   966  1016 E WifiConfigStore: updateSavedNetworkHistory(): try "CDT_GUEST"WPA_PSK SSID="CDT_GUEST" CDT_GUEST [WPA2-PSK+FT/PSK-CCMP][ESS] ajst=0
10-18 11:43:10.406   966  1016 E WifiConfigStore:         got known scan result 5c:83:8f:77:33:20 key : "CDT_GUEST"WPA_PSK num: 10 rssi=-68 freq=2462
10-18 11:43:10.406   966  1016 E WifiConfigStore: updateSavedNetworkHistory(): try "CDT_GUEST"WPA_PSK SSID="CDT_GUEST" CDT_GUEST [WPA2-PSK+FT/PSK-CCMP][ESS] ajst=0
10-18 11:43:10.407   966  1016 E WifiConfigStore:         got known scan result 5c:83:8f:90:01:40 key : "CDT_GUEST"WPA_PSK num: 10 rssi=-93 freq=2462
10-18 11:43:10.407   966  1016 E WifiConfigStore: updateSavedNetworkHistory(): try "CDT_GUEST"WPA_PSK SSID="CDT_GUEST" CDT_GUEST [WPA2-PSK+FT/PSK-CCMP][ESS] ajst=0
10-18 11:43:10.407   966  1016 E WifiConfigStore:         got known scan result 5c:83:8f:90:01:4f key : "CDT_GUEST"WPA_PSK num: 10 rssi=-88 freq=5180
10-18 11:43:10.408  9296  9296 D wpa_supplicant: wlan0: Control interface command 'STATUS-NO_EVENTS'
10-18 11:43:10.409  9296  9296 D wpa_supplicant: EAPOL: EAP Session-Id not available
10-18 11:43:10.410   966  1016 E WifiConfigStore:  writeKnownNetworkHistory() num networks:3 needWrite=false
10-18 11:43:10.410   966  1016 E WifiStateMachine: mIsFullScanOngoing: true, mSendScanResultsBroadcast: false
10-18 11:43:10.410   966  1016 E WifiStateMachine: mWifiOnScanCount: 68
10-18 11:43:10.420  9364  9364 D BluetoothAdapterService: handleMessage() - Message: 100
10-18 11:43:10.477   966  1001 E PROXIMITY: ProximitySensor: unknown event (type=3, code=0)
10-18 11:43:10.577   966  3486 E Sensors : handleToDriver handle(0)
10-18 11:43:10.579   966  3486 E Sensors : handleToDriver handle(0)
10-18 11:43:10.579   966  3486 E Sensors : new setDelay handle(0),ns(66667000)m, error(0), index(2)
10-18 11:43:10.579   966  3486 E Accel   : ACC batch: handle:0, en:0,samplingPeriodNs:66667000 maxBatchReportLatencyNs:0 
10-18 11:43:10.579   966  3486 E Sensors : sensor 0 go to common batch
10-18 11:43:10.728   966  1001 E PROXIMITY: ProximitySensor: unknown event (type=3, code=0)
10-18 11:43:10.790   966   966 E WifiTrafficPoller: TRAFFIC_STATS_POLL true Token 565 num clients 10
10-18 11:43:10.791   966   966 E WifiTrafficPoller:  packet count Tx=264822 Rx=391081
10-18 11:43:10.977   966  1001 E PROXIMITY: ProximitySensor: unknown event (type=3, code=0)
10-18 11:43:11.227   966  1001 E PROXIMITY: ProximitySensor: unknown event (type=3, code=0)
10-18 11:43:11.486   966  1001 E PROXIMITY: ProximitySensor: unknown event (type=3, code=0)
10-18 11:43:11.569 20936 20936 D WebView : setNetworkAvailable=false
10-18 11:43:11.592  1103  1103 D RecentsActivity: updateRecentsTasks
10-18 11:43:11.600  1103  1103 I TaskView: updateDimFromTaskProgress getDimFromTaskProgress():2
10-18 11:43:11.601  1103  1103 I TaskView: updateDimFromTaskProgress getDimFromTaskProgress():14
10-18 11:43:11.602  1103  1103 I TaskView: updateDimFromTaskProgress getDimFromTaskProgress():35
10-18 11:43:11.603  1103  1103 I TaskView: updateDimFromTaskProgress getDimFromTaskProgress():65
10-18 11:43:11.614 20936 20982 E Surface : getSlotFromBufferLocked: unknown buffer: 0x7f87757440
10-18 11:43:11.737   966  1001 E PROXIMITY: ProximitySensor: unknown event (type=3, code=0)
10-18 11:43:11.792   966   966 E WifiTrafficPoller: TRAFFIC_STATS_POLL true Token 565 num clients 10
10-18 11:43:11.793   966   966 E WifiTrafficPoller:  packet count Tx=264822 Rx=391081
10-18 11:43:11.986   966  1001 E PROXIMITY: ProximitySensor: unknown event (type=3, code=0)
10-18 11:43:12.237   966  1001 E PROXIMITY: ProximitySensor: unknown event (type=3, code=0)
10-18 11:43:12.490   966  1001 E PROXIMITY: ProximitySensor: unknown event (type=3, code=0)
10-18 11:43:12.690  1103  1103 I TaskView: updateDimFromTaskProgress getDimFromTaskProgress():14
10-18 11:43:12.690  1103  1103 I TaskView: updateDimFromTaskProgress getDimFromTaskProgress():14
10-18 11:43:12.691  1103  1103 I TaskView: updateDimFromTaskProgress getDimFromTaskProgress():35
10-18 11:43:12.691  1103  1103 I TaskView: updateDimFromTaskProgress getDimFromTaskProgress():35
10-18 11:43:12.691  1103  1103 I TaskView: updateDimFromTaskProgress getDimFromTaskProgress():65
10-18 11:43:12.691  1103  1103 I TaskView: updateDimFromTaskProgress getDimFromTaskProgress():65
10-18 11:43:12.709  1103  1103 I TaskView: updateDimFromTaskProgress getDimFromTaskProgress():14
10-18 11:43:12.709  1103  1103 I TaskView: updateDimFromTaskProgress getDimFromTaskProgress():14
10-18 11:43:12.709  1103  1103 I TaskView: updateDimFromTaskProgress getDimFromTaskProgress():35
10-18 11:43:12.709  1103  1103 I TaskView: updateDimFromTaskProgress getDimFromTaskProgress():35
10-18 11:43:12.709  1103  1103 I TaskView: updateDimFromTaskProgress getDimFromTaskProgress():65
10-18 11:43:12.709  1103  1103 I TaskView: updateDimFromTaskProgress getDimFromTaskProgress():65
10-18 11:43:12.726  1103  1103 I TaskView: updateDimFromTaskProgress getDimFromTaskProgress():14
10-18 11:43:12.726  1103  1103 I TaskView: updateDimFromTaskProgress getDimFromTaskProgress():14
10-18 11:43:12.726  1103  1103 I TaskView: updateDimFromTaskProgress getDimFromTaskProgress():35
10-18 11:43:12.726  1103  1103 I TaskView: updateDimFromTaskProgress getDimFromTaskProgress():35
10-18 11:43:12.727  1103  1103 I TaskView: updateDimFromTaskProgress getDimFromTaskProgress():65
10-18 11:43:12.727  1103  1103 I TaskView: updateDimFromTaskProgress getDimFromTaskProgress():65
10-18 11:43:12.736   966  1001 E PROXIMITY: ProximitySensor: unknown event (type=3, code=0)
10-18 11:43:12.744  1103  1103 I TaskView: updateDimFromTaskProgress getDimFromTaskProgress():14
10-18 11:43:12.744  1103  1103 I TaskView: updateDimFromTaskProgress getDimFromTaskProgress():14
10-18 11:43:12.745  1103  1103 I TaskView: updateDimFromTaskProgress getDimFromTaskProgress():35
10-18 11:43:12.745  1103  1103 I TaskView: updateDimFromTaskProgress getDimFromTaskProgress():35
10-18 11:43:12.745  1103  1103 I TaskView: updateDimFromTaskProgress getDimFromTaskProgress():65
10-18 11:43:12.745  1103  1103 I TaskView: updateDimFromTaskProgress getDimFromTaskProgress():65
10-18 11:43:12.762  1103  1103 I TaskView: updateDimFromTaskProgress getDimFromTaskProgress():14
10-18 11:43:12.762  1103  1103 I TaskView: updateDimFromTaskProgress getDimFromTaskProgress():14
10-18 11:43:12.762  1103  1103 I TaskView: updateDimFromTaskProgress getDimFromTaskProgress():35
10-18 11:43:12.763  1103  1103 I TaskView: updateDimFromTaskProgress getDimFromTaskProgress():35
10-18 11:43:12.763  1103  1103 I TaskView: updateDimFromTaskProgress getDimFromTaskProgress():65
10-18 11:43:12.763  1103  1103 I TaskView: updateDimFromTaskProgress getDimFromTaskProgress():65
10-18 11:43:12.781  1103  1103 I TaskView: updateDimFromTaskProgress getDimFromTaskProgress():14
10-18 11:43:12.781  1103  1103 I TaskView: updateDimFromTaskProgress getDimFromTaskProgress():14
10-18 11:43:12.781  1103  1103 I TaskView: updateDimFromTaskProgress getDimFromTaskProgress():35
10-18 11:43:12.781  1103  1103 I TaskView: updateDimFromTaskProgress getDimFromTaskProgress():35
10-18 11:43:12.781  1103  1103 I TaskView: updateDimFromTaskProgress getDimFromTaskProgress():65
10-18 11:43:12.781  1103  1103 I TaskView: updateDimFromTaskProgress getDimFromTaskProgress():65
10-18 11:43:12.793   966   966 E WifiTrafficPoller: TRAFFIC_STATS_POLL true Token 565 num clients 10
10-18 11:43:12.794   966   966 E WifiTrafficPoller:  packet count Tx=264822 Rx=391081
10-18 11:43:12.799  1103  1103 I TaskView: updateDimFromTaskProgress getDimFromTaskProgress():14
10-18 11:43:12.799  1103  1103 I TaskView: updateDimFromTaskProgress getDimFromTaskProgress():14
10-18 11:43:12.800  1103  1103 I TaskView: updateDimFromTaskProgress getDimFromTaskProgress():35
10-18 11:43:12.800  1103  1103 I TaskView: updateDimFromTaskProgress getDimFromTaskProgress():35
10-18 11:43:12.800  1103  1103 I TaskView: updateDimFromTaskProgress getDimFromTaskProgress():64
10-18 11:43:12.800  1103  1103 I TaskView: updateDimFromTaskProgress getDimFromTaskProgress():64
10-18 11:43:12.806  9296  9296 D wpa_supplicant: wlan0: Control interface command 'SIGNAL_POLL'
10-18 11:43:12.818  1103  1103 I TaskView: updateDimFromTaskProgress getDimFromTaskProgress():14
10-18 11:43:12.818  1103  1103 I TaskView: updateDimFromTaskProgress getDimFromTaskProgress():14
10-18 11:43:12.818  1103  1103 I TaskView: updateDimFromTaskProgress getDimFromTaskProgress():34
10-18 11:43:12.818  1103  1103 I TaskView: updateDimFromTaskProgress getDimFromTaskProgress():34
10-18 11:43:12.818  1103  1103 I TaskView: updateDimFromTaskProgress getDimFromTaskProgress():64
10-18 11:43:12.819  1103  1103 I TaskView: updateDimFromTaskProgress getDimFromTaskProgress():64
10-18 11:43:12.833   966  1019 E JavaBinder: !!! FAILED BINDER TRANSACTION !!!  (parcel size = 548)
10-18 11:43:12.834   966  1019 E ConnectivityService: RemoteException caught trying to send a callback msg for NetworkRequest [ id=135, legacyType=-1, [ Capabilities: INTERNET&NOT_RESTRICTED&TRUSTED] ]
10-18 11:43:12.836  1103  1103 I TaskView: updateDimFromTaskProgress getDimFromTaskProgress():14
10-18 11:43:12.836  1103  1103 I TaskView: updateDimFromTaskProgress getDimFromTaskProgress():14
10-18 11:43:12.836  1103  1103 I TaskView: updateDimFromTaskProgress getDimFromTaskProgress():34
10-18 11:43:12.837  1103  1103 I TaskView: updateDimFromTaskProgress getDimFromTaskProgress():34
10-18 11:43:12.837  1103  1103 I TaskView: updateDimFromTaskProgress getDimFromTaskProgress():64
10-18 11:43:12.837  1103  1103 I TaskView: updateDimFromTaskProgress getDimFromTaskProgress():64
10-18 11:43:12.846   966 15355 I WindowState: WIN DEATH: Window{968e21a u0 com.ionicframework.freelancemobile235842/com.ionicframework.freelancemobile235842.MainActivity}
10-18 11:43:12.847   966  6533 D GraphicsStats: Buffer count: 9
10-18 11:43:12.848   966  1019 E ConnectivityService: RemoteException caught trying to send a callback msg for NetworkRequest [ id=135, legacyType=-1, [ Capabilities: INTERNET&NOT_RESTRICTED&TRUSTED] ]
10-18 11:43:12.855  1103  1103 I TaskView: updateDimFromTaskProgress getDimFromTaskProgress():14
10-18 11:43:12.855  1103  1103 I TaskView: updateDimFromTaskProgress getDimFromTaskProgress():14
10-18 11:43:12.855  1103  1103 I TaskView: updateDimFromTaskProgress getDimFromTaskProgress():34
10-18 11:43:12.856  1103  1103 I TaskView: updateDimFromTaskProgress getDimFromTaskProgress():34
10-18 11:43:12.857  1103  1103 I TaskView: updateDimFromTaskProgress getDimFromTaskProgress():64
10-18 11:43:12.857  1103  1103 I TaskView: updateDimFromTaskProgress getDimFromTaskProgress():64
10-18 11:43:12.873  1103  1103 I TaskView: updateDimFromTaskProgress getDimFromTaskProgress():13
10-18 11:43:12.874  1103  1103 I TaskView: updateDimFromTaskProgress getDimFromTaskProgress():13
10-18 11:43:12.874  1103  1103 I TaskView: updateDimFromTaskProgress getDimFromTaskProgress():34
10-18 11:43:12.874  1103  1103 I TaskView: updateDimFromTaskProgress getDimFromTaskProgress():34
10-18 11:43:12.874  1103  1103 I TaskView: updateDimFromTaskProgress getDimFromTaskProgress():63
10-18 11:43:12.874  1103  1103 I TaskView: updateDimFromTaskProgress getDimFromTaskProgress():63
10-18 11:43:12.887   966  1016 E WifiConfigStore: updateConfiguration freq=5180 BSSID=5c:83:8f:77:33:2f RSSI=-65 "CDT_GUEST"WPA_PSK
10-18 11:43:12.893  1103  1103 I TaskView: updateDimFromTaskProgress getDimFromTaskProgress():13
10-18 11:43:12.893  1103  1103 I TaskView: updateDimFromTaskProgress getDimFromTaskProgress():13
10-18 11:43:12.893  1103  1103 I TaskView: updateDimFromTaskProgress getDimFromTaskProgress():34
10-18 11:43:12.893  1103  1103 I TaskView: updateDimFromTaskProgress getDimFromTaskProgress():34
10-18 11:43:12.893  1103  1103 I TaskView: updateDimFromTaskProgress getDimFromTaskProgress():63
10-18 11:43:12.893  1103  1103 I TaskView: updateDimFromTaskProgress getDimFromTaskProgress():63
10-18 11:43:12.910  1103  1103 I TaskView: updateDimFromTaskProgress getDimFromTaskProgress():13
10-18 11:43:12.910  1103  1103 I TaskView: updateDimFromTaskProgress getDimFromTaskProgress():13
10-18 11:43:12.911  1103  1103 I TaskView: updateDimFromTaskProgress getDimFromTaskProgress():34
10-18 11:43:12.911  1103  1103 I TaskView: updateDimFromTaskProgress getDimFromTaskProgress():34
10-18 11:43:12.911  1103  1103 I TaskView: updateDimFromTaskProgress getDimFromTaskProgress():63
10-18 11:43:12.911  1103  1103 I TaskView: updateDimFromTaskProgress getDimFromTaskProgress():63
10-18 11:43:12.986   966  1001 E PROXIMITY: ProximitySensor: unknown event (type=3, code=0)
10-18 11:43:13.011 21136 21136 E         : Failed to opendir [/etc/mddb/]. err = [No such file or directory](2)
10-18 11:43:13.011 21136 21136 E         : Failed to find layout file in folder [/etc/mddb/].
10-18 11:43:13.012 21136 21136 E md_monitor: MonitorCore was not initialized successfully.
10-18 11:43:13.012 21136 21136 E md_monitor: InitMonitorCore fail
10-18 11:43:13.012 21136 21136 E md_monitor: Main: Exit EMDLogger with error.
10-18 11:43:13.236   966  1001 E PROXIMITY: ProximitySensor: unknown event (type=3, code=0)
10-18 11:43:13.282  1103  1103 I TaskView: updateDimFromTaskProgress getDimFromTaskProgress():34
10-18 11:43:13.282  1103  1103 I TaskView: updateDimFromTaskProgress getDimFromTaskProgress():34
10-18 11:43:13.283  1103  1103 I TaskView: updateDimFromTaskProgress getDimFromTaskProgress():63
10-18 11:43:13.283  1103  1103 I TaskView: updateDimFromTaskProgress getDimFromTaskProgress():63
10-18 11:43:13.300  1103  1103 I TaskView: updateDimFromTaskProgress getDimFromTaskProgress():34
10-18 11:43:13.300  1103  1103 I TaskView: updateDimFromTaskProgress getDimFromTaskProgress():34
10-18 11:43:13.300  1103  1103 I TaskView: updateDimFromTaskProgress getDimFromTaskProgress():63
10-18 11:43:13.300  1103  1103 I TaskView: updateDimFromTaskProgress getDimFromTaskProgress():63
10-18 11:43:13.317  1103  1103 I TaskView: updateDimFromTaskProgress getDimFromTaskProgress():33
10-18 11:43:13.317  1103  1103 I TaskView: updateDimFromTaskProgress getDimFromTaskProgress():33
10-18 11:43:13.317  1103  1103 I TaskView: updateDimFromTaskProgress getDimFromTaskProgress():63
10-18 11:43:13.317  1103  1103 I TaskView: updateDimFromTaskProgress getDimFromTaskProgress():63
10-18 11:43:13.336  1103  1103 I TaskView: updateDimFromTaskProgress getDimFromTaskProgress():32
10-18 11:43:13.336  1103  1103 I TaskView: updateDimFromTaskProgress getDimFromTaskProgress():32
10-18 11:43:13.336  1103  1103 I TaskView: updateDimFromTaskProgress getDimFromTaskProgress():61
10-18 11:43:13.336  1103  1103 I TaskView: updateDimFromTaskProgress getDimFromTaskProgress():61
10-18 11:43:13.354  1103  1103 I TaskView: updateDimFromTaskProgress getDimFromTaskProgress():30
10-18 11:43:13.354  1103  1103 I TaskView: updateDimFromTaskProgress getDimFromTaskProgress():30
10-18 11:43:13.354  1103  1103 I TaskView: updateDimFromTaskProgress getDimFromTaskProgress():57
10-18 11:43:13.354  1103  1103 I TaskView: updateDimFromTaskProgress getDimFromTaskProgress():57
10-18 11:43:13.372  1103  1103 I TaskView: updateDimFromTaskProgress getDimFromTaskProgress():27
10-18 11:43:13.372  1103  1103 I TaskView: updateDimFromTaskProgress getDimFromTaskProgress():27
10-18 11:43:13.372  1103  1103 I TaskView: updateDimFromTaskProgress getDimFromTaskProgress():53
10-18 11:43:13.373  1103  1103 I TaskView: updateDimFromTaskProgress getDimFromTaskProgress():53
10-18 11:43:13.391  1103  1103 I TaskView: updateDimFromTaskProgress getDimFromTaskProgress():24
10-18 11:43:13.391  1103  1103 I TaskView: updateDimFromTaskProgress getDimFromTaskProgress():24
10-18 11:43:13.391  1103  1103 I TaskView: updateDimFromTaskProgress getDimFromTaskProgress():49
10-18 11:43:13.391  1103  1103 I TaskView: updateDimFromTaskProgress getDimFromTaskProgress():49
10-18 11:43:13.409  1103  1103 I TaskView: updateDimFromTaskProgress getDimFromTaskProgress():21
10-18 11:43:13.409  1103  1103 I TaskView: updateDimFromTaskProgress getDimFromTaskProgress():21
10-18 11:43:13.409  1103  1103 I TaskView: updateDimFromTaskProgress getDimFromTaskProgress():45
10-18 11:43:13.409  1103  1103 I TaskView: updateDimFromTaskProgress getDimFromTaskProgress():45
10-18 11:43:13.417   966 15355 I WindowState: WIN DEATH: Window{5763749 u0 com.ionicframework.ecdtmobile235842/com.ionicframework.ecdtmobile235842.MainActivity}
10-18 11:43:13.417   966  6533 D GraphicsStats: Buffer count: 8
10-18 11:43:13.419   966  1019 E ConnectivityService: RemoteException caught trying to send a callback msg for NetworkRequest [ id=133, legacyType=-1, [ Capabilities: INTERNET&NOT_RESTRICTED&TRUSTED] ]
10-18 11:43:13.428  1103  1103 I TaskView: updateDimFromTaskProgress getDimFromTaskProgress():18
10-18 11:43:13.428  1103  1103 I TaskView: updateDimFromTaskProgress getDimFromTaskProgress():18
10-18 11:43:13.428  1103  1103 I TaskView: updateDimFromTaskProgress getDimFromTaskProgress():41
10-18 11:43:13.428  1103  1103 I TaskView: updateDimFromTaskProgress getDimFromTaskProgress():41
10-18 11:43:13.447  1103  1103 I TaskView: updateDimFromTaskProgress getDimFromTaskProgress():16
10-18 11:43:13.447  1103  1103 I TaskView: updateDimFromTaskProgress getDimFromTaskProgress():16
10-18 11:43:13.447  1103  1103 I TaskView: updateDimFromTaskProgress getDimFromTaskProgress():38
10-18 11:43:13.447  1103  1103 I TaskView: updateDimFromTaskProgress getDimFromTaskProgress():38
10-18 11:43:13.465  1103  1103 I TaskView: updateDimFromTaskProgress getDimFromTaskProgress():15
10-18 11:43:13.465  1103  1103 I TaskView: updateDimFromTaskProgress getDimFromTaskProgress():15
10-18 11:43:13.465  1103  1103 I TaskView: updateDimFromTaskProgress getDimFromTaskProgress():36
10-18 11:43:13.465  1103  1103 I TaskView: updateDimFromTaskProgress getDimFromTaskProgress():36
10-18 11:43:13.483  1103  1103 I TaskView: updateDimFromTaskProgress getDimFromTaskProgress():14
10-18 11:43:13.483  1103  1103 I TaskView: updateDimFromTaskProgress getDimFromTaskProgress():14
10-18 11:43:13.483  1103  1103 I TaskView: updateDimFromTaskProgress getDimFromTaskProgress():34
10-18 11:43:13.483  1103  1103 I TaskView: updateDimFromTaskProgress getDimFromTaskProgress():34
10-18 11:43:13.488   966  1001 E PROXIMITY: ProximitySensor: unknown event (type=3, code=0)
10-18 11:43:13.502  1103  1103 I TaskView: updateDimFromTaskProgress getDimFromTaskProgress():13
10-18 11:43:13.502  1103  1103 I TaskView: updateDimFromTaskProgress getDimFromTaskProgress():13
10-18 11:43:13.502  1103  1103 I TaskView: updateDimFromTaskProgress getDimFromTaskProgress():34
10-18 11:43:13.502  1103  1103 I TaskView: updateDimFromTaskProgress getDimFromTaskProgress():34
10-18 11:43:13.795   966   966 E WifiTrafficPoller: TRAFFIC_STATS_POLL true Token 565 num clients 10
10-18 11:43:13.796   966   966 E WifiTrafficPoller:  packet count Tx=264824 Rx=391083
10-18 11:43:13.796   966   966 E WifiTrafficPoller: notifying of data activity 3
10-18 11:43:13.986   966  1001 E PROXIMITY: ProximitySensor: unknown event (type=3, code=0)
10-18 11:43:14.024 19650 19650 D MusicBrowser: onDestroy
10-18 11:43:14.024 19650 19650 V MusicUtils: Reset mLastSdStatus to be null
10-18 11:43:14.034 19650 19650 D Artist/Album: onDestroy
10-18 11:43:14.055 19650 19650 D Album   : onDestroy
10-18 11:43:14.055 19650 19650 I Album   : Quit lazy loading thread when activity ondestroy: isQuitSuccuss = true
10-18 11:43:14.060  1951  1951 W GpuAppSpectator: type=1400 audit(0.0:65361): avc: denied { search } for name="1581" dev="proc" ino=18664 scontext=u:r:gas_srv:s0 tcontext=u:r:system_app:s0 tclass=dir permissive=0
10-18 11:43:14.146 19650 19650 D TrackBrowser: onDestroy
10-18 11:43:14.146 19650 19650 V MusicUtils: Reset mLastSdStatus to be null
10-18 11:43:14.146 19650 19650 E MusicUtils: Trying to unbind with null token
10-18 11:43:14.170 19650 19650 V MusicService: saveQueue(true)
10-18 11:43:14.170 19650 19650 V MusicService: saveQueue: queue=
10-18 11:43:14.171 19650 19650 V MusicService: saveQueue: mPlayPos=-1, mPlayListLen=0
10-18 11:43:14.237   966  1001 E PROXIMITY: ProximitySensor: unknown event (type=3, code=0)
10-18 11:43:14.256  1103  1747 E Surface : getSlotFromBufferLocked: unknown buffer: 0x7f70dba1e0
10-18 11:43:14.286   966  3487 D GraphicsStats: Buffer count: 7
10-18 11:43:14.480   966  1920 D GraphicsStats: Buffer count: 6
10-18 11:43:14.481   966  1019 E ConnectivityService: RemoteException caught trying to send a callback msg for NetworkRequest [ id=126, legacyType=-1, [ Capabilities: INTERNET&NOT_RESTRICTED&TRUSTED] ]
10-18 11:43:14.482   966  1019 E ConnectivityService: RemoteException caught trying to send a callback msg for NetworkRequest [ id=127, legacyType=-1, [ Capabilities: INTERNET&NOT_RESTRICTED&TRUSTED] ]
10-18 11:43:14.486   966  1001 E PROXIMITY: ProximitySensor: unknown event (type=3, code=0)
10-18 11:43:14.510   966  2596 E libprocessgroup: failed to kill 1 processes for processgroup 17712
10-18 11:43:14.736   966  1001 E PROXIMITY: ProximitySensor: unknown event (type=3, code=0)
10-18 11:43:14.798   966   966 E WifiTrafficPoller: TRAFFIC_STATS_POLL true Token 565 num clients 9
10-18 11:43:14.798   966   966 E WifiTrafficPoller:  packet count Tx=264828 Rx=391087
10-18 11:43:15.060  1951  1951 W GpuAppSpectator: type=1400 audit(0.0:65362): avc: denied { search } for name="1581" dev="proc" ino=18664 scontext=u:r:gas_srv:s0 tcontext=u:r:system_app:s0 tclass=dir permissive=0
10-18 11:43:15.236   966  1001 E PROXIMITY: ProximitySensor: unknown event (type=3, code=0)
10-18 11:43:15.404  1103  1508 E MPlugin : Unsupported class: com.mediatek.systemui.ext.ISystemUIStatusBarExt
10-18 11:43:15.405  1103  1508 E MPlugin : Unsupported class: com.mediatek.systemui.ext.ISystemUIStatusBarExt
10-18 11:43:15.486   966  1001 E PROXIMITY: ProximitySensor: unknown event (type=3, code=0)
10-18 11:43:15.615   966  3486 E Sensors : handleToDriver handle(0)
10-18 11:43:15.615   966  3486 E Sensors : handleToDriver handle(0)
10-18 11:43:15.616   966  3486 E Sensors : new setDelay handle(0),ns(20000000)m, error(0), index(2)
10-18 11:43:15.616   966  3486 E Accel   : ACC batch: handle:0, en:0,samplingPeriodNs:20000000 maxBatchReportLatencyNs:0 
10-18 11:43:15.616   966  3486 E Sensors : sensor 0 go to common batch
10-18 11:43:15.616   966  3486 E Sensors : handleToDriver handle(0)
10-18 11:43:15.616   966  3486 E Sensors : go to batchsensor(0)
10-18 11:43:15.675 21141 21141 V MusicService: >> onCreate
10-18 11:43:15.700 21141 21141 D MusicUtils: hasMountedSDcard: path = /storage/emulated/0,status = mounted
10-18 11:43:15.702 21141 21141 D MusicUtils: hasMountedSDcard: path = /storage/C91B-1715,status = mounted
10-18 11:43:15.702 21141 21141 D MusicUtils: hasMountedSDcard = true
10-18 11:43:15.702 21141 21141 V MusicService: onCreate: hasCard = true
10-18 11:43:15.712 21141 21141 V MusicService: reloadQueue
10-18 11:43:15.717 21141 21141 D MusicUtils: hasMountedSDcard: path = /storage/emulated/0,status = mounted
10-18 11:43:15.720 21141 21141 D MusicUtils: hasMountedSDcard: path = /storage/C91B-1715,status = mounted
10-18 11:43:15.720 21141 21141 D MusicUtils: hasMountedSDcard = true
10-18 11:43:15.720 21141 21141 D MusicService: reloadQueue: hasCard = true
10-18 11:43:15.720 21141 21141 D MusicService: notifyChange(com.android.music.queuechanged)
10-18 11:43:15.727 21141 21141 V MusicService: saveQueue(true)
10-18 11:43:15.727 21141 21141 V MusicService: saveQueue: queue=
10-18 11:43:15.727 21141 21141 V MusicService: saveQueue: mPlayPos=-1, mPlayListLen=0
10-18 11:43:15.729 21141 21141 I MusicAppWidget: notifyChange
10-18 11:43:15.730 21141 21141 I MusicAppWidget: hasInstances number is 0
10-18 11:43:15.730 21141 21141 D MusicAppWidget: notifyChange: no Instance
10-18 11:43:15.730 21141 21141 V SERVICE_AVRCP_STUB: [AVRCP] notifyBTAvrcp com.android.music.queuechanged
10-18 11:43:15.730 21141 21141 D SERVICE_AVRCP_STUB: [AVRCP] notifyTrackChanged  N= 0
10-18 11:43:15.730 21141 21141 V SERVICE_AVRCP_STUB: [AVRCP] notifyNowPlayingContentChanged 
10-18 11:43:15.730 21141 21141 D SERVICE_AVRCP_STUB: [AVRCP] notifyNowPlayingContentChanged  N= 0
10-18 11:43:15.730 21141 21141 D MusicService: notifyChange(com.android.music.metachanged)
10-18 11:43:15.733 21141 21141 E MusicService: set remote PLAYINGfalse
10-18 11:43:15.733 21141 21141 V MusicService: saveQueue(false)
10-18 11:43:15.733 21141 21141 V MusicService: saveQueue: mPlayPos=-1, mPlayListLen=0
10-18 11:43:15.733 21141 21141 I MusicAppWidget: notifyChange
10-18 11:43:15.734 21141 21141 I MusicAppWidget: hasInstances number is 0
10-18 11:43:15.734 21141 21141 D MusicAppWidget: notifyChange: no Instance
10-18 11:43:15.734 21141 21141 V SERVICE_AVRCP_STUB: [AVRCP] notifyBTAvrcp com.android.music.metachanged
10-18 11:43:15.734 21141 21141 D SERVICE_AVRCP_STUB: [AVRCP] notifyTrackChanged  N= 0
10-18 11:43:15.741 21141 21141 V MusicService: onCreate,btStatus:
10-18 11:43:15.741 21141 21141 V MusicService: << onCreate
10-18 11:43:15.799   966   966 E WifiTrafficPoller: TRAFFIC_STATS_POLL true Token 565 num clients 9
10-18 11:43:15.800   966   966 E WifiTrafficPoller:  packet count Tx=264828 Rx=391087
10-18 11:43:15.800   966   966 E WifiTrafficPoller: notifying of data activity 0
10-18 11:43:15.869 21155 21155 V MusicFXControlPanelReceiver: onReceive
10-18 11:43:15.870 21155 21155 V MusicFXControlPanelReceiver: Action: android.media.action.OPEN_AUDIO_EFFECT_CONTROL_SESSION
10-18 11:43:15.870 21155 21155 V MusicFXControlPanelReceiver: Package name: com.android.music
10-18 11:43:15.870 21155 21155 V MusicFXControlPanelReceiver: Audio session: 1828
10-18 11:43:15.873 21155 21155 V MusicFXControlPanelEffect: openSession(android.app.ReceiverRestrictedContext@30813da, com.android.music, 1828)
10-18 11:43:15.894  9296  9296 D wpa_supplicant: wlan0: Control interface command 'SIGNAL_POLL'
10-18 11:43:15.908   966  1016 E WifiConfigStore: updateConfiguration freq=5180 BSSID=5c:83:8f:77:33:2f RSSI=-65 "CDT_GUEST"WPA_PSK
10-18 11:43:15.986   966  1001 E PROXIMITY: ProximitySensor: unknown event (type=3, code=0)
10-18 11:43:16.060  1951  1951 W GpuAppSpectator: type=1400 audit(0.0:65363): avc: denied { search } for name="1581" dev="proc" ino=18664 scontext=u:r:gas_srv:s0 tcontext=u:r:system_app:s0 tclass=dir permissive=0
10-18 11:43:16.236   966  1001 E PROXIMITY: ProximitySensor: unknown event (type=3, code=0)
10-18 11:43:16.487   966  1001 E PROXIMITY: ProximitySensor: unknown event (type=3, code=0)
10-18 11:43:16.737   966  1001 E PROXIMITY: ProximitySensor: unknown event (type=3, code=0)
10-18 11:43:16.801   966   966 E WifiTrafficPoller: TRAFFIC_STATS_POLL true Token 565 num clients 9
10-18 11:43:16.803   966   966 E WifiTrafficPoller:  packet count Tx=264828 Rx=391087
10-18 11:43:16.987   966  1001 E PROXIMITY: ProximitySensor: unknown event (type=3, code=0)
10-18 11:43:17.060  1951  1951 W GpuAppSpectator: type=1400 audit(0.0:65364): avc: denied { search } for name="1581" dev="proc" ino=18664 scontext=u:r:gas_srv:s0 tcontext=u:r:system_app:s0 tclass=dir permissive=0
10-18 11:43:17.237   966  1001 E PROXIMITY: ProximitySensor: unknown event (type=3, code=0)
10-18 11:43:17.487   966  1001 E PROXIMITY: ProximitySensor: unknown event (type=3, code=0)
10-18 11:43:17.736   966  1001 E PROXIMITY: ProximitySensor: unknown event (type=3, code=0)
10-18 11:43:17.804   966   966 E WifiTrafficPoller: TRAFFIC_STATS_POLL true Token 565 num clients 9
10-18 11:43:17.805   966   966 E WifiTrafficPoller:  packet count Tx=264828 Rx=391087
10-18 11:43:17.987   966  1001 E PROXIMITY: ProximitySensor: unknown event (type=3, code=0)
10-18 11:43:18.070  1951  1951 W GpuAppSpectator: type=1400 audit(0.0:65365): avc: denied { search } for name="1581" dev="proc" ino=18664 scontext=u:r:gas_srv:s0 tcontext=u:r:system_app:s0 tclass=dir permissive=0
10-18 11:43:18.092 21170 21170 E         : Failed to opendir [/etc/mddb/]. err = [No such file or directory](2)
10-18 11:43:18.092 21170 21170 E         : Failed to find layout file in folder [/etc/mddb/].
10-18 11:43:18.092 21170 21170 E md_monitor: MonitorCore was not initialized successfully.
10-18 11:43:18.093 21170 21170 E md_monitor: InitMonitorCore fail
10-18 11:43:18.093 21170 21170 E md_monitor: Main: Exit EMDLogger with error.
10-18 11:43:18.240   966  1001 E PROXIMITY: ProximitySensor: unknown event (type=3, code=0)
10-18 11:43:18.737   966  1001 E PROXIMITY: ProximitySensor: unknown event (type=3, code=0)
10-18 11:43:18.806   966   966 E WifiTrafficPoller: TRAFFIC_STATS_POLL true Token 565 num clients 9
10-18 11:43:18.806   966   966 E WifiTrafficPoller:  packet count Tx=264828 Rx=391087
10-18 11:43:18.914  9296  9296 D wpa_supplicant: wlan0: Control interface command 'SIGNAL_POLL'
10-18 11:43:18.936   966  1016 E WifiConfigStore: updateConfiguration freq=5180 BSSID=5c:83:8f:77:33:2f RSSI=-66 "CDT_GUEST"WPA_PSK
10-18 11:43:18.988   966  1001 E PROXIMITY: ProximitySensor: unknown event (type=3, code=0)
10-18 11:43:19.041   966  1078 E Sensors : handleToDriver handle(0)
10-18 11:43:19.041   966  1078 E Sensors : handleToDriver handle(0)
10-18 11:43:19.041   966  1078 E Sensors : new setDelay handle(0),ns(66667000)m, error(0), index(2)
10-18 11:43:19.041   966  1078 E Accel   : ACC batch: handle:0, en:0,samplingPeriodNs:66667000 maxBatchReportLatencyNs:0 
10-18 11:43:19.041   966  1078 E Sensors : sensor 0 go to common batch
10-18 11:43:19.070  1951  1951 W GpuAppSpectator: type=1400 audit(0.0:65366): avc: denied { search } for name="1581" dev="proc" ino=18664 scontext=u:r:gas_srv:s0 tcontext=u:r:system_app:s0 tclass=dir permissive=0
10-18 11:43:19.487   966  1001 E PROXIMITY: ProximitySensor: unknown event (type=3, code=0)
10-18 11:43:19.737   966  1001 E PROXIMITY: ProximitySensor: unknown event (type=3, code=0)
10-18 11:43:19.807   966   966 E WifiTrafficPoller: TRAFFIC_STATS_POLL true Token 565 num clients 9
10-18 11:43:19.808   966   966 E WifiTrafficPoller:  packet count Tx=264828 Rx=391087
10-18 11:43:19.987   966  1001 E PROXIMITY: ProximitySensor: unknown event (type=3, code=0)
1