10-13 11:43:48.018   959  1807 D AlarmManager: rebatchAllAlarmsLocked  batch.size() = 1
10-13 11:43:48.018   959  1807 D AlarmManager:  whichBatch = -1
10-13 11:43:48.018   959  1807 D AlarmManager: rebatchAllAlarmsLocked  batch.size() = 1
10-13 11:43:48.018   959  1807 D AlarmManager:  whichBatch = -1
10-13 11:43:48.018   959  1807 D AlarmManager: rebatchAllAlarmsLocked  batch.size() = 1
10-13 11:43:48.018   959  1807 D AlarmManager:  whichBatch = -1
10-13 11:43:48.018   959  1807 D AlarmManager: rebatchAllAlarmsLocked  batch.size() = 1
10-13 11:43:48.018   959  1807 D AlarmManager:  whichBatch = -1
10-13 11:43:48.018   959  1807 D AlarmManager: rebatchAllAlarmsLocked  batch.size() = 1
10-13 11:43:48.018   959  1807 D AlarmManager:  whichBatch = -1
10-13 11:43:48.019   959  1807 D AlarmManager: rebatchAllAlarmsLocked  batch.size() = 1
10-13 11:43:48.019   959  1807 D AlarmManager:  whichBatch = -1
10-13 11:43:48.019   959  1807 D AlarmManager: rebatchAllAlarmsLocked  batch.size() = 1
10-13 11:43:48.019   959  1807 D AlarmManager:  whichBatch = -1
10-13 11:43:48.019   959  1807 D AlarmManager: rebatchAllAlarmsLocked  batch.size() = 1
10-13 11:43:48.019   959  1807 D AlarmManager:  whichBatch = -1
10-13 11:43:48.019   959  1807 D AlarmManager: rebatchAllAlarmsLocked  batch.size() = 1
10-13 11:43:48.019   959  1807 D AlarmManager:  whichBatch = -1
10-13 11:43:48.019   959  1807 D AlarmManager: rebatchAllAlarmsLocked  batch.size() = 1
10-13 11:43:48.019   959  1807 D AlarmManager:  whichBatch = -1
10-13 11:43:48.019   959  1807 D AlarmManager: rebatchAllAlarmsLocked  batch.size() = 1
10-13 11:43:48.019   959  1807 D AlarmManager:  whichBatch = -1
10-13 11:43:48.019   959  1807 D AlarmManager: rebatchAllAlarmsLocked  batch.size() = 1
10-13 11:43:48.019   959  1807 D AlarmManager:  whichBatch = -1
10-13 11:43:48.020   959  1807 D AlarmManager: rebatchAllAlarmsLocked  batch.size() = 1
10-13 11:43:48.020   959  1807 D AlarmManager:  whichBatch = -1
10-13 11:43:48.020   959  1807 D AlarmManager: rebatchAllAlarmsLocked  batch.size() = 1
10-13 11:43:48.020   959  1807 D AlarmManager:  whichBatch = -1
10-13 11:43:48.020   959  1807 D AlarmManager: rebatchAllAlarmsLocked  batch.size() = 1
10-13 11:43:48.020   959  1807 D AlarmManager:  whichBatch = -1
10-13 11:43:48.020   959  1807 D AlarmManager: rebatchAllAlarmsLocked  batch.size() = 1
10-13 11:43:48.020   959  1807 D AlarmManager:  whichBatch = -1
10-13 11:43:48.020   959  1807 D AlarmManager: rebatchAllAlarmsLocked  batch.size() = 1
10-13 11:43:48.020   959  1807 D AlarmManager:  whichBatch = -1
10-13 11:43:48.020   959  1807 D AlarmManager: rebatchAllAlarmsLocked  batch.size() = 1
10-13 11:43:48.020   959  1807 D AlarmManager:  whichBatch = -1
10-13 11:43:48.020   959  1807 D AlarmManager: rebatchAllAlarmsLocked  batch.size() = 1
10-13 11:43:48.021   959  1807 D AlarmManager:  whichBatch = -1
10-13 11:43:48.021   959  1807 D AlarmManager: rebatchAllAlarmsLocked  batch.size() = 1
10-13 11:43:48.021   959  1807 D AlarmManager:  whichBatch = -1
10-13 11:43:48.021   959  1807 D AlarmManager: rebatchAllAlarmsLocked  batch.size() = 1
10-13 11:43:48.021   959  1807 D AlarmManager:  whichBatch = -1
10-13 11:43:48.021   959  1807 D AlarmManager: rebatchAllAlarmsLocked  batch.size() = 1
10-13 11:43:48.021   959  1807 D AlarmManager:  whichBatch = -1
10-13 11:43:48.021   959  1807 D AlarmManager: rebatchAllAlarmsLocked  batch.size() = 1
10-13 11:43:48.021   959  1807 D AlarmManager:  whichBatch = -1
10-13 11:43:48.021   959  1807 D AlarmManager: rebatchAllAlarmsLocked  batch.size() = 1
10-13 11:43:48.021   959  1807 D AlarmManager:  whichBatch = -1
10-13 11:43:48.021   959  1807 D AlarmManager: rebatchAllAlarmsLocked  batch.size() = 1
10-13 11:43:48.021   959  1807 D AlarmManager:  whichBatch = -1
10-13 11:43:48.021   959  1807 D AlarmManager: rebatchAllAlarmsLocked  batch.size() = 1
10-13 11:43:48.022   959  1807 D AlarmManager:  whichBatch = -1
10-13 11:43:48.022   959  1807 D AlarmManager: rebatchAllAlarmsLocked  batch.size() = 1
10-13 11:43:48.022   959  1807 D AlarmManager:  whichBatch = -1
10-13 11:43:48.022   959  1807 D AlarmManager: rebatchAllAlarmsLocked  batch.size() = 1
10-13 11:43:48.022   959  1807 D AlarmManager:  whichBatch = -1
10-13 11:43:48.022   959  1807 D AlarmManager: rebatchAllAlarmsLocked  batch.size() = 1
10-13 11:43:48.022   959  1807 D AlarmManager:  whichBatch = -1
10-13 11:43:48.022   959  1807 D AlarmManager: rebatchAllAlarmsLocked  batch.size() = 1
10-13 11:43:48.022   959  1807 D AlarmManager:  whichBatch = -1
10-13 11:43:48.022   959  1807 D AlarmManager: rebatchAllAlarmsLocked  batch.size() = 1
10-13 11:43:48.022   959  1807 D AlarmManager:  whichBatch = -1
10-13 11:43:48.022   959  1807 D AlarmManager: rebatchAllAlarmsLocked  batch.size() = 1
10-13 11:43:48.022   959  1807 D AlarmManager:  whichBatch = -1
10-13 11:43:48.022   959  1807 D AlarmManager: rebatchAllAlarmsLocked  batch.size() = 1
10-13 11:43:48.023   959  1807 D AlarmManager:  whichBatch = -1
10-13 11:43:48.026   959  1086 V AlarmManager: APP set(PendingIntent{b6e0bf9: PendingIntentRecord{33fee8e com.google.android.gms broadcastIntent}}) : type=2 triggerAtTime=16791457 win=0 tElapsed=16791457 maxElapsed=16791457 interval=0 flags=0x5
10-13 11:43:48.027   959  1086 D AlarmManager:  whichBatch = -1
10-13 11:43:48.029   959  1542 D PowerManagerService: acquireWakeLockInternal: lock=18294590, flags=0x1, tag="GOOGLE_C2DM", ws=WorkSource{0 com.android.chrome}, uid=10011, pid=1903
10-13 11:43:48.029   959  1542 I muxinwu : PowerManagerService agoldReleaseWakelock mPackageName:com.google.android.gms, mTag:GCM_CONN
10-13 11:43:48.029   959  1542 I muxinwu : PowerManagerService agoldReleaseWakelock package_name = com.google.android.gms, tag_name = *net_scheduler*
10-13 11:43:48.029   959  1542 I muxinwu : PowerManagerService agoldReleaseWakelock package_name = com.google.android.gms, tag_name = Checkin Service
10-13 11:43:48.029   959  1542 D PowerManagerService: updateWakeLockSummaryLocked: mWakefulness=Awake, mWakeLockSummary=0x1
10-13 11:43:48.029   959  1542 D PowerManagerService: updateUserActivitySummaryLocked: mWakefulness=Awake, mUserActivitySummary=0x2, nextTimeout=9679145 (in 1501 ms)
10-13 11:43:48.030   959  1542 D DisplayPowerController: requestPowerState: policy=DIM, useProximitySensor=false, screenBrightness=160, screenAutoBrightnessAdjustment=0.0, brightnessSetByUser=true, useAutoBrightness=false, blockScreenOn=false, lowPowerMode=false, boostScreenBrightness=false, dozeScreenBrightness=-1, dozeScreenState=UNKNOWN, waitForNegativeProximity=false
10-13 11:43:48.030   959  1542 I PowerManagerService: setBrightness mButtonLight 0.
10-13 11:43:48.030   959  1542 D PowerManagerService: updateDisplayPowerStateLocked: mDisplayReady=true, policy=2, mWakefulness=1, mWakeLockSummary=0x1, mUserActivitySummary=0x2, mBootCompleted=true, mScreenBrightnessBoostInProgress=false
10-13 11:43:48.030   959  1542 D PowerManagerNotifier: onWakeLockAcquired: flags=1, tag="GOOGLE_C2DM", packageName=com.google.android.gms, ownerUid=10011, ownerPid=1903, workSource=WorkSource{0 com.android.chrome}
10-13 11:43:48.032   959  1910 V ActivityManager: Broadcast: Intent { act=com.google.android.c2dm.intent.RECEIVE flg=0x10 pkg=com.android.chrome (has extras) } ordered=true userid=0 callerApp=ProcessRecord{4e8eaaf 1903:com.google.android.gms.persistent/u0a11}
10-13 11:43:48.034   959   975 W ActivityManager: Process 13309 get uid is 99000 does not match uid 10078 ignore setting hits oom adj
10-13 11:43:48.036   959  2522 D PowerManagerService: releaseWakeLockInternal: lock=194584050 [GCM_CONN], flags=0x0, total_time=68ms
10-13 11:43:48.036 11387 11387 D ActivityThread: BDC-Calling onReceive: intent=Intent { act=com.google.android.c2dm.intent.RECEIVE flg=0x10 pkg=com.android.chrome cmp=com.android.chrome/com.google.android.gms.gcm.GcmReceiver (has extras) }, receiver=com.google.android.gms.gcm.GcmReceiver@2b98132
10-13 11:43:48.036   959  2522 D PowerManagerNotifier: onWakeLockReleased: flags=1, tag="GCM_CONN", packageName=com.google.android.gms, ownerUid=10011, ownerPid=1903, workSource=WorkSource{10011 com.google.android.gms}
10-13 11:43:48.037   959  2522 D PowerManagerService: updateWakeLockSummaryLocked: mWakefulness=Awake, mWakeLockSummary=0x1
10-13 11:43:48.037   959  2522 D PowerManagerService: updateUserActivitySummaryLocked: mWakefulness=Awake, mUserActivitySummary=0x2, nextTimeout=9679145 (in 1494 ms)
10-13 11:43:48.037   959  2522 D DisplayPowerController: requestPowerState: policy=DIM, useProximitySensor=false, screenBrightness=160, screenAutoBrightnessAdjustment=0.0, brightnessSetByUser=true, useAutoBrightness=false, blockScreenOn=false, lowPowerMode=false, boostScreenBrightness=false, dozeScreenBrightness=-1, dozeScreenState=UNKNOWN, waitForNegativeProximity=false
10-13 11:43:48.037   959  2522 I PowerManagerService: setBrightness mButtonLight 0.
10-13 11:43:48.037   959  2522 D PowerManagerService: updateDisplayPowerStateLocked: mDisplayReady=true, policy=2, mWakefulness=1, mWakeLockSummary=0x1, mUserActivitySummary=0x2, mBootCompleted=true, mScreenBrightnessBoostInProgress=false
10-13 11:43:48.038 11387 11387 I ContextImpl: startServiceCommon service:Intent { act=com.google.android.c2dm.intent.RECEIVE flg=0x10 pkg=com.android.chrome cmp=com.android.chrome/org.chromium.chrome.browser.services.gcm.ChromeGcmListenerService (has extras) }, user:UserHandle{0}
10-13 11:43:48.039   959  3435 I ActivityManager: startServiceLocked service:Intent { act=com.google.android.c2dm.intent.RECEIVE flg=0x10 pkg=com.android.chrome cmp=com.android.chrome/org.chromium.chrome.browser.services.gcm.ChromeGcmListenerService (has extras) }
10-13 11:43:48.043   959  1807 D PowerManagerService: acquireWakeLockInternal: lock=87194348, flags=0x1, tag="wake:com.android.chrome/org.chromium.chrome.browser.services.gcm.ChromeGcmListenerService", ws=null, uid=10078, pid=11387
10-13 11:43:48.043   959  1807 I muxinwu : PowerManagerService agoldReleaseWakelock mPackageName:com.google.android.gms, mTag:GOOGLE_C2DM
10-13 11:43:48.043   959  1807 I muxinwu : PowerManagerService agoldReleaseWakelock package_name = com.google.android.gms, tag_name = *net_scheduler*
10-13 11:43:48.043   959  1807 I muxinwu : PowerManagerService agoldReleaseWakelock package_name = com.google.android.gms, tag_name = Checkin Service
10-13 11:43:48.043   959  1807 D PowerManagerService: updateWakeLockSummaryLocked: mWakefulness=Awake, mWakeLockSummary=0x1
10-13 11:43:48.043   959  1807 D PowerManagerService: updateUserActivitySummaryLocked: mWakefulness=Awake, mUserActivitySummary=0x2, nextTimeout=9679145 (in 1488 ms)
10-13 11:43:48.044   959  1807 D DisplayPowerController: requestPowerState: policy=DIM, useProximitySensor=false, screenBrightness=160, screenAutoBrightnessAdjustment=0.0, brightnessSetByUser=true, useAutoBrightness=false, blockScreenOn=false, lowPowerMode=false, boostScreenBrightness=false, dozeScreenBrightness=-1, dozeScreenState=UNKNOWN, waitForNegativeProximity=false
10-13 11:43:48.044   959  1807 I PowerManagerService: setBrightness mButtonLight 0.
10-13 11:43:48.044   959  1807 D PowerManagerService: updateDisplayPowerStateLocked: mDisplayReady=true, policy=2, mWakefulness=1, mWakeLockSummary=0x1, mUserActivitySummary=0x2, mBootCompleted=true, mScreenBrightnessBoostInProgress=false
10-13 11:43:48.044   959  1807 D PowerManagerNotifier: onWakeLockAcquired: flags=1, tag="wake:com.android.chrome/org.chromium.chrome.browser.services.gcm.ChromeGcmListenerService", packageName=com.android.chrome, ownerUid=10078, ownerPid=11387, workSource=null
10-13 11:43:48.044   959  1807 D AppOps  : startOperation: allowing code 40 uid 10078 package com.android.chrome
10-13 11:43:48.045 11387 11387 D ActivityThread: BDC-RECEIVER handled : 0 / ReceiverData{intent=Intent { act=com.google.android.c2dm.intent.RECEIVE flg=0x10 pkg=com.android.chrome cmp=com.android.chrome/org.chromium.chrome.browser.services.gcm.ChromeGcmListenerService (has extras) } packageName=com.android.chrome resultCode=-1 resultData=null resultExtras=null}
10-13 11:43:48.045 11387 11387 D ActivityThread: SVC-Creating service: CreateServiceData{token=android.os.BinderProxy@d056e83 className=org.chromium.chrome.browser.services.gcm.ChromeGcmListenerService packageName=com.android.chrome intent=null}
10-13 11:43:48.046   959  1084 D ConnectivityService: getActiveNetworkInfo networkInfo = [type: WIFI[], state: CONNECTED/CONNECTED, reason: (unspecified), extra: "CDT_GUEST", roaming: false, failover: false, isAvailable: true]
10-13 11:43:48.047 11387 11387 D ActivityThread: SVC-CREATE_SERVICE handled : 0 / CreateServiceData{token=android.os.BinderProxy@d056e83 className=org.chromium.chrome.browser.services.gcm.ChromeGcmListenerService packageName=com.android.chrome intent=null}
10-13 11:43:48.047   959   970 D PowerManagerService: releaseWakeLockInternal: lock=18294590 [GOOGLE_C2DM], flags=0x0, total_time=18ms
10-13 11:43:48.047 11387 11387 D ActivityThread: SVC-Calling onStartCommand: org.chromium.chrome.browser.services.gcm.ChromeGcmListenerService@f4e2800, flags=0, startId=1
10-13 11:43:48.047   959   970 D PowerManagerNotifier: onWakeLockReleased: flags=1, tag="GOOGLE_C2DM", packageName=com.google.android.gms, ownerUid=10011, ownerPid=1903, workSource=WorkSource{0 com.android.chrome}
10-13 11:43:48.047   959   970 D PowerManagerService: updateWakeLockSummaryLocked: mWakefulness=Awake, mWakeLockSummary=0x1
10-13 11:43:48.047   959   970 D PowerManagerService: updateUserActivitySummaryLocked: mWakefulness=Awake, mUserActivitySummary=0x2, nextTimeout=9679145 (in 1483 ms)
10-13 11:43:48.048   959   970 D DisplayPowerController: requestPowerState: policy=DIM, useProximitySensor=false, screenBrightness=160, screenAutoBrightnessAdjustment=0.0, brightnessSetByUser=true, useAutoBrightness=false, blockScreenOn=false, lowPowerMode=false, boostScreenBrightness=false, dozeScreenBrightness=-1, dozeScreenState=UNKNOWN, waitForNegativeProximity=false
10-13 11:43:48.048 11387 11387 D ActivityThread: SVC-SERVICE_ARGS handled : 0 / ServiceArgsData{token=android.os.BinderProxy@d056e83 startId=1 args=Intent { act=com.google.android.c2dm.intent.RECEIVE flg=0x10 pkg=com.android.chrome cmp=com.android.chrome/org.chromium.chrome.browser.services.gcm.ChromeGcmListenerService (has extras) }}
10-13 11:43:48.048   959   970 I PowerManagerService: setBrightness mButtonLight 0.
10-13 11:43:48.048   959   970 D PowerManagerService: updateDisplayPowerStateLocked: mDisplayReady=true, policy=2, mWakefulness=1, mWakeLockSummary=0x1, mUserActivitySummary=0x2, mBootCompleted=true, mScreenBrightnessBoostInProgress=false
10-13 11:43:48.049 11387 13325 I ContextImpl: startServiceCommon service:Intent { cmp=com.android.chrome/com.google.ipc.invalidation.ticl.android2.TiclService (has extras) }, user:UserHandle{0}
10-13 11:43:48.050   959   971 I ActivityManager: startServiceLocked service:Intent { cmp=com.android.chrome/com.google.ipc.invalidation.ticl.android2.TiclService (has extras) }
10-13 11:43:48.052 11387 11387 D ActivityThread: SVC-Creating service: CreateServiceData{token=android.os.BinderProxy@4773839 className=com.google.ipc.invalidation.ticl.android2.TiclService packageName=com.android.chrome intent=null}
10-13 11:43:48.053   959  9797 D PowerManagerService: releaseWakeLockInternal: lock=87194348 [wake:com.android.chrome/org.chromium.chrome.browser.services.gcm.ChromeGcmListenerService], flags=0x0, total_time=10ms
10-13 11:43:48.054   959  9797 D PowerManagerNotifier: onWakeLockReleased: flags=1, tag="wake:com.android.chrome/org.chromium.chrome.browser.services.gcm.ChromeGcmListenerService", packageName=com.android.chrome, ownerUid=10078, ownerPid=11387, workSource=null
10-13 11:43:48.054   959  9797 D PowerManagerService: updateWakeLockSummaryLocked: mWakefulness=Awake, mWakeLockSummary=0x0
10-13 11:43:48.054   959  9797 D PowerManagerService: updateUserActivitySummaryLocked: mWakefulness=Awake, mUserActivitySummary=0x2, nextTimeout=9679145 (in 1477 ms)
10-13 11:43:48.054 11387 11387 D ActivityThread: SVC-CREATE_SERVICE handled : 0 / CreateServiceData{token=android.os.BinderProxy@4773839 className=com.google.ipc.invalidation.ticl.android2.TiclService packageName=com.android.chrome intent=null}
10-13 11:43:48.054   959  9797 D DisplayPowerController: requestPowerState: policy=DIM, useProximitySensor=false, screenBrightness=160, screenAutoBrightnessAdjustment=0.0, brightnessSetByUser=true, useAutoBrightness=false, blockScreenOn=false, lowPowerMode=false, boostScreenBrightness=false, dozeScreenBrightness=-1, dozeScreenState=UNKNOWN, waitForNegativeProximity=false
10-13 11:43:48.054   959  9797 I PowerManagerService: setBrightness mButtonLight 0.
10-13 11:43:48.054   959  9797 D PowerManagerService: updateDisplayPowerStateLocked: mDisplayReady=true, policy=2, mWakefulness=1, mWakeLockSummary=0x0, mUserActivitySummary=0x2, mBootCompleted=true, mScreenBrightnessBoostInProgress=false
10-13 11:43:48.054 11387 11387 D ActivityThread: SVC-Calling onStartCommand: com.google.ipc.invalidation.ticl.android2.TiclService@efa7e7e, flags=0, startId=1
10-13 11:43:48.054   959  9797 D PowerManagerService: Releasing suspend blocker "PowerManagerService.WakeLocks".
10-13 11:43:48.055 11387 11387 D ActivityThread: SVC-SERVICE_ARGS handled : 0 / ServiceArgsData{token=android.os.BinderProxy@4773839 startId=1 args=Intent { cmp=com.android.chrome/com.google.ipc.invalidation.ticl.android2.TiclService (has extras) }}
10-13 11:43:48.055 11387 11387 D ActivityThread: SVC-Destroying service: org.chromium.chrome.browser.services.gcm.ChromeGcmListenerService@f4e2800
10-13 11:43:48.055 11387 11387 D ActivityThread: SVC-STOP_SERVICE handled : 0 / android.os.BinderProxy@d056e83
10-13 11:43:48.060 11387 11387 D ActivityThread: SVC-Destroying service: com.google.ipc.invalidation.ticl.android2.TiclService@efa7e7e
10-13 11:43:48.060 11387 11387 D ActivityThread: SVC-STOP_SERVICE handled : 0 / android.os.BinderProxy@4773839
10-13 11:43:48.083  3780  3971 D AudioTrack: write: userSize = 3824, blocking = 1
10-13 11:43:48.183  3780  3971 D AudioTrack: write: userSize = 3824, blocking = 1
10-13 11:43:48.207   959  7327 D NetlinkSocketObserver: RtNetlinkNeighborMessage{ nlmsghdr{StructNlMsgHdr{ nlmsg_len{76}, nlmsg_type{28(RTM_NEWNEIGH)}, nlmsg_flags{0())}, nlmsg_seq{0}, nlmsg_pid{0} }}, ndmsg{StructNdMsg{ family{AF_INET}, ifindex{15}, state{4 (NUD_STALE)}, flags{0 ()}, type{1} }}, destination{10.14.1.1} linklayeraddr{84B59C27A3F0} probes{1} cacheinfo{NdaCacheInfo{ ndm_used{10450}, ndm_confirmed{15250}, ndm_updated{0}, ndm_refcnt{1} }} }
10-13 11:43:48.242  2780  2780 D ActivityThread: SVC-UNBIND_SERVICE handled : 0 / BindServiceData{token=android.os.BinderProxy@e182ce2 intent=Intent { act=com.google.android.gms.icing.INDEX_SERVICE pkg=com.google.android.gms }}
10-13 11:43:48.242  2780  2780 D ActivityThread: SVC-Destroying service: com.google.android.gms.icing.service.IndexService@1ca7330
10-13 11:43:48.242  2780  2780 D ActivityThread: SVC-STOP_SERVICE handled : 0 / android.os.BinderProxy@e182ce2
10-13 11:43:48.246  1903  1903 D ActivityThread: SVC-UNBIND_SERVICE handled : 0 / BindServiceData{token=android.os.BinderProxy@6873bc9 intent=Intent { act=com.google.android.gms.icing.LIGHTWEIGHT_INDEX_SERVICE pkg=com.google.android.gms }}
10-13 11:43:48.248  1903  1903 D ActivityThread: SVC-Destroying service: com.google.android.gms.icing.service.LightweightIndexService@11d5dda
10-13 11:43:48.248  1903  1903 D ActivityThread: SVC-STOP_SERVICE handled : 0 / android.os.BinderProxy@6873bc9
10-13 11:43:48.283  3780  3971 D AudioTrack: write: userSize = 3824, blocking = 1
10-13 11:43:48.384  3780  3971 D AudioTrack: write: userSize = 3824, blocking = 1
10-13 11:43:48.484  3780  3971 D AudioTrack: write: userSize = 3824, blocking = 1
10-13 11:43:48.585  3780  3971 D AudioTrack: write: userSize = 3824, blocking = 1
10-13 11:43:48.685  3780  3971 D AudioTrack: write: userSize = 3824, blocking = 1
10-13 11:43:48.743 13496 13496 I md_monitor: Starting MD_monitor. Version=W1524 (Jul  5 2016 22:41:33)
10-13 11:43:48.743 13496 13496 I md_monitor: signal ignore
10-13 11:43:48.776 13496 13496 D md_monitor: Normal Mode 0
10-13 11:43:48.776 13496 13496 I md_monitor: debug property persist.mtklog.mdlog.path value is none
10-13 11:43:48.776 13496 13496 I md_monitor: Customize Prop file exist.
10-13 11:43:48.776 13496 13496 I md_monitor: Log Save debug.mdlogger.log2sd.path = internal_sd.
10-13 11:43:48.777 13496 13496 I md_monitor: Auto Run com.mediatek.log.modem.enabled = false.
10-13 11:43:48.777 13496 13496 D md_monitor: Get auto start mode: 0
10-13 11:43:48.777 13496 13496 I md_monitor: [Mon] Saved logging mode 0
10-13 11:43:48.777 13496 13496 I md_monitor: [Mon] Current logging mode 0
10-13 11:43:48.777 13496 13496 D md_monitor: [MDMon] MAL_Init
10-13 11:43:48.777 13496 13496 I md_monitor: mal_md_monitor_port /dev/ccci_mdl_monitor
10-13 11:43:48.777 13496 13496 I md_monitor: Start to init MonitorCore.
10-13 11:43:48.777 13496 13496 E         : Failed to opendir [/etc/mddb/]. err = [No such file or directory](2)
10-13 11:43:48.777 13496 13496 E         : Failed to find layout file in folder [/etc/mddb/].
10-13 11:43:48.777 13496 13496 E md_monitor: MonitorCore was not initialized successfully.
10-13 11:43:48.778 13496 13496 E md_monitor: InitMonitorCore fail
10-13 11:43:48.778 13496 13496 E md_monitor: Main: Exit EMDLogger with error.
10-13 11:43:48.785  3780  3971 D AudioTrack: write: userSize = 3824, blocking = 1
10-13 11:43:48.886  3780  3971 D AudioTrack: write: userSize = 3824, blocking = 1
10-13 11:43:48.953   959   959 E WifiTrafficPoller: TRAFFIC_STATS_POLL true Token 92 num clients 12
10-13 11:43:48.954   959   959 E WifiTrafficPoller:  packet count Tx=67336 Rx=126985
10-13 11:43:48.954   959   959 E WifiTrafficPoller: notifying of data activity 3
10-13 11:43:48.959  1097  1097 D NetworkController.WifiSignalController: Change in state from: connected=true,enabled=true,level=2,inetCondition=1,iconGroup=IconGroup(Wi-Fi Icons),activityIn=false,activityOut=false,rssi=-71,lastModified=10-13 11:43:42,ssid="CDT_GUEST"
10-13 11:43:48.959  1097  1097 D NetworkController.WifiSignalController: 	to: connected=true,enabled=true,level=2,inetCondition=1,iconGroup=IconGroup(Wi-Fi Icons),activityIn=true,activityOut=true,rssi=-71,lastModified=10-13 11:43:42,ssid="CDT_GUEST"
10-13 11:43:48.970   277   485 I BufferQueueProducer: [StatusBar](this:0x7f860d9000,id:6,api:1,p:1097,c:277) queueBuffer: fps=0.17 dur=5997.93 max=5997.93 min=5997.93
10-13 11:43:48.982   277   277 I SurfaceFlinger: [Built-in Screen (type:0)] fps:0.166746,dur:5997.13,max:5997.13,min:5997.13
10-13 11:43:48.986  3780  3971 D AudioTrack: write: userSize = 3824, blocking = 1
10-13 11:43:49.063   959  1014 D WifiStateMachine:  ConnectedState (when=-3ms what=131155 arg1=19!CMD_RSSI_POLL  rt=9678676/16242495 19 0 "CDT_GUEST" 5c:83:8f:77:33:2f rssi=-71 f=5180 sc=56 link=65 tx=1,9, 0,0, 0,0  rx=1,8 bcn=0 [on:0 tx:0 rx:0 period:2999] from screen [on:0 period:-1116920761] gl hn rssi=-66 ag=0 ticks 0,6,127 ls-=0 [56,56,56,56,56] brc=0 lrc=0 offload-stopped
10-13 11:43:49.065   959  1014 D WifiStateMachine:  L2ConnectedState (when=-5ms what=131155 arg1=19!CMD_RSSI_POLL  rt=9678678/16242496 19 0 "CDT_GUEST" 5c:83:8f:77:33:2f rssi=-71 f=5180 sc=56 link=65 tx=1,9, 0,0, 0,0  rx=1,8 bcn=0 [on:0 tx:0 rx:0 period:1] from screen [on:0 period:-1116920760] gl hn rssi=-66 ag=0 ticks 0,6,127 ls-=0 [56,56,56,56,56] brc=0 lrc=0 offload-stopped
10-13 11:43:49.065   959  1014 D WifiStateMachine:  get link layer stats 0
10-13 11:43:49.066   959  1014 D WifiHW  : enter -->wifi_send_command cmd=IFNAME=wlan0 SIGNAL_POLL
10-13 11:43:49.067  1077  1077 D wpa_supplicant: wlan0: Control interface command 'SIGNAL_POLL'
10-13 11:43:49.087  3780  3971 D AudioTrack: write: userSize = 3824, blocking = 1
10-13 11:43:49.087   959  1014 D WifiHW  : leave --> reply=RSSI=-71
10-13 11:43:49.087   959  1014 D WifiHW  : LINKSPEED=65
10-13 11:43:49.087   959  1014 D WifiHW  : NOISE=9999
10-13 11:43:49.087   959  1014 D WifiHW  : FREQUENCY=5180
10-13 11:43:49.087   959  1014 D WifiHW  : 
10-13 11:43:49.088   959  1014 I WifiStateMachine: fetchRssiLinkSpeedAndFrequencyNative, newRssi:-71, newLinkSpeed:65, SSID:"CDT_GUEST"
10-13 11:43:49.088   959  1014 D WifiStateMachine: mLastSignalLevel:3, newSignalLevel:3
10-13 11:43:49.088   959  1014 E WifiConfigStore: updateConfiguration freq=5180 BSSID=5c:83:8f:77:33:2f RSSI=-70 "CDT_GUEST"WPA_PSK
10-13 11:43:49.089   959  1014 V ActivityManager: Broadcast sticky: Intent { act=android.net.wifi.RSSI_CHANGED flg=0x4000010 (has extras) } ordered=false userid=-1 callerApp=ProcessRecord{14655d3 959:system/1000}
10-13 11:43:49.093   959  1045 D WifiWatchdogStateMachine: RSSI current: 3 new: -71, 3
10-13 11:43:49.094  1097  1495 D NetworkController: onReceive: intent=Intent { act=android.net.wifi.RSSI_CHANGED flg=0x4000010 (has extras) }
10-13 11:43:49.096   959  1807 D ConnectivityService: getActiveNetworkInfo networkInfo = [type: WIFI[], state: CONNECTED/CONNECTED, reason: (unspecified), extra: "CDT_GUEST", roaming: false, failover: false, isAvailable: true]
10-13 11:43:49.097   959  1084 D ConnectivityService: getActiveNetworkInfo networkInfo = [type: WIFI[], state: CONNECTED/CONNECTED, reason: (unspecified), extra: "CDT_GUEST", roaming: false, failover: false, isAvailable: true]
10-13 11:43:49.099   959  1542 W PackageManager: checkUidPermission(): android.permission.LOCAL_MAC_ADDRESS of 10079 is denied.
10-13 11:43:49.100   959  1910 W PackageManager: checkUidPermission(): android.permission.LOCAL_MAC_ADDRESS of 10082 is denied.
10-13 11:43:49.101   959  1086 D ConnectivityService: getActiveNetworkInfo networkInfo = [type: WIFI[], state: CONNECTED/CONNECTED, reason: (unspecified), extra: "CDT_GUEST", roaming: false, failover: false, isAvailable: true]
10-13 11:43:49.103   959   970 W PackageManager: checkUidPermission(): android.permission.LOCAL_MAC_ADDRESS of 10079 is denied.
10-13 11:43:49.198  3780  3971 D AudioTrack: write: userSize = 3824, blocking = 1
10-13 11:43:49.298  3780  3971 D AudioTrack: write: userSize = 3824, blocking = 1
10-13 11:43:49.399  3780  3971 D AudioTrack: write: userSize = 3824, blocking = 1
10-13 11:43:49.499  3780  3971 D AudioTrack: write: userSize = 3824, blocking = 1
10-13 11:43:49.532   959   983 D PowerManagerService: handleUserActivityTimeout
10-13 11:43:49.532   959   983 D PowerManagerService: updateUserActivitySummaryLocked: mWakefulness=Awake, mUserActivitySummary=0x4, nextTimeout=-1 (9679147 ms ago)
10-13 11:43:49.533   959   983 D DisplayPowerController: requestPowerState: policy=DIM, useProximitySensor=false, screenBrightness=160, screenAutoBrightnessAdjustment=0.0, brightnessSetByUser=true, useAutoBrightness=false, blockScreenOn=false, lowPowerMode=false, boostScreenBrightness=false, dozeScreenBrightness=-1, dozeScreenState=UNKNOWN, waitForNegativeProximity=false
10-13 11:43:49.533   959   983 I PowerManagerService: setBrightness mButtonLight 0.
10-13 11:43:49.533   959   983 D PowerManagerService: updateDisplayPowerStateLocked: mDisplayReady=true, policy=2, mWakefulness=1, mWakeLockSummary=0x0, mUserActivitySummary=0x4, mBootCompleted=true, mScreenBrightnessBoostInProgress=false
10-13 11:43:49.600  3780  3971 D AudioTrack: write: userSize = 3824, blocking = 1
10-13 11:43:49.700  3780  3971 D AudioTrack: write: userSize = 3824, blocking = 1
10-13 11:43:49.801  3780  3971 D AudioTrack: write: userSize = 3824, blocking = 1
10-13 11:43:49.901  3780  3971 D AudioTrack: write: userSize = 3824, blocking = 1
10-13 11:43:49.956   959   959 E WifiTrafficPoller: TRAFFIC_STATS_POLL true Token 92 num clients 12
10-13 11:43:49.956   959   959 E WifiTrafficPoller:  packet count Tx=67336 Rx=126985
10-13 11:43:49.957   959   959 E WifiTrafficPoller: notifying of data activity 0
10-13 11:43:49.961  1097  1097 D NetworkController.WifiSignalController: Change in state from: connected=true,enabled=true,level=2,inetCondition=1,iconGroup=IconGroup(Wi-Fi Icons),activityIn=true,activityOut=true,rssi=-71,lastModified=10-13 11:43:48,ssid="CDT_GUEST"
10-13 11:43:49.961  1097  1097 D NetworkController.WifiSignalController: 	to: connected=true,enabled=true,level=2,inetCondition=1,iconGroup=IconGroup(Wi-Fi Icons),activityIn=false,activityOut=false,rssi=-71,lastModified=10-13 11:43:48,ssid="CDT_GUEST"
10-13 11:43:49.984   277  2005 I BufferQueueProducer: [StatusBar](this:0x7f860d9000,id:6,api:1,p:1097,c:277) queueBuffer: fps=0.99 dur=1014.07 max=1014.07 min=1014.07
10-13 11:43:49.998   277   277 I SurfaceFlinger: [Built-in Screen (type:0)] fps:0.984926,dur:1015.31,max:1015.31,min:1015.31
10-13 11:43:50.001  3780  3971 D AudioTrack: write: userSize = 3824, blocking = 1
10-13 11:43:50.102  3780  3971 D AudioTrack: write: userSize = 3824, blocking = 1
10-13 11:43:50.202  3780  3971 D AudioTrack: write: userSize = 3824, blocking = 1
10-13 11:43:50.303  3780  3971 D AudioTrack: write: userSize = 3824, blocking = 1
10-13 11:43:50.403  3780  3971 D AudioTrack: write: userSize = 3824, blocking = 1
10-13 11:43:50.503  3780  3971 D AudioTrack: write: userSize = 3824, blocking = 1
10-13 11:43:50.604  3780  3971 D AudioTrack: write: userSize = 3824, blocking = 1
10-13 11:43:50.704  3780  3971 D AudioTrack: write: userSize = 3824, blocking = 1
10-13 11:43:50.769   328   328 I thermal_repeater: oh, queryMdThermalInfo (0)No such file or directory
10-13 11:43:50.784   328   328 I thermal_repeater: [recvMdThermalInfo] ret=28, strLen=127,  2, 32767, -127, 0, 32767, 1
10-13 11:43:50.805  3780  3971 D AudioTrack: write: userSize = 3824, blocking = 1
10-13 11:43:50.905  3780  3971 D AudioTrack: write: userSize = 3824, blocking = 1
10-13 11:43:50.959   959   959 E WifiTrafficPoller: TRAFFIC_STATS_POLL true Token 92 num clients 12
10-13 11:43:50.960   959   959 E WifiTrafficPoller:  packet count Tx=67336 Rx=126985
10-13 11:43:51.006  3780  3971 D AudioTrack: write: userSize = 3824, blocking = 1
10-13 11:43:51.106  3780  3971 D AudioTrack: write: userSize = 3824, blocking = 1
10-13 11:43:51.114   312   492 D AALLightSensor: newLux = 104, [103, 103] -> 101
10-13 11:43:51.206  3780  3971 D AudioTrack: write: userSize = 3824, blocking = 1
10-13 11:43:51.219   959  1807 D ConnectivityService: getActiveNetworkInfo networkInfo = [type: WIFI[], state: CONNECTED/CONNECTED, reason: (unspecified), extra: "CDT_GUEST", roaming: false, failover: false, isAvailable: true]
10-13 11:43:51.221  4108  7537 D Segment : isOkToSend status for flushing events is false
10-13 11:43:51.222   959  1910 D ConnectivityService: getActiveNetworkInfo networkInfo = [type: WIFI[], state: CONNECTED/CONNECTED, reason: (unspecified), extra: "CDT_GUEST", roaming: false, failover: false, isAvailable: true]
10-13 11:43:51.307  3780  3971 D AudioTrack: write: userSize = 3824, blocking = 1
10-13 11:43:51.407  3780  3971 D AudioTrack: write: userSize = 3824, blocking = 1
10-13 11:43:51.466   326   326 I thermal_src: wake up function 3
10-13 11:43:51.466   326   326 I thermal_src: TA_DAEMON_CMD_GET_TPCB cmd=0x5, len=4 PCB=35000
10-13 11:43:51.466   326   326 I thermal_src: TA_DAEMON_CMD_SET_TTJ cmd=0x4, len=4 Tj=85000
10-13 11:43:51.466   326   326 I thermal_src: waiting NOTIFY from kernel...
10-13 11:43:51.508  3780  3971 D AudioTrack: write: userSize = 3824, blocking = 1
10-13 11:43:51.563   959   959 D SettingsInterface:  from settings cache , name = sys_free_storage_log_interval , value = null
10-13 11:43:51.563   959   959 D SettingsInterface:  from settings cache , name = disk_free_change_reporting_threshold , value = null
10-13 11:43:51.608  3780  3971 D AudioTrack: write: userSize = 3824, blocking = 1
10-13 11:43:51.709  3780  3971 D AudioTrack: write: userSize = 3824, blocking = 1
10-13 11:43:51.809  3780  3971 D AudioTrack: write: userSize = 3824, blocking = 1
10-13 11:43:51.909  3780  3971 D AudioTrack: write: userSize = 3824, blocking = 1
10-13 11:43:51.961   959   959 E WifiTrafficPoller: TRAFFIC_STATS_POLL true Token 92 num clients 12
10-13 11:43:51.961   959   959 E WifiTrafficPoller:  packet count Tx=67336 Rx=126985
10-13 11:43:52.010  3780  3971 D AudioTrack: write: userSize = 3824, blocking = 1
10-13 11:43:52.094   959  1014 D WifiStateMachine:  ConnectedState (when=-4ms what=131155 arg1=19!CMD_RSSI_POLL  rt=9681707/16245526 19 0 "CDT_GUEST" 5c:83:8f:77:33:2f rssi=-71 f=5180 sc=56 link=65 tx=1,9, 0,0, 0,0  rx=1,9 bcn=0 [on:0 tx:0 rx:0 period:3000] from screen [on:0 period:-1116917730] gl hn rssi=-66 ag=0 ticks 0,6,127 ls-=0 [56,56,56,56,56] brc=0 lrc=0 offload-stopped
10-13 11:43:52.095   959  1014 D WifiStateMachine:  L2ConnectedState (when=-6ms what=131155 arg1=19!CMD_RSSI_POLL  rt=9681709/16245527 19 0 "CDT_GUEST" 5c:83:8f:77:33:2f rssi=-71 f=5180 sc=56 link=65 tx=1,9, 0,0, 0,0  rx=1,9 bcn=0 [on:0 tx:0 rx:0 period:1] from screen [on:0 period:-1116917729] gl hn rssi=-66 ag=0 ticks 0,6,127 ls-=0 [56,56,56,56,56] brc=0 lrc=0 offload-stopped
10-13 11:43:52.097   959  1014 D WifiStateMachine:  get link layer stats 0
10-13 11:43:52.099   959  1014 D WifiHW  : enter -->wifi_send_command cmd=IFNAME=wlan0 SIGNAL_POLL
10-13 11:43:52.099  1077  1077 D wpa_supplicant: wlan0: Control interface command 'SIGNAL_POLL'
10-13 11:43:52.110  3780  3971 D AudioTrack: write: userSize = 3824, blocking = 1
10-13 11:43:52.119   959  1014 D WifiHW  : leave --> reply=RSSI=-71
10-13 11:43:52.119   959  1014 D WifiHW  : LINKSPEED=65
10-13 11:43:52.119   959  1014 D WifiHW  : NOISE=9999
10-13 11:43:52.119   959  1014 D WifiHW  : FREQUENCY=5180
10-13 11:43:52.119   959  1014 D WifiHW  : 
10-13 11:43:52.119   959  1014 I WifiStateMachine: fetchRssiLinkSpeedAndFrequencyNative, newRssi:-71, newLinkSpeed:65, SSID:"CDT_GUEST"
10-13 11:43:52.119   959  1014 D WifiStateMachine: mLastSignalLevel:3, newSignalLevel:3
10-13 11:43:52.120   959  1014 E WifiConfigStore: updateConfiguration freq=5180 BSSID=5c:83:8f:77:33:2f RSSI=-70 "CDT_GUEST"WPA_PSK
10-13 11:43:52.120   959  1014 V ActivityManager: Broadcast sticky: Intent { act=android.net.wifi.RSSI_CHANGED flg=0x4000010 (has extras) } ordered=false userid=-1 callerApp=ProcessRecord{14655d3 959:system/1000}
10-13 11:43:52.126   959  1045 D WifiWatchdogStateMachine: RSSI current: 3 new: -71, 3
10-13 11:43:52.128  1097  1495 D NetworkController: onReceive: intent=Intent { act=android.net.wifi.RSSI_CHANGED flg=0x4000010 (has extras) }
10-13 11:43:52.130   959   970 D ConnectivityService: getActiveNetworkInfo networkInfo = [type: WIFI[], state: CONNECTED/CONNECTED, reason: (unspecified), extra: "CDT_GUEST", roaming: false, failover: false, isAvailable: true]
10-13 11:43:52.132   959   971 D ConnectivityService: getActiveNetworkInfo networkInfo = [type: WIFI[], state: CONNECTED/CONNECTED, reason: (unspecified), extra: "CDT_GUEST", roaming: false, failover: false, isAvailable: true]
10-13 11:43:52.134   959  1909 W PackageManager: checkUidPermission(): android.permission.LOCAL_MAC_ADDRESS of 10079 is denied.
10-13 11:43:52.137   959  2522 W PackageManager: checkUidPermission(): android.permission.LOCAL_MAC_ADDRESS of 10082 is denied.
10-13 11:43:52.139   959  1498 D ConnectivityService: getActiveNetworkInfo networkInfo = [type: WIFI[], state: CONNECTED/CONNECTED, reason: (unspecified), extra: "CDT_GUEST", roaming: false, failover: false, isAvailable: true]
10-13 11:43:52.142   959  9797 W PackageManager: checkUidPermission(): android.permission.LOCAL_MAC_ADDRESS of 10079 is denied.
10-13 11:43:52.167 11963 11979 I System  : FinalizerDaemon: finalize objects = 585
10-13 11:43:52.210  3780  3971 D AudioTrack: write: userSize = 3824, blocking = 1
10-13 11:43:52.311  3780  3971 D AudioTrack: write: userSize = 3824, blocking = 1
10-13 11:43:52.411  3780  3971 D AudioTrack: write: userSize = 3824, blocking = 1
10-13 11:43:52.512  3780  3971 D AudioTrack: write: userSize = 3824, blocking = 1
10-13 11:43:52.612  3780  3971 D AudioTrack: write: userSize = 3824, blocking = 1
10-13 11:43:52.679   959  1005 D InputReader: AP_PROF:AppLaunch_dispatchPtr:Down:9682293, ID:0, Index:-1881104448
10-13 11:43:52.679   959  1005 I PerfService: PerfServiceNative_boostEnableAsync:3
10-13 11:43:52.681   959  1042 I libPerfService: 3: set freq: 1001000, -1, 
10-13 11:43:52.682   959  1004 D PowerManagerService: userActivityFromNative
10-13 11:43:52.682   959  1004 D PowerManagerService: userActivityNoUpdateLocked: eventTime=9682293, event=2, flags=0x0, uid=1000
10-13 11:43:52.682   959  1004 D PowerManagerNotifier: onUserActivity: event=2, uid=1000
10-13 11:43:52.682   959  1004 D PowerManagerService: updateUserActivitySummaryLocked: mWakefulness=Awake, mUserActivitySummary=0x1, nextTimeout=9706293 (in 23997 ms)
10-13 11:43:52.683   959  1004 D DisplayPowerController: requestPowerState: policy=BRIGHT, useProximitySensor=false, screenBrightness=160, screenAutoBrightnessAdjustment=0.0, brightnessSetByUser=true, useAutoBrightness=false, blockScreenOn=false, lowPowerMode=false, boostScreenBrightness=false, dozeScreenBrightness=-1, dozeScreenState=UNKNOWN, waitForNegativeProximity=false
10-13 11:43:52.683   959  1004 I PowerManagerService: setBrightness mButtonLight 0.
10-13 11:43:52.683   959  1004 D PowerManagerService: updateDisplayPowerStateLocked: mDisplayReady=false, policy=3, mWakefulness=1, mWakeLockSummary=0x0, mUserActivitySummary=0x1, mBootCompleted=true, mScreenBrightnessBoostInProgress=false
10-13 11:43:52.684   959   976 D SettingsInterface:  from settings cache , name = threefingers_takescreenshot , value = null
10-13 11:43:52.684   959   976 D SettingsInterface:  from settings cache , name = threefingers_recent , value = null
10-13 11:43:52.684   959   976 D SystemGestures: pointer 0 down pointerIndex=0 trackingIndex=0
10-13 11:43:52.684   959   976 D SystemGestures: pointer 0 down x=715.33765 y=1194.3779
10-13 11:43:52.685   959  1042 I libPerfService: 3: set: 3, -1, 
10-13 11:43:52.685   959  1899 W PackageManager: checkUidPermission(): android.permission.REAL_GET_TASKS of 10084 is denied.
10-13 11:43:52.685   959  1899 W PackageManager: checkUidPermission(): android.permission.GET_TASKS of 10084 is denied.
10-13 11:43:52.685   959   983 D ColorFade: dismiss
10-13 11:43:52.685   959   983 D DisplayPowerController: Animating brightness: target=160, rate=200
10-13 11:43:52.686 13148 13148 D SettingsInterface:  from settings cache , name = threefingers_takescreenshot , value = null
10-13 11:43:52.686   959   983 D DisplayPowerController: Unfinished business...
10-13 11:43:52.686 13148 13148 D SettingsInterface:  from settings cache , name = threefingers_recent , value = null
10-13 11:43:52.686   959   983 D DisplayPowerController: Display ready!
10-13 11:43:52.687   959   983 D DisplayPowerController: requestPowerState: policy=BRIGHT, useProximitySensor=false, screenBrightness=160, screenAutoBrightnessAdjustment=0.0, brightnessSetByUser=true, useAutoBrightness=false, blockScreenOn=false, lowPowerMode=false, boostScreenBrightness=false, dozeScreenBrightness=-1, dozeScreenState=UNKNOWN, waitForNegativeProximity=false
10-13 11:43:52.687   959   983 I PowerManagerService: setBrightness mButtonLight 0.
10-13 11:43:52.687   959   983 D PowerManagerService: updateDisplayPowerStateLocked: mDisplayReady=true, policy=3, mWakefulness=1, mWakeLockSummary=0x0, mUserActivitySummary=0x1, mBootCompleted=true, mScreenBrightnessBoostInProgress=false
10-13 11:43:52.689   959   976 D SettingsInterface:  from settings cache , name = threefingers_takescreenshot , value = null
10-13 11:43:52.690   959   976 D SettingsInterface:  from settings cache , name = threefingers_recent , value = null
10-13 11:43:52.690   959   976 D SystemGestures: pointer 0 moved (715.33765->715.33765,1194.3779->1194.3779) in 8
10-13 11:43:52.690   959   983 D DisplayPowerState: setScreenBrightness: brightness=11
10-13 11:43:52.690   959   983 D DisplayPowerState: Requesting new screen state: state=ON, backlight=11
10-13 11:43:52.690   959   983 D DisplayPowerState: Screen not ready
10-13 11:43:52.690   959  1051 D DisplayPowerState: Updating screen state: state=ON, backlight=11, backlightChanged=true
10-13 11:43:52.691   959  1051 D DisplayManagerService: Update global display state for DisplayDeviceInfo{"cran intgr": uniqueId="local:0", 1080 x 1920, modeId 1, defaultModeId 1, supportedModes [{id=1, width=1080, height=1920, fps=54.190002}], density 480, 480.0 x 480.0 dpi, appVsyncOff -8000000, presDeadline 27453589, touch INTERNAL, rotation 0, type BUILT_IN, state ON, FLAG_DEFAULT_DISPLAY, FLAG_ROTATES_WITH_CONTENT, FLAG_SECURE, FLAG_SUPPORTS_PROTECTED_BUFFERS}
10-13 11:43:52.691   959  1051 D LocalDisplayAdapter: setDisplayBrightness(id=0, brightness=11)
10-13 11:43:52.691   959  1051 D lights  : write_int open fd=201
10-13 11:43:52.691   312   482 D AALService: onBacklightChanged: 40/1023 -> 44/1023(phy:176/4095)
10-13 11:43:52.691   312   482 D AALService: enableAALEvent: 0 -> 1
10-13 11:43:52.692   959   983 D DisplayPowerState: Screen ready
10-13 11:43:52.694   959   976 D SettingsInterface:  from settings cache , name = threefingers_takescreenshot , value = null
10-13 11:43:52.694   959   976 D SettingsInterface:  from settings cache , name = threefingers_recent , value = null
10-13 11:43:52.694   959   976 D SystemGestures: pointer 0 moved (715.33765->715.33765,1194.3779->1194.3779) in 14
10-13 11:43:52.701   959  1005 D InputReader: AP_PROF:AppLaunch_dispatchPtr:Up:9682315, ID:0, Index:-1881101056
10-13 11:43:52.702   959  1005 I PerfService: PerfServiceNative_boostEnableTimeoutMsAsync:3, 100
10-13 11:43:52.702   959   976 D SettingsInterface:  from settings cache , name = threefingers_takescreenshot , value = null
10-13 11:43:52.702   959   976 D SettingsInterface:  from settings cache , name = threefingers_recent , value = null
10-13 11:43:52.703   959  3435 W PackageManager: checkUidPermission(): android.permission.REAL_GET_TASKS of 10084 is denied.
10-13 11:43:52.703   959  3435 W PackageManager: checkUidPermission(): android.permission.GET_TASKS of 10084 is denied.
10-13 11:43:52.704 13148 13148 D SettingsInterface:  from settings cache , name = threefingers_takescreenshot , value = null
10-13 11:43:52.704 13148 13148 D SettingsInterface:  from settings cache , name = threefingers_recent , value = null
10-13 11:43:52.705   959  1807 W PackageManager: checkUidPermission(): android.permission.REAL_GET_TASKS of 10084 is denied.
10-13 11:43:52.705   959  1807 W PackageManager: checkUidPermission(): android.permission.GET_TASKS of 10084 is denied.
10-13 11:43:52.705 13148 13148 D SettingsInterface:  from settings cache , name = threefingers_takescreenshot , value = null
10-13 11:43:52.706 13148 13148 D SettingsInterface:  from settings cache , name = threefingers_recent , value = null
10-13 11:43:52.708   959   983 D DisplayPowerState: setScreenBrightness: brightness=14
10-13 11:43:52.709   959   983 D DisplayPowerState: Requesting new screen state: state=ON, backlight=14
10-13 11:43:52.709   959   983 D DisplayPowerState: Screen not ready
10-13 11:43:52.709   959  1051 D DisplayPowerState: Updating screen state: state=ON, backlight=14, backlightChanged=true
10-13 11:43:52.709   959  1051 D DisplayManagerService: Update global display state for DisplayDeviceInfo{"cran intgr": uniqueId="local:0", 1080 x 1920, modeId 1, defaultModeId 1, supportedModes [{id=1, width=1080, height=1920, fps=54.190002}], density 480, 480.0 x 480.0 dpi, appVsyncOff -8000000, presDeadline 27453589, touch INTERNAL, rotation 0, type BUILT_IN, state ON, FLAG_DEFAULT_DISPLAY, FLAG_ROTATES_WITH_CONTENT, FLAG_SECURE, FLAG_SUPPORTS_PROTECTED_BUFFERS}
10-13 11:43:52.709   959  1051 D LocalDisplayAdapter: setDisplayBrightness(id=0, brightness=14)
10-13 11:43:52.709   959  1051 D lights  : write_int open fd=201
10-13 11:43:52.710   959   983 D DisplayPowerState: Screen ready
10-13 11:43:52.712  3780  3971 D AudioTrack: write: userSize = 3824, blocking = 1
10-13 11:43:52.717   312   482 D AALService: onBacklightChanged: 44/1023 -> 56/1023(phy:224/4095)
10-13 11:43:52.718   312   482 D AALService: Output backlight = 48/1023, CABC gain = 256
10-13 11:43:52.727   959   983 D DisplayPowerState: setScreenBrightness: brightness=18
10-13 11:43:52.727   959   983 D DisplayPowerState: Requesting new screen state: state=ON, backlight=18
10-13 11:43:52.727   959   983 D DisplayPowerState: Screen not ready
10-13 11:43:52.727   959  1051 D DisplayPowerState: Updating screen state: state=ON, backlight=18, backlightChanged=true
10-13 11:43:52.728   959  1051 D DisplayManagerService: Update global display state for DisplayDeviceInfo{"cran intgr": uniqueId="local:0", 1080 x 1920, modeId 1, defaultModeId 1, supportedModes [{id=1, width=1080, height=1920, fps=54.190002}], density 480, 480.0 x 480.0 dpi, appVsyncOff -8000000, presDeadline 27453589, touch INTERNAL, rotation 0, type BUILT_IN, state ON, FLAG_DEFAULT_DISPLAY, FLAG_ROTATES_WITH_CONTENT, FLAG_SECURE, FLAG_SUPPORTS_PROTECTED_BUFFERS}
10-13 11:43:52.728   959  1051 D LocalDisplayAdapter: setDisplayBrightness(id=0, brightness=18)
10-13 11:43:52.728   959  1051 D lights  : write_int open fd=201
10-13 11:43:52.728   959   983 D DisplayPowerState: Screen ready
10-13 11:43:52.736   312   482 D AALService: onBacklightChanged: 56/1023 -> 72/1023(phy:288/4095)
10-13 11:43:52.736   312   482 D AALService: Output backlight = 62/1023, CABC gain = 256
10-13 11:43:52.745   959   983 D DisplayPowerState: setScreenBrightness: brightness=22
10-13 11:43:52.745   959   983 D DisplayPowerState: Requesting new screen state: state=ON, backlight=22
10-13 11:43:52.746   959   983 D DisplayPowerState: Screen not ready
10-13 11:43:52.746   959  1051 D DisplayPowerState: Updating screen state: state=ON, backlight=22, backlightChanged=true
10-13 11:43:52.746   959  1051 D DisplayManagerService: Update global display state for DisplayDeviceInfo{"cran intgr": uniqueId="local:0", 1080 x 1920, modeId 1, defaultModeId 1, supportedModes [{id=1, width=1080, height=1920, fps=54.190002}], density 480, 480.0 x 480.0 dpi, appVsyncOff -8000000, presDeadline 27453589, touch INTERNAL, rotation 0, type BUILT_IN, state ON, FLAG_DEFAULT_DISPLAY, FLAG_ROTATES_WITH_CONTENT, FLAG_SECURE, FLAG_SUPPORTS_PROTECTED_BUFFERS}
10-13 11:43:52.746   959  1051 D LocalDisplayAdapter: setDisplayBrightness(id=0, brightness=22)
10-13 11:43:52.746   959  1051 D lights  : write_int open fd=201
10-13 11:43:52.747   959   983 D DisplayPowerState: Screen ready
10-13 11:43:52.754   312   482 D AALService: onBacklightChanged: 72/1023 -> 88/1023(phy:352/4095)
10-13 11:43:52.754   312   482 D AALService: Output backlight = 76/1023, CABC gain = 256
10-13 11:43:52.764   959   983 D DisplayPowerState: setScreenBrightness: brightness=26
10-13 11:43:52.764   959   983 D DisplayPowerState: Requesting new screen state: state=ON, backlight=26
10-13 11:43:52.764   959   983 D DisplayPowerState: Screen not ready
10-13 11:43:52.764   959  1051 D DisplayPowerState: Updating screen state: state=ON, backlight=26, backlightChanged=true
10-13 11:43:52.764   959  1051 D DisplayManagerService: Update global display state for DisplayDeviceInfo{"cran intgr": uniqueId="local:0", 1080 x 1920, modeId 1, defaultModeId 1, supportedModes [{id=1, width=1080, height=1920, fps=54.190002}], density 480, 480.0 x 480.0 dpi, appVsyncOff -8000000, presDeadline 27453589, touch INTERNAL, rotation 0, type BUILT_IN, state ON, FLAG_DEFAULT_DISPLAY, FLAG_ROTATES_WITH_CONTENT, FLAG_SECURE, FLAG_SUPPORTS_PROTECTED_BUFFERS}
10-13 11:43:52.764   959  1051 D LocalDisplayAdapter: setDisplayBrightness(id=0, brightness=26)
10-13 11:43:52.765   959  1051 D lights  : write_int open fd=201
10-13 11:43:52.765   959   983 D DisplayPowerState: Screen ready
10-13 11:43:52.773   312   482 D AALService: onBacklightChanged: 88/1023 -> 104/1023(phy:416/4095)
10-13 11:43:52.773   312   482 D AALService: Output backlight = 91/1023, CABC gain = 256
10-13 11:43:52.782   959   983 D DisplayPowerState: setScreenBrightness: brightness=29
10-13 11:43:52.782   959   983 D DisplayPowerState: Requesting new screen state: state=ON, backlight=29
10-13 11:43:52.782   959   983 D DisplayPowerState: Screen not ready
10-13 11:43:52.783   959  1051 D DisplayPowerState: Updating screen state: state=ON, backlight=29, backlightChanged=true
10-13 11:43:52.783   959  1051 D DisplayManagerService: Update global display state for DisplayDeviceInfo{"cran intgr": uniqueId="local:0", 1080 x 1920, modeId 1, defaultModeId 1, supportedModes [{id=1, width=1080, height=1920, fps=54.190002}], density 480, 480.0 x 480.0 dpi, appVsyncOff -8000000, presDeadline 27453589, touch INTERNAL, rotation 0, type BUILT_IN, state ON, FLAG_DEFAULT_DISPLAY, FLAG_ROTATES_WITH_CONTENT, FLAG_SECURE, FLAG_SUPPORTS_PROTECTED_BUFFERS}
10-13 11:43:52.783   959  1051 D LocalDisplayAdapter: setDisplayBrightness(id=0, brightness=29)
10-13 11:43:52.783   959  1051 D lights  : write_int open fd=201
10-13 11:43:52.783   959   983 D DisplayPowerState: Screen ready
10-13 11:43:52.791   312   482 D AALService: onBacklightChanged: 104/1023 -> 116/1023(phy:464/4095)
10-13 11:43:52.791   312   482 D AALService: Output backlight = 106/1023, CABC gain = 256
10-13 11:43:52.800   959   983 D DisplayPowerState: setScreenBrightness: brightness=33
10-13 11:43:52.801   959   983 D DisplayPowerState: Requesting new screen state: state=ON, backlight=33
10-13 11:43:52.801   959   983 D DisplayPowerState: Screen not ready
10-13 11:43:52.801   959  1051 D DisplayPowerState: Updating screen state: state=ON, backlight=33, backlightChanged=true
