10-17 16:54:32.140   277   510 I BufferQueueProducer: [com.ionicframework.ecdtmobile235842/com.ionicframework.ecdtmobile235842.MainActivity](this:0x7fae393400,id:887,api:1,p:-1,c:277) disconnect(P): api 1
10-17 16:54:32.142   295 22210 D AudioTrackShared: front(51362240), mIsOut(0), mAvailToClient=0 stepCount=320 minimum=320, FUTEX_WAKE
10-17 16:54:32.143   966  2761 V WindowManager: Remove Window{40b739e u0 com.ionicframework.ecdtmobile235842/com.ionicframework.ecdtmobile235842.MainActivity} client=94c4dd9, surface=Surface(name=com.ionicframework.ecdtmobile235842/com.ionicframework.ecdtmobile235842.MainActivity) Callers=com.android.server.wm.WindowManagerService.removeWindow:2861 com.android.server.wm.Session.remove:190 android.view.IWindowSession$Stub.onTransact:242 com.android.server.wm.Session.onTransact:133 
10-17 16:54:32.146  1103  1103 D PhoneStatusBar: setSystemUiVisibility vis=8000 mask=ffffffff oldVal=0 newVal=8000 diff=8000
10-17 16:54:32.147  1103  1103 D PhoneStatusBar: hiding the MENU button
10-17 16:54:32.147  1103  1103 D sunjin  : [PhoneStatusBar][topAppWindowChanged] hideNav - true
10-17 16:54:32.147   966  2761 V WindowManager: Looking for focus: 31 = Window{a2bc86e u0 StatusBar}, flags=-2122055608, canReceive=false
10-17 16:54:32.147   966  2761 V WindowManager: findFocusedWindow: Found new focus @ 26 = Window{3372baa u0 com.ionicframework.ecdtmobile235842/com.ionicframework.ecdtmobile235842.MainActivity}
10-17 16:54:32.148   966  2761 V WindowManager: Changing focus from Window{40b739e u0 com.ionicframework.ecdtmobile235842/com.ionicframework.ecdtmobile235842.MainActivity} to Window{3372baa u0 com.ionicframework.ecdtmobile235842/com.ionicframework.ecdtmobile235842.MainActivity} Callers=com.android.server.wm.WindowManagerService.removeWindowLocked:2951 com.android.server.wm.WindowManagerService.removeWindow:2861 com.android.server.wm.Session.remove:190 android.view.IWindowSession$Stub.onTransact:242 
10-17 16:54:32.148   966  2761 D WindowManager: Input focus has changed to Window{3372baa u0 com.ionicframework.ecdtmobile235842/com.ionicframework.ecdtmobile235842.MainActivity}
10-17 16:54:32.148   966   986 I WindowManager: Focus moving from Window{40b739e u0 com.ionicframework.ecdtmobile235842/com.ionicframework.ecdtmobile235842.MainActivity} to Window{3372baa u0 com.ionicframework.ecdtmobile235842/com.ionicframework.ecdtmobile235842.MainActivity}
10-17 16:54:32.148   966   986 I WindowManager: Gaining focus: Window{3372baa u0 com.ionicframework.ecdtmobile235842/com.ionicframework.ecdtmobile235842.MainActivity}
10-17 16:54:32.149   966   986 I WindowManager: Losing focus: Window{40b739e u0 com.ionicframework.ecdtmobile235842/com.ionicframework.ecdtmobile235842.MainActivity}
10-17 16:54:32.149 24154 24154 D WindowClient: Remove from mViews: com.android.internal.policy.PhoneWindow$DecorView{d39dd43 V.E...... R......D 0,0-1080,1920}, this = android.view.WindowManagerGlobal@36a6e4a
10-17 16:54:32.151   277   277 I BufferQueueConsumer: [com.ionicframework.ecdtmobile235842/com.ionicframework.ecdtmobile235842.MainActivity](this:0x7fae393400,id:887,api:1,p:-1,c:-1) disconnect(C)
10-17 16:54:32.151   277   277 D GraphicBuffer: free, handle(0x7fb11ca040) (w:1080 h:1920 s:1088 f:0x1 u:0x000b00)
10-17 16:54:32.151   277   277 I [MALI][Gralloc]: [-]hnd(0x7fb11ca040), client(29), share_fd(42)
10-17 16:54:32.152   277   277 D GraphicBuffer: free, handle(0x7fb11ca900) (w:1080 h:1920 s:1088 f:0x1 u:0x000b00)
10-17 16:54:32.152   277   277 I [MALI][Gralloc]: [-]hnd(0x7fb11ca900), client(29), share_fd(32)
10-17 16:54:32.152   277   277 I BufferQueue: [com.ionicframework.ecdtmobile235842/com.ionicframework.ecdtmobile235842.MainActivity](this:0x7fae393400,id:887,api:1,p:-1,c:-1) ~BufferQueueCore
10-17 16:54:32.155 24154 24154 V InputMethodManager: onWindowFocus: org.apache.cordova.engine.SystemWebView{94f2300 VFEDH.C.. .F....ID 0,0-1080,1848 #64} softInputMode=272 first=true flags=#81810100
10-17 16:54:32.155 24154 24154 V InputMethodManager: START INPUT: org.apache.cordova.engine.SystemWebView{94f2300 VFEDH.C.. .F....ID 0,0-1080,1848 #64} ic=null tba=android.view.inputmethod.EditorInfo@cda2b7a controlFlags=#105
10-17 16:54:32.156   966  1920 V InputMethodManagerService: windowGainedFocus: android.os.BinderProxy@2d99020 controlFlags=#105 softInputMode=#110 windowFlags=#81810100
10-17 16:54:32.162   295 22210 D AudioTrackShared: front(51362560), mIsOut(0), mAvailToClient=0 stepCount=320 minimum=320, FUTEX_WAKE
10-17 16:54:32.165  1103  1103 D PhoneStatusBar: setSystemUiVisibility vis=8600 mask=ffffffff oldVal=8000 newVal=8600 diff=600
10-17 16:54:32.166  1103  1103 D PhoneStatusBar: hiding the MENU button
10-17 16:54:32.166  1103  1103 D sunjin  : [PhoneStatusBar][topAppWindowChanged] hideNav - true
10-17 16:54:32.168   277   510 I BufferQueueProducer: [StatusBar](this:0x7fad999000,id:6,api:1,p:1103,c:277) queueBuffer: fps=0.58 dur=1733.16 max=1733.16 min=1733.16
10-17 16:54:32.182   295 22210 D AudioTrackShared: front(51362880), mIsOut(0), mAvailToClient=0 stepCount=320 minimum=320, FUTEX_WAKE
10-17 16:54:32.202   295 22210 D AudioTrackShared: front(51363200), mIsOut(0), mAvailToClient=0 stepCount=320 minimum=320, FUTEX_WAKE
10-17 16:54:32.222   295 22210 D AudioTrackShared: front(51363520), mIsOut(0), mAvailToClient=0 stepCount=320 minimum=320, FUTEX_WAKE
10-17 16:54:32.242   295 22210 D AudioTrackShared: front(51363520), mIsOut(0), mAvailToClient=320 stepCount=320 minimum=320, FUTEX_WAKE
10-17 16:54:32.262   295 22210 D AudioTrackShared: front(51364160), mIsOut(0), mAvailToClient=0 stepCount=320 minimum=320, FUTEX_WAKE
10-17 16:54:32.282   295 22210 D AudioTrackShared: front(51364480), mIsOut(0), mAvailToClient=0 stepCount=320 minimum=320, FUTEX_WAKE
10-17 16:54:32.296  1005  1029 D fingerprintd: onAcquired(1103)
10-17 16:54:32.302   295 22210 D AudioTrackShared: front(51364800), mIsOut(0), mAvailToClient=0 stepCount=320 minimum=320, FUTEX_WAKE
10-17 16:54:32.322   295 22210 D AudioTrackShared: front(51365120), mIsOut(0), mAvailToClient=0 stepCount=320 minimum=320, FUTEX_WAKE
10-17 16:54:32.342   295 22210 D AudioTrackShared: front(51365440), mIsOut(0), mAvailToClient=0 stepCount=320 minimum=320, FUTEX_WAKE
10-17 16:54:32.362   295 22210 D AudioTrackShared: front(51365760), mIsOut(0), mAvailToClient=0 stepCount=320 minimum=320, FUTEX_WAKE
10-17 16:54:32.382   295 22210 D AudioTrackShared: front(51366080), mIsOut(0), mAvailToClient=0 stepCount=320 minimum=320, FUTEX_WAKE
10-17 16:54:32.402   295 22210 D AudioTrackShared: front(51366400), mIsOut(0), mAvailToClient=0 stepCount=320 minimum=320, FUTEX_WAKE
10-17 16:54:32.422   295 22210 D AudioTrackShared: front(51366720), mIsOut(0), mAvailToClient=0 stepCount=320 minimum=320, FUTEX_WAKE
10-17 16:54:32.442   295 22210 D AudioTrackShared: front(51367040), mIsOut(0), mAvailToClient=0 stepCount=320 minimum=320, FUTEX_WAKE
10-17 16:54:32.462   295 22210 D AudioTrackShared: front(51367360), mIsOut(0), mAvailToClient=0 stepCount=320 minimum=320, FUTEX_WAKE
10-17 16:54:32.470   277   277 I SurfaceFlinger: [Built-in Screen (type:0)] fps:50.815002,dur:1003.64,max:74.51,min:15.19
10-17 16:54:32.482   295 22210 D AudioTrackShared: front(51367680), mIsOut(0), mAvailToClient=0 stepCount=320 minimum=320, FUTEX_WAKE
10-17 16:54:32.502   295 22210 D AudioTrackShared: front(51368000), mIsOut(0), mAvailToClient=0 stepCount=320 minimum=320, FUTEX_WAKE
10-17 16:54:32.522   295 22210 D AudioTrackShared: front(51368320), mIsOut(0), mAvailToClient=0 stepCount=320 minimum=320, FUTEX_WAKE
10-17 16:54:32.542   295 22210 D AudioTrackShared: front(51368640), mIsOut(0), mAvailToClient=0 stepCount=320 minimum=320, FUTEX_WAKE
10-17 16:54:32.562   295 22210 D AudioTrackShared: front(51368960), mIsOut(0), mAvailToClient=0 stepCount=320 minimum=320, FUTEX_WAKE
10-17 16:54:32.582   295 22210 D AudioTrackShared: front(51369280), mIsOut(0), mAvailToClient=0 stepCount=320 minimum=320, FUTEX_WAKE
10-17 16:54:32.603   295 22210 D AudioTrackShared: front(51369600), mIsOut(0), mAvailToClient=0 stepCount=320 minimum=320, FUTEX_WAKE
10-17 16:54:32.622   295 22210 D AudioTrackShared: front(51369920), mIsOut(0), mAvailToClient=0 stepCount=320 minimum=320, FUTEX_WAKE
10-17 16:54:32.649   295 22210 D AudioTrackShared: front(51370240), mIsOut(0), mAvailToClient=0 stepCount=320 minimum=320, FUTEX_WAKE
10-17 16:54:32.663   295 22210 D AudioTrackShared: front(51370560), mIsOut(0), mAvailToClient=0 stepCount=320 minimum=320, FUTEX_WAKE
10-17 16:54:32.683   295 22210 D AudioTrackShared: front(51370880), mIsOut(0), mAvailToClient=0 stepCount=320 minimum=320, FUTEX_WAKE
10-17 16:54:32.703   295 22210 D AudioTrackShared: front(51371200), mIsOut(0), mAvailToClient=0 stepCount=320 minimum=320, FUTEX_WAKE
10-17 16:54:32.723   295 22210 D AudioTrackShared: front(51371520), mIsOut(0), mAvailToClient=0 stepCount=320 minimum=320, FUTEX_WAKE
10-17 16:54:32.743   295 22210 D AudioTrackShared: front(51371840), mIsOut(0), mAvailToClient=0 stepCount=320 minimum=320, FUTEX_WAKE
10-17 16:54:32.763   295 22210 D AudioTrackShared: front(51372160), mIsOut(0), mAvailToClient=0 stepCount=320 minimum=320, FUTEX_WAKE
10-17 16:54:32.783   295 22210 D AudioTrackShared: front(51372480), mIsOut(0), mAvailToClient=0 stepCount=320 minimum=320, FUTEX_WAKE
10-17 16:54:32.803   295 22210 D AudioTrackShared: front(51372800), mIsOut(0), mAvailToClient=0 stepCount=320 minimum=320, FUTEX_WAKE
10-17 16:54:32.823   295 22210 D AudioTrackShared: front(51373120), mIsOut(0), mAvailToClient=0 stepCount=320 minimum=320, FUTEX_WAKE
10-17 16:54:32.843   295 22210 D AudioTrackShared: front(51373440), mIsOut(0), mAvailToClient=0 stepCount=320 minimum=320, FUTEX_WAKE
10-17 16:54:32.863   295 22210 D AudioTrackShared: front(51373760), mIsOut(0), mAvailToClient=0 stepCount=320 minimum=320, FUTEX_WAKE
10-17 16:54:32.865   966  1531 W PackageManager: checkUidPermission(): android.permission.INTERACT_ACROSS_USERS_FULL of 10086 is denied.
10-17 16:54:32.865   966  1531 W PackageManager: checkUidPermission(): android.permission.REAL_GET_TASKS of 10086 is denied.
10-17 16:54:32.865   966  1531 W PackageManager: checkUidPermission(): android.permission.GET_TASKS of 10086 is denied.
10-17 16:54:32.883   295 22210 D AudioTrackShared: front(51374080), mIsOut(0), mAvailToClient=0 stepCount=320 minimum=320, FUTEX_WAKE
10-17 16:54:32.890   966   966 E WifiTrafficPoller: TRAFFIC_STATS_POLL true Token 374 num clients 13
10-17 16:54:32.891   966   966 E WifiTrafficPoller:  packet count Tx=189070 Rx=293463
10-17 16:54:32.903   295 22210 D AudioTrackShared: front(51374400), mIsOut(0), mAvailToClient=0 stepCount=320 minimum=320, FUTEX_WAKE
10-17 16:54:32.917   966  1001 E PROXIMITY: ProximitySensor: unknown event (type=3, code=0)
10-17 16:54:32.917   966   989 D AutomaticBrightnessController: calculateAmbientLux: [0, 100]: lux=13.0, weight=305000.0
10-17 16:54:32.917   966   989 D AutomaticBrightnessController: calculateAmbientLux: totalWeight=305000.0, newAmbientLux=13.0
10-17 16:54:32.918   966   989 D AutomaticBrightnessController: updateAmbientLux: ambientLux=13.0, timeToBrighten=2000, timeToDarken=2000, current=0.0
10-17 16:54:32.918   966   989 D AutomaticBrightnessController: updateAmbientLux: Scheduling ambient lux update for 7414263174142631 (in 1999 ms)
10-17 16:54:32.918   966   989 D AutomaticBrightnessController: onSensorChanged: lux = 13.0
10-17 16:54:32.923   295 22210 D AudioTrackShared: front(51374720), mIsOut(0), mAvailToClient=0 stepCount=320 minimum=320, FUTEX_WAKE
10-17 16:54:32.943   295 22210 D AudioTrackShared: front(51375040), mIsOut(0), mAvailToClient=0 stepCount=320 minimum=320, FUTEX_WAKE
10-17 16:54:32.963   295 22210 D AudioTrackShared: front(51375360), mIsOut(0), mAvailToClient=0 stepCount=320 minimum=320, FUTEX_WAKE
10-17 16:54:32.983   295 22210 D AudioTrackShared: front(51375680), mIsOut(0), mAvailToClient=0 stepCount=320 minimum=320, FUTEX_WAKE
10-17 16:54:33.003   295 22210 D AudioTrackShared: front(51376000), mIsOut(0), mAvailToClient=0 stepCount=320 minimum=320, FUTEX_WAKE
10-17 16:54:33.023   295 22210 D AudioTrackShared: front(51376320), mIsOut(0), mAvailToClient=0 stepCount=320 minimum=320, FUTEX_WAKE
10-17 16:54:33.043   295 22210 D AudioTrackShared: front(51376640), mIsOut(0), mAvailToClient=0 stepCount=320 minimum=320, FUTEX_WAKE
10-17 16:54:33.052 19722 19732 I System  : FinalizerDaemon: finalize objects = 24
10-17 16:54:33.062   295 22210 D AudioTrackShared: front(51376960), mIsOut(0), mAvailToClient=0 stepCount=320 minimum=320, FUTEX_WAKE
10-17 16:54:33.082   295 22210 D AudioTrackShared: front(51377280), mIsOut(0), mAvailToClient=0 stepCount=320 minimum=320, FUTEX_WAKE
10-17 16:54:33.104   295 22210 D AudioTrackShared: front(51377600), mIsOut(0), mAvailToClient=0 stepCount=320 minimum=320, FUTEX_WAKE
10-17 16:54:33.122   295 22210 D AudioTrackShared: front(51377920), mIsOut(0), mAvailToClient=0 stepCount=320 minimum=320, FUTEX_WAKE
10-17 16:54:33.142   295 22210 D AudioTrackShared: front(51378240), mIsOut(0), mAvailToClient=0 stepCount=320 minimum=320, FUTEX_WAKE
10-17 16:54:33.162   295 22210 D AudioTrackShared: front(51378560), mIsOut(0), mAvailToClient=0 stepCount=320 minimum=320, FUTEX_WAKE
10-17 16:54:33.167   966  1001 E PROXIMITY: ProximitySensor: unknown event (type=3, code=0)
10-17 16:54:33.168   966   989 D AutomaticBrightnessController: calculateAmbientLux: [0, 100]: lux=7.0, weight=305000.0
10-17 16:54:33.168   966   989 D AutomaticBrightnessController: calculateAmbientLux: [-251, 0]: lux=13.0, weight=721499.5
10-17 16:54:33.168   966   989 D AutomaticBrightnessController: calculateAmbientLux: totalWeight=1026499.5, newAmbientLux=11.217242
10-17 16:54:33.168   966   989 D AutomaticBrightnessController: updateAmbientLux: ambientLux=11.217242, timeToBrighten=1749, timeToDarken=2000, current=0.0
10-17 16:54:33.168   966   989 D AutomaticBrightnessController: updateAmbientLux: Scheduling ambient lux update for 7414263174142631 (in 1749 ms)
10-17 16:54:33.168   966   989 D AutomaticBrightnessController: onSensorChanged: lux = 7.0
10-17 16:54:33.180   966  1008 D InputReader: AP_PROF:AppLaunch_dispatchPtr:Down:74140894, ID:0, Index:-1994895424
10-17 16:54:33.180   966  1008 I PerfService: PerfServiceNative_boostEnableAsync:3
10-17 16:54:33.183   966  1007 D PowerManagerService: userActivityFromNative
10-17 16:54:33.183   966  1007 D PowerManagerService: userActivityNoUpdateLocked: eventTime=74140894, event=2, flags=0x0, uid=1000
10-17 16:54:33.183   966  1007 D PowerManagerNotifier: onUserActivity: event=2, uid=1000
10-17 16:54:33.183   966  1007 D PowerManagerService: updateUserActivitySummaryLocked: mWakefulness=Awake, mUserActivitySummary=0x1, nextTimeout=74433894 (in 292996 ms)
10-17 16:54:33.184   966  1007 D DisplayPowerController: requestPowerState: policy=BRIGHT, useProximitySensor=false, screenBrightness=102, screenAutoBrightnessAdjustment=0.20800781, brightnessSetByUser=true, useAutoBrightness=true, blockScreenOn=false, lowPowerMode=false, boostScreenBrightness=false, dozeScreenBrightness=-1, dozeScreenState=UNKNOWN, waitForNegativeProximity=false
10-17 16:54:33.184   966  1007 I PowerManagerService: setBrightness mButtonLight 0.
10-17 16:54:33.184   966  1007 D PowerManagerService: updateDisplayPowerStateLocked: mDisplayReady=true, policy=3, mWakefulness=1, mWakeLockSummary=0x1, mUserActivitySummary=0x1, mBootCompleted=true, mScreenBrightnessBoostInProgress=false
10-17 16:54:33.184   295 22210 D AudioTrackShared: front(51378880), mIsOut(0), mAvailToClient=0 stepCount=320 minimum=320, FUTEX_WAKE
10-17 16:54:33.187   966 14015 W PackageManager: checkUidPermission(): android.permission.REAL_GET_TASKS of 10109 is denied.
10-17 16:54:33.187   966 14015 W PackageManager: checkUidPermission(): android.permission.GET_TASKS of 10109 is denied.
10-17 16:54:33.187   966   982 D SettingsInterface:  from settings cache , name = threefingers_takescreenshot , value = null
10-17 16:54:33.187   966   982 D SettingsInterface:  from settings cache , name = threefingers_recent , value = null
10-17 16:54:33.190   966  1044 I libPerfService: 3: set freq: 1001000, -1, 
10-17 16:54:33.192   966   982 D SystemGestures: pointer 0 down pointerIndex=0 trackingIndex=0
10-17 16:54:33.192   966   982 D SystemGestures: pointer 0 down x=357.66882 y=725.6221
10-17 16:54:33.192   966   982 D SettingsInterface:  from settings cache , name = threefingers_takescreenshot , value = null
10-17 16:54:33.192   966   982 D SettingsInterface:  from settings cache , name = threefingers_recent , value = null
10-17 16:54:33.192   966   982 D SystemGestures: pointer 0 moved (357.66882->357.66882,725.6221->725.6221) in 8
10-17 16:54:33.193   966  1044 I libPerfService: 3: set: 3, -1, 
10-17 16:54:33.197   966   982 D SettingsInterface:  from settings cache , name = threefingers_takescreenshot , value = null
10-17 16:54:33.197   966   982 D SettingsInterface:  from settings cache , name = threefingers_recent , value = null
10-17 16:54:33.197   966   982 D SystemGestures: pointer 0 moved (357.66882->357.66882,725.6221->725.6221) in 16
10-17 16:54:33.202   295 22210 D AudioTrackShared: front(51379200), mIsOut(0), mAvailToClient=0 stepCount=320 minimum=320, FUTEX_WAKE
10-17 16:54:33.204   966   982 D SettingsInterface:  from settings cache , name = threefingers_takescreenshot , value = null
10-17 16:54:33.205   966   982 D SettingsInterface:  from settings cache , name = threefingers_recent , value = null
10-17 16:54:33.205   966   982 D SystemGestures: pointer 0 moved (357.66882->357.66882,725.6221->725.6221) in 24
10-17 16:54:33.206   966  1920 W PackageManager: checkUidPermission(): android.permission.REAL_GET_TASKS of 10109 is denied.
10-17 16:54:33.206   966  1920 W PackageManager: checkUidPermission(): android.permission.GET_TASKS of 10109 is denied.
10-17 16:54:33.207 24154 24154 D SettingsInterface:  from settings cache , name = threefingers_takescreenshot , value = null
10-17 16:54:33.207 24154 24154 D SettingsInterface:  from settings cache , name = threefingers_recent , value = null
10-17 16:54:33.213   966   982 D SettingsInterface:  from settings cache , name = threefingers_takescreenshot , value = null
10-17 16:54:33.213   966   982 D SettingsInterface:  from settings cache , name = threefingers_recent , value = null
10-17 16:54:33.213   966   982 D SystemGestures: pointer 0 moved (357.66882->357.66882,725.6221->725.6221) in 32
10-17 16:54:33.221   966   982 D SettingsInterface:  from settings cache , name = threefingers_takescreenshot , value = null
10-17 16:54:33.221   966   982 D SettingsInterface:  from settings cache , name = threefingers_recent , value = null
10-17 16:54:33.221   966   982 D SystemGestures: pointer 0 moved (357.66882->357.66882,725.6221->725.6221) in 40
10-17 16:54:33.222   295 22210 D AudioTrackShared: front(51379520), mIsOut(0), mAvailToClient=0 stepCount=320 minimum=320, FUTEX_WAKE
10-17 16:54:33.223   966  3487 W PackageManager: checkUidPermission(): android.permission.REAL_GET_TASKS of 10109 is denied.
10-17 16:54:33.224   966  3487 W PackageManager: checkUidPermission(): android.permission.GET_TASKS of 10109 is denied.
10-17 16:54:33.224 24154 24154 D SettingsInterface:  from settings cache , name = threefingers_takescreenshot , value = null
10-17 16:54:33.224 24154 24154 D SettingsInterface:  from settings cache , name = threefingers_recent , value = null
10-17 16:54:33.229   966   982 D SettingsInterface:  from settings cache , name = threefingers_takescreenshot , value = null
10-17 16:54:33.229   966   982 D SettingsInterface:  from settings cache , name = threefingers_recent , value = null
10-17 16:54:33.229   966   982 D SystemGestures: pointer 0 moved (357.66882->357.66882,725.6221->725.6221) in 48
10-17 16:54:33.236   966   982 D SettingsInterface:  from settings cache , name = threefingers_takescreenshot , value = null
10-17 16:54:33.237   966   982 D SettingsInterface:  from settings cache , name = threefingers_recent , value = null
10-17 16:54:33.237   966   982 D SystemGestures: pointer 0 moved (357.66882->357.66882,725.6221->725.6221) in 56
10-17 16:54:33.242   966  1078 W PackageManager: checkUidPermission(): android.permission.REAL_GET_TASKS of 10109 is denied.
10-17 16:54:33.242   966  1078 W PackageManager: checkUidPermission(): android.permission.GET_TASKS of 10109 is denied.
10-17 16:54:33.242   295 22210 D AudioTrackShared: front(51379840), mIsOut(0), mAvailToClient=0 stepCount=320 minimum=320, FUTEX_WAKE
10-17 16:54:33.243 24154 24154 D SettingsInterface:  from settings cache , name = threefingers_takescreenshot , value = null
10-17 16:54:33.243 24154 24154 D SettingsInterface:  from settings cache , name = threefingers_recent , value = null
10-17 16:54:33.245   966   982 D SettingsInterface:  from settings cache , name = threefingers_takescreenshot , value = null
10-17 16:54:33.245   966   982 D SettingsInterface:  from settings cache , name = threefingers_recent , value = null
10-17 16:54:33.245   966   982 D SystemGestures: pointer 0 moved (357.66882->357.66882,725.6221->725.6221) in 64
10-17 16:54:33.253   966   982 D SettingsInterface:  from settings cache , name = threefingers_takescreenshot , value = null
10-17 16:54:33.253   966   982 D SettingsInterface:  from settings cache , name = threefingers_recent , value = null
10-17 16:54:33.253   966   982 D SystemGestures: pointer 0 moved (357.66882->357.66882,725.6221->725.6221) in 72
10-17 16:54:33.261   966  2596 W PackageManager: checkUidPermission(): android.permission.REAL_GET_TASKS of 10109 is denied.
10-17 16:54:33.261   966   982 D SettingsInterface:  from settings cache , name = threefingers_takescreenshot , value = null
10-17 16:54:33.261   966  2596 W PackageManager: checkUidPermission(): android.permission.GET_TASKS of 10109 is denied.
10-17 16:54:33.261   966   982 D SettingsInterface:  from settings cache , name = threefingers_recent , value = null
10-17 16:54:33.261   966   982 D SystemGestures: pointer 0 moved (357.66882->357.66882,725.6221->725.6221) in 80
10-17 16:54:33.261 24154 24154 D SettingsInterface:  from settings cache , name = threefingers_takescreenshot , value = null
10-17 16:54:33.262 24154 24154 D SettingsInterface:  from settings cache , name = threefingers_recent , value = null
10-17 16:54:33.262   295 22210 D AudioTrackShared: front(51380160), mIsOut(0), mAvailToClient=0 stepCount=64 minimum=320, FUTEX_WAKE
10-17 16:54:33.262   295 22210 D AudioTrackShared: front(51380160), mIsOut(0), mAvailToClient=64 stepCount=256 minimum=320, FUTEX_WAKE
10-17 16:54:33.269   966   982 D SettingsInterface:  from settings cache , name = threefingers_takescreenshot , value = null
10-17 16:54:33.269   966   982 D SettingsInterface:  from settings cache , name = threefingers_recent , value = null
10-17 16:54:33.269   966   982 D SystemGestures: pointer 0 moved (357.66882->356.66974,725.6221->725.6221) in 88
10-17 16:54:33.277   966   982 D SettingsInterface:  from settings cache , name = threefingers_takescreenshot , value = null
10-17 16:54:33.277   966   982 D SettingsInterface:  from settings cache , name = threefingers_recent , value = null
10-17 16:54:33.277   966   982 D SystemGestures: pointer 0 moved (357.66882->355.6707,725.6221->723.6231) in 96
10-17 16:54:33.279   966  3486 W PackageManager: checkUidPermission(): android.permission.REAL_GET_TASKS of 10109 is denied.
10-17 16:54:33.279   966  3486 W PackageManager: checkUidPermission(): android.permission.GET_TASKS of 10109 is denied.
10-17 16:54:33.280 24154 24154 D SettingsInterface:  from settings cache , name = threefingers_takescreenshot , value = null
10-17 16:54:33.280 24154 24154 D SettingsInterface:  from settings cache , name = threefingers_recent , value = null
10-17 16:54:33.282   295 22210 D AudioTrackShared: front(51380480), mIsOut(0), mAvailToClient=0 stepCount=320 minimum=320, FUTEX_WAKE
10-17 16:54:33.283   966  1008 D InputReader: AP_PROF:AppLaunch_dispatchPtr:Up:74140998, ID:0, Index:-1994892032
10-17 16:54:33.284   966  1008 I PerfService: PerfServiceNative_boostEnableTimeoutMsAsync:3, 100
10-17 16:54:33.289   966   982 D SettingsInterface:  from settings cache , name = threefingers_takescreenshot , value = null
10-17 16:54:33.289   966   982 D SettingsInterface:  from settings cache , name = threefingers_recent , value = null
10-17 16:54:33.290   966  1671 W PackageManager: checkUidPermission(): android.permission.REAL_GET_TASKS of 10109 is denied.
10-17 16:54:33.290   966  1671 W PackageManager: checkUidPermission(): android.permission.GET_TASKS of 10109 is denied.
10-17 16:54:33.291 24154 24154 D SettingsInterface:  from settings cache , name = threefingers_takescreenshot , value = null
10-17 16:54:33.291 24154 24154 D SettingsInterface:  from settings cache , name = threefingers_recent , value = null
10-17 16:54:33.292   966  1531 W PackageManager: checkUidPermission(): android.permission.REAL_GET_TASKS of 10109 is denied.
10-17 16:54:33.292   966  1531 W PackageManager: checkUidPermission(): android.permission.GET_TASKS of 10109 is denied.
10-17 16:54:33.293 24154 24154 D SettingsInterface:  from settings cache , name = threefingers_takescreenshot , value = null
10-17 16:54:33.293 24154 24154 D SettingsInterface:  from settings cache , name = threefingers_recent , value = null
10-17 16:54:33.302   295 22210 D AudioTrackShared: front(51380800), mIsOut(0), mAvailToClient=0 stepCount=320 minimum=320, FUTEX_WAKE
10-17 16:54:33.310   277   510 I BufferQueueProducer: [com.ionicframework.ecdtmobile235842/com.ionicframework.ecdtmobile235842.MainActivity](this:0x7fae397000,id:889,api:1,p:24154,c:277) queueBuffer: fps=1.64 dur=1832.35 max=1051.72 min=83.60
10-17 16:54:33.322   295 22210 D AudioTrackShared: front(51381120), mIsOut(0), mAvailToClient=0 stepCount=320 minimum=320, FUTEX_WAKE
10-17 16:54:33.342   295 22210 D AudioTrackShared: front(51381440), mIsOut(0), mAvailToClient=0 stepCount=320 minimum=320, FUTEX_WAKE
10-17 16:54:33.362   295 22210 D AudioTrackShared: front(51381760), mIsOut(0), mAvailToClient=0 stepCount=320 minimum=320, FUTEX_WAKE
10-17 16:54:33.383   295 22210 D AudioTrackShared: front(51382080), mIsOut(0), mAvailToClient=0 stepCount=320 minimum=320, FUTEX_WAKE
10-17 16:54:33.385   966  1044 D PerfServiceManager: [PerfService] MESSAGE_TIMEOUT:103 
10-17 16:54:33.402   295 22210 D AudioTrackShared: front(51382400), mIsOut(0), mAvailToClient=0 stepCount=320 minimum=320, FUTEX_WAKE
10-17 16:54:33.415   966  1016 D WifiStateMachine:  ConnectedState (when=-3ms what=131155 arg1=187!CMD_RSSI_POLL  rt=74141128/92748376 187 0 "CDT_GUEST" 5c:83:8f:77:33:2f rssi=-66 f=5180 sc=56 link=65 tx=0,1, 0,0, 0,0  rx=0,1 bcn=0 [on:0 tx:0 rx:0 period:2988] from screen [on:0 period:-752676409] gl rssi=-66 ag=0 ticks 4,4,223 ls-=0 [56,56,56,56,56] brc=0 lrc=0 offload-stopped
10-17 16:54:33.417   966  1016 D WifiStateMachine:  L2ConnectedState (when=-5ms what=131155 arg1=187!CMD_RSSI_POLL  rt=74141130/92748378 187 0 "CDT_GUEST" 5c:83:8f:77:33:2f rssi=-66 f=5180 sc=56 link=65 tx=0,1, 0,0, 0,0  rx=0,1 bcn=0 [on:0 tx:0 rx:0 period:2] from screen [on:0 period:-752676407] gl rssi=-66 ag=0 ticks 4,4,223 ls-=0 [56,56,56,56,56] brc=0 lrc=0 offload-stopped
10-17 16:54:33.417   966  1016 D WifiStateMachine:  get link layer stats 0
10-17 16:54:33.418   966  1016 D WifiHW  : enter -->wifi_send_command cmd=IFNAME=wlan0 SIGNAL_POLL
10-17 16:54:33.418  4588  4588 D wpa_supplicant: wlan0: Control interface command 'SIGNAL_POLL'
10-17 16:54:33.420   966  1001 E PROXIMITY: ProximitySensor: unknown event (type=3, code=0)
10-17 16:54:33.420   966   989 D AutomaticBrightnessController: calculateAmbientLux: [0, 100]: lux=9.0, weight=305000.0
10-17 16:54:33.421   966   989 D AutomaticBrightnessController: calculateAmbientLux: [-252, 0]: lux=7.0, weight=724248.0
10-17 16:54:33.421   966   989 D AutomaticBrightnessController: calculateAmbientLux: totalWeight=1029248.0, newAmbientLux=7.5926657
10-17 16:54:33.421   966   989 D AutomaticBrightnessController: updateAmbientLux: ambientLux=7.5926657, timeToBrighten=1497, timeToDarken=2000, current=0.0
10-17 16:54:33.421   966   989 D AutomaticBrightnessController: updateAmbientLux: Scheduling ambient lux update for 7414263174142631 (in 1496 ms)
10-17 16:54:33.421   966   989 D AutomaticBrightnessController: onSensorChanged: lux = 9.0
10-17 16:54:33.423   295 22210 D AudioTrackShared: front(51382720), mIsOut(0), mAvailToClient=0 stepCount=320 minimum=320, FUTEX_WAKE
10-17 16:54:33.437   966  1016 D WifiHW  : leave --> reply=RSSI=-66
10-17 16:54:33.437   966  1016 D WifiHW  : LINKSPEED=65
10-17 16:54:33.437   966  1016 D WifiHW  : NOISE=9999
10-17 16:54:33.437   966  1016 D WifiHW  : FREQUENCY=5180
10-17 16:54:33.437   966  1016 D WifiHW  : 
10-17 16:54:33.438   966  1016 I WifiStateMachine: fetchRssiLinkSpeedAndFrequencyNative, newRssi:-66, newLinkSpeed:65, SSID:"CDT_GUEST"
10-17 16:54:33.438   966  1016 D WifiStateMachine: mLastSignalLevel:3, newSignalLevel:3
10-17 16:54:33.438   966  1016 E WifiConfigStore: updateConfiguration freq=5180 BSSID=5c:83:8f:77:33:2f RSSI=-65 "CDT_GUEST"WPA_PSK
10-17 16:54:33.439   966  1016 V ActivityManager: Broadcast sticky: Intent { act=android.net.wifi.RSSI_CHANGED flg=0x4000010 (has extras) } ordered=false userid=-1 callerApp=ProcessRecord{ba51619 966:system/1000}
10-17 16:54:33.441   966  1048 D WifiWatchdogStateMachine: RSSI current: 3 new: -66, 3
10-17 16:54:33.442   966  2757 D ConnectivityService: getActiveNetworkInfo networkInfo = [type: WIFI[], state: CONNECTED/CONNECTED, reason: (unspecified), extra: "CDT_GUEST", roaming: false, failover: false, isAvailable: true]
10-17 16:54:33.442   295 22210 D AudioTrackShared: front(51383040), mIsOut(0), mAvailToClient=0 stepCount=320 minimum=320, FUTEX_WAKE
10-17 16:54:33.443   966  2757 D ConnectivityService: getActiveNetworkInfo networkInfo = [type: WIFI[], state: CONNECTED/CONNECTED, reason: (unspecified), extra: "CDT_GUEST", roaming: false, failover: false, isAvailable: true]
10-17 16:54:33.443   966 15355 D ConnectivityService: getActiveNetworkInfo networkInfo = [type: WIFI[], state: CONNECTED/CONNECTED, reason: (unspecified), extra: "CDT_GUEST", roaming: false, failover: false, isAvailable: true]
10-17 16:54:33.444   966  3487 W PackageManager: checkUidPermission(): android.permission.LOCAL_MAC_ADDRESS of 10025 is denied.
10-17 16:54:33.444  1103  1508 D NetworkController: onReceive: intent=Intent { act=android.net.wifi.RSSI_CHANGED flg=0x4000010 (has extras) }
10-17 16:54:33.445   966  2596 D ConnectivityService: getActiveNetworkInfo networkInfo = [type: WIFI[], state: CONNECTED/CONNECTED, reason: (unspecified), extra: "CDT_GUEST", roaming: false, failover: false, isAvailable: true]
10-17 16:54:33.445   966  1078 W PackageManager: checkUidPermission(): android.permission.LOCAL_MAC_ADDRESS of 10017 is denied.
10-17 16:54:33.447   966   977 W PackageManager: checkUidPermission(): android.permission.LOCAL_MAC_ADDRESS of 10091 is denied.
10-17 16:54:33.448   966  3486 W PackageManager: checkUidPermission(): android.permission.LOCAL_MAC_ADDRESS of 10025 is denied.
10-17 16:54:33.449   966  1671 D ConnectivityService: getActiveNetworkInfo networkInfo = [type: WIFI[], state: CONNECTED/CONNECTED, reason: (unspecified), extra: "CDT_GUEST", roaming: false, failover: false, isAvailable: true]
10-17 16:54:33.450   966  1531 W PackageManager: checkUidPermission(): android.permission.LOCAL_MAC_ADDRESS of 10025 is denied.
10-17 16:54:33.462   295 22210 D AudioTrackShared: front(51383360), mIsOut(0), mAvailToClient=0 stepCount=320 minimum=320, FUTEX_WAKE
10-17 16:54:33.474   966  2762 D SettingsInterface:  from settings cache , name = sys_storage_threshold_percentage , value = null
10-17 16:54:33.474   966  2762 D SettingsInterface:  from settings cache , name = sys_storage_threshold_max_bytes , value = null
10-17 16:54:33.482   295 22210 D AudioTrackShared: front(51383680), mIsOut(0), mAvailToClient=0 stepCount=320 minimum=320, FUTEX_WAKE
10-17 16:54:33.502   295 22210 D AudioTrackShared: front(51384000), mIsOut(0), mAvailToClient=0 stepCount=320 minimum=320, FUTEX_WAKE
10-17 16:54:33.523   295 22210 D AudioTrackShared: front(51384320), mIsOut(0), mAvailToClient=0 stepCount=320 minimum=320, FUTEX_WAKE
10-17 16:54:33.541   277   277 I SurfaceFlinger: [Built-in Screen (type:0)] fps:3.737825,dur:1070.14,max:836.63,min:13.50
10-17 16:54:33.542   295 22210 D AudioTrackShared: front(51384640), mIsOut(0), mAvailToClient=0 stepCount=320 minimum=320, FUTEX_WAKE
10-17 16:54:33.562   295 22210 D AudioTrackShared: front(51384960), mIsOut(0), mAvailToClient=0 stepCount=320 minimum=320, FUTEX_WAKE
10-17 16:54:33.582   295 22210 D AudioTrackShared: front(51385280), mIsOut(0), mAvailToClient=0 stepCount=320 minimum=320, FUTEX_WAKE
10-17 16:54:33.591 24154 24246 D libc-netbsd: [getaddrinfo]: mtk hostname=api.ionic.io; servname=(null); netid=0; mark=0
10-17 16:54:33.591 24154 24246 D libc-netbsd: getaddrinfo( app_uid:10109
10-17 16:54:33.591 24154 24246 D libc-netbsd: getaddrinfo() uid prop:
10-17 16:54:33.591 24154 24246 D libc-netbsd: getaddrinfo() getuid():10109
10-17 16:54:33.591 24154 24246 D libc-netbsd: [getaddrinfo]: mtk ai_addrlen=0; ai_canonname=(null); ai_flags=1024; ai_family=0
10-17 16:54:33.591   291   907 D FrameworkListener: dispatchCommand data = (getaddrinfo api.ionic.io ^ 1024 0 1 0 0)
10-17 16:54:33.592   291 24249 D libc-netbsd: [getaddrinfo]: mtk hostname=api.ionic.io; servname=(null); netid=1007; mark=1007
10-17 16:54:33.592   291 24249 D libc-netbsd: getaddrinfo( app_uid:0
10-17 16:54:33.592   291 24249 D libc-netbsd: [getaddrinfo]: mtk ai_addrlen=0; ai_canonname=(null); ai_flags=1024; ai_family=0
10-17 16:54:33.592   291 24249 D libc-netbsd: getaddrinfo: api.ionic.io get result from proxy gai_error = 11
10-17 16:54:33.592   291 24249 D libc-netbsd: default dns: query_ipv6=0, query_ipv4=1
10-17 16:54:33.592   291 24249 D libc-netbsd: res_queryN name = api.ionic.io, class = 1, type = 1
10-17 16:54:33.592   291 24249 D libc-netbsd: netid=1007, dns0:10.14.1.1
10-17 16:54:33.592   291 24249 D libc-netbsd: netid=1007, dns1:8.8.8.8
10-17 16:54:33.593  1949  1955 D FRR     : buff=0x7f96e9a240, len=192
10-17 16:54:33.593  1949  1955 D FRR     : uevent[0]=0x7f96e9a240, len=43, "change@/devices/virtual/xt_idletimer/timers"
10-17 16:54:33.593  1949  1955 D FRR     : voteFps(60, 0)
10-17 16:54:33.593   291   903 D SocketClient: SocketClient sendData done: 613 IfaceClass active 1 92748554739484 0
10-17 16:54:33.593  1949  1955 D FRR     : ThermalListener loop:
10-17 16:54:33.593   966  1012 D NetdConnector: RCV <- {613 IfaceClass active 1 92748554739484 0}
10-17 16:54:33.593   966   983 D NetworkManagement: onEvent:613 IfaceClass active 1 92748554739484 0:6
10-17 16:54:33.594   966   983 V ActivityManager: Broadcast: Intent { act=android.net.conn.DATA_ACTIVITY_CHANGE flg=0x10 (has extras) } ordered=true userid=-1 callerApp=ProcessRecord{ba51619 966:system/1000}
10-17 16:54:33.596   966   983 V ActivityManager: Broadcast sticky: Intent { act=android.net.conn.DATA_ACTIVITY_CHANGE_CT flg=0x10 (has extras) } ordered=false userid=-1 callerApp=ProcessRecord{ba51619 966:system/1000}
10-17 16:54:33.596  1944  1944 D ActivityThread: BDC-Calling finishReceiver: IIntentReceiver=c93829f
10-17 16:54:33.602   295 22210 D AudioTrackShared: front(51385600), mIsOut(0), mAvailToClient=0 stepCount=320 minimum=320, FUTEX_WAKE
10-17 16:54:33.622   295 22210 D AudioTrackShared: front(51385920), mIsOut(0), mAvailToClient=0 stepCount=320 minimum=320, FUTEX_WAKE
10-17 16:54:33.642   295 22210 D AudioTrackShared: front(51386240), mIsOut(0), mAvailToClient=0 stepCount=320 minimum=320, FUTEX_WAKE
10-17 16:54:33.662   295 22210 D AudioTrackShared: front(51386560), mIsOut(0), mAvailToClient=0 stepCount=320 minimum=320, FUTEX_WAKE
10-17 16:54:33.669   966  1001 E PROXIMITY: ProximitySensor: unknown event (type=3, code=0)
10-17 16:54:33.670   966   989 D AutomaticBrightnessController: calculateAmbientLux: [0, 100]: lux=12.0, weight=305000.0
10-17 16:54:33.670   966   989 D AutomaticBrightnessController: calculateAmbientLux: [-250, 0]: lux=9.0, weight=718750.0
10-17 16:54:33.670   966   989 D AutomaticBrightnessController: calculateAmbientLux: totalWeight=1023750.0, newAmbientLux=9.893773
10-17 16:54:33.670   966   989 D AutomaticBrightnessController: updateAmbientLux: ambientLux=9.893773, timeToBrighten=1247, timeToDarken=2000, current=0.0
10-17 16:54:33.670   966   989 D AutomaticBrightnessController: updateAmbientLux: Scheduling ambient lux update for 7414263174142631 (in 1247 ms)
10-17 16:54:33.670   966   989 D AutomaticBrightnessController: onSensorChanged: lux = 12.0
10-17 16:54:33.682   295 22210 D AudioTrackShared: front(51386880), mIsOut(0), mAvailToClient=0 stepCount=320 minimum=320, FUTEX_WAKE
10-17 16:54:33.698   291 24249 D libc-netbsd: res_queryN name = api.ionic.io succeed
10-17 16:54:33.698   291 24249 D SocketClient: SocketClient sendData done: 222
10-17 16:54:33.698   291 24249 D SocketClient: SocketClient sendData done: 
10-17 16:54:33.698   291 24249 D SocketClient: SocketClient sendData done: 
10-17 16:54:33.698   291 24249 D SocketClient: SocketClient sendData done: 
10-17 16:54:33.698   291 24249 D SocketClient: SocketClient sendData done: 
10-17 16:54:33.698   291 24249 D SocketClient: SocketClient sendData done: 
10-17 16:54:33.698   291 24249 D SocketClient: SocketClient sendData done: 
10-17 16:54:33.698   291 24249 D SocketClient: SocketClient sendData done: 
10-17 16:54:33.698   291 24249 D SocketClient: SocketClient sendData done: 
10-17 16:54:33.698   291 24249 D SocketClient: SocketClient sendData done: 
10-17 16:54:33.699   291 24249 D SocketClient: SocketClient sendData done: 
10-17 16:54:33.699   291 24249 D SocketClient: SocketClient sendData done: 
10-17 16:54:33.699   291 24249 D SocketClient: SocketClient sendData done: 
10-17 16:54:33.699   291 24249 D SocketClient: SocketClient sendData done: 
10-17 16:54:33.699   291 24249 D SocketClient: SocketClient sendData done: 
10-17 16:54:33.699   291 24249 D SocketClient: SocketClient sendData done: 
10-17 16:54:33.699   291 24249 D SocketClient: SocketClient sendData done: 
10-17 16:54:33.699   291 24249 D SocketClient: SocketClient sendData done: 
10-17 16:54:33.699   291 24249 D SocketClient: SocketClient sendData done: 
10-17 16:54:33.699   291 24249 D SocketClient: SocketClient sendData done: 
10-17 16:54:33.699   291 24249 D SocketClient: SocketClient sendData done: 
10-17 16:54:33.699   291 24249 D SocketClient: SocketClient sendData done: 
10-17 16:54:33.699   291 24249 D SocketClient: SocketClient sendData done: 
10-17 16:54:33.699   291 24249 D SocketClient: SocketClient sendData done: 
10-17 16:54:33.699   291 24249 D SocketClient: SocketClient sendData done: 
10-17 16:54:33.699   291 24249 D SocketClient: SocketClient sendData done: 
10-17 16:54:33.699 24154 24246 D libc-netbsd: getaddrinfo: api.ionic.io get result from proxy gai_error = 0
10-17 16:54:33.700   291   910 D SocketClient: SocketClient sendData done: 
10-17 16:54:33.702   295 22210 D AudioTrackShared: front(51387200), mIsOut(0), mAvailToClient=0 stepCount=320 minimum=320, FUTEX_WAKE
10-17 16:54:33.722   295 22210 D AudioTrackShared: front(51387520), mIsOut(0), mAvailToClient=0 stepCount=320 minimum=320, FUTEX_WAKE
10-17 16:54:33.742   295 22210 D AudioTrackShared: front(51387840), mIsOut(0), mAvailToClient=0 stepCount=320 minimum=320, FUTEX_WAKE
10-17 16:54:33.752  1005  1029 D fingerprintd: onAcquired(1102)
10-17 16:54:33.762   295 22210 D AudioTrackShared: front(51388160), mIsOut(0), mAvailToClient=0 stepCount=320 minimum=320, FUTEX_WAKE
10-17 16:54:33.782   295 22210 D AudioTrackShared: front(51388480), mIsOut(0), mAvailToClient=0 stepCount=320 minimum=320, FUTEX_WAKE
10-17 16:54:33.802   295 22210 D AudioTrackShared: front(51388800), mIsOut(0), mAvailToClient=0 stepCount=320 minimum=320, FUTEX_WAKE
10-17 16:54:33.823   295 22210 D AudioTrackShared: front(51389120), mIsOut(0), mAvailToClient=0 stepCount=320 minimum=320, FUTEX_WAKE
10-17 16:54:33.826   318   318 I thermal_repeater: select timeout
10-17 16:54:33.842   295 22210 D AudioTrackShared: front(51389440), mIsOut(0), mAvailToClient=0 stepCount=320 minimum=320, FUTEX_WAKE
10-17 16:54:33.862   295 22210 D AudioTrackShared: front(51389760), mIsOut(0), mAvailToClient=0 stepCount=320 minimum=320, FUTEX_WAKE
10-17 16:54:33.882   295 22210 D AudioTrackShared: front(51390080), mIsOut(0), mAvailToClient=0 stepCount=320 minimum=320, FUTEX_WAKE
10-17 16:54:33.892   966   966 E WifiTrafficPoller: TRAFFIC_STATS_POLL true Token 374 num clients 13
10-17 16:54:33.892   966   966 E WifiTrafficPoller:  packet count Tx=189074 Rx=293465
10-17 16:54:33.892   966   966 E WifiTrafficPoller: notifying of data activity 3
10-17 16:54:33.894  1103  1103 D NetworkController.WifiSignalController: Change in state from: connected=true,enabled=true,level=2,inetCondition=1,iconGroup=IconGroup(Wi-Fi Icons),activityIn=false,activityOut=false,rssi=-66,lastModified=10-17 04:54:30,ssid="CDT_GUEST"
10-17 16:54:33.894  1103  1103 D NetworkController.WifiSignalController: 	to: connected=true,enabled=true,level=2,inetCondition=1,iconGroup=IconGroup(Wi-Fi Icons),activityIn=true,activityOut=true,rssi=-66,lastModified=10-17 04:54:30,ssid="CDT_GUEST"
10-17 16:54:33.902   295 22210 D AudioTrackShared: front(51390400), mIsOut(0), mAvailToClient=0 stepCount=320 minimum=320, FUTEX_WAKE
10-17 16:54:33.913   277   512 I BufferQueueProducer: [StatusBar](this:0x7fad999000,id:6,api:1,p:1103,c:277) queueBuffer: fps=10.32 dur=1744.80 max=1440.39 min=10.40
10-17 16:54:33.919   966  1001 E PROXIMITY: ProximitySensor: unknown event (type=3, code=0)
10-17 16:54:33.920   966   989 D AutomaticBrightnessController: calculateAmbientLux: [0, 100]: lux=16.0, weight=305000.0
10-17 16:54:33.920   966   989 D AutomaticBrightnessController: calculateAmbientLux: [-250, 0]: lux=12.0, weight=718750.0
10-17 16:54:33.920   966   989 D AutomaticBrightnessController: calculateAmbientLux: [-500, -250]: lux=9.0, weight=656250.0
10-17 16:54:33.920   966   989 D AutomaticBrightnessController: calculateAmbientLux: totalWeight=1680000.0, newAmbientLux=11.554316
10-17 16:54:33.920   966   989 D AutomaticBrightnessController: updateAmbientLux: ambientLux=11.554316, timeToBrighten=997, timeToDarken=2000, current=0.0
10-17 16:54:33.920   966   989 D AutomaticBrightnessController: updateAmbientLux: Scheduling ambient lux update for 7414263174142631 (in 996 ms)
10-17 16:54:33.920   966   989 D AutomaticBrightnessController: onSensorChanged: lux = 16.0
10-17 16:54:33.922   295 22210 D AudioTrackShared: front(51390720), mIsOut(0), mAvailToClient=0 stepCount=320 minimum=320, FUTEX_WAKE
10-17 16:54:33.929   303   513 D AALService: enableAALEvent: 0 -> 1
10-17 16:54:33.929   303   513 D AALService: Output backlight = 63/1023, CABC gain = 256
10-17 16:54:33.942   295 22210 D AudioTrackShared: front(51391040), mIsOut(0), mAvailToClient=0 stepCount=320 minimum=320, FUTEX_WAKE
10-17 16:54:33.962   295 22210 D AudioTrackShared: front(51391360), mIsOut(0), mAvailToClient=0 stepCount=320 minimum=320, FUTEX_WAKE
10-17 16:54:33.982   295 22210 D AudioTrackShared: front(51391680), mIsOut(0), mAvailToClient=0 stepCount=320 minimum=320, FUTEX_WAKE
10-17 16:54:33.987   966  1004 D AlarmManager: set alarm to RTC 92774899
10-17 16:54:33.987   966  1004 D SettingsInterface:  from settings cache , name = background_power_saving_enable , value = 1
10-17 16:54:33.987   966  1004 D DataShapingService: Alarm manager openLteDataUpLinkGate: false
10-17 16:54:33.987   966  1004 V AlarmManager: openLteGateSuccess = false
10-17 16:54:33.987   966  1004 V AlarmManager: socktUnblockingTimeElapsed(ms): 232520 < mMinimumPeriod_BlockSocket: 300000
10-17 16:54:33.987   966  1004 D AlarmManager: wakeup alarm = Alarm{5c1227c type 0 when 1476716073987 com.android.vending}; package = com.android.vendingneedGrouping = false
10-17 16:54:33.988   966  1004 I ActivityManager: startServiceLocked service:Intent { flg=0x104 cmp=com.android.vending/com.google.android.finsky.services.ContentSyncService (has extras) }
10-17 16:54:33.988   966  1004 I ActivityManager: [Background Service Priority Adjustment] Set callerFg as false for service.getFlags():260
10-17 16:54:33.990   966   966 D AlarmManager: onSendFinished begin
10-17 16:54:33.990   966  1004 V AlarmManager: sending alarm Alarm{5c1227c type 0 when 1476716073987 com.android.vending} success
10-17 16:54:33.990   966  1004 D PowerManagerService: acquireWakeLockInternal: lock=100667145, flags=0x1, tag="*alarm*", ws=WorkSource{10018}, uid=1000, pid=966
10-17 16:54:33.990   966  1004 I muxinwu : PowerManagerService agoldReleaseWakelock mPackageName:media, mTag:AudioIn
10-17 16:54:33.990   966  1004 I muxinwu : PowerManagerService agoldReleaseWakelock package_name = com.google.android.gms, tag_name = *net_scheduler*
10-17 16:54:33.991   966  1004 I muxinwu : PowerManagerService agoldReleaseWakelock package_name = com.google.android.gms, tag_name = Checkin Service
10-17 16:54:33.991   966  1004 D PowerManagerService: updateWakeLockSummaryLocked: mWakefulness=Awake, mWakeLockSummary=0x1
10-17 16:54:33.991   966  1004 D PowerManagerService: updateUserActivitySummaryLocked: mWakefulness=Awake, mUserActivitySummary=0x1, nextTimeout=74433894 (in 292189 ms)
10-17 16:54:33.991   966  1004 D DisplayPowerController: requestPowerState: policy=BRIGHT, useProximitySensor=false, screenBrightness=102, screenAutoBrightnessAdjustment=0.20800781, brightnessSetByUser=true, useAutoBrightness=true, blockScreenOn=false, lowPowerMode=false, boostScreenBrightness=false, dozeScreenBrightness=-1, dozeScreenState=UNKNOWN, waitForNegativeProximity=false
10-17 16:54:33.991   966  1004 I PowerManagerService: setBrightness mButtonLight 0.
10-17 16:54:33.991   966  1004 D PowerManagerService: updateDisplayPowerStateLocked: mDisplayReady=true, policy=3, mWakefulness=1, mWakeLockSummary=0x1, mUserActivitySummary=0x1, mBootCompleted=true, mScreenBrightnessBoostInProgress=false
10-17 16:54:33.991   966  1004 D PowerManagerNotifier: onWakeLockAcquired: flags=1, tag="*alarm*", packageName=android, ownerUid=1000, ownerPid=966, workSource=WorkSource{10018}
10-17 16:54:33.991   966   966 D PowerManagerService: releaseWakeLockInternal: lock=100667145 [*alarm*], flags=0x0, total_time=0ms
10-17 16:54:33.991   966   966 D PowerManagerNotifier: onWakeLockReleased: flags=1, tag="*alarm*", packageName=android, ownerUid=1000, ownerPid=966, workSource=WorkSource{10018}
10-17 16:54:33.991   966   966 D PowerManagerService: updateWakeLockSummaryLocked: mWakefulness=Awake, mWakeLockSummary=0x1
10-17 16:54:33.991   966   966 D PowerManagerService: updateUserActivitySummaryLocked: mWakefulness=Awake, mUserActivitySummary=0x1, nextTimeout=74433894 (in 292188 ms)
10-17 16:54:33.992   966   966 D DisplayPowerController: requestPowerState: policy=BRIGHT, useProximitySensor=false, screenBrightness=102, screenAutoBrightnessAdjustment=0.20800781, brightnessSetByUser=true, useAutoBrightness=true, blockScreenOn=false, lowPowerMode=false, boostScreenBrightness=false, dozeScreenBrightness=-1, dozeScreenState=UNKNOWN, waitForNegativeProximity=false
10-17 16:54:33.992   966   966 I PowerManagerService: setBrightness mButtonLight 0.
10-17 16:54:33.992   966   966 D PowerManagerService: updateDisplayPowerStateLocked: mDisplayReady=true, policy=3, mWakefulness=1, mWakeLockSummary=0x1, mUserActivitySummary=0x1, mBootCompleted=true, mScreenBrightnessBoostInProgress=false
10-17 16:54:33.992 22817 22817 D ActivityThread: SVC-Creating service: CreateServiceData{token=android.os.BinderProxy@ff99b74 className=com.google.android.finsky.services.ContentSyncService packageName=com.android.vending intent=null}
10-17 16:54:33.992 22817 22817 D ActivityThread: SVC-CREATE_SERVICE handled : 0 / CreateServiceData{token=android.os.BinderProxy@ff99b74 className=com.google.android.finsky.services.ContentSyncService packageName=com.android.vending intent=null}
10-17 16:54:33.992 22817 22817 D ActivityThread: SVC-Calling onStartCommand: com.google.android.finsky.services.ContentSyncService@a5cb89d, flags=0, startId=1
10-17 16:54:33.993   966  1531 W PackageManager: checkUidPermission(): android.permission.GET_ACCOUNTS of 10018 is denied.
10-17 16:54:33.993   966  1531 I AccountManagerService: getTypesVisibleToCaller: isPermitted? true
10-17 16:54:33.993 22817 22817 D ActivityThread: SVC-SERVICE_ARGS handled : 0 / ServiceArgsData{token=android.os.BinderProxy@ff99b74 startId=1 args=Intent { flg=0x104 cmp=com.android.vending/com.google.android.finsky.services.ContentSyncService (has extras) }}
10-17 16:54:33.997   966  1079 W PackageManager: checkUidPermission(): android.permission.GET_ACCOUNTS of 10018 is denied.
10-17 16:54:33.997   966  1079 I AccountManagerService: getTypesVisibleToCaller: isPermitted? true
10-17 16:54:33.998 22817 22862 I Finsky  : [901] com.google.android.finsky.c.e.run(2152): Replicating app states via AMAS.
10-17 16:54:33.998   966  2762 W PackageManager: checkUidPermission(): android.permission.GET_ACCOUNTS of 10018 is denied.
10-17 16:54:33.998   966  2762 I AccountManagerService: getTypesVisibleToCaller: isPermitted? true
10-17 16:54:34.002   295 22210 D AudioTrackShared: front(51392000), mIsOut(0), mAvailToClient=0 stepCount=320 minimum=320, FUTEX_WAKE
10-17 16:54:34.022   295 22210 D AudioTrackShared: front(51392320), mIsOut(0), mAvailToClient=0 stepCount=320 minimum=320, FUTEX_WAKE
