--------- beginning of crash
10-16 15:29:25.025  4842  4937 F libc    : Fatal signal 11 (SIGSEGV), code 0, fault addr 0x12ea in tid 4937 (Thread-147)
10-16 15:29:25.140  5139  5139 F AEE/DEBUG: *** *** *** *** *** *** *** *** *** *** *** *** *** *** *** ***
10-16 15:29:25.140  5139  5139 F AEE/DEBUG: Build fingerprint: 'alps/c239v55_kw_u11/c239v55_kw_u11:6.0/MRA58K/1474608937:user/test-keys'
10-16 15:29:25.141  5139  5139 F AEE/DEBUG: Revision: '0'
10-16 15:29:25.141  5139  5139 F AEE/DEBUG: ABI: 'arm'
10-16 15:29:25.141  5139  5139 F AEE/DEBUG: pid: 4842, tid: 4937, name: Thread-147  >>> com.ea.gp.fifaworld <<<
10-16 15:29:25.142  5139  5139 F AEE/DEBUG: signal 11 (SIGSEGV), code 0 (SI_USER), fault addr 0xc23604cc
10-16 15:29:25.177  5139  5139 F AEE/DEBUG:     r0 c63c0008  r1 00000004  r2 00000000  r3 c2378628
10-16 15:29:25.177  5139  5139 F AEE/DEBUG:     r4 c2360650  r5 c235e650  r6 00000000  r7 c2377650
10-16 15:29:25.177  5139  5139 F AEE/DEBUG:     r8 c2378628  r9 c2378098  sl c2362650  fp f6e32ec0
10-16 15:29:25.178  5139  5139 F AEE/DEBUG:     ip c237864c  sp c235d628  lr fffffffe  pc e8452134  cpsr a00f0010
10-16 15:29:25.196  5139  5139 F AEE/DEBUG: 
10-16 15:29:25.196  5139  5139 F AEE/DEBUG: backtrace:
10-16 15:29:25.196  5139  5139 F AEE/DEBUG:     #00 pc 0047b134  /system/lib/egl/libGLES_mali.so
10-16 15:29:25.196  5139  5139 F AEE/DEBUG:     #01 pc 0047aa08  /system/lib/egl/libGLES_mali.so
10-16 15:29:25.196  5139  5139 F AEE/DEBUG:     #02 pc 00467714  /data/app/com.ea.gp.fifaworld-1/lib/arm/libfifa.so
10-16 15:29:25.196  5139  5139 F AEE/DEBUG:     #03 pc 004679b0  /data/app/com.ea.gp.fifaworld-1/lib/arm/libfifa.so
10-16 15:29:25.196  5139  5139 F AEE/DEBUG:     #04 pc 004674ac  /data/app/com.ea.gp.fifaworld-1/lib/arm/libfifa.so
10-16 15:29:25.196  5139  5139 F AEE/DEBUG:     #05 pc 00445d5c  /data/app/com.ea.gp.fifaworld-1/lib/arm/libfifa.so
10-16 15:29:25.196  5139  5139 F AEE/DEBUG:     #06 pc 0049b00c  /data/app/com.ea.gp.fifaworld-1/lib/arm/libfifa.so
10-16 15:29:25.196  5139  5139 F AEE/DEBUG:     #07 pc 00401110  /data/app/com.ea.gp.fifaworld-1/lib/arm/libfifa.so
10-16 15:29:25.196  5139  5139 F AEE/DEBUG:     #08 pc 00949320  /data/app/com.ea.gp.fifaworld-1/lib/arm/libfifa.so
10-16 15:29:25.196  5139  5139 F AEE/DEBUG:     #09 pc 01035488  /data/app/com.ea.gp.fifaworld-1/lib/arm/libfifa.so
10-16 15:29:25.196  5139  5139 F AEE/DEBUG:     #10 pc 0104b9cc  /data/app/com.ea.gp.fifaworld-1/lib/arm/libfifa.so
10-16 15:29:25.196  5139  5139 F AEE/DEBUG:     #11 pc 00948f88  /data/app/com.ea.gp.fifaworld-1/lib/arm/libfifa.so
10-16 15:29:25.196  5139  5139 F AEE/DEBUG:     #12 pc 010354c8  /data/app/com.ea.gp.fifaworld-1/lib/arm/libfifa.so
10-16 15:29:25.197  5139  5139 F AEE/DEBUG:     #13 pc 0104b668  /data/app/com.ea.gp.fifaworld-1/lib/arm/libfifa.so
10-16 15:29:25.197  5139  5139 F AEE/DEBUG:     #14 pc 0092ace0  /data/app/com.ea.gp.fifaworld-1/lib/arm/libfifa.so
10-16 15:29:25.197  5139  5139 F AEE/DEBUG:     #15 pc 00a64b54  /data/app/com.ea.gp.fifaworld-1/lib/arm/libfifa.so
10-16 15:29:25.197  5139  5139 F AEE/DEBUG:     #16 pc 0037a570  /data/app/com.ea.gp.fifaworld-1/lib/arm/libfifa.so
10-16 15:29:25.197  5139  5139 F AEE/DEBUG:     #17 pc 00ed3374  /data/app/com.ea.gp.fifaworld-1/lib/arm/libfifa.so
10-16 15:29:25.197  5139  5139 F AEE/DEBUG:     #18 pc 0072e0e8  /data/app/com.ea.gp.fifaworld-1/lib/arm/libfifa.so
10-16 15:29:25.197  5139  5139 F AEE/DEBUG:     #19 pc 0073d6b0  /data/app/com.ea.gp.fifaworld-1/lib/arm/libfifa.so
10-16 15:29:25.197  5139  5139 F AEE/DEBUG:     #20 pc 0072e4e8  /data/app/com.ea.gp.fifaworld-1/lib/arm/libfifa.so
10-16 15:29:25.197  5139  5139 F AEE/DEBUG:     #21 pc 0072d884  /data/app/com.ea.gp.fifaworld-1/lib/arm/libfifa.so
10-16 15:29:25.197  5139  5139 F AEE/DEBUG:     #22 pc 0072e894  /data/app/com.ea.gp.fifaworld-1/lib/arm/libfifa.so
10-16 15:29:25.197  5139  5139 F AEE/DEBUG:     #23 pc 00727320  /data/app/com.ea.gp.fifaworld-1/lib/arm/libfifa.so
10-16 15:29:25.197  5139  5139 F AEE/DEBUG:     #24 pc 00ed206c  /data/app/com.ea.gp.fifaworld-1/lib/arm/libfifa.so
10-16 15:29:25.197  5139  5139 F AEE/DEBUG:     #25 pc 00ed3fbc  /data/app/com.ea.gp.fifaworld-1/lib/arm/libfifa.so
10-16 15:29:25.197  5139  5139 F AEE/DEBUG:     #26 pc 00ee145c  /data/app/com.ea.gp.fifaworld-1/lib/arm/libfifa.so
10-16 15:29:25.197  5139  5139 F AEE/DEBUG:     #27 pc 00edf094  /data/app/com.ea.gp.fifaworld-1/lib/arm/libfifa.so
10-16 15:29:25.197  5139  5139 F AEE/DEBUG:     #28 pc 00edf1bc  /data/app/com.ea.gp.fifaworld-1/lib/arm/libfifa.so
10-16 15:29:25.197  5139  5139 F AEE/DEBUG:     #29 pc 00edc404  /data/app/com.ea.gp.fifaworld-1/lib/arm/libfifa.so
10-16 15:29:25.197  5139  5139 F AEE/DEBUG:     #30 pc 00ee1534  /data/app/com.ea.gp.fifaworld-1/lib/arm/libfifa.so
10-16 15:29:25.197  5139  5139 F AEE/DEBUG:     #31 pc 019d4c04  /data/app/com.ea.gp.fifaworld-1/lib/arm/libfifa.so
10-16 15:29:25.197  5139  5139 F AEE/DEBUG:     #32 pc 019d48d8  /data/app/com.ea.gp.fifaworld-1/lib/arm/libfifa.so
10-16 15:29:25.198  5139  5139 F AEE/DEBUG:     #33 pc 019d52a0  /data/app/com.ea.gp.fifaworld-1/lib/arm/libfifa.so
10-16 15:29:25.198  5139  5139 F AEE/DEBUG:     #34 pc 00ee145c  /data/app/com.ea.gp.fifaworld-1/lib/arm/libfifa.so
10-16 15:29:25.198  5139  5139 F AEE/DEBUG:     #35 pc 00edf094  /data/app/com.ea.gp.fifaworld-1/lib/arm/libfifa.so
10-16 15:29:25.198  5139  5139 F AEE/DEBUG:     #36 pc 00edf1bc  /data/app/com.ea.gp.fifaworld-1/lib/arm/libfifa.so
10-16 15:29:25.198  5139  5139 F AEE/DEBUG:     #37 pc 00edc404  /data/app/com.ea.gp.fifaworld-1/lib/arm/libfifa.so
10-16 15:29:25.198  5139  5139 F AEE/DEBUG:     #38 pc 00ee1534  /data/app/com.ea.gp.fifaworld-1/lib/arm/libfifa.so
10-16 15:29:25.198  5139  5139 F AEE/DEBUG:     #39 pc 019e08f4  /data/app/com.ea.gp.fifaworld-1/lib/arm/libfifa.so
10-16 15:29:25.198  5139  5139 F AEE/DEBUG:     #40 pc 00b17674  /data/app/com.ea.gp.fifaworld-1/lib/arm/libfifa.so
10-16 15:29:25.198  5139  5139 F AEE/DEBUG:     #41 pc 00ee145c  /data/app/com.ea.gp.fifaworld-1/lib/arm/libfifa.so
10-16 15:29:25.198  5139  5139 F AEE/DEBUG:     #42 pc 00edf094  /data/app/com.ea.gp.fifaworld-1/lib/arm/libfifa.so
10-16 15:29:25.198  5139  5139 F AEE/DEBUG:     #43 pc 00edf1bc  /data/app/com.ea.gp.fifaworld-1/lib/arm/libfifa.so
10-16 15:29:25.198  5139  5139 F AEE/DEBUG:     #44 pc 00edc404  /data/app/com.ea.gp.fifaworld-1/lib/arm/libfifa.so
10-16 15:29:25.198  5139  5139 F AEE/DEBUG:     #45 pc 00ee1534  /data/app/com.ea.gp.fifaworld-1/lib/arm/libfifa.so
10-16 15:29:25.198  5139  5139 F AEE/DEBUG:     #46 pc 019d1ad4  /data/app/com.ea.gp.fifaworld-1/lib/arm/libfifa.so
10-16 15:29:25.198  5139  5139 F AEE/DEBUG:     #47 pc 019e01a0  /data/app/com.ea.gp.fifaworld-1/lib/arm/libfifa.so
10-16 15:29:25.198  5139  5139 F AEE/DEBUG:     #48 pc 00b17674  /data/app/com.ea.gp.fifaworld-1/lib/arm/libfifa.so
10-16 15:29:25.198  5139  5139 F AEE/DEBUG:     #49 pc 00ee145c  /data/app/com.ea.gp.fifaworld-1/lib/arm/libfifa.so
10-16 15:29:25.198  5139  5139 F AEE/DEBUG:     #50 pc 00edf094  /data/app/com.ea.gp.fifaworld-1/lib/arm/libfifa.so
10-16 15:29:25.198  5139  5139 F AEE/DEBUG:     #51 pc 00edf1bc  /data/app/com.ea.gp.fifaworld-1/lib/arm/libfifa.so
10-16 15:29:25.198  5139  5139 F AEE/DEBUG:     #52 pc 00edc404  /data/app/com.ea.gp.fifaworld-1/lib/arm/libfifa.so
10-16 15:29:25.200  5139  5139 F AEE/DEBUG:     #53 pc 00ee1534  /data/app/com.ea.gp.fifaworld-1/lib/arm/libfifa.so
10-16 15:29:25.200  5139  5139 F AEE/DEBUG:     #54 pc 019b61c4  /data/app/com.ea.gp.fifaworld-1/lib/arm/libfifa.so
10-16 15:29:25.200  5139  5139 F AEE/DEBUG:     #55 pc 00ed8fec  /data/app/com.ea.gp.fifaworld-1/lib/arm/libfifa.so
10-16 15:29:25.201  5139  5139 F AEE/DEBUG:     #56 pc 00ed8ee8  /data/app/com.ea.gp.fifaworld-1/lib/arm/libfifa.so
10-16 15:29:25.201  5139  5139 F AEE/DEBUG:     #57 pc 01cf5f88  /data/app/com.ea.gp.fifaworld-1/lib/arm/libfifa.so
10-16 15:29:25.201  5139  5139 F AEE/DEBUG:     #58 pc 01cf495c  /data/app/com.ea.gp.fifaworld-1/lib/arm/libfifa.so
10-16 15:29:25.201  5139  5139 F AEE/DEBUG:     #59 pc 01ca5488  /data/app/com.ea.gp.fifaworld-1/lib/arm/libfifa.so
10-16 15:29:25.201  5139  5139 F AEE/DEBUG:     #60 pc 01c8bff4  /data/app/com.ea.gp.fifaworld-1/lib/arm/libfifa.so
10-16 15:29:25.201  5139  5139 F AEE/DEBUG:     #61 pc 01cf5e7c  /data/app/com.ea.gp.fifaworld-1/lib/arm/libfifa.so
10-16 15:29:25.201  5139  5139 F AEE/DEBUG:     #62 pc 0238758c  /data/app/com.ea.gp.fifaworld-1/lib/arm/libfifa.so
10-16 15:29:25.201  5139  5139 F AEE/DEBUG:     #63 pc 01cf6d60  /data/app/com.ea.gp.fifaworld-1/lib/arm/libfifa.so
10-17 21:59:36.334  4995  5107 F libc    : Fatal signal 11 (SIGSEGV), code 0, fault addr 0x1383 in tid 5107 (Thread-415)
10-17 21:59:36.408  5367  5367 F AEE/DEBUG: *** *** *** *** *** *** *** *** *** *** *** *** *** *** *** ***
10-17 21:59:36.416  5367  5367 F AEE/DEBUG: Build fingerprint: 'alps/c239v55_kw_u11/c239v55_kw_u11:6.0/MRA58K/1474608937:user/test-keys'
10-17 21:59:36.416  5367  5367 F AEE/DEBUG: Revision: '0'
10-17 21:59:36.416  5367  5367 F AEE/DEBUG: ABI: 'arm'
10-17 21:59:36.416  5367  5367 F AEE/DEBUG: pid: 4995, tid: 5107, name: Thread-415  >>> com.ea.gp.fifaworld <<<
10-17 21:59:36.416  5367  5367 F AEE/DEBUG: signal 11 (SIGSEGV), code 0 (SI_USER), fault addr 0xc1c5f4cc
10-17 21:59:36.452  5367  5367 F AEE/DEBUG:     r0 c6f00008  r1 00000004  r2 00000000  r3 c1c77628
10-17 21:59:36.452  5367  5367 F AEE/DEBUG:     r4 c1c5f650  r5 c1c5d650  r6 00000000  r7 c1c76650
10-17 21:59:36.452  5367  5367 F AEE/DEBUG:     r8 c1c77628  r9 c1c77098  sl c1c61650  fp f6e32ec0
10-17 21:59:36.452  5367  5367 F AEE/DEBUG:     ip c1c7764c  sp c1c5c628  lr fffffffe  pc e8452134  cpsr a00f0010
10-17 21:59:36.471  5367  5367 F AEE/DEBUG: 
10-17 21:59:36.471  5367  5367 F AEE/DEBUG: backtrace:
10-17 21:59:36.471  5367  5367 F AEE/DEBUG:     #00 pc 0047b134  /system/lib/egl/libGLES_mali.so
10-17 21:59:36.471  5367  5367 F AEE/DEBUG:     #01 pc 0047aa08  /system/lib/egl/libGLES_mali.so
10-17 21:59:36.471  5367  5367 F AEE/DEBUG:     #02 pc 00467714  /data/app/com.ea.gp.fifaworld-1/lib/arm/libfifa.so
10-17 21:59:36.471  5367  5367 F AEE/DEBUG:     #03 pc 004679b0  /data/app/com.ea.gp.fifaworld-1/lib/arm/libfifa.so
10-17 21:59:36.471  5367  5367 F AEE/DEBUG:     #04 pc 004674ac  /data/app/com.ea.gp.fifaworld-1/lib/arm/libfifa.so
10-17 21:59:36.471  5367  5367 F AEE/DEBUG:     #05 pc 00445d5c  /data/app/com.ea.gp.fifaworld-1/lib/arm/libfifa.so
10-17 21:59:36.471  5367  5367 F AEE/DEBUG:     #06 pc 0049b00c  /data/app/com.ea.gp.fifaworld-1/lib/arm/libfifa.so
10-17 21:59:36.471  5367  5367 F AEE/DEBUG:     #07 pc 00401110  /data/app/com.ea.gp.fifaworld-1/lib/arm/libfifa.so
10-17 21:59:36.472  5367  5367 F AEE/DEBUG:     #08 pc 00949320  /data/app/com.ea.gp.fifaworld-1/lib/arm/libfifa.so
10-17 21:59:36.472  5367  5367 F AEE/DEBUG:     #09 pc 01035488  /data/app/com.ea.gp.fifaworld-1/lib/arm/libfifa.so
10-17 21:59:36.472  5367  5367 F AEE/DEBUG:     #10 pc 0104b9cc  /data/app/com.ea.gp.fifaworld-1/lib/arm/libfifa.so
10-17 21:59:36.472  5367  5367 F AEE/DEBUG:     #11 pc 00948f88  /data/app/com.ea.gp.fifaworld-1/lib/arm/libfifa.so
10-17 21:59:36.472  5367  5367 F AEE/DEBUG:     #12 pc 010354c8  /data/app/com.ea.gp.fifaworld-1/lib/arm/libfifa.so
10-17 21:59:36.472  5367  5367 F AEE/DEBUG:     #13 pc 0104b668  /data/app/com.ea.gp.fifaworld-1/lib/arm/libfifa.so
10-17 21:59:36.472  5367  5367 F AEE/DEBUG:     #14 pc 0092ace0  /data/app/com.ea.gp.fifaworld-1/lib/arm/libfifa.so
10-17 21:59:36.472  5367  5367 F AEE/DEBUG:     #15 pc 00a64b54  /data/app/com.ea.gp.fifaworld-1/lib/arm/libfifa.so
10-17 21:59:36.472  5367  5367 F AEE/DEBUG:     #16 pc 0037a570  /data/app/com.ea.gp.fifaworld-1/lib/arm/libfifa.so
10-17 21:59:36.472  5367  5367 F AEE/DEBUG:     #17 pc 00ed3374  /data/app/com.ea.gp.fifaworld-1/lib/arm/libfifa.so
10-17 21:59:36.472  5367  5367 F AEE/DEBUG:     #18 pc 0072e0e8  /data/app/com.ea.gp.fifaworld-1/lib/arm/libfifa.so
10-17 21:59:36.472  5367  5367 F AEE/DEBUG:     #19 pc 0073d6b0  /data/app/com.ea.gp.fifaworld-1/lib/arm/libfifa.so
10-17 21:59:36.472  5367  5367 F AEE/DEBUG:     #20 pc 0072e4e8  /data/app/com.ea.gp.fifaworld-1/lib/arm/libfifa.so
10-17 21:59:36.472  5367  5367 F AEE/DEBUG:     #21 pc 0072d884  /data/app/com.ea.gp.fifaworld-1/lib/arm/libfifa.so
10-17 21:59:36.472  5367  5367 F AEE/DEBUG:     #22 pc 0072e894  /data/app/com.ea.gp.fifaworld-1/lib/arm/libfifa.so
10-17 21:59:36.472  5367  5367 F AEE/DEBUG:     #23 pc 00727320  /data/app/com.ea.gp.fifaworld-1/lib/arm/libfifa.so
10-17 21:59:36.472  5367  5367 F AEE/DEBUG:     #24 pc 00ed206c  /data/app/com.ea.gp.fifaworld-1/lib/arm/libfifa.so
10-17 21:59:36.472  5367  5367 F AEE/DEBUG:     #25 pc 00ed3fbc  /data/app/com.ea.gp.fifaworld-1/lib/arm/libfifa.so
10-17 21:59:36.472  5367  5367 F AEE/DEBUG:     #26 pc 00ee145c  /data/app/com.ea.gp.fifaworld-1/lib/arm/libfifa.so
10-17 21:59:36.472  5367  5367 F AEE/DEBUG:     #27 pc 00edf094  /data/app/com.ea.gp.fifaworld-1/lib/arm/libfifa.so
10-17 21:59:36.473  5367  5367 F AEE/DEBUG:     #28 pc 00edf1bc  /data/app/com.ea.gp.fifaworld-1/lib/arm/libfifa.so
10-17 21:59:36.473  5367  5367 F AEE/DEBUG:     #29 pc 00edc404  /data/app/com.ea.gp.fifaworld-1/lib/arm/libfifa.so
10-17 21:59:36.473  5367  5367 F AEE/DEBUG:     #30 pc 00ee1534  /data/app/com.ea.gp.fifaworld-1/lib/arm/libfifa.so
10-17 21:59:36.473  5367  5367 F AEE/DEBUG:     #31 pc 019d4c04  /data/app/com.ea.gp.fifaworld-1/lib/arm/libfifa.so
10-17 21:59:36.473  5367  5367 F AEE/DEBUG:     #32 pc 019d48d8  /data/app/com.ea.gp.fifaworld-1/lib/arm/libfifa.so
10-17 21:59:36.473  5367  5367 F AEE/DEBUG:     #33 pc 019d52a0  /data/app/com.ea.gp.fifaworld-1/lib/arm/libfifa.so
10-17 21:59:36.473  5367  5367 F AEE/DEBUG:     #34 pc 00ee145c  /data/app/com.ea.gp.fifaworld-1/lib/arm/libfifa.so
10-17 21:59:36.473  5367  5367 F AEE/DEBUG:     #35 pc 00edf094  /data/app/com.ea.gp.fifaworld-1/lib/arm/libfifa.so
10-17 21:59:36.473  5367  5367 F AEE/DEBUG:     #36 pc 00edf1bc  /data/app/com.ea.gp.fifaworld-1/lib/arm/libfifa.so
10-17 21:59:36.473  5367  5367 F AEE/DEBUG:     #37 pc 00edc404  /data/app/com.ea.gp.fifaworld-1/lib/arm/libfifa.so
10-17 21:59:36.473  5367  5367 F AEE/DEBUG:     #38 pc 00ee1534  /data/app/com.ea.gp.fifaworld-1/lib/arm/libfifa.so
10-17 21:59:36.473  5367  5367 F AEE/DEBUG:     #39 pc 019e08f4  /data/app/com.ea.gp.fifaworld-1/lib/arm/libfifa.so
10-17 21:59:36.473  5367  5367 F AEE/DEBUG:     #40 pc 00b17674  /data/app/com.ea.gp.fifaworld-1/lib/arm/libfifa.so
10-17 21:59:36.473  5367  5367 F AEE/DEBUG:     #41 pc 00ee145c  /data/app/com.ea.gp.fifaworld-1/lib/arm/libfifa.so
10-17 21:59:36.473  5367  5367 F AEE/DEBUG:     #42 pc 00edf094  /data/app/com.ea.gp.fifaworld-1/lib/arm/libfifa.so
10-17 21:59:36.473  5367  5367 F AEE/DEBUG:     #43 pc 00edf1bc  /data/app/com.ea.gp.fifaworld-1/lib/arm/libfifa.so
10-17 21:59:36.473  5367  5367 F AEE/DEBUG:     #44 pc 00edc404  /data/app/com.ea.gp.fifaworld-1/lib/arm/libfifa.so
10-17 21:59:36.473  5367  5367 F AEE/DEBUG:     #45 pc 00ee1534  /data/app/com.ea.gp.fifaworld-1/lib/arm/libfifa.so
10-17 21:59:36.474  5367  5367 F AEE/DEBUG:     #46 pc 019d1ad4  /data/app/com.ea.gp.fifaworld-1/lib/arm/libfifa.so
10-17 21:59:36.474  5367  5367 F AEE/DEBUG:     #47 pc 019e01a0  /data/app/com.ea.gp.fifaworld-1/lib/arm/libfifa.so
10-17 21:59:36.474  5367  5367 F AEE/DEBUG:     #48 pc 00b17674  /data/app/com.ea.gp.fifaworld-1/lib/arm/libfifa.so
10-17 21:59:36.474  5367  5367 F AEE/DEBUG:     #49 pc 00ee145c  /data/app/com.ea.gp.fifaworld-1/lib/arm/libfifa.so
10-17 21:59:36.474  5367  5367 F AEE/DEBUG:     #50 pc 00edf094  /data/app/com.ea.gp.fifaworld-1/lib/arm/libfifa.so
10-17 21:59:36.474  5367  5367 F AEE/DEBUG:     #51 pc 00edf1bc  /data/app/com.ea.gp.fifaworld-1/lib/arm/libfifa.so
10-17 21:59:36.474  5367  5367 F AEE/DEBUG:     #52 pc 00edc404  /data/app/com.ea.gp.fifaworld-1/lib/arm/libfifa.so
10-17 21:59:36.474  5367  5367 F AEE/DEBUG:     #53 pc 00ee1534  /data/app/com.ea.gp.fifaworld-1/lib/arm/libfifa.so
10-17 21:59:36.474  5367  5367 F AEE/DEBUG:     #54 pc 019b61c4  /data/app/com.ea.gp.fifaworld-1/lib/arm/libfifa.so
10-17 21:59:36.474  5367  5367 F AEE/DEBUG:     #55 pc 00ed8fec  /data/app/com.ea.gp.fifaworld-1/lib/arm/libfifa.so
10-17 21:59:36.474  5367  5367 F AEE/DEBUG:     #56 pc 00ed8ee8  /data/app/com.ea.gp.fifaworld-1/lib/arm/libfifa.so
10-17 21:59:36.474  5367  5367 F AEE/DEBUG:     #57 pc 01cf5f88  /data/app/com.ea.gp.fifaworld-1/lib/arm/libfifa.so
10-17 21:59:36.474  5367  5367 F AEE/DEBUG:     #58 pc 01cf495c  /data/app/com.ea.gp.fifaworld-1/lib/arm/libfifa.so
10-17 21:59:36.474  5367  5367 F AEE/DEBUG:     #59 pc 01ca5488  /data/app/com.ea.gp.fifaworld-1/lib/arm/libfifa.so
10-17 21:59:36.474  5367  5367 F AEE/DEBUG:     #60 pc 01c8bff4  /data/app/com.ea.gp.fifaworld-1/lib/arm/libfifa.so
10-17 21:59:36.474  5367  5367 F AEE/DEBUG:     #61 pc 01cf5e7c  /data/app/com.ea.gp.fifaworld-1/lib/arm/libfifa.so
10-17 21:59:36.474  5367  5367 F AEE/DEBUG:     #62 pc 0238758c  /data/app/com.ea.gp.fifaworld-1/lib/arm/libfifa.so
10-17 21:59:36.474  5367  5367 F AEE/DEBUG:     #63 pc 01cf6d60  /data/app/com.ea.gp.fifaworld-1/lib/arm/libfifa.so
10-17 21:59:36.724  5367  5367 F AEE/DEBUG: ptrace attach to 4995 failed: Operation not permitted
--------- beginning of system
10-18 10:10:32.432   966  2761 V WindowManager: not Base app: Adding window Window{4dd15df u0 com.android.settings/com.android.settings.SubSettings} at 18 of 26
10-18 10:10:32.432   966  2761 V WindowManager: Looking for focus: 23 = Window{a2bc86e u0 StatusBar}, flags=-2122055608, canReceive=false
10-18 10:10:32.432   966  2761 V WindowManager: findFocusedWindow: Found new focus @ 18 = Window{4dd15df u0 com.android.settings/com.android.settings.SubSettings}
10-18 10:10:32.432   966  2761 V WindowManager: Changing focus from Window{6b5bea6 u0 com.android.settings/com.android.settings.SubSettings} to Window{4dd15df u0 com.android.settings/com.android.settings.SubSettings} Callers=com.android.server.wm.WindowManagerService.addWindow:2772 com.android.server.wm.Session.addToDisplay:171 android.view.IWindowSession$Stub.onTransact:124 com.android.server.wm.Session.onTransact:133 
10-18 10:10:32.432   966  2761 D WindowManager: Input focus has changed to Window{4dd15df u0 com.android.settings/com.android.settings.SubSettings}
10-18 10:10:32.433   966   986 I WindowManager: Focus moving from Window{6b5bea6 u0 com.android.settings/com.android.settings.SubSettings} to Window{4dd15df u0 com.android.settings/com.android.settings.SubSettings}
10-18 10:10:32.434   966   986 I WindowManager: Gaining focus: Window{4dd15df u0 com.android.settings/com.android.settings.SubSettings}
10-18 10:10:32.451   966 15355 V WindowManager: Looking for focus: 23 = Window{a2bc86e u0 StatusBar}, flags=-2122055608, canReceive=false
10-18 10:10:32.451   966 15355 V WindowManager: findFocusedWindow: Found new focus @ 18 = Window{4dd15df u0 com.android.settings/com.android.settings.SubSettings}
10-18 10:10:32.531   966   986 I WindowManager: Losing delayed focus: Window{6b5bea6 u0 com.android.settings/com.android.settings.SubSettings}
10-18 10:10:32.618   966   989 D AutomaticBrightnessController: calculateAmbientLux: [0, 100]: lux=69.0, weight=305000.0
10-18 10:10:32.618   966   989 D AutomaticBrightnessController: calculateAmbientLux: [-255, 0]: lux=72.0, weight=732487.5
10-18 10:10:32.618   966   989 D AutomaticBrightnessController: calculateAmbientLux: totalWeight=1037487.5, newAmbientLux=71.11806
10-18 10:10:32.618   966   989 D AutomaticBrightnessController: updateAmbientLux: ambientLux=71.11806, timeToBrighten=2000, timeToDarken=2000, current=83.83577
10-18 10:10:32.618   966   989 D AutomaticBrightnessController: updateAmbientLux: Scheduling ambient lux update for 100468102100468102 (in 2000 ms)
10-18 10:10:32.618   966   989 D AutomaticBrightnessController: onSensorChanged: lux = 69.0
10-18 10:10:32.867   966   989 D AutomaticBrightnessController: calculateAmbientLux: [0, 100]: lux=73.0, weight=305000.0
10-18 10:10:32.867   966   989 D AutomaticBrightnessController: calculateAmbientLux: [-249, 0]: lux=69.0, weight=715999.5
10-18 10:10:32.867   966   989 D AutomaticBrightnessController: calculateAmbientLux: totalWeight=1020999.5, newAmbientLux=70.1949
10-18 10:10:32.867   966   989 D AutomaticBrightnessController: updateAmbientLux: ambientLux=70.1949, timeToBrighten=2000, timeToDarken=2000, current=83.83577
10-18 10:10:32.867   966   989 D AutomaticBrightnessController: updateAmbientLux: Scheduling ambient lux update for 100468351100468351 (in 2000 ms)
10-18 10:10:33.118   966   989 D AutomaticBrightnessController: calculateAmbientLux: [0, 100]: lux=72.0, weight=305000.0
10-18 10:10:33.118   966   989 D AutomaticBrightnessController: calculateAmbientLux: [-251, 0]: lux=73.0, weight=721499.5
10-18 10:10:33.118   966   989 D AutomaticBrightnessController: calculateAmbientLux: [-500, -251]: lux=69.0, weight=653500.5
10-18 10:10:33.118   966   989 D AutomaticBrightnessController: calculateAmbientLux: totalWeight=1680000.0, newAmbientLux=71.2625
10-18 10:10:33.118   966   989 D AutomaticBrightnessController: updateAmbientLux: ambientLux=71.2625, timeToBrighten=2000, timeToDarken=2000, current=83.83577
10-18 10:10:33.118   966   989 D AutomaticBrightnessController: updateAmbientLux: Scheduling ambient lux update for 100468602100468602 (in 2000 ms)
10-18 10:10:33.118   966   989 D AutomaticBrightnessController: onSensorChanged: lux = 72.0
10-18 10:10:33.192   966  1007 D PowerManagerService: userActivityFromNative
10-18 10:10:33.192   966  1007 D PowerManagerService: userActivityNoUpdateLocked: eventTime=100466675, event=2, flags=0x0, uid=1000
10-18 10:10:33.192   966  1007 D PowerManagerNotifier: onUserActivity: event=2, uid=1000
10-18 10:10:33.192   966   982 D SystemGestures: pointer 0 down pointerIndex=0 trackingIndex=0
10-18 10:10:33.192   966   982 D SystemGestures: pointer 0 down x=195.8187 y=882.54034
10-18 10:10:33.192   966  1007 D PowerManagerService: updateUserActivitySummaryLocked: mWakefulness=Awake, mUserActivitySummary=0x1, nextTimeout=100759675 (in 292999 ms)
10-18 10:10:33.192   966  1007 D DisplayPowerController: requestPowerState: policy=BRIGHT, useProximitySensor=false, screenBrightness=102, screenAutoBrightnessAdjustment=0.9501953, brightnessSetByUser=true, useAutoBrightness=true, blockScreenOn=false, lowPowerMode=false, boostScreenBrightness=false, dozeScreenBrightness=-1, dozeScreenState=UNKNOWN, waitForNegativeProximity=false
10-18 10:10:33.192   966  1007 I PowerManagerService: setBrightness mButtonLight 0.
10-18 10:10:33.192   966  1007 D PowerManagerService: updateDisplayPowerStateLocked: mDisplayReady=true, policy=3, mWakefulness=1, mWakeLockSummary=0x1, mUserActivitySummary=0x1, mBootCompleted=true, mScreenBrightnessBoostInProgress=false
10-18 10:10:33.199   966   982 D SystemGestures: pointer 0 moved (195.8187->195.8187,882.54034->882.54034) in 8
10-18 10:10:33.207   966   982 D SystemGestures: pointer 0 moved (195.8187->195.8187,882.54034->882.54034) in 16
10-18 10:10:33.215   966   982 D SystemGestures: pointer 0 moved (195.8187->195.8187,882.54034->882.54034) in 24
10-18 10:10:33.223   966   982 D SystemGestures: pointer 0 moved (195.8187->195.8187,882.54034->882.54034) in 32
10-18 10:10:33.232   966   982 D SystemGestures: pointer 0 moved (195.8187->195.8187,882.54034->882.54034) in 40
10-18 10:10:33.240   966   982 D SystemGestures: pointer 0 moved (195.8187->195.8187,882.54034->882.54034) in 48
10-18 10:10:33.248   966   982 D SystemGestures: pointer 0 moved (195.8187->195.8187,882.54034->882.54034) in 56
10-18 10:10:33.254   966   982 D SystemGestures: pointer 0 moved (195.8187->195.8187,882.54034->882.54034) in 63
10-18 10:10:33.346   966  1671 V WindowManager: Remove Window{4dd15df u0 com.android.settings/com.android.settings.SubSettings} client=aebfc7e, surface=Surface(name=com.android.settings/com.android.settings.SubSettings) Callers=com.android.server.wm.WindowManagerService.removeWindow:2861 com.android.server.wm.Session.remove:190 android.view.IWindowSession$Stub.onTransact:242 com.android.server.wm.Session.onTransact:133 
10-18 10:10:33.347   966  1671 V WindowManager: Looking for focus: 23 = Window{a2bc86e u0 StatusBar}, flags=-2122055608, canReceive=false
10-18 10:10:33.347   966  1671 V WindowManager: findFocusedWindow: Found new focus @ 17 = Window{6b5bea6 u0 com.android.settings/com.android.settings.SubSettings}
10-18 10:10:33.348   966  1671 V WindowManager: Changing focus from Window{4dd15df u0 com.android.settings/com.android.settings.SubSettings EXITING} to Window{6b5bea6 u0 com.android.settings/com.android.settings.SubSettings} Callers=com.android.server.wm.WindowManagerService.removeWindowLocked:2931 com.android.server.wm.WindowManagerService.removeWindow:2861 com.android.server.wm.Session.remove:190 android.view.IWindowSession$Stub.onTransact:242 
10-18 10:10:33.348   966  1671 D WindowManager: Input focus has changed to Window{6b5bea6 u0 com.android.settings/com.android.settings.SubSettings}
10-18 10:10:33.350   966   986 I WindowManager: Focus moving from Window{4dd15df u0 com.android.settings/com.android.settings.SubSettings EXITING} to Window{6b5bea6 u0 com.android.settings/com.android.settings.SubSettings}
10-18 10:10:33.350   966   986 I WindowManager: Gaining focus: Window{6b5bea6 u0 com.android.settings/com.android.settings.SubSettings}
10-18 10:10:33.350   966   986 I WindowManager: Losing focus: Window{4dd15df u0 com.android.settings/com.android.settings.SubSettings EXITING}
10-18 10:10:33.351   966  1078 D UsbDeviceManager: setCurrentFunctions(ptp)
10-18 10:10:33.351   966   983 D UsbDeviceManager: setEnabledFunctions functions=ptp, forceRestart=false
10-18 10:10:33.351   966 15355 D UsbDeviceManager: setUsbDataUnlocked(true)
10-18 10:10:33.351   966   983 D UsbDeviceManager: applyAcmFunction - sys.usb.acm_idx=,mAcmPortIdx=
10-18 10:10:33.351   966   983 D UsbDeviceManager: applyAcmFunction - functions: ptp,adb
10-18 10:10:33.352   966   983 I UsbDeviceManager: Setting USB config to ptp,adb
10-18 10:10:33.352   966   983 D UsbDeviceManager: setUsbConfig(none)
10-18 10:10:33.354   966  1531 V InputMethodManagerService: windowGainedFocus: android.os.BinderProxy@67de6e6 controlFlags=#1 softInputMode=#10 windowFlags=#81810100
10-18 10:10:33.356   966  1531 W InputMethodManagerService: Window already focused, ignoring focus gain of: com.android.internal.view.IInputMethodClient$Stub$Proxy@c2730fb attribute=null, token = android.os.BinderProxy@2244001
10-18 10:10:33.356   966   983 D UsbDeviceManager: setUsbConfig(ptp,adb)
10-18 10:10:33.407   966   983 D UsbDeviceManager: setUsbDataUnlocked: true
10-18 10:10:33.408   966   983 D UsbDeviceManager: setEnabledFunctions functions=ptp,adb, forceRestart=true
10-18 10:10:33.408   966   983 D UsbDeviceManager: applyAcmFunction - sys.usb.acm_idx=,mAcmPortIdx=
10-18 10:10:33.408   966   983 D UsbDeviceManager: applyAcmFunction - functions: ptp,adb
10-18 10:10:33.408   966   983 I UsbDeviceManager: Setting USB config to ptp,adb
10-18 10:10:33.408   966   983 D UsbDeviceManager: setUsbConfig(none)
10-18 10:10:34.118   966   989 D AutomaticBrightnessController: calculateAmbientLux: [0, 100]: lux=75.0, weight=305000.0
10-18 10:10:34.118   966   989 D AutomaticBrightnessController: calculateAmbientLux: totalWeight=305000.0, newAmbientLux=75.0
10-18 10:10:34.118   966   989 D AutomaticBrightnessController: updateAmbientLux: ambientLux=75.0, timeToBrighten=2000, timeToDarken=2000, current=83.83577
10-18 10:10:34.118   966   989 D AutomaticBrightnessController: updateAmbientLux: Scheduling ambient lux update for 100469602100469602 (in 1999 ms)
10-18 10:10:34.119   966   989 D AutomaticBrightnessController: onSensorChanged: lux = 75.0
10-18 10:10:34.367   966   989 D AutomaticBrightnessController: calculateAmbientLux: [0, 100]: lux=72.0, weight=305000.0
10-18 10:10:34.367   966   989 D AutomaticBrightnessController: calculateAmbientLux: [-249, 0]: lux=75.0, weight=715999.5
10-18 10:10:34.367   966   989 D AutomaticBrightnessController: calculateAmbientLux: totalWeight=1020999.5, newAmbientLux=74.10383
10-18 10:10:34.367   966   989 D AutomaticBrightnessController: updateAmbientLux: ambientLux=74.10383, timeToBrighten=2000, timeToDarken=2000, current=83.83577
10-18 10:10:34.367   966   989 D AutomaticBrightnessController: updateAmbientLux: Scheduling ambient lux update for 100469851100469851 (in 2000 ms)
10-18 10:10:34.734   966  1007 D PowerManagerService: userActivityFromNative
10-18 10:10:34.734   966  1007 D PowerManagerService: userActivityNoUpdateLocked: eventTime=100468215, event=2, flags=0x0, uid=1000
10-18 10:10:34.734   966  1007 D PowerManagerNotifier: onUserActivity: event=2, uid=1000
10-18 10:10:34.734   966  1007 D PowerManagerService: updateUserActivitySummaryLocked: mWakefulness=Awake, mUserActivitySummary=0x1, nextTimeout=100761215 (in 292997 ms)
10-18 10:10:34.734   966  1007 D DisplayPowerController: requestPowerState: policy=BRIGHT, useProximitySensor=false, screenBrightness=102, screenAutoBrightnessAdjustment=0.9501953, brightnessSetByUser=true, useAutoBrightness=true, blockScreenOn=false, lowPowerMode=false, boostScreenBrightness=false, dozeScreenBrightness=-1, dozeScreenState=UNKNOWN, waitForNegativeProximity=false
10-18 10:10:34.734   966  1007 I PowerManagerService: setBrightness mButtonLight 0.
10-18 10:10:34.734   966  1007 D PowerManagerService: updateDisplayPowerStateLocked: mDisplayReady=true, policy=3, mWakefulness=1, mWakeLockSummary=0x1, mUserActivitySummary=0x1, mBootCompleted=true, mScreenBrightnessBoostInProgress=false
10-18 10:10:34.736   966   982 D SystemGestures: pointer 0 down pointerIndex=0 trackingIndex=0
10-18 10:10:34.736   966   982 D SystemGestures: pointer 0 down x=147.8631 y=616.6788
10-18 10:10:34.739   966   982 D SystemGestures: pointer 0 moved (147.8631->147.8631,616.6788->616.6788) in 7
10-18 10:10:34.747   966   982 D SystemGestures: pointer 0 moved (147.8631->147.8631,616.6788->616.6788) in 15
10-18 10:10:34.755   966   982 D SystemGestures: pointer 0 moved (147.8631->147.8631,616.6788->616.6788) in 24
10-18 10:10:34.763   966   982 D SystemGestures: pointer 0 moved (147.8631->147.8631,616.6788->616.6788) in 32
10-18 10:10:34.771   966   982 D SystemGestures: pointer 0 moved (147.8631->147.8631,616.6788->616.6788) in 40
10-18 10:10:34.780   966   982 D SystemGestures: pointer 0 moved (147.8631->147.8631,616.6788->616.6788) in 48
10-18 10:10:34.787   966   982 D SystemGestures: pointer 0 moved (147.8631->147.8631,616.6788->616.6788) in 56
10-18 10:10:34.795   966   982 D SystemGestures: pointer 0 moved (147.8631->147.8631,616.6788->616.6788) in 64
10-18 10:10:34.804   966   982 D SystemGestures: pointer 0 moved (147.8631->147.8631,616.6788->616.6788) in 72
10-18 10:10:34.811   966   982 D SystemGestures: pointer 0 moved (147.8631->147.8631,616.6788->616.6788) in 80
10-18 10:10:34.819   966   982 D SystemGestures: pointer 0 moved (147.8631->147.8631,616.6788->615.6793) in 87
10-18 10:10:34.867   966   989 D AutomaticBrightnessController: calculateAmbientLux: [0, 100]: lux=73.0, weight=305000.0
10-18 10:10:34.867   966   989 D AutomaticBrightnessController: calculateAmbientLux: [-500, 0]: lux=72.0, weight=1375000.0
10-18 10:10:34.867   966   989 D AutomaticBrightnessController: calculateAmbientLux: totalWeight=1680000.0, newAmbientLux=72.18155
10-18 10:10:34.867   966   989 D AutomaticBrightnessController: updateAmbientLux: ambientLux=72.18155, timeToBrighten=2000, timeToDarken=2000, current=83.83577
10-18 10:10:34.867   966   989 D AutomaticBrightnessController: updateAmbientLux: Scheduling ambient lux update for 100470351100470351 (in 2000 ms)
10-18 10:10:34.867   966   989 D AutomaticBrightnessController: onSensorChanged: lux = 73.0
10-18 10:10:34.915   966 14015 D WindowManager: addWindowToListInOrderLocked: win=Window{83c2b71 u0 com.android.settings/com.android.settings.SubSettings} Callers=com.android.server.wm.WindowManagerService.addWindow:2732 com.android.server.wm.Session.addToDisplay:171 android.view.IWindowSession$Stub.onTransact:124 com.android.server.wm.Session.onTransact:133 
10-18 10:10:34.915   966 14015 V WindowManager: not Base app: Adding window Window{83c2b71 u0 com.android.settings/com.android.settings.SubSettings} at 18 of 26
10-18 10:10:34.915   966 14015 V WindowManager: Looking for focus: 23 = Window{a2bc86e u0 StatusBar}, flags=-2122055608, canReceive=false
10-18 10:10:34.915   966 14015 V WindowManager: findFocusedWindow: Found new focus @ 18 = Window{83c2b71 u0 com.android.settings/com.android.settings.SubSettings}
10-18 10:10:34.916   966 14015 V WindowManager: Changing focus from Window{6b5bea6 u0 com.android.settings/com.android.settings.SubSettings} to Window{83c2b71 u0 com.android.settings/com.android.settings.SubSettings} Callers=com.android.server.wm.WindowManagerService.addWindow:2772 com.android.server.wm.Session.addToDisplay:171 android.view.IWindowSession$Stub.onTransact:124 com.android.server.wm.Session.onTransact:133 
10-18 10:10:34.916   966 14015 D WindowManager: Input focus has changed to Window{83c2b71 u0 com.android.settings/com.android.settings.SubSettings}
10-18 10:10:34.917   966   986 I WindowManager: Focus moving from Window{6b5bea6 u0 com.android.settings/com.android.settings.SubSettings} to Window{83c2b71 u0 com.android.settings/com.android.settings.SubSettings}
10-18 10:10:34.917   966   986 I WindowManager: Gaining focus: Window{83c2b71 u0 com.android.settings/com.android.settings.SubSettings}
10-18 10:10:34.933   966  2762 V WindowManager: Looking for focus: 23 = Window{a2bc86e u0 StatusBar}, flags=-2122055608, canReceive=false
10-18 10:10:34.933   966  2762 V WindowManager: findFocusedWindow: Found new focus @ 18 = Window{83c2b71 u0 com.android.settings/com.android.settings.SubSettings}
10-18 10:10:35.011   966   986 I WindowManager: Losing delayed focus: Window{6b5bea6 u0 com.android.settings/com.android.settings.SubSettings}
10-18 10:10:35.118   966   989 D AutomaticBrightnessController: calculateAmbientLux: [0, 100]: lux=72.0, weight=305000.0
10-18 10:10:35.118   966   989 D AutomaticBrightnessController: calculateAmbientLux: [-251, 0]: lux=73.0, weight=721499.5
10-18 10:10:35.118   966   989 D AutomaticBrightnessController: calculateAmbientLux: totalWeight=1026499.5, newAmbientLux=72.70287
10-18 10:10:35.118   966   989 D AutomaticBrightnessController: updateAmbientLux: ambientLux=72.70287, timeToBrighten=2000, timeToDarken=2000, current=83.83577
10-18 10:10:35.118   966   989 D AutomaticBrightnessController: updateAmbientLux: Scheduling ambient lux update for 100470602100470602 (in 1999 ms)
10-18 10:10:35.328   966  1016 V ActivityManager: Broadcast sticky: Intent { act=android.net.wifi.RSSI_CHANGED flg=0x4000010 (has extras) } ordered=false userid=-1 callerApp=ProcessRecord{ba51619 966:system/1000}
10-18 10:10:35.331   966  1078 D ConnectivityService: getActiveNetworkInfo networkInfo = [type: WIFI[], state: CONNECTED/CONNECTED, reason: (unspecified), extra: "CDT_GUEST", roaming: false, failover: false, isAvailable: true]
10-18 10:10:35.331   966  6533 D ConnectivityService: getActiveNetworkInfo networkInfo = [type: WIFI[], state: CONNECTED/CONNECTED, reason: (unspecified), extra: "CDT_GUEST", roaming: false, failover: false, isAvailable: true]
10-18 10:10:35.332   966  1531 D ConnectivityService: getActiveNetworkInfo networkInfo = [type: WIFI[], state: CONNECTED/CONNECTED, reason: (unspecified), extra: "CDT_GUEST", roaming: false, failover: false, isAvailable: true]
10-18 10:10:35.332   966   976 D ConnectivityService: getActiveNetworkInfo networkInfo = [type: WIFI[], state: CONNECTED/CONNECTED, reason: (unspecified), extra: "CDT_GUEST", roaming: false, failover: false, isAvailable: true]
10-18 10:10:35.333   966  1920 D ConnectivityService: getActiveNetworkInfo networkInfo = [type: WIFI[], state: CONNECTED/CONNECTED, reason: (unspecified), extra: "CDT_GUEST", roaming: false, failover: false, isAvailable: true]
10-18 10:10:35.334   966  1920 W PackageManager: checkUidPermission(): android.permission.LOCAL_MAC_ADDRESS of 10025 is denied.
10-18 10:10:35.335   966  3486 D ConnectivityService: getActiveNetworkInfo networkInfo = [type: WIFI[], state: CONNECTED/CONNECTED, reason: (unspecified), extra: "CDT_GUEST", roaming: false, failover: false, isAvailable: true]
10-18 10:10:35.336   966  1079 W PackageManager: checkUidPermission(): android.permission.LOCAL_MAC_ADDRESS of 10082 is denied.
10-18 10:10:35.336   966  3487 W PackageManager: checkUidPermission(): android.permission.LOCAL_MAC_ADDRESS of 10079 is denied.
10-18 10:10:35.337   966  2762 W PackageManager: checkUidPermission(): android.permission.LOCAL_MAC_ADDRESS of 10083 is denied.
10-18 10:10:35.338   966 15355 W PackageManager: checkUidPermission(): android.permission.LOCAL_MAC_ADDRESS of 10091 is denied.
10-18 10:10:35.339   966  1078 W PackageManager: checkUidPermission(): android.permission.LOCAL_MAC_ADDRESS of 10081 is denied.
10-18 10:10:35.339   966 15355 D ConnectivityService: getActiveNetworkInfo networkInfo = [type: WIFI[], state: CONNECTED/CONNECTED, reason: (unspecified), extra: "CDT_GUEST", roaming: false, failover: false, isAvailable: true]
10-18 10:10:35.341   966 14015 D ConnectivityService: getActiveNetworkInfo networkInfo = [type: WIFI[], state: CONNECTED/CONNECTED, reason: (unspecified), extra: "CDT_GUEST", roaming: false, failover: false, isAvailable: true]
10-18 10:10:35.341   966  3486 W PackageManager: checkUidPermission(): android.permission.LOCAL_MAC_ADDRESS of 10079 is denied.
10-18 10:10:35.343   966  2757 W PackageManager: checkUidPermission(): android.permission.LOCAL_MAC_ADDRESS of 10081 is denied.
10-18 10:10:35.367   966   989 D AutomaticBrightnessController: calculateAmbientLux: [0, 100]: lux=70.0, weight=305000.0
10-18 10:10:35.367   966   989 D AutomaticBrightnessController: calculateAmbientLux: [-249, 0]: lux=72.0, weight=715999.5
10-18 10:10:35.367   966   989 D AutomaticBrightnessController: calculateAmbientLux: [-500, -249]: lux=73.0, weight=659000.5
10-18 10:10:35.367   966   989 D AutomaticBrightnessController: calculateAmbientLux: totalWeight=1680000.0, newAmbientLux=72.029175
10-18 10:10:35.367   966   989 D AutomaticBrightnessController: updateAmbientLux: ambientLux=72.029175, timeToBrighten=2000, timeToDarken=2000, current=83.83577
10-18 10:10:35.367   966   989 D AutomaticBrightnessController: updateAmbientLux: Scheduling ambient lux update for 100470851100470851 (in 2000 ms)
10-18 10:10:35.367   966   989 D AutomaticBrightnessController: onSensorChanged: lux = 70.0
10-18 10:10:35.619   966   989 D AutomaticBrightnessController: calculateAmbientLux: [0, 100]: lux=72.0, weight=305000.0
10-18 10:10:35.619   966   989 D AutomaticBrightnessController: calculateAmbientLux: [-252, 0]: lux=70.0, weight=724248.0
10-18 10:10:35.619   966   989 D AutomaticBrightnessController: calculateAmbientLux: totalWeight=1029248.0, newAmbientLux=70.59267
10-18 10:10:35.619   966   989 D AutomaticBrightnessController: updateAmbientLux: ambientLux=70.59267, timeToBrighten=2000, timeToDarken=2000, current=83.83577
10-18 10:10:35.619   966   989 D AutomaticBrightnessController: updateAmbientLux: Scheduling ambient lux update for 100471103100471103 (in 2000 ms)
10-18 10:10:35.867   966   989 D AutomaticBrightnessController: calculateAmbientLux: [0, 100]: lux=70.0, weight=305000.0
10-18 10:10:35.867   966   989 D AutomaticBrightnessController: calculateAmbientLux: [-248, 0]: lux=72.0, weight=713248.0
10-18 10:10:35.867   966   989 D AutomaticBrightnessController: calculateAmbientLux: [-500, -248]: lux=70.0, weight=661752.0
10-18 10:10:35.867   966   989 D AutomaticBrightnessController: calculateAmbientLux: totalWeight=1680000.0, newAmbientLux=70.849106
10-18 10:10:35.867   966   989 D AutomaticBrightnessController: updateAmbientLux: ambientLux=70.849106, timeToBrighten=2000, timeToDarken=2000, current=83.83577
10-18 10:10:35.867   966   989 D AutomaticBrightnessController: updateAmbientLux: Scheduling ambient lux update for 100471351100471351 (in 2000 ms)
10-18 10:10:35.867   966   989 D AutomaticBrightnessController: onSensorChanged: lux = 70.0
10-18 10:10:35.878   966  2596 V ActivityManager: Broadcast sticky: Intent { act=android.intent.action.SIG_STR flg=0x20000010 (has extras) } ordered=false userid=-1 callerApp=ProcessRecord{ba51619 966:system/1000}
10-18 10:10:36.117   966   989 D AutomaticBrightnessController: calculateAmbientLux: [0, 100]: lux=73.0, weight=305000.0
10-18 10:10:36.117   966   989 D AutomaticBrightnessController: calculateAmbientLux: [-250, 0]: lux=70.0, weight=718750.0
10-18 10:10:36.117   966   989 D AutomaticBrightnessController: calculateAmbientLux: [-498, -250]: lux=72.0, weight=651248.0
10-18 10:10:36.117   966   989 D AutomaticBrightnessController: calculateAmbientLux: totalWeight=1674998.0, newAmbientLux=71.32388
10-18 10:10:36.117   966   989 D AutomaticBrightnessController: updateAmbientLux: ambientLux=71.32388, timeToBrighten=2000, timeToDarken=2000, current=83.83577
10-18 10:10:36.117   966   989 D AutomaticBrightnessController: updateAmbientLux: Scheduling ambient lux update for 100471601100471601 (in 2000 ms)
10-18 10:10:36.367   966   989 D AutomaticBrightnessController: calculateAmbientLux: [0, 100]: lux=72.0, weight=305000.0
10-18 10:10:36.367   966   989 D AutomaticBrightnessController: calculateAmbientLux: [-250, 0]: lux=73.0, weight=718750.0
10-18 10:10:36.367   966   989 D AutomaticBrightnessController: calculateAmbientLux: [-500, -250]: lux=70.0, weight=656250.0
10-18 10:10:36.367   966   989 D AutomaticBrightnessController: calculateAmbientLux: totalWeight=1680000.0, newAmbientLux=71.64658
10-18 10:10:36.367   966   989 D AutomaticBrightnessController: updateAmbientLux: ambientLux=71.64658, timeToBrighten=2000, timeToDarken=2000, current=83.83577
10-18 10:10:36.367   966   989 D AutomaticBrightnessController: updateAmbientLux: Scheduling ambient lux update for 100471851100471851 (in 2000 ms)
10-18 10:10:36.367   966   989 D AutomaticBrightnessController: onSensorChanged: lux = 72.0
10-18 10:10:36.619   966   989 D AutomaticBrightnessController: calculateAmbientLux: [0, 100]: lux=70.0, weight=305000.0
10-18 10:10:36.619   966   989 D AutomaticBrightnessController: calculateAmbientLux: [-252, 0]: lux=72.0, weight=724248.0
10-18 10:10:36.619   966   989 D AutomaticBrightnessController: calculateAmbientLux: totalWeight=1029248.0, newAmbientLux=71.40733
10-18 10:10:36.619   966   989 D AutomaticBrightnessController: updateAmbientLux: ambientLux=71.40733, timeToBrighten=2000, timeToDarken=2000, current=83.83577
10-18 10:10:36.619   966   989 D AutomaticBrightnessController: updateAmbientLux: Scheduling ambient lux update for 100472103100472103 (in 1999 ms)
10-18 10:10:36.867   966   989 D AutomaticBrightnessController: calculateAmbientLux: [0, 100]: lux=72.0, weight=305000.0
10-18 10:10:36.867   966   989 D AutomaticBrightnessController: calculateAmbientLux: [-248, 0]: lux=70.0, weight=713248.0
10-18 10:10:36.867   966   989 D AutomaticBrightnessController: calculateAmbientLux: [-500, -248]: lux=72.0, weight=661752.0
10-18 10:10:36.867   966   989 D AutomaticBrightnessController: calculateAmbientLux: totalWeight=1680000.0, newAmbientLux=71.150894
10-18 10:10:36.867   966   989 D AutomaticBrightnessController: updateAmbientLux: ambientLux=71.150894, timeToBrighten=2000, timeToDarken=2000, current=83.83577
10-18 10:10:36.867   966   989 D AutomaticBrightnessController: updateAmbientLux: Scheduling ambient lux update for 100472351100472351 (in 2000 ms)
10-18 10:10:36.867   966   989 D AutomaticBrightnessController: onSensorChanged: lux = 72.0
10-18 10:10:37.071   966  1007 D PowerManagerService: userActivityFromNative
10-18 10:10:37.071   966  1007 D PowerManagerService: userActivityNoUpdateLocked: eventTime=100470553, event=2, flags=0x0, uid=1000
10-18 10:10:37.071   966  1007 D PowerManagerNotifier: onUserActivity: event=2, uid=1000
10-18 10:10:37.072   966  1007 D PowerManagerService: updateUserActivitySummaryLocked: mWakefulness=Awake, mUserActivitySummary=0x1, nextTimeout=100763553 (in 292997 ms)
10-18 10:10:37.072   966  1007 D DisplayPowerController: requestPowerState: policy=BRIGHT, useProximitySensor=false, screenBrightness=102, screenAutoBrightnessAdjustment=0.9501953, brightnessSetByUser=true, useAutoBrightness=true, blockScreenOn=false, lowPowerMode=false, boostScreenBrightness=false, dozeScreenBrightness=-1, dozeScreenState=UNKNOWN, waitForNegativeProximity=false
10-18 10:10:37.072   966  1007 I PowerManagerService: setBrightness mButtonLight 0.
10-18 10:10:37.072   966  1007 D PowerManagerService: updateDisplayPowerStateLocked: mDisplayReady=true, policy=3, mWakefulness=1, mWakeLockSummary=0x1, mUserActivitySummary=0x1, mBootCompleted=true, mScreenBrightnessBoostInProgress=false
10-18 10:10:37.073   966   982 D SystemGestures: pointer 0 down pointerIndex=0 trackingIndex=0
10-18 10:10:37.074   966   982 D SystemGestures: pointer 0 down x=342.6827 y=894.53406
10-18 10:10:37.078   966   982 D SystemGestures: pointer 0 moved (342.6827->342.6827,894.53406->894.53406) in 8
10-18 10:10:37.086   966   982 D SystemGestures: pointer 0 moved (342.6827->342.6827,894.53406->894.53406) in 16
10-18 10:10:37.094   966   982 D SystemGestures: pointer 0 moved (342.6827->342.6827,894.53406->894.53406) in 24
10-18 10:10:37.102   966   982 D SystemGestures: pointer 0 moved (342.6827->342.6827,894.53406->894.53406) in 32
10-18 10:10:37.110   966   982 D SystemGestures: pointer 0 moved (342.6827->342.6827,894.53406->894.53406) in 40
10-18 10:10:37.118   966   982 D SystemGestures: pointer 0 moved (342.6827->342.6827,894.53406->894.53406) in 48
10-18 10:10:37.126   966   982 D SystemGestures: pointer 0 moved (342.6827->342.6827,894.53406->894.53406) in 56
10-18 10:10:37.134   966   982 D SystemGestures: pointer 0 moved (342.6827->342.6827,894.53406->894.53406) in 64
10-18 10:10:37.141   966   982 D SystemGestures: pointer 0 moved (342.6827->342.6827,894.53406->894.53406) in 71
10-18 10:10:37.231   966 15355 V WindowManager: Remove Window{83c2b71 u0 com.android.settings/com.android.settings.SubSettings} client=abe8518, surface=Surface(name=com.android.settings/com.android.settings.SubSettings) Callers=com.android.server.wm.WindowManagerService.removeWindow:2861 com.android.server.wm.Session.remove:190 android.view.IWindowSession$Stub.onTransact:242 com.android.server.wm.Session.onTransact:133 
10-18 10:10:37.232   966 15355 V WindowManager: Looking for focus: 23 = Window{a2bc86e u0 StatusBar}, flags=-2122055608, canReceive=false
10-18 10:10:37.232   966 15355 V WindowManager: findFocusedWindow: Found new focus @ 17 = Window{6b5bea6 u0 com.android.settings/com.android.settings.SubSettings}
10-18 10:10:37.233   966 15355 V WindowManager: Changing focus from Window{83c2b71 u0 com.android.settings/com.android.settings.SubSettings EXITING} to Window{6b5bea6 u0 com.android.settings/com.android.settings.SubSettings} Callers=com.android.server.wm.WindowManagerService.removeWindowLocked:2931 com.android.server.wm.WindowManagerService.removeWindow:2861 com.android.server.wm.Session.remove:190 android.view.IWindowSession$Stub.onTransact:242 
10-18 10:10:37.233   966 15355 D WindowManager: Input focus has changed to Window{6b5bea6 u0 com.android.settings/com.android.settings.SubSettings}
10-18 10:10:37.235   966   986 I WindowManager: Focus moving from Window{83c2b71 u0 com.android.settings/com.android.settings.SubSettings EXITING} to Window{6b5bea6 u0 com.android.settings/com.android.settings.SubSettings}
10-18 10:10:37.235   966   986 I WindowManager: Gaining focus: Window{6b5bea6 u0 com.android.settings/com.android.settings.SubSettings}
10-18 10:10:37.235   966   986 I WindowManager: Losing focus: Window{83c2b71 u0 com.android.settings/com.android.settings.SubSettings EXITING}
10-18 10:10:37.239   966  3486 V InputMethodManagerService: windowGainedFocus: android.os.BinderProxy@67de6e6 controlFlags=#1 softInputMode=#10 windowFlags=#81810100
10-18 10:10:37.239   966  3486 W InputMethodManagerService: Window already focused, ignoring focus gain of: com.android.internal.view.IInputMethodClient$Stub$Proxy@1411d56 attribute=null, token = android.os.BinderProxy@2244001
10-18 10:10:37.240   966 14015 D UsbDeviceManager: setCurrentFunctions(ptp)
10-18 10:10:37.240   966   983 D UsbDeviceManager: setEnabledFunctions functions=ptp, forceRestart=false
10-18 10:10:37.240   966   983 D UsbDeviceManager: applyAcmFunction - sys.usb.acm_idx=,mAcmPortIdx=
10-18 10:10:37.240   966  2757 D UsbDeviceManager: setUsbDataUnlocked(true)
10-18 10:10:37.240   966   983 D UsbDeviceManager: applyAcmFunction - functions: ptp,adb
10-18 10:10:37.240   966   983 D UsbDeviceManager: setUsbDataUnlocked: true
10-18 10:10:37.240   966   983 D UsbDeviceManager: setEnabledFunctions functions=ptp,adb, forceRestart=true
10-18 10:10:37.240   966   983 D UsbDeviceManager: applyAcmFunction - sys.usb.acm_idx=,mAcmPortIdx=
10-18 10:10:37.240   966   983 D UsbDeviceManager: applyAcmFunction - functions: ptp,adb
10-18 10:10:37.240   966   983 I UsbDeviceManager: Setting USB config to ptp,adb
10-18 10:10:37.241   966   983 D UsbDeviceManager: setUsbConfig(none)
10-18 10:10:37.367   966   989 D AutomaticBrightnessController: calculateAmbientLux: [0, 100]: lux=70.0, weight=305000.0
10-18 10:10:37.367   966   989 D AutomaticBrightnessController: calculateAmbientLux: [-500, 0]: lux=72.0, weight=1375000.0
