10-17 16:54:17.947   966   994 I ActivityManager: bindServiceLocked service:Intent { cmp=com.android.defcontainer/.DefaultContainerService }
10-17 16:54:17.949 19722 19722 D ActivityThread: SVC-Creating service: CreateServiceData{token=android.os.BinderProxy@b559f4 className=com.android.defcontainer.DefaultContainerService packageName=com.android.defcontainer intent=null}
10-17 16:54:17.951 19722 19722 D ActivityThread: SVC-CREATE_SERVICE handled : 0 / CreateServiceData{token=android.os.BinderProxy@b559f4 className=com.android.defcontainer.DefaultContainerService packageName=com.android.defcontainer intent=null}
10-17 16:54:17.951 19722 19722 V ActivityThread: handleBindService s=com.android.defcontainer.DefaultContainerService@557d51d rebind=false
10-17 16:54:17.952   966   994 I PackageManager: mcs_bound
10-17 16:54:17.952 19722 19722 D ActivityThread: SVC-BIND_SERVICE handled : 0 / BindServiceData{token=android.os.BinderProxy@b559f4 intent=Intent { cmp=com.android.defcontainer/.DefaultContainerService }}
10-17 16:54:17.952   966   994 I PackageManager: startCopy UserHandle{-1}: InstallParams{931bea5 file=/data/local/tmp/android-debug.apk cid=null}
10-17 16:54:17.959 19722 19735 D DefContainer: Copying /data/local/tmp/android-debug.apk to base.apk
10-17 16:54:17.979   966   994 I PackageManager: Apk copy done
10-17 16:54:17.980   966   994 D PackageManager: installPackageLI: path=/data/app/vmdl1972700084.tmp
10-17 16:54:17.980   966   994 I PackageManager: Start parsing apk: null
10-17 16:54:17.984   966   994 I PackageManager: Parsing done for apk: null
10-17 16:54:18.132   966   994 D PackageManager: manifestDigest was not present, but parser got: ManifestDigest {mDigest=d7,b8,22,2d,ef,65,9d,05,98,c5,a9,4c,ad,33,4c,99,6c,f4,6e,43,f9,0f,5c,fd,a0,cf,2e,da,f0,d0,c3,5b,}
10-17 16:54:18.134   966   994 D PowerManagerService: acquireWakeLockInternal: lock=143298300, flags=0x1, tag="*dexopt*", ws=WorkSource{-1}, uid=1000, pid=966
10-17 16:54:18.135   966   994 D PowerManagerService: updateWakeLockSummaryLocked: mWakefulness=Awake, mWakeLockSummary=0x1
10-17 16:54:18.135   966   994 D PowerManagerService: updateUserActivitySummaryLocked: mWakefulness=Awake, mUserActivitySummary=0x1, nextTimeout=74358775 (in 232926 ms)
10-17 16:54:18.135   966   994 D DisplayPowerController: requestPowerState: policy=BRIGHT, useProximitySensor=false, screenBrightness=102, screenAutoBrightnessAdjustment=0.20800781, brightnessSetByUser=true, useAutoBrightness=true, blockScreenOn=false, lowPowerMode=false, boostScreenBrightness=false, dozeScreenBrightness=-1, dozeScreenState=UNKNOWN, waitForNegativeProximity=false
10-17 16:54:18.135   966   994 I PowerManagerService: setBrightness mButtonLight 0.
10-17 16:54:18.135   966   994 D PowerManagerService: updateDisplayPowerStateLocked: mDisplayReady=true, policy=3, mWakefulness=1, mWakeLockSummary=0x1, mUserActivitySummary=0x1, mBootCompleted=true, mScreenBrightnessBoostInProgress=false
10-17 16:54:18.135   966   994 D PowerManagerNotifier: onWakeLockAcquired: flags=1, tag="*dexopt*", packageName=android, ownerUid=1000, ownerPid=966, workSource=WorkSource{-1}
10-17 16:54:18.329   966  1016 V ActivityManager: Broadcast sticky: Intent { act=android.net.wifi.RSSI_CHANGED flg=0x4000010 (has extras) } ordered=false userid=-1 callerApp=ProcessRecord{ba51619 966:system/1000}
10-17 16:54:18.337   966   976 D ConnectivityService: getActiveNetworkInfo networkInfo = [type: WIFI[], state: CONNECTED/CONNECTED, reason: (unspecified), extra: "CDT_GUEST", roaming: false, failover: false, isAvailable: true]
10-17 16:54:18.338   966  1079 W PackageManager: checkUidPermission(): android.permission.LOCAL_MAC_ADDRESS of 10017 is denied.
10-17 16:54:18.351   966 15355 D ConnectivityService: getActiveNetworkInfo networkInfo = [type: WIFI[], state: CONNECTED/CONNECTED, reason: (unspecified), extra: "CDT_GUEST", roaming: false, failover: false, isAvailable: true]
10-17 16:54:18.351   966  1531 D ConnectivityService: getActiveNetworkInfo networkInfo = [type: WIFI[], state: CONNECTED/CONNECTED, reason: (unspecified), extra: "CDT_GUEST", roaming: false, failover: false, isAvailable: true]
10-17 16:54:18.353   966  2757 W PackageManager: checkUidPermission(): android.permission.LOCAL_MAC_ADDRESS of 10025 is denied.
10-17 16:54:18.353   966  1920 W PackageManager: checkUidPermission(): android.permission.LOCAL_MAC_ADDRESS of 10091 is denied.
10-17 16:54:18.354   966  3486 D ConnectivityService: getActiveNetworkInfo networkInfo = [type: WIFI[], state: CONNECTED/CONNECTED, reason: (unspecified), extra: "CDT_GUEST", roaming: false, failover: false, isAvailable: true]
10-17 16:54:18.355   966  2596 W PackageManager: checkUidPermission(): android.permission.LOCAL_MAC_ADDRESS of 10025 is denied.
10-17 16:54:18.357   966  6533 D ConnectivityService: getActiveNetworkInfo networkInfo = [type: WIFI[], state: CONNECTED/CONNECTED, reason: (unspecified), extra: "CDT_GUEST", roaming: false, failover: false, isAvailable: true]
10-17 16:54:18.358   966   977 W PackageManager: checkUidPermission(): android.permission.LOCAL_MAC_ADDRESS of 10025 is denied.
10-17 16:54:18.449   966   994 D PowerManagerService: releaseWakeLockInternal: lock=143298300 [*dexopt*], flags=0x0, total_time=314ms
10-17 16:54:18.449   966   994 D PowerManagerNotifier: onWakeLockReleased: flags=1, tag="*dexopt*", packageName=android, ownerUid=1000, ownerPid=966, workSource=WorkSource{-1}
10-17 16:54:18.449   966   994 D PowerManagerService: updateWakeLockSummaryLocked: mWakefulness=Awake, mWakeLockSummary=0x1
10-17 16:54:18.449   966   994 D PowerManagerService: updateUserActivitySummaryLocked: mWakefulness=Awake, mUserActivitySummary=0x1, nextTimeout=74358775 (in 232612 ms)
10-17 16:54:18.449   966   994 D DisplayPowerController: requestPowerState: policy=BRIGHT, useProximitySensor=false, screenBrightness=102, screenAutoBrightnessAdjustment=0.20800781, brightnessSetByUser=true, useAutoBrightness=true, blockScreenOn=false, lowPowerMode=false, boostScreenBrightness=false, dozeScreenBrightness=-1, dozeScreenState=UNKNOWN, waitForNegativeProximity=false
10-17 16:54:18.449   966   994 I PowerManagerService: setBrightness mButtonLight 0.
10-17 16:54:18.449   966   994 D PowerManagerService: updateDisplayPowerStateLocked: mDisplayReady=true, policy=3, mWakefulness=1, mWakeLockSummary=0x1, mUserActivitySummary=0x1, mBootCompleted=true, mScreenBrightnessBoostInProgress=false
10-17 16:54:18.450   966   994 D PackageManager: Renaming /data/app/vmdl1972700084.tmp to /data/app/com.ionicframework.ecdtmobile235842-1
10-17 16:54:18.451   966   994 I PackageManager: Start installation for package: null
10-17 16:54:18.451   966   994 D PackageManager: installNewPackageLI: Package{2d03259 com.ionicframework.ecdtmobile235842}
10-17 16:54:18.458   966   994 I PackageManager: Linking native library dir for /data/app/com.ionicframework.ecdtmobile235842-1
10-17 16:54:18.559   966   994 D PackageManager: New package installed in /data/app/com.ionicframework.ecdtmobile235842-1
10-17 16:54:18.560   966   994 W PackageManager: Unknown permission com.sec.android.provider.badge.permission.READ in package com.ionicframework.ecdtmobile235842
10-17 16:54:18.560   966   994 W PackageManager: Unknown permission com.sec.android.provider.badge.permission.WRITE in package com.ionicframework.ecdtmobile235842
10-17 16:54:18.560   966   994 W PackageManager: Unknown permission com.htc.launcher.permission.READ_SETTINGS in package com.ionicframework.ecdtmobile235842
10-17 16:54:18.560   966   994 W PackageManager: Unknown permission com.htc.launcher.permission.UPDATE_SHORTCUT in package com.ionicframework.ecdtmobile235842
10-17 16:54:18.560   966   994 W PackageManager: Unknown permission com.sonyericsson.home.permission.BROADCAST_BADGE in package com.ionicframework.ecdtmobile235842
10-17 16:54:18.560   966   994 W PackageManager: Unknown permission com.sonymobile.home.permission.PROVIDER_INSERT_BADGE in package com.ionicframework.ecdtmobile235842
10-17 16:54:18.560   966   994 W PackageManager: Unknown permission com.anddoes.launcher.permission.UPDATE_COUNT in package com.ionicframework.ecdtmobile235842
10-17 16:54:18.560   966   994 W PackageManager: Unknown permission com.majeur.launcher.permission.UPDATE_BADGE in package com.ionicframework.ecdtmobile235842
10-17 16:54:18.560   966   994 W PackageManager: Unknown permission com.huawei.android.launcher.permission.CHANGE_BADGE in package com.ionicframework.ecdtmobile235842
10-17 16:54:18.560   966   994 W PackageManager: Unknown permission com.huawei.android.launcher.permission.READ_SETTINGS in package com.ionicframework.ecdtmobile235842
10-17 16:54:18.561   966   994 W PackageManager: Unknown permission com.huawei.android.launcher.permission.WRITE_SETTINGS in package com.ionicframework.ecdtmobile235842
10-17 16:54:18.659   966   994 I PackageManager: Installation done for package: null
10-17 16:54:18.660   966   994 V BackupManagerService: restoreAtInstall pkg=com.ionicframework.ecdtmobile235842 token=6 restoreSet=0
10-17 16:54:18.660   966   994 V BackupManagerService: Finishing install immediately
10-17 16:54:18.660   966   994 V PackageManager: BM finishing package install for 6
10-17 16:54:18.778   966   994 V ActivityManager: Broadcast: Intent { act=android.intent.action.PACKAGE_ADDED dat=package:com.ionicframework.ecdtmobile235842 flg=0x4000010 (has extras) } ordered=false userid=0 callerApp=null
10-17 16:54:18.797   966  1014 V NetworkPolicy: ACTION_PACKAGE_ADDED for uid=10109
10-17 16:54:18.825   966  1003 V ActivityManager: Broadcast: Intent { act=mom.action.PACKAGE_CHANGE flg=0x10 (has extras) } ordered=false userid=0 callerApp=ProcessRecord{ba51619 966:system/1000}
10-17 16:54:18.826 22889 22889 D ActivityThread: BDC-Calling onReceive: intent=Intent { act=android.intent.action.PACKAGE_ADDED dat=package:com.ionicframework.ecdtmobile235842 flg=0x4000010 cmp=com.endomondo.android/.common.app.PackageInstallReceiver (has extras) }, receiver=com.endomondo.android.common.app.PackageInstallReceiver@ea34b6f
10-17 16:54:18.832 22889 22889 D ActivityThread: BDC-RECEIVER handled : 0 / ReceiverData{intent=Intent { act=android.intent.action.PACKAGE_ADDED dat=package:com.ionicframework.ecdtmobile235842 flg=0x4000010 cmp=com.endomondo.android/.common.app.PackageInstallReceiver (has extras) } packageName=com.endomondo.android resultCode=0 resultData=null resultExtras=null}
10-17 16:54:18.837  4825  4825 D ActivityThread: BDC-Calling onReceive: intent=Intent { act=android.intent.action.PACKAGE_ADDED dat=package:com.ionicframework.ecdtmobile235842 flg=0x4000010 cmp=com.android.providers.contacts/.PackageIntentReceiver (has extras) }, receiver=com.android.providers.contacts.PackageIntentReceiver@a296b87
10-17 16:54:18.837  4825  4825 D ActivityThread: BDC-RECEIVER handled : 0 / ReceiverData{intent=Intent { act=android.intent.action.PACKAGE_ADDED dat=package:com.ionicframework.ecdtmobile235842 flg=0x4000010 cmp=com.android.providers.contacts/.PackageIntentReceiver (has extras) } packageName=com.android.providers.contacts resultCode=0 resultData=null resultExtras=null}
10-17 16:54:18.843   966   966 I NotificationService: action=android.intent.action.PACKAGE_ADDED queryReplace=false
10-17 16:54:18.866 22946 22946 D ActivityThread: BDC-Calling onReceive: intent=Intent { act=android.intent.action.PACKAGE_ADDED dat=package:com.ionicframework.ecdtmobile235842 flg=0x4000010 cmp=com.google.android.partnersetup/.RlzPingBroadcastReceiver (has extras) }, receiver=com.google.android.partnersetup.RlzPingBroadcastReceiver@abe6df
10-17 16:54:18.868   966  3487 I ActivityManager: startServiceLocked service:Intent { act=android.intent.action.PACKAGE_ADDED dat=package:com.ionicframework.ecdtmobile235842 flg=0x4000010 cmp=com.google.android.partnersetup/.RlzPingIntentService (has extras) }
10-17 16:54:18.870 22946 22946 D ActivityThread: BDC-RECEIVER handled : 0 / ReceiverData{intent=Intent { act=android.intent.action.PACKAGE_ADDED dat=package:com.ionicframework.ecdtmobile235842 flg=0x4000010 cmp=com.google.android.partnersetup/.RlzPingBroadcastReceiver (has extras) } packageName=com.google.android.partnersetup resultCode=0 resultData=null resultExtras=null}
10-17 16:54:18.870 22946 22946 D ActivityThread: SVC-Creating service: CreateServiceData{token=android.os.BinderProxy@9036f2c className=com.google.android.partnersetup.RlzPingIntentService packageName=com.google.android.partnersetup intent=null}
10-17 16:54:18.872 22946 22946 D ActivityThread: SVC-CREATE_SERVICE handled : 0 / CreateServiceData{token=android.os.BinderProxy@9036f2c className=com.google.android.partnersetup.RlzPingIntentService packageName=com.google.android.partnersetup intent=null}
10-17 16:54:18.872 22946 22946 D ActivityThread: SVC-Calling onStartCommand: com.google.android.partnersetup.RlzPingIntentService@a5dedf5, flags=0, startId=1
10-17 16:54:18.872 22946 22946 D ActivityThread: SVC-SERVICE_ARGS handled : 0 / ServiceArgsData{token=android.os.BinderProxy@9036f2c startId=1 args=Intent { act=android.intent.action.PACKAGE_ADDED dat=package:com.ionicframework.ecdtmobile235842 flg=0x4000010 cmp=com.google.android.partnersetup/.RlzPingIntentService (has extras) }}
10-17 16:54:18.873 22946 22946 D ActivityThread: BDC-Calling onReceive: intent=Intent { act=android.intent.action.PACKAGE_ADDED dat=package:com.ionicframework.ecdtmobile235842 flg=0x4000010 cmp=com.google.android.partnersetup/.AppInstalledReceiver (has extras) }, receiver=com.google.android.partnersetup.AppInstalledReceiver@8fd278a
10-17 16:54:18.873   966  1920 I ActivityManager: startServiceLocked service:Intent { dat=package:com.ionicframework.ecdtmobile235842 cmp=com.google.android.partnersetup/.AppInstalledService }
10-17 16:54:18.876 22946 22946 D ActivityThread: BDC-RECEIVER handled : 0 / ReceiverData{intent=Intent { act=android.intent.action.PACKAGE_ADDED dat=package:com.ionicframework.ecdtmobile235842 flg=0x4000010 cmp=com.google.android.partnersetup/.AppInstalledReceiver (has extras) } packageName=com.google.android.partnersetup resultCode=0 resultData=null resultExtras=null}
10-17 16:54:18.876 22946 22946 D ActivityThread: SVC-Creating service: CreateServiceData{token=android.os.BinderProxy@49211fb className=com.google.android.partnersetup.AppInstalledService packageName=com.google.android.partnersetup intent=null}
10-17 16:54:18.877 22946 22946 D ActivityThread: SVC-CREATE_SERVICE handled : 0 / CreateServiceData{token=android.os.BinderProxy@49211fb className=com.google.android.partnersetup.AppInstalledService packageName=com.google.android.partnersetup intent=null}
10-17 16:54:18.877 22946 22946 D ActivityThread: SVC-Calling onStartCommand: com.google.android.partnersetup.AppInstalledService@6ce5218, flags=0, startId=1
10-17 16:54:18.878 22946 22946 D ActivityThread: SVC-SERVICE_ARGS handled : 0 / ServiceArgsData{token=android.os.BinderProxy@49211fb startId=1 args=Intent { dat=package:com.ionicframework.ecdtmobile235842 cmp=com.google.android.partnersetup/.AppInstalledService }}
10-17 16:54:18.878 22946 22946 D ActivityThread: SVC-Destroying service: com.google.android.partnersetup.RlzPingIntentService@a5dedf5
10-17 16:54:18.878 22946 22946 D ActivityThread: SVC-STOP_SERVICE handled : 0 / android.os.BinderProxy@9036f2c
10-17 16:54:18.879 22946 22946 D ActivityThread: SVC-Destroying service: com.google.android.partnersetup.AppInstalledService@6ce5218
10-17 16:54:18.879 22946 22946 D ActivityThread: SVC-STOP_SERVICE handled : 0 / android.os.BinderProxy@49211fb
10-17 16:54:18.887  1540  1540 D ActivityThread: BDC-Calling onReceive: intent=Intent { act=android.intent.action.PACKAGE_ADDED dat=package:com.ionicframework.ecdtmobile235842 flg=0x4000010 cmp=com.android.phone/.vvm.omtp.VvmPackageInstallReceiver (has extras) }, receiver=com.android.phone.vvm.omtp.VvmPackageInstallReceiver@645cf40
10-17 16:54:18.888  1540  1540 D ActivityThread: BDC-RECEIVER handled : 0 / ReceiverData{intent=Intent { act=android.intent.action.PACKAGE_ADDED dat=package:com.ionicframework.ecdtmobile235842 flg=0x4000010 cmp=com.android.phone/.vvm.omtp.VvmPackageInstallReceiver (has extras) } packageName=com.android.phone resultCode=0 resultData=null resultExtras=null}
10-17 16:54:18.892 18189 18189 D ActivityThread: BDC-Calling onReceive: intent=Intent { act=android.intent.action.PACKAGE_ADDED dat=package:com.ionicframework.ecdtmobile235842 flg=0x4000010 cmp=com.adups.fota/com.adups.port.receiver.AppInstallReceiver (has extras) }, receiver=com.adups.port.receiver.AppInstallReceiver@8622a9a
10-17 16:54:18.892 18189 18189 D ActivityThread: BDC-RECEIVER handled : 0 / ReceiverData{intent=Intent { act=android.intent.action.PACKAGE_ADDED dat=package:com.ionicframework.ecdtmobile235842 flg=0x4000010 cmp=com.adups.fota/com.adups.port.receiver.AppInstallReceiver (has extras) } packageName=com.adups.fota resultCode=0 resultData=null resultExtras=null}
10-17 16:54:18.896 18189 18189 D ActivityThread: BDC-Calling onReceive: intent=Intent { act=android.intent.action.PACKAGE_ADDED dat=package:com.ionicframework.ecdtmobile235842 flg=0x4000010 cmp=com.adups.fota/com.msg.provider.StatisticsReceiver (has extras) }, receiver=com.msg.provider.StatisticsReceiver@7e33fcb
10-17 16:54:18.898 18189 18189 D ActivityThread: BDC-RECEIVER handled : 0 / ReceiverData{intent=Intent { act=android.intent.action.PACKAGE_ADDED dat=package:com.ionicframework.ecdtmobile235842 flg=0x4000010 cmp=com.adups.fota/com.msg.provider.StatisticsReceiver (has extras) } packageName=com.adups.fota resultCode=0 resultData=null resultExtras=null}
10-17 16:54:18.901 22778 22778 D ActivityThread: BDC-Calling onReceive: intent=Intent { act=android.intent.action.PACKAGE_ADDED dat=package:com.ionicframework.ecdtmobile235842 flg=0x4000010 cmp=com.adups.fota.sysoper/.TaskReceiver (has extras) }, receiver=com.adups.fota.sysoper.TaskReceiver@8d17583
10-17 16:54:18.924   966   980 V ActivityManager: Broadcast: Intent { act=android.search.action.SEARCHABLES_CHANGED flg=0x24000010 } ordered=false userid=0 callerApp=ProcessRecord{ba51619 966:system/1000}
10-17 16:54:18.950   966   994 I PackageManager: mcs_check
10-17 16:54:18.950   966   994 I PackageManager: mcs_check(true, 1)
10-17 16:54:18.969 22791 22791 D ActivityThread: BDC-Calling onReceive: intent=Intent { act=android.intent.action.PACKAGE_ADDED dat=package:com.ionicframework.ecdtmobile235842 flg=0x4000010 cmp=com.android.gallery3d/.app.PackagesMonitor (has extras) }, receiver=com.android.gallery3d.app.PackagesMonitor@df14c30
10-17 16:54:18.970 22778 22778 D ActivityThread: BDC-RECEIVER handled : 0 / ReceiverData{intent=Intent { act=android.intent.action.PACKAGE_ADDED dat=package:com.ionicframework.ecdtmobile235842 flg=0x4000010 cmp=com.adups.fota.sysoper/.TaskReceiver (has extras) } packageName=com.adups.fota.sysoper resultCode=0 resultData=null resultExtras=null}
10-17 16:54:18.973   966   989 D AutomaticBrightnessController: calculateAmbientLux: [-3000, 100]: lux=0.0, weight=4805000.0
10-17 16:54:18.974   966   989 D AutomaticBrightnessController: calculateAmbientLux: totalWeight=4805000.0, newAmbientLux=0.0
10-17 16:54:18.974   966   989 D AutomaticBrightnessController: updateAmbientLux: ambientLux=0.0, timeToBrighten=2000, timeToDarken=2000, current=0.0
10-17 16:54:18.974   966   989 D AutomaticBrightnessController: updateAmbientLux: Scheduling ambient lux update for 7412868874128688 (in 2000 ms)
10-17 16:54:18.975   966   977 I ActivityManager: startServiceLocked service:Intent { act=android.intent.action.PACKAGE_ADDED dat=package:com.ionicframework.ecdtmobile235842 flg=0x4000010 cmp=com.android.gallery3d/.app.PackagesMonitor$AsyncService (has extras) }
10-17 16:54:18.977 22791 22791 D ActivityThread: BDC-RECEIVER handled : 0 / ReceiverData{intent=Intent { act=android.intent.action.PACKAGE_ADDED dat=package:com.ionicframework.ecdtmobile235842 flg=0x4000010 cmp=com.android.gallery3d/.app.PackagesMonitor$AsyncService (has extras) } packageName=com.android.gallery3d resultCode=0 resultData=null resultExtras=null}
10-17 16:54:18.978 22791 22791 D ActivityThread: SVC-Creating service: CreateServiceData{token=android.os.BinderProxy@21440a9 className=com.android.gallery3d.app.PackagesMonitor$AsyncService packageName=com.android.gallery3d intent=null}
10-17 16:54:18.980 22817 22817 D ActivityThread: BDC-Calling onReceive: intent=Intent { act=android.intent.action.PACKAGE_ADDED dat=package:com.ionicframework.ecdtmobile235842 flg=0x4000010 cmp=com.android.vending/com.google.android.finsky.receivers.PackageMonitorReceiver$RegisteredReceiver (has extras) }, receiver=com.google.android.finsky.receivers.PackageMonitorReceiver$RegisteredReceiver@f9dfc29
10-17 16:54:18.981 22791 22791 D ActivityThread: SVC-CREATE_SERVICE handled : 0 / CreateServiceData{token=android.os.BinderProxy@21440a9 className=com.android.gallery3d.app.PackagesMonitor$AsyncService packageName=com.android.gallery3d intent=null}
10-17 16:54:18.981 22791 22791 D ActivityThread: SVC-Calling onStartCommand: com.android.gallery3d.app.PackagesMonitor$AsyncService@a09362e, flags=0, startId=1
10-17 16:54:18.981 22791 22791 D ActivityThread: SVC-SERVICE_ARGS handled : 0 / ServiceArgsData{token=android.os.BinderProxy@21440a9 startId=1 args=Intent { act=android.intent.action.PACKAGE_ADDED dat=package:com.ionicframework.ecdtmobile235842 flg=0x4000010 cmp=com.android.gallery3d/.app.PackagesMonitor$AsyncService (has extras) }}
10-17 16:54:18.983   966  2757 I ActivityManager: startServiceLocked service:Intent { dat=wearsupportservice://send_installed_apps cmp=com.android.vending/com.google.android.finsky.wear.WearSupportService (has extras) }
10-17 16:54:18.987   966 15355 V AlarmManager: APP set(PendingIntent{307d5e1: PendingIntentRecord{a86cf06 com.android.vending startService}}) : type=0 triggerAtTime=1476716073987 win=-1 tElapsed=92748949 maxElapsed=92760199 interval=0 flags=0x0
10-17 16:54:18.988   966 15355 D AlarmManager:  whichBatch = -1
10-17 16:54:18.990   966   976 I ActivityManager: startServiceLocked service:Intent { cmp=com.android.vending/com.google.android.finsky.utils.PermissionPolicies$PermissionPolicyService (has extras) }
10-17 16:54:18.992   966  3486 I ActivityManager: startServiceLocked service:Intent { dat=externalreferrerservice://sendreferrer/com.ionicframework.ecdtmobile235842 cmp=com.android.vending/com.google.android.finsky.utils.ExternalReferrer$ExternalReferrerService (has extras) }
10-17 16:54:18.994 22817 22817 D ActivityThread: BDC-RECEIVER handled : 0 / ReceiverData{intent=Intent { act=android.intent.action.PACKAGE_ADDED dat=package:com.ionicframework.ecdtmobile235842 flg=0x4000010 cmp=com.android.vending/com.google.android.finsky.receivers.PackageMonitorReceiver$RegisteredReceiver (has extras) } packageName=com.android.vending resultCode=0 resultData=null resultExtras=null}
10-17 16:54:18.995 22817 22817 D ActivityThread: SVC-Creating service: CreateServiceData{token=android.os.BinderProxy@9cf0bae className=com.google.android.finsky.wear.WearSupportService packageName=com.android.vending intent=null}
10-17 16:54:18.997  1759  1759 D ActivityThread: BDC-Calling onReceive: intent=Intent { act=android.intent.action.PACKAGE_ADDED dat=package:com.ionicframework.ecdtmobile235842 flg=0x4000010 cmp=com.google.android.googlequicksearchbox/com.google.android.apps.gsa.search.core.icingsync.IcingCorporaChangedReceiver (has extras) }, receiver=com.google.android.apps.gsa.search.core.icingsync.IcingCorporaChangedReceiver@2d9335b
10-17 16:54:19.000 22817 22817 D ActivityThread: SVC-CREATE_SERVICE handled : 0 / CreateServiceData{token=android.os.BinderProxy@9cf0bae className=com.google.android.finsky.wear.WearSupportService packageName=com.android.vending intent=null}
10-17 16:54:19.000 22817 22817 D ActivityThread: SVC-Calling onStartCommand: com.google.android.finsky.wear.WearSupportService@94b2d4f, flags=0, startId=1
10-17 16:54:19.000   966  1078 W PackageManager: checkUidPermission(): android.permission.GET_ACCOUNTS of 10018 is denied.
10-17 16:54:19.002 22817 22817 D ActivityThread: SVC-SERVICE_ARGS handled : 0 / ServiceArgsData{token=android.os.BinderProxy@9cf0bae startId=1 args=Intent { dat=wearsupportservice://send_installed_apps cmp=com.android.vending/com.google.android.finsky.wear.WearSupportService (has extras) }}
10-17 16:54:19.002 22817 22817 D ActivityThread: SVC-Creating service: CreateServiceData{token=android.os.BinderProxy@e0434ba className=com.google.android.finsky.utils.PermissionPolicies$PermissionPolicyService packageName=com.android.vending intent=null}
10-17 16:54:19.003 22791 22791 D ActivityThread: SVC-Destroying service: com.android.gallery3d.app.PackagesMonitor$AsyncService@a09362e
10-17 16:54:19.004 22817 22817 D ActivityThread: SVC-CREATE_SERVICE handled : 0 / CreateServiceData{token=android.os.BinderProxy@e0434ba className=com.google.android.finsky.utils.PermissionPolicies$PermissionPolicyService packageName=com.android.vending intent=null}
10-17 16:54:19.004 22817 22817 D ActivityThread: SVC-Calling onStartCommand: com.google.android.finsky.utils.PermissionPolicies$PermissionPolicyService@1b74f6b, flags=0, startId=1
10-17 16:54:19.005   966   977 I ActivityManager: startServiceLocked service:Intent { act=ACTION_INCREMENTAL_APP_LOGGING cmp=com.google.android.googlequicksearchbox/com.google.android.apps.gsa.search.core.icingsync.UpdateIcingCorporaService (has extras) }
10-17 16:54:19.008 22791 22791 D ActivityThread: SVC-STOP_SERVICE handled : 0 / android.os.BinderProxy@21440a9
10-17 16:54:19.010   966  1920 I ActivityManager: bindServiceLocked service:Intent { act=com.google.android.gms.wearable.BIND pkg=com.google.android.gms }
10-17 16:54:19.014  1944  1944 D ActivityThread: SVC-Creating service: CreateServiceData{token=android.os.BinderProxy@16009fa className=com.google.android.gms.wearable.service.WearableService packageName=com.google.android.gms intent=null}
10-17 16:54:19.015   966  3486 I ActivityManager: startServiceLocked service:Intent { act=ACTION_UPDATE cmp=com.google.android.googlequicksearchbox/com.google.android.apps.gsa.search.core.icingsync.UpdateIcingCorporaService (has extras) }
10-17 16:54:19.018  1759  1759 D ActivityThread: BDC-RECEIVER handled : 0 / ReceiverData{intent=Intent { act=android.intent.action.PACKAGE_ADDED dat=package:com.ionicframework.ecdtmobile235842 flg=0x4000010 cmp=com.google.android.googlequicksearchbox/com.google.android.apps.gsa.search.core.icingsync.IcingCorporaChangedReceiver (has extras) } packageName=com.google.android.googlequicksearchbox resultCode=0 resultData=null resultExtras=null}
10-17 16:54:19.018  1759  1759 D ActivityThread: SVC-Creating service: CreateServiceData{token=android.os.BinderProxy@782c7f8 className=com.google.android.apps.gsa.search.core.icingsync.UpdateIcingCorporaService packageName=com.google.android.googlequicksearchbox intent=null}
10-17 16:54:19.019  1944  1944 D ActivityThread: SVC-CREATE_SERVICE handled : 0 / CreateServiceData{token=android.os.BinderProxy@16009fa className=com.google.android.gms.wearable.service.WearableService packageName=com.google.android.gms intent=null}
10-17 16:54:19.019  1944  1944 V ActivityThread: handleBindService s=com.google.android.gms.wearable.service.WearableService@a4a9bab rebind=false
10-17 16:54:19.020 22817 22817 D ActivityThread: SVC-SERVICE_ARGS handled : 0 / ServiceArgsData{token=android.os.BinderProxy@e0434ba startId=1 args=Intent { cmp=com.android.vending/com.google.android.finsky.utils.PermissionPolicies$PermissionPolicyService (has extras) }}
10-17 16:54:19.021  1944  1944 D ActivityThread: SVC-BIND_SERVICE handled : 0 / BindServiceData{token=android.os.BinderProxy@16009fa intent=Intent { act=com.google.android.gms.wearable.BIND pkg=com.google.android.gms }}
10-17 16:54:19.021  1759  1759 D ActivityThread: SVC-CREATE_SERVICE handled : 0 / CreateServiceData{token=android.os.BinderProxy@782c7f8 className=com.google.android.apps.gsa.search.core.icingsync.UpdateIcingCorporaService packageName=com.google.android.googlequicksearchbox intent=null}
10-17 16:54:19.021  1759  1759 D ActivityThread: SVC-Calling onStartCommand: com.google.android.apps.gsa.search.core.icingsync.UpdateIcingCorporaService@d6ce4d1, flags=0, startId=1
10-17 16:54:19.021 22817 22817 D ActivityThread: SVC-Creating service: CreateServiceData{token=android.os.BinderProxy@330e286 className=com.google.android.finsky.utils.ExternalReferrer$ExternalReferrerService packageName=com.android.vending intent=null}
10-17 16:54:19.021  1759  1759 D ActivityThread: SVC-SERVICE_ARGS handled : 0 / ServiceArgsData{token=android.os.BinderProxy@782c7f8 startId=1 args=Intent { act=ACTION_INCREMENTAL_APP_LOGGING cmp=com.google.android.googlequicksearchbox/com.google.android.apps.gsa.search.core.icingsync.UpdateIcingCorporaService (has extras) }}
10-17 16:54:19.021 22817 22817 D ActivityThread: SVC-CREATE_SERVICE handled : 0 / CreateServiceData{token=android.os.BinderProxy@330e286 className=com.google.android.finsky.utils.ExternalReferrer$ExternalReferrerService packageName=com.android.vending intent=null}
10-17 16:54:19.021 22817 22817 D ActivityThread: SVC-Calling onStartCommand: com.google.android.finsky.utils.ExternalReferrer$ExternalReferrerService@a797747, flags=0, startId=1
10-17 16:54:19.021  1759  1759 D ActivityThread: SVC-Calling onStartCommand: com.google.android.apps.gsa.search.core.icingsync.UpdateIcingCorporaService@d6ce4d1, flags=0, startId=2
10-17 16:54:19.022   966 14015 W PackageManager: checkUidPermission(): android.permission.GET_ACCOUNTS of 10018 is denied.
10-17 16:54:19.022  1759  1759 D ActivityThread: SVC-SERVICE_ARGS handled : 0 / ServiceArgsData{token=android.os.BinderProxy@782c7f8 startId=2 args=Intent { act=ACTION_UPDATE cmp=com.google.android.googlequicksearchbox/com.google.android.apps.gsa.search.core.icingsync.UpdateIcingCorporaService (has extras) }}
10-17 16:54:19.023  1759  1759 D ActivityThread: BDC-Calling onReceive: intent=Intent { act=android.intent.action.PACKAGE_ADDED dat=package:com.ionicframework.ecdtmobile235842 flg=0x4000010 cmp=com.google.android.googlequicksearchbox/com.google.android.apps.gsa.googlequicksearchbox.GelStubAppWatcher (has extras) }, receiver=com.google.android.apps.gsa.googlequicksearchbox.GelStubAppWatcher@fbb4b36
10-17 16:54:19.023 22817 22817 D ActivityThread: SVC-SERVICE_ARGS handled : 0 / ServiceArgsData{token=android.os.BinderProxy@330e286 startId=1 args=Intent { dat=externalreferrerservice://sendreferrer/com.ionicframework.ecdtmobile235842 cmp=com.android.vending/com.google.android.finsky.utils.ExternalReferrer$ExternalReferrerService (has extras) }}
10-17 16:54:19.023 22817 22817 D ActivityThread: SVC-Destroying service: com.google.android.finsky.utils.PermissionPolicies$PermissionPolicyService@1b74f6b
10-17 16:54:19.023 22817 22817 D ActivityThread: SVC-STOP_SERVICE handled : 0 / android.os.BinderProxy@e0434ba
10-17 16:54:19.026  1944  1944 D ActivityThread: BDC-Calling onReceive: intent=Intent { act=android.intent.action.PACKAGE_ADDED dat=package:com.ionicframework.ecdtmobile235842 flg=0x4000010 cmp=com.google.android.gms/.chimera.GmsIntentOperationService$PersistentTrustedReceiver (has extras) }, receiver=com.google.android.gms.chimera.GmsIntentOperationService$PersistentTrustedReceiver@e749208
10-17 16:54:19.026  1759  1759 D ActivityThread: BDC-RECEIVER handled : 0 / ReceiverData{intent=Intent { act=android.intent.action.PACKAGE_ADDED dat=package:com.ionicframework.ecdtmobile235842 flg=0x4000010 cmp=com.google.android.googlequicksearchbox/com.google.android.apps.gsa.googlequicksearchbox.GelStubAppWatcher (has extras) } packageName=com.google.android.googlequicksearchbox resultCode=0 resultData=null resultExtras=null}
10-17 16:54:19.028 22817 22817 D ActivityThread: SVC-Destroying service: com.google.android.finsky.utils.ExternalReferrer$ExternalReferrerService@a797747
10-17 16:54:19.029   966  1079 I ActivityManager: startServiceLocked service:Intent { act=android.intent.action.PACKAGE_ADDED dat=package:com.ionicframework.ecdtmobile235842 flg=0x4000010 cmp=com.google.android.gms/.chimera.GmsIntentOperationService (has extras) }
10-17 16:54:19.032 22817 22817 D ActivityThread: SVC-STOP_SERVICE handled : 0 / android.os.BinderProxy@330e286
10-17 16:54:19.032  1994  1994 D ActivityThread: SVC-Creating service: CreateServiceData{token=android.os.BinderProxy@f2225c1 className=com.google.android.gms.chimera.GmsIntentOperationService packageName=com.google.android.gms intent=null}
10-17 16:54:19.035  1994  1994 D ActivityThread: SVC-CREATE_SERVICE handled : 0 / CreateServiceData{token=android.os.BinderProxy@f2225c1 className=com.google.android.gms.chimera.GmsIntentOperationService packageName=com.google.android.gms intent=null}
10-17 16:54:19.035  1994  1994 D ActivityThread: SVC-Calling onStartCommand: com.google.android.gms.chimera.GmsIntentOperationService@d511166, flags=0, startId=1
10-17 16:54:19.035  1994  1994 D ActivityThread: SVC-SERVICE_ARGS handled : 0 / ServiceArgsData{token=android.os.BinderProxy@f2225c1 startId=1 args=Intent { act=android.intent.action.PACKAGE_ADDED dat=package:com.ionicframework.ecdtmobile235842 flg=0x4000010 cmp=com.google.android.gms/.chimera.GmsIntentOperationService (has extras) }}
10-17 16:54:19.037   966 14015 I ActivityManager: startServiceLocked service:Intent { act=android.intent.action.PACKAGE_ADDED dat=package:com.ionicframework.ecdtmobile235842 flg=0x4000010 cmp=com.google.android.gms/.chimera.PersistentIntentOperationService (has extras) }
10-17 16:54:19.039  1944  1944 D ActivityThread: BDC-RECEIVER handled : 0 / ReceiverData{intent=Intent { act=android.intent.action.PACKAGE_ADDED dat=package:com.ionicframework.ecdtmobile235842 flg=0x4000010 cmp=com.google.android.gms/.chimera.GmsIntentOperationService$PersistentTrustedReceiver (has extras) } packageName=com.google.android.gms resultCode=0 resultData=null resultExtras=null}
10-17 16:54:19.039  1944  1944 D ActivityThread: SVC-Creating service: CreateServiceData{token=android.os.BinderProxy@650cda1 className=com.google.android.gms.chimera.PersistentIntentOperationService packageName=com.google.android.gms intent=null}
10-17 16:54:19.042  1994  1994 D ActivityThread: BDC-Calling onReceive: intent=Intent { act=android.intent.action.PACKAGE_ADDED dat=package:com.ionicframework.ecdtmobile235842 flg=0x4000010 cmp=com.google.android.gms/.gass.chimera.PackageChangeBroadcastReceiver (has extras) }, receiver=com.google.android.gms.gass.chimera.PackageChangeBroadcastReceiver@8ea5cfd
10-17 16:54:19.045  1944  1944 D ActivityThread: SVC-CREATE_SERVICE handled : 0 / CreateServiceData{token=android.os.BinderProxy@650cda1 className=com.google.android.gms.chimera.PersistentIntentOperationService packageName=com.google.android.gms intent=null}
10-17 16:54:19.045  1944  1944 D ActivityThread: SVC-Calling onStartCommand: com.google.android.gms.chimera.PersistentIntentOperationService@a94cbc6, flags=0, startId=1
10-17 16:54:19.045  1944  1944 D ActivityThread: SVC-SERVICE_ARGS handled : 0 / ServiceArgsData{token=android.os.BinderProxy@650cda1 startId=1 args=Intent { act=android.intent.action.PACKAGE_ADDED dat=package:com.ionicframework.ecdtmobile235842 flg=0x4000010 cmp=com.google.android.gms/.chimera.PersistentIntentOperationService (has extras) }}
10-17 16:54:19.050   966  2762 I ActivityManager: startServiceLocked service:Intent { act=com.google.android.gms.gass.ACTION_EXECUTE_TASK pkg=com.google.android.gms }
10-17 16:54:19.053  1994  1994 D ActivityThread: BDC-RECEIVER handled : 0 / ReceiverData{intent=Intent { act=android.intent.action.PACKAGE_ADDED dat=package:com.ionicframework.ecdtmobile235842 flg=0x4000010 cmp=com.google.android.gms/.gass.chimera.PackageChangeBroadcastReceiver (has extras) } packageName=com.google.android.gms resultCode=0 resultData=null resultExtras=null}
10-17 16:54:19.054  1994  1994 D ActivityThread: SVC-Creating service: CreateServiceData{token=android.os.BinderProxy@1c6e73e className=com.google.android.gms.gass.chimera.AsyncTaskService packageName=com.google.android.gms intent=null}
10-17 16:54:19.057  1994  1994 D ActivityThread: SVC-CREATE_SERVICE handled : 0 / CreateServiceData{token=android.os.BinderProxy@1c6e73e className=com.google.android.gms.gass.chimera.AsyncTaskService packageName=com.google.android.gms intent=null}
10-17 16:54:19.057  1994  1994 D ActivityThread: SVC-Calling onStartCommand: com.google.android.gms.gass.chimera.AsyncTaskService@6c83aec, flags=0, startId=1
10-17 16:54:19.058  1994  1994 D ActivityThread: SVC-SERVICE_ARGS handled : 0 / ServiceArgsData{token=android.os.BinderProxy@1c6e73e startId=1 args=Intent { act=com.google.android.gms.gass.ACTION_EXECUTE_TASK pkg=com.google.android.gms }}
10-17 16:54:19.061  1944  1944 D ActivityThread: BDC-Calling onReceive: intent=Intent { act=android.intent.action.PACKAGE_ADDED dat=package:com.ionicframework.ecdtmobile235842 flg=0x4000010 cmp=com.google.android.gms/.gcm.GcmPackageTracker$GcmPackageChangeReceiver (has extras) }, receiver=com.google.android.gms.gcm.GcmPackageTracker$GcmPackageChangeReceiver@601de52
10-17 16:54:19.064   966 15355 V ActivityManager: Broadcast: Intent { act=com.google.android.gms.actions.HANDLE_PACKAGE_INSTALLED dat=package:com.ionicframework.ecdtmobile235842 flg=0x10 pkg=com.google.android.gms (has extras) } ordered=false userid=0 callerApp=ProcessRecord{303b1a6 1994:com.google.android.gms/u0a11}
10-17 16:54:19.068  1944  1944 D ActivityThread: BDC-RECEIVER handled : 0 / ReceiverData{intent=Intent { act=android.intent.action.PACKAGE_ADDED dat=package:com.ionicframework.ecdtmobile235842 flg=0x4000010 cmp=com.google.android.gms/.gcm.GcmPackageTracker$GcmPackageChangeReceiver (has extras) } packageName=com.google.android.gms resultCode=0 resultData=null resultExtras=null}
10-17 16:54:19.078  1994  1994 D ActivityThread: BDC-Calling onReceive: intent=Intent { act=android.intent.action.PACKAGE_ADDED dat=package:com.ionicframework.ecdtmobile235842 flg=0x4000010 cmp=com.google.android.gms/.games.chimera.GamesSystemBroadcastReceiverProxy (has extras) }, receiver=com.google.android.gms.games.chimera.GamesSystemBroadcastReceiverProxy@87419d8
10-17 16:54:19.079   966 14015 I ActivityManager: bindServiceLocked service:Intent { act=com.google.android.gms.common.BIND_SHARED_PREFS cmp=com.google.android.gms/.chimera.GmsInternalBoundBrokerService }
10-17 16:54:19.080   966  3487 I ActivityManager: startServiceLocked service:Intent { act=android.intent.action.PACKAGE_ADDED dat=package:com.ionicframework.ecdtmobile235842 flg=0x4000010 cmp=com.google.android.gms/.icing.service.IndexWorkerService (has extras) }
10-17 16:54:19.082   966   976 I ActivityManager: startServiceLocked service:Intent { cmp=com.google.android.googlequicksearchbox/com.google.android.apps.gsa.speech.grammar.GrammarCompilationService (has extras) }
10-17 16:54:19.085   966  2757 I ActivityManager: startServiceLocked service:Intent { act=com.google.android.gms.wearable.ACTION_PACKAGE_ADDED dat=package:com.ionicframework.ecdtmobile235842 cmp=com.google.android.gms/.wearable.service.WearableControlService }
10-17 16:54:19.088  1759  1759 D ActivityThread: SVC-Creating service: CreateServiceData{token=android.os.BinderProxy@968b2d3 className=com.google.android.apps.gsa.speech.grammar.GrammarCompilationService packageName=com.google.android.googlequicksearchbox intent=null}
10-17 16:54:19.091   966  1920 I ActivityManager: startServiceLocked service:Intent { act=com.google.android.chimera.container.IntentOperationService.KEEPALIVE cmp=com.google.android.gms/.chimera.PersistentIntentOperationService }
10-17 16:54:19.091  1944  1944 D ActivityThread: SVC-Creating service: CreateServiceData{token=android.os.BinderProxy@3a48fd9 className=com.google.android.gms.wearable.service.WearableControlService packageName=com.google.android.gms intent=null}
10-17 16:54:19.092   966  1671 I ActivityManager: bindServiceLocked service:Intent { act=com.google.android.gms.clearcut.service.START pkg=com.google.android.gms }
10-17 16:54:19.092   966   976 I ActivityManager: startServiceLocked service:Intent { act=com.google.android.gms.icing.action.APPS_CHANGED cat=[targeted_intent_op_prefix:.icing.proxy.AppsMonitorIntentOperation] cmp=com.google.android.gms/.chimera.GmsIntentOperationService (has extras) }
10-17 16:54:19.094   966  1079 I ActivityManager: startServiceLocked service:Intent { act=ACTION_UPDATE cmp=com.google.android.gms/.icing.proxy.UpdateIcingCorporaService (has extras) }
10-17 16:54:19.103  1944  1944 D ActivityThread: SVC-CREATE_SERVICE handled : 0 / CreateServiceData{token=android.os.BinderProxy@3a48fd9 className=com.google.android.gms.wearable.service.WearableControlService packageName=com.google.android.gms intent=null}
10-17 16:54:19.103  1944  1944 D ActivityThread: SVC-Calling onStartCommand: com.google.android.gms.wearable.service.WearableControlService@bbb8d9e, flags=0, startId=1
10-17 16:54:19.103  1944  1944 D ActivityThread: SVC-SERVICE_ARGS handled : 0 / ServiceArgsData{token=android.os.BinderProxy@3a48fd9 startId=1 args=Intent { act=com.google.android.gms.wearable.ACTION_PACKAGE_ADDED dat=package:com.ionicframework.ecdtmobile235842 cmp=com.google.android.gms/.wearable.service.WearableControlService }}
10-17 16:54:19.103  1944  1944 D ActivityThread: SVC-Calling onStartCommand: com.google.android.gms.chimera.PersistentIntentOperationService@a94cbc6, flags=0, startId=2
10-17 16:54:19.104  1944  1944 D ActivityThread: SVC-SERVICE_ARGS handled : 0 / ServiceArgsData{token=android.os.BinderProxy@650cda1 startId=2 args=Intent { act=com.google.android.chimera.container.IntentOperationService.KEEPALIVE cmp=com.google.android.gms/.chimera.PersistentIntentOperationService }}
10-17 16:54:19.105  1994  1994 D ActivityThread: BDC-RECEIVER handled : 0 / ReceiverData{intent=Intent { act=android.intent.action.PACKAGE_ADDED dat=package:com.ionicframework.ecdtmobile235842 flg=0x4000010 cmp=com.google.android.gms/.games.chimera.GamesSystemBroadcastReceiverProxy (has extras) } packageName=com.google.android.gms resultCode=0 resultData=null resultExtras=null}
10-17 16:54:19.105  1994  1994 D ActivityThread: SVC-Creating service: CreateServiceData{token=android.os.BinderProxy@fb3a569 className=com.google.android.gms.chimera.GmsInternalBoundBrokerService packageName=com.google.android.gms intent=null}
10-17 16:54:19.107  1944  1944 D ActivityThread: SVC-Destroying service: com.google.android.gms.wearable.service.WearableControlService@bbb8d9e
10-17 16:54:19.107  1944  1944 D ActivityThread: SVC-STOP_SERVICE handled : 0 / android.os.BinderProxy@3a48fd9
10-17 16:54:19.108  1994  1994 D ActivityThread: SVC-CREATE_SERVICE handled : 0 / CreateServiceData{token=android.os.BinderProxy@fb3a569 className=com.google.android.gms.chimera.GmsInternalBoundBrokerService packageName=com.google.android.gms intent=null}
10-17 16:54:19.108  1994  1994 V ActivityThread: handleBindService s=com.google.android.gms.chimera.GmsInternalBoundBrokerService@4199bee rebind=false
10-17 16:54:19.109  1759  1759 D ActivityThread: SVC-CREATE_SERVICE handled : 0 / CreateServiceData{token=android.os.BinderProxy@968b2d3 className=com.google.android.apps.gsa.speech.grammar.GrammarCompilationService packageName=com.google.android.googlequicksearchbox intent=null}
10-17 16:54:19.109  1759  1759 D ActivityThread: SVC-Calling onStartCommand: com.google.android.apps.gsa.speech.grammar.GrammarCompilationService@a429e10, flags=0, startId=1
10-17 16:54:19.109  1759  1759 D ActivityThread: SVC-SERVICE_ARGS handled : 0 / ServiceArgsData{token=android.os.BinderProxy@968b2d3 startId=1 args=Intent { cmp=com.google.android.googlequicksearchbox/com.google.android.apps.gsa.speech.grammar.GrammarCompilationService (has extras) }}
10-17 16:54:19.113  1994  1994 D ActivityThread: SVC-BIND_SERVICE handled : 0 / BindServiceData{token=android.os.BinderProxy@fb3a569 intent=Intent { act=com.google.android.gms.common.BIND_SHARED_PREFS cmp=com.google.android.gms/.chimera.GmsInternalBoundBrokerService }}
10-17 16:54:19.113  1994  1994 D ActivityThread: SVC-Creating service: CreateServiceData{token=android.os.BinderProxy@47e188f className=com.google.android.gms.icing.service.IndexWorkerService packageName=com.google.android.gms intent=null}
10-17 16:54:19.118   966  2761 I ActivityManager: startServiceLocked service:Intent { act=com.google.android.gms.icing.START_STICKY cmp=com.google.android.gms/.icing.service.IndexWorkerService }
10-17 16:54:19.122  1824  1824 D ActivityThread: BDC-Calling onReceive: intent=Intent { act=android.intent.action.PACKAGE_ADDED dat=package:com.ionicframework.ecdtmobile235842 flg=0x4000010 cmp=com.facebook.katana/com.facebook.feed.platformads.AppInstallReceiver (has extras) }, receiver=com.facebook.feed.platformads.AppInstallReceiver@68bce7b
10-17 16:54:19.126   966 14015 D PowerManagerService: acquireWakeLockInternal: lock=262855053, flags=0x1, tag="Icing", ws=WorkSource{10011 com.google.android.gms}, uid=10011, pid=1994
10-17 16:54:19.126   966 14015 D PowerManagerService: updateWakeLockSummaryLocked: mWakefulness=Awake, mWakeLockSummary=0x1
10-17 16:54:19.126   966 14015 D PowerManagerService: updateUserActivitySummaryLocked: mWakefulness=Awake, mUserActivitySummary=0x1, nextTimeout=74358775 (in 231935 ms)
10-17 16:54:19.126   966 14015 D DisplayPowerController: requestPowerState: policy=BRIGHT, useProximitySensor=false, screenBrightness=102, screenAutoBrightnessAdjustment=0.20800781, brightnessSetByUser=true, useAutoBrightness=true, blockScreenOn=false, lowPowerMode=false, boostScreenBrightness=false, dozeScreenBrightness=-1, dozeScreenState=UNKNOWN, waitForNegativeProximity=false
10-17 16:54:19.126   966 14015 I PowerManagerService: setBrightness mButtonLight 0.
10-17 16:54:19.126   966 14015 D PowerManagerService: updateDisplayPowerStateLocked: mDisplayReady=true, policy=3, mWakefulness=1, mWakeLockSummary=0x1, mUserActivitySummary=0x1, mBootCompleted=true, mScreenBrightnessBoostInProgress=false
10-17 16:54:19.126   966 14015 D PowerManagerNotifier: onWakeLockAcquired: flags=1, tag="Icing", packageName=com.google.android.gms, ownerUid=10011, ownerPid=1994, workSource=WorkSource{10011 com.google.android.gms}
10-17 16:54:19.127  1994  1994 D ActivityThread: SVC-CREATE_SERVICE handled : 0 / CreateServiceData{token=android.os.BinderProxy@47e188f className=com.google.android.gms.icing.service.IndexWorkerService packageName=com.google.android.gms intent=null}
10-17 16:54:19.127  1994  1994 D ActivityThread: SVC-Calling onStartCommand: com.google.android.gms.icing.service.IndexWorkerService@ed82f25, flags=0, startId=1
10-17 16:54:19.128  1994  1994 D ActivityThread: SVC-SERVICE_ARGS handled : 0 / ServiceArgsData{token=android.os.BinderProxy@47e188f startId=1 args=Intent { act=android.intent.action.PACKAGE_ADDED dat=package:com.ionicframework.ecdtmobile235842 flg=0x4000010 cmp=com.google.android.gms/.icing.service.IndexWorkerService (has extras) }}
10-17 16:54:19.128  1994  1994 D ActivityThread: SVC-Calling onStartCommand: com.google.android.gms.chimera.GmsIntentOperationService@d511166, flags=0, startId=2
10-17 16:54:19.128  1994  1994 D ActivityThread: SVC-SERVICE_ARGS handled : 0 / ServiceArgsData{token=android.os.BinderProxy@f2225c1 startId=2 args=Intent { act=com.google.android.gms.icing.action.APPS_CHANGED cat=[targeted_intent_op_prefix:.icing.proxy.AppsMonitorIntentOperation] cmp=com.google.android.gms/.chimera.GmsIntentOperationService (has extras) }}
10-17 16:54:19.128  1994  1994 D ActivityThread: SVC-Creating service: CreateServiceData{token=android.os.BinderProxy@64daeab className=com.google.android.gms.icing.proxy.UpdateIcingCorporaService packageName=com.google.android.gms intent=null}
10-17 16:54:19.130   966  2596 I ActivityManager: startServiceLocked service:Intent { cmp=com.facebook.katana/com.facebook.feed.platformads.AppInstallService (has extras) }
10-17 16:54:19.132   966   976 I ActivityManager: startServiceLocked service:Intent { act=com.google.android.chimera.container.IntentOperationService.NEW_START_INTENT cmp=com.google.android.gms/.chimera.GmsIntentOperationService (has extras) }
10-17 16:54:19.133  1759  1759 D ActivityThread: SVC-Destroying service: com.google.android.apps.gsa.speech.grammar.GrammarCompilationService@a429e10
10-17 16:54:19.135  1759  1759 D ActivityThread: SVC-STOP_SERVICE handled : 0 / android.os.BinderProxy@968b2d3
10-17 16:54:19.135 22817 22817 D ActivityThread: SVC-Destroying service: com.google.android.finsky.wear.WearSupportService@94b2d4f
10-17 16:54:19.135 22817 22817 D ActivityThread: SVC-STOP_SERVICE handled : 0 / android.os.BinderProxy@9cf0bae
10-17 16:54:19.136   966 15355 D PowerManagerService: updateWakeLockWorkSourceInternal: lock=262855053 [Icing], ws=null
10-17 16:54:19.136   966 15355 D PowerManagerNotifier: onWakeLockReleased: flags=1, tag="Icing", packageName=com.google.android.gms, ownerUid=10011, ownerPid=1994, workSource=WorkSource{10011 com.google.android.gms}
10-17 16:54:19.136   966 15355 D PowerManagerNotifier: onWakeLockAcquired: flags=1, tag="Icing", packageName=com.google.android.gms, ownerUid=10011, ownerPid=1994, workSource=null
10-17 16:54:19.143  1824  1824 D ActivityThread: BDC-RECEIVER handled : 0 / ReceiverData{intent=Intent { act=android.intent.action.PACKAGE_ADDED dat=package:com.ionicframework.ecdtmobile235842 flg=0x4000010 cmp=com.facebook.katana/com.facebook.feed.platformads.AppInstallReceiver (has extras) } packageName=com.facebook.katana resultCode=0 resultData=null resultExtras=null}
10-17 16:54:19.144  1994  1994 D ActivityThread: SVC-CREATE_SERVICE handled : 0 / CreateServiceData{token=android.os.BinderProxy@64daeab className=com.google.android.gms.icing.proxy.UpdateIcingCorporaService packageName=com.google.android.gms intent=null}
