10-13 11:43:43.960  3780  3971 D AudioTrack: write: userSize = 3824, blocking = 1
10-13 11:43:43.961   959   983 D DisplayPowerState: setScreenBrightness: brightness=75
10-13 11:43:43.962   959   983 D DisplayPowerState: Requesting new screen state: state=ON, backlight=75
10-13 11:43:43.962   959   983 D DisplayPowerState: Screen not ready
10-13 11:43:43.962   959  1051 D DisplayPowerState: Updating screen state: state=ON, backlight=75, backlightChanged=true
10-13 11:43:43.962   959  1051 D DisplayManagerService: Update global display state for DisplayDeviceInfo{"cran intgr": uniqueId="local:0", 1080 x 1920, modeId 1, defaultModeId 1, supportedModes [{id=1, width=1080, height=1920, fps=54.190002}], density 480, 480.0 x 480.0 dpi, appVsyncOff -8000000, presDeadline 27453589, touch INTERNAL, rotation 0, type BUILT_IN, state ON, FLAG_DEFAULT_DISPLAY, FLAG_ROTATES_WITH_CONTENT, FLAG_SECURE, FLAG_SUPPORTS_PROTECTED_BUFFERS}
10-13 11:43:43.962   959  1051 D LocalDisplayAdapter: setDisplayBrightness(id=0, brightness=75)
10-13 11:43:43.963   959  1051 D lights  : write_int open fd=201
10-13 11:43:43.964   959   983 D DisplayPowerState: Screen ready
10-13 11:43:43.967   312   482 D AALService: onBacklightChanged: 313/1023 -> 301/1023(phy:1205/4095)
10-13 11:43:43.968   312   482 D AALService: Output backlight = 295/1023, CABC gain = 256
10-13 11:43:43.980   959   983 D DisplayPowerState: setScreenBrightness: brightness=71
10-13 11:43:43.980   959   983 D DisplayPowerState: Requesting new screen state: state=ON, backlight=71
10-13 11:43:43.980   959   983 D DisplayPowerState: Screen not ready
10-13 11:43:43.981   959  1051 D DisplayPowerState: Updating screen state: state=ON, backlight=71, backlightChanged=true
10-13 11:43:43.981   959  1051 D DisplayManagerService: Update global display state for DisplayDeviceInfo{"cran intgr": uniqueId="local:0", 1080 x 1920, modeId 1, defaultModeId 1, supportedModes [{id=1, width=1080, height=1920, fps=54.190002}], density 480, 480.0 x 480.0 dpi, appVsyncOff -8000000, presDeadline 27453589, touch INTERNAL, rotation 0, type BUILT_IN, state ON, FLAG_DEFAULT_DISPLAY, FLAG_ROTATES_WITH_CONTENT, FLAG_SECURE, FLAG_SUPPORTS_PROTECTED_BUFFERS}
10-13 11:43:43.981   959  1051 D LocalDisplayAdapter: setDisplayBrightness(id=0, brightness=71)
10-13 11:43:43.981   959  1051 D lights  : write_int open fd=201
10-13 11:43:43.982   959   983 D DisplayPowerState: Screen ready
10-13 11:43:43.986   312   482 D AALService: onBacklightChanged: 301/1023 -> 285/1023(phy:1141/4095)
10-13 11:43:43.986   312   482 D AALService: Output backlight = 282/1023, CABC gain = 256
10-13 11:43:43.998   959   983 D DisplayPowerState: setScreenBrightness: brightness=67
10-13 11:43:43.999   959   983 D DisplayPowerState: Requesting new screen state: state=ON, backlight=67
10-13 11:43:43.999   959   983 D DisplayPowerState: Screen not ready
10-13 11:43:43.999   959  1051 D DisplayPowerState: Updating screen state: state=ON, backlight=67, backlightChanged=true
10-13 11:43:44.000   959  1051 D DisplayManagerService: Update global display state for DisplayDeviceInfo{"cran intgr": uniqueId="local:0", 1080 x 1920, modeId 1, defaultModeId 1, supportedModes [{id=1, width=1080, height=1920, fps=54.190002}], density 480, 480.0 x 480.0 dpi, appVsyncOff -8000000, presDeadline 27453589, touch INTERNAL, rotation 0, type BUILT_IN, state ON, FLAG_DEFAULT_DISPLAY, FLAG_ROTATES_WITH_CONTENT, FLAG_SECURE, FLAG_SUPPORTS_PROTECTED_BUFFERS}
10-13 11:43:44.000   959  1051 D LocalDisplayAdapter: setDisplayBrightness(id=0, brightness=67)
10-13 11:43:44.000   959  1051 D lights  : write_int open fd=201
10-13 11:43:44.001   959   983 D DisplayPowerState: Screen ready
10-13 11:43:44.004   312   482 D AALService: onBacklightChanged: 285/1023 -> 269/1023(phy:1077/4095)
10-13 11:43:44.005   312   482 D AALService: Output backlight = 268/1023, CABC gain = 256
10-13 11:43:44.017   959   983 D DisplayPowerState: setScreenBrightness: brightness=63
10-13 11:43:44.017   959   983 D DisplayPowerState: Requesting new screen state: state=ON, backlight=63
10-13 11:43:44.017   959   983 D DisplayPowerState: Screen not ready
10-13 11:43:44.018   959  1051 D DisplayPowerState: Updating screen state: state=ON, backlight=63, backlightChanged=true
10-13 11:43:44.018   959  1051 D DisplayManagerService: Update global display state for DisplayDeviceInfo{"cran intgr": uniqueId="local:0", 1080 x 1920, modeId 1, defaultModeId 1, supportedModes [{id=1, width=1080, height=1920, fps=54.190002}], density 480, 480.0 x 480.0 dpi, appVsyncOff -8000000, presDeadline 27453589, touch INTERNAL, rotation 0, type BUILT_IN, state ON, FLAG_DEFAULT_DISPLAY, FLAG_ROTATES_WITH_CONTENT, FLAG_SECURE, FLAG_SUPPORTS_PROTECTED_BUFFERS}
10-13 11:43:44.018   959  1051 D LocalDisplayAdapter: setDisplayBrightness(id=0, brightness=63)
10-13 11:43:44.018   959  1051 D lights  : write_int open fd=201
10-13 11:43:44.019   959   983 D DisplayPowerState: Screen ready
10-13 11:43:44.023   312   482 D AALService: onBacklightChanged: 269/1023 -> 253/1023(phy:1012/4095)
10-13 11:43:44.023   312   482 D AALService: Output backlight = 253/1023, CABC gain = 256
10-13 11:43:44.035   959   983 D DisplayPowerState: setScreenBrightness: brightness=60
10-13 11:43:44.035   959   983 D DisplayPowerState: Requesting new screen state: state=ON, backlight=60
10-13 11:43:44.036   959   983 D DisplayPowerState: Screen not ready
10-13 11:43:44.036   959  1051 D DisplayPowerState: Updating screen state: state=ON, backlight=60, backlightChanged=true
10-13 11:43:44.036   959  1051 D DisplayManagerService: Update global display state for DisplayDeviceInfo{"cran intgr": uniqueId="local:0", 1080 x 1920, modeId 1, defaultModeId 1, supportedModes [{id=1, width=1080, height=1920, fps=54.190002}], density 480, 480.0 x 480.0 dpi, appVsyncOff -8000000, presDeadline 27453589, touch INTERNAL, rotation 0, type BUILT_IN, state ON, FLAG_DEFAULT_DISPLAY, FLAG_ROTATES_WITH_CONTENT, FLAG_SECURE, FLAG_SUPPORTS_PROTECTED_BUFFERS}
10-13 11:43:44.037   959  1051 D LocalDisplayAdapter: setDisplayBrightness(id=0, brightness=60)
10-13 11:43:44.037   959  1051 D lights  : write_int open fd=201
10-13 11:43:44.037   959   983 D DisplayPowerState: Screen ready
10-13 11:43:44.041   312   482 D AALService: onBacklightChanged: 253/1023 -> 241/1023(phy:964/4095)
10-13 11:43:44.042   312   482 D AALService: Output backlight = 238/1023, CABC gain = 256
10-13 11:43:44.054   959   983 D DisplayPowerState: setScreenBrightness: brightness=56
10-13 11:43:44.054   959   983 D DisplayPowerState: Requesting new screen state: state=ON, backlight=56
10-13 11:43:44.054   959   983 D DisplayPowerState: Screen not ready
10-13 11:43:44.055   959  1051 D DisplayPowerState: Updating screen state: state=ON, backlight=56, backlightChanged=true
10-13 11:43:44.055   959  1051 D DisplayManagerService: Update global display state for DisplayDeviceInfo{"cran intgr": uniqueId="local:0", 1080 x 1920, modeId 1, defaultModeId 1, supportedModes [{id=1, width=1080, height=1920, fps=54.190002}], density 480, 480.0 x 480.0 dpi, appVsyncOff -8000000, presDeadline 27453589, touch INTERNAL, rotation 0, type BUILT_IN, state ON, FLAG_DEFAULT_DISPLAY, FLAG_ROTATES_WITH_CONTENT, FLAG_SECURE, FLAG_SUPPORTS_PROTECTED_BUFFERS}
10-13 11:43:44.055   959  1051 D LocalDisplayAdapter: setDisplayBrightness(id=0, brightness=56)
10-13 11:43:44.055   959  1051 D lights  : write_int open fd=201
10-13 11:43:44.056   959   983 D DisplayPowerState: Screen ready
10-13 11:43:44.060   312   482 D AALService: onBacklightChanged: 241/1023 -> 225/1023(phy:900/4095)
10-13 11:43:44.060   312   482 D AALService: Output backlight = 225/1023, CABC gain = 256
10-13 11:43:44.061  3780  3971 D AudioTrack: write: userSize = 3824, blocking = 1
10-13 11:43:44.072   959   983 D DisplayPowerState: setScreenBrightness: brightness=52
10-13 11:43:44.072   959   983 D DisplayPowerState: Requesting new screen state: state=ON, backlight=52
10-13 11:43:44.072   959   983 D DisplayPowerState: Screen not ready
10-13 11:43:44.073   959  1051 D DisplayPowerState: Updating screen state: state=ON, backlight=52, backlightChanged=true
10-13 11:43:44.073   959  1051 D DisplayManagerService: Update global display state for DisplayDeviceInfo{"cran intgr": uniqueId="local:0", 1080 x 1920, modeId 1, defaultModeId 1, supportedModes [{id=1, width=1080, height=1920, fps=54.190002}], density 480, 480.0 x 480.0 dpi, appVsyncOff -8000000, presDeadline 27453589, touch INTERNAL, rotation 0, type BUILT_IN, state ON, FLAG_DEFAULT_DISPLAY, FLAG_ROTATES_WITH_CONTENT, FLAG_SECURE, FLAG_SUPPORTS_PROTECTED_BUFFERS}
10-13 11:43:44.073   959  1051 D LocalDisplayAdapter: setDisplayBrightness(id=0, brightness=52)
10-13 11:43:44.074   959  1051 D lights  : write_int open fd=201
10-13 11:43:44.074   959   983 D DisplayPowerState: Screen ready
10-13 11:43:44.078   312   482 D AALService: onBacklightChanged: 225/1023 -> 209/1023(phy:836/4095)
10-13 11:43:44.079   312   482 D AALService: Output backlight = 210/1023, CABC gain = 256
10-13 11:43:44.090   959   983 D DisplayPowerState: setScreenBrightness: brightness=49
10-13 11:43:44.091   959   983 D DisplayPowerState: Requesting new screen state: state=ON, backlight=49
10-13 11:43:44.091   959   983 D DisplayPowerState: Screen not ready
10-13 11:43:44.091   959  1051 D DisplayPowerState: Updating screen state: state=ON, backlight=49, backlightChanged=true
10-13 11:43:44.092   959  1051 D DisplayManagerService: Update global display state for DisplayDeviceInfo{"cran intgr": uniqueId="local:0", 1080 x 1920, modeId 1, defaultModeId 1, supportedModes [{id=1, width=1080, height=1920, fps=54.190002}], density 480, 480.0 x 480.0 dpi, appVsyncOff -8000000, presDeadline 27453589, touch INTERNAL, rotation 0, type BUILT_IN, state ON, FLAG_DEFAULT_DISPLAY, FLAG_ROTATES_WITH_CONTENT, FLAG_SECURE, FLAG_SUPPORTS_PROTECTED_BUFFERS}
10-13 11:43:44.092   959  1051 D LocalDisplayAdapter: setDisplayBrightness(id=0, brightness=49)
10-13 11:43:44.092   959  1051 D lights  : write_int open fd=201
10-13 11:43:44.093   959   983 D DisplayPowerState: Screen ready
10-13 11:43:44.097   312   482 D AALService: onBacklightChanged: 209/1023 -> 197/1023(phy:788/4095)
10-13 11:43:44.097   312   482 D AALService: Output backlight = 196/1023, CABC gain = 256
10-13 11:43:44.109   959   983 D DisplayPowerState: setScreenBrightness: brightness=45
10-13 11:43:44.109   959   983 D DisplayPowerState: Requesting new screen state: state=ON, backlight=45
10-13 11:43:44.109   959   983 D DisplayPowerState: Screen not ready
10-13 11:43:44.110   959  1051 D DisplayPowerState: Updating screen state: state=ON, backlight=45, backlightChanged=true
10-13 11:43:44.110   959  1051 D DisplayManagerService: Update global display state for DisplayDeviceInfo{"cran intgr": uniqueId="local:0", 1080 x 1920, modeId 1, defaultModeId 1, supportedModes [{id=1, width=1080, height=1920, fps=54.190002}], density 480, 480.0 x 480.0 dpi, appVsyncOff -8000000, presDeadline 27453589, touch INTERNAL, rotation 0, type BUILT_IN, state ON, FLAG_DEFAULT_DISPLAY, FLAG_ROTATES_WITH_CONTENT, FLAG_SECURE, FLAG_SUPPORTS_PROTECTED_BUFFERS}
10-13 11:43:44.110   959  1051 D LocalDisplayAdapter: setDisplayBrightness(id=0, brightness=45)
10-13 11:43:44.111   959  1051 D lights  : write_int open fd=201
10-13 11:43:44.111   959   983 D DisplayPowerState: Screen ready
10-13 11:43:44.115   312   482 D AALService: onBacklightChanged: 197/1023 -> 181/1023(phy:724/4095)
10-13 11:43:44.116   312   482 D AALService: Output backlight = 181/1023, CABC gain = 256
10-13 11:43:44.127   959   983 D DisplayPowerState: setScreenBrightness: brightness=41
10-13 11:43:44.128   959   983 D DisplayPowerState: Requesting new screen state: state=ON, backlight=41
10-13 11:43:44.128   959   983 D DisplayPowerState: Screen not ready
10-13 11:43:44.128   959  1051 D DisplayPowerState: Updating screen state: state=ON, backlight=41, backlightChanged=true
10-13 11:43:44.129   959  1051 D DisplayManagerService: Update global display state for DisplayDeviceInfo{"cran intgr": uniqueId="local:0", 1080 x 1920, modeId 1, defaultModeId 1, supportedModes [{id=1, width=1080, height=1920, fps=54.190002}], density 480, 480.0 x 480.0 dpi, appVsyncOff -8000000, presDeadline 27453589, touch INTERNAL, rotation 0, type BUILT_IN, state ON, FLAG_DEFAULT_DISPLAY, FLAG_ROTATES_WITH_CONTENT, FLAG_SECURE, FLAG_SUPPORTS_PROTECTED_BUFFERS}
10-13 11:43:44.129   959  1051 D LocalDisplayAdapter: setDisplayBrightness(id=0, brightness=41)
10-13 11:43:44.129   959  1051 D lights  : write_int open fd=201
10-13 11:43:44.135   312   482 D AALService: Output backlight = 179/1023, CABC gain = 256
10-13 11:43:44.136   959   983 D DisplayPowerState: Screen ready
10-13 11:43:44.146   959   983 D DisplayPowerState: setScreenBrightness: brightness=38
10-13 11:43:44.146   959   983 D DisplayPowerState: Requesting new screen state: state=ON, backlight=38
10-13 11:43:44.146   959   983 D DisplayPowerState: Screen not ready
10-13 11:43:44.147   959  1051 D DisplayPowerState: Updating screen state: state=ON, backlight=38, backlightChanged=true
10-13 11:43:44.147   959  1051 D DisplayManagerService: Update global display state for DisplayDeviceInfo{"cran intgr": uniqueId="local:0", 1080 x 1920, modeId 1, defaultModeId 1, supportedModes [{id=1, width=1080, height=1920, fps=54.190002}], density 480, 480.0 x 480.0 dpi, appVsyncOff -8000000, presDeadline 27453589, touch INTERNAL, rotation 0, type BUILT_IN, state ON, FLAG_DEFAULT_DISPLAY, FLAG_ROTATES_WITH_CONTENT, FLAG_SECURE, FLAG_SUPPORTS_PROTECTED_BUFFERS}
10-13 11:43:44.147   959  1051 D LocalDisplayAdapter: setDisplayBrightness(id=0, brightness=38)
10-13 11:43:44.148   959  1051 D lights  : write_int open fd=201
10-13 11:43:44.148   959   983 D DisplayPowerState: Screen ready
10-13 11:43:44.152   312   482 D AALService: onBacklightChanged: 181/1023 -> 152/1023(phy:608/4095)
10-13 11:43:44.153   312   482 D AALService: Output backlight = 166/1023, CABC gain = 256
10-13 11:43:44.161  3780  3971 D AudioTrack: write: userSize = 3824, blocking = 1
10-13 11:43:44.164   959   983 D DisplayPowerState: setScreenBrightness: brightness=34
10-13 11:43:44.165   959   983 D DisplayPowerState: Requesting new screen state: state=ON, backlight=34
10-13 11:43:44.165   959   983 D DisplayPowerState: Screen not ready
10-13 11:43:44.165   959  1051 D DisplayPowerState: Updating screen state: state=ON, backlight=34, backlightChanged=true
10-13 11:43:44.165   959  1051 D DisplayManagerService: Update global display state for DisplayDeviceInfo{"cran intgr": uniqueId="local:0", 1080 x 1920, modeId 1, defaultModeId 1, supportedModes [{id=1, width=1080, height=1920, fps=54.190002}], density 480, 480.0 x 480.0 dpi, appVsyncOff -8000000, presDeadline 27453589, touch INTERNAL, rotation 0, type BUILT_IN, state ON, FLAG_DEFAULT_DISPLAY, FLAG_ROTATES_WITH_CONTENT, FLAG_SECURE, FLAG_SUPPORTS_PROTECTED_BUFFERS}
10-13 11:43:44.166   959  1051 D LocalDisplayAdapter: setDisplayBrightness(id=0, brightness=34)
10-13 11:43:44.166   959  1051 D lights  : write_int open fd=201
10-13 11:43:44.167   959   983 D DisplayPowerState: Screen ready
10-13 11:43:44.171   312   482 D AALService: onBacklightChanged: 152/1023 -> 136/1023(phy:544/4095)
10-13 11:43:44.171   312   482 D AALService: Output backlight = 153/1023, CABC gain = 256
10-13 11:43:44.183   959   983 D DisplayPowerState: setScreenBrightness: brightness=30
10-13 11:43:44.183   959   983 D DisplayPowerState: Requesting new screen state: state=ON, backlight=30
10-13 11:43:44.183   959   983 D DisplayPowerState: Screen not ready
10-13 11:43:44.184   959  1051 D DisplayPowerState: Updating screen state: state=ON, backlight=30, backlightChanged=true
10-13 11:43:44.184   959  1051 D DisplayManagerService: Update global display state for DisplayDeviceInfo{"cran intgr": uniqueId="local:0", 1080 x 1920, modeId 1, defaultModeId 1, supportedModes [{id=1, width=1080, height=1920, fps=54.190002}], density 480, 480.0 x 480.0 dpi, appVsyncOff -8000000, presDeadline 27453589, touch INTERNAL, rotation 0, type BUILT_IN, state ON, FLAG_DEFAULT_DISPLAY, FLAG_ROTATES_WITH_CONTENT, FLAG_SECURE, FLAG_SUPPORTS_PROTECTED_BUFFERS}
10-13 11:43:44.184   959  1051 D LocalDisplayAdapter: setDisplayBrightness(id=0, brightness=30)
10-13 11:43:44.184   959  1051 D lights  : write_int open fd=201
10-13 11:43:44.185   959   983 D DisplayPowerState: Screen ready
10-13 11:43:44.189   312   482 D AALService: onBacklightChanged: 136/1023 -> 120/1023(phy:480/4095)
10-13 11:43:44.190   312   482 D AALService: Output backlight = 138/1023, CABC gain = 256
10-13 11:43:44.201   959   983 D DisplayPowerState: setScreenBrightness: brightness=27
10-13 11:43:44.201   959   983 D DisplayPowerState: Requesting new screen state: state=ON, backlight=27
10-13 11:43:44.202   959   983 D DisplayPowerState: Screen not ready
10-13 11:43:44.202   959  1051 D DisplayPowerState: Updating screen state: state=ON, backlight=27, backlightChanged=true
10-13 11:43:44.202   959  1051 D DisplayManagerService: Update global display state for DisplayDeviceInfo{"cran intgr": uniqueId="local:0", 1080 x 1920, modeId 1, defaultModeId 1, supportedModes [{id=1, width=1080, height=1920, fps=54.190002}], density 480, 480.0 x 480.0 dpi, appVsyncOff -8000000, presDeadline 27453589, touch INTERNAL, rotation 0, type BUILT_IN, state ON, FLAG_DEFAULT_DISPLAY, FLAG_ROTATES_WITH_CONTENT, FLAG_SECURE, FLAG_SUPPORTS_PROTECTED_BUFFERS}
10-13 11:43:44.202   959  1051 D LocalDisplayAdapter: setDisplayBrightness(id=0, brightness=27)
10-13 11:43:44.203   959  1051 D lights  : write_int open fd=201
10-13 11:43:44.203   959   983 D DisplayPowerState: Screen ready
10-13 11:43:44.208   312   482 D AALService: onBacklightChanged: 120/1023 -> 108/1023(phy:432/4095)
10-13 11:43:44.208   312   482 D AALService: Output backlight = 123/1023, CABC gain = 256
10-13 11:43:44.220   959   983 D DisplayPowerState: setScreenBrightness: brightness=23
10-13 11:43:44.220   959   983 D DisplayPowerState: Requesting new screen state: state=ON, backlight=23
10-13 11:43:44.220   959   983 D DisplayPowerState: Screen not ready
10-13 11:43:44.221   959  1051 D DisplayPowerState: Updating screen state: state=ON, backlight=23, backlightChanged=true
10-13 11:43:44.221   959  1051 D DisplayManagerService: Update global display state for DisplayDeviceInfo{"cran intgr": uniqueId="local:0", 1080 x 1920, modeId 1, defaultModeId 1, supportedModes [{id=1, width=1080, height=1920, fps=54.190002}], density 480, 480.0 x 480.0 dpi, appVsyncOff -8000000, presDeadline 27453589, touch INTERNAL, rotation 0, type BUILT_IN, state ON, FLAG_DEFAULT_DISPLAY, FLAG_ROTATES_WITH_CONTENT, FLAG_SECURE, FLAG_SUPPORTS_PROTECTED_BUFFERS}
10-13 11:43:44.221   959  1051 D LocalDisplayAdapter: setDisplayBrightness(id=0, brightness=23)
10-13 11:43:44.221   959  1051 D lights  : write_int open fd=201
10-13 11:43:44.222   959   983 D DisplayPowerState: Screen ready
10-13 11:43:44.226   312   482 D AALService: onBacklightChanged: 108/1023 -> 92/1023(phy:368/4095)
10-13 11:43:44.227   312   482 D AALService: Output backlight = 108/1023, CABC gain = 256
10-13 11:43:44.238   959   983 D DisplayPowerState: setScreenBrightness: brightness=19
10-13 11:43:44.238   959   983 D DisplayPowerState: Requesting new screen state: state=ON, backlight=19
10-13 11:43:44.238   959   983 D DisplayPowerState: Screen not ready
10-13 11:43:44.239   959  1051 D DisplayPowerState: Updating screen state: state=ON, backlight=19, backlightChanged=true
10-13 11:43:44.239   959  1051 D DisplayManagerService: Update global display state for DisplayDeviceInfo{"cran intgr": uniqueId="local:0", 1080 x 1920, modeId 1, defaultModeId 1, supportedModes [{id=1, width=1080, height=1920, fps=54.190002}], density 480, 480.0 x 480.0 dpi, appVsyncOff -8000000, presDeadline 27453589, touch INTERNAL, rotation 0, type BUILT_IN, state ON, FLAG_DEFAULT_DISPLAY, FLAG_ROTATES_WITH_CONTENT, FLAG_SECURE, FLAG_SUPPORTS_PROTECTED_BUFFERS}
10-13 11:43:44.239   959  1051 D LocalDisplayAdapter: setDisplayBrightness(id=0, brightness=19)
10-13 11:43:44.240   959  1051 D lights  : write_int open fd=201
10-13 11:43:44.240   959   983 D DisplayPowerState: Screen ready
10-13 11:43:44.245   312   482 D AALService: onBacklightChanged: 92/1023 -> 76/1023(phy:304/4095)
10-13 11:43:44.245   312   482 D AALService: Output backlight = 93/1023, CABC gain = 256
10-13 11:43:44.256   959   983 D DisplayPowerState: setScreenBrightness: brightness=15
10-13 11:43:44.257   959   983 D DisplayPowerState: Requesting new screen state: state=ON, backlight=15
10-13 11:43:44.257   959   983 D DisplayPowerState: Screen not ready
10-13 11:43:44.257   959  1051 D DisplayPowerState: Updating screen state: state=ON, backlight=15, backlightChanged=true
10-13 11:43:44.258   959  1051 D DisplayManagerService: Update global display state for DisplayDeviceInfo{"cran intgr": uniqueId="local:0", 1080 x 1920, modeId 1, defaultModeId 1, supportedModes [{id=1, width=1080, height=1920, fps=54.190002}], density 480, 480.0 x 480.0 dpi, appVsyncOff -8000000, presDeadline 27453589, touch INTERNAL, rotation 0, type BUILT_IN, state ON, FLAG_DEFAULT_DISPLAY, FLAG_ROTATES_WITH_CONTENT, FLAG_SECURE, FLAG_SUPPORTS_PROTECTED_BUFFERS}
10-13 11:43:44.258   959  1051 D LocalDisplayAdapter: setDisplayBrightness(id=0, brightness=15)
10-13 11:43:44.258   959  1051 D lights  : write_int open fd=201
10-13 11:43:44.259   959   983 D DisplayPowerState: Screen ready
10-13 11:43:44.262  3780  3971 D AudioTrack: write: userSize = 3824, blocking = 1
10-13 11:43:44.263   312   482 D AALService: onBacklightChanged: 76/1023 -> 60/1023(phy:240/4095)
10-13 11:43:44.264   312   482 D AALService: Output backlight = 78/1023, CABC gain = 256
10-13 11:43:44.275   959   983 D DisplayPowerState: setScreenBrightness: brightness=12
10-13 11:43:44.275   959   983 D DisplayPowerState: Requesting new screen state: state=ON, backlight=12
10-13 11:43:44.276   959   983 D DisplayPowerState: Screen not ready
10-13 11:43:44.276   959  1051 D DisplayPowerState: Updating screen state: state=ON, backlight=12, backlightChanged=true
10-13 11:43:44.276   959  1051 D DisplayManagerService: Update global display state for DisplayDeviceInfo{"cran intgr": uniqueId="local:0", 1080 x 1920, modeId 1, defaultModeId 1, supportedModes [{id=1, width=1080, height=1920, fps=54.190002}], density 480, 480.0 x 480.0 dpi, appVsyncOff -8000000, presDeadline 27453589, touch INTERNAL, rotation 0, type BUILT_IN, state ON, FLAG_DEFAULT_DISPLAY, FLAG_ROTATES_WITH_CONTENT, FLAG_SECURE, FLAG_SUPPORTS_PROTECTED_BUFFERS}
10-13 11:43:44.276   959  1051 D LocalDisplayAdapter: setDisplayBrightness(id=0, brightness=12)
10-13 11:43:44.277   959  1051 D lights  : write_int open fd=201
10-13 11:43:44.277   959   983 D DisplayPowerState: Screen ready
10-13 11:43:44.282   312   482 D AALService: onBacklightChanged: 60/1023 -> 48/1023(phy:192/4095)
10-13 11:43:44.282   312   482 D AALService: Output backlight = 65/1023, CABC gain = 256
10-13 11:43:44.293   959   983 D DisplayPowerState: setScreenBrightness: brightness=10
10-13 11:43:44.294   959   983 D DisplayPowerState: Requesting new screen state: state=ON, backlight=10
10-13 11:43:44.294   959   983 D DisplayPowerState: Screen not ready
10-13 11:43:44.295   959   983 D ColorFade: dismiss
10-13 11:43:44.295   959   983 D DisplayPowerController: Animating brightness: target=10, rate=200
10-13 11:43:44.295   959  1051 D DisplayPowerState: Updating screen state: state=ON, backlight=10, backlightChanged=true
10-13 11:43:44.295   959  1051 D DisplayManagerService: Update global display state for DisplayDeviceInfo{"cran intgr": uniqueId="local:0", 1080 x 1920, modeId 1, defaultModeId 1, supportedModes [{id=1, width=1080, height=1920, fps=54.190002}], density 480, 480.0 x 480.0 dpi, appVsyncOff -8000000, presDeadline 27453589, touch INTERNAL, rotation 0, type BUILT_IN, state ON, FLAG_DEFAULT_DISPLAY, FLAG_ROTATES_WITH_CONTENT, FLAG_SECURE, FLAG_SUPPORTS_PROTECTED_BUFFERS}
10-13 11:43:44.296   959  1051 D LocalDisplayAdapter: setDisplayBrightness(id=0, brightness=10)
10-13 11:43:44.296   959  1051 D lights  : write_int open fd=201
10-13 11:43:44.297   959   983 D DisplayPowerState: Screen ready
10-13 11:43:44.297   959   983 D ColorFade: dismiss
10-13 11:43:44.297   959   983 D DisplayPowerController: Animating brightness: target=10, rate=200
10-13 11:43:44.298   959   983 D DisplayPowerController: Finished business...
10-13 11:43:44.300   312   482 D AALService: onBacklightChanged: 48/1023 -> 40/1023(phy:160/4095)
10-13 11:43:44.301   312   482 D AALService: Output backlight = 50/1023, CABC gain = 256
10-13 11:43:44.319   312   482 D AALService: Output backlight = 40/1023, CABC gain = 256
10-13 11:43:44.337   312   482 D AALService: enableAALEvent: 1 -> 0
10-13 11:43:44.362  3780  3971 D AudioTrack: write: userSize = 3824, blocking = 1
10-13 11:43:44.462  3780  3971 D AudioTrack: write: userSize = 3824, blocking = 1
10-13 11:43:44.563  3780  3971 D AudioTrack: write: userSize = 3824, blocking = 1
10-13 11:43:44.663  3780  3971 D AudioTrack: write: userSize = 3824, blocking = 1
10-13 11:43:44.764  3780  3971 D AudioTrack: write: userSize = 3824, blocking = 1
10-13 11:43:44.864  3780  3971 D AudioTrack: write: userSize = 3824, blocking = 1
10-13 11:43:44.944   959   959 E WifiTrafficPoller: TRAFFIC_STATS_POLL true Token 92 num clients 12
10-13 11:43:44.945   959   959 E WifiTrafficPoller:  packet count Tx=67334 Rx=126983
10-13 11:43:44.964  3780  3971 D AudioTrack: write: userSize = 3824, blocking = 1
10-13 11:43:45.065  3780  3971 D AudioTrack: write: userSize = 3824, blocking = 1
10-13 11:43:45.165  3780  3971 D AudioTrack: write: userSize = 3824, blocking = 1
10-13 11:43:45.265  3780  3971 D AudioTrack: write: userSize = 3824, blocking = 1
10-13 11:43:45.366  3780  3971 D AudioTrack: write: userSize = 3824, blocking = 1
10-13 11:43:45.466  3780  3971 D AudioTrack: write: userSize = 3824, blocking = 1
10-13 11:43:45.567  3780  3971 D AudioTrack: write: userSize = 3824, blocking = 1
10-13 11:43:45.667  3780  3971 D AudioTrack: write: userSize = 3824, blocking = 1
10-13 11:43:45.767   328   328 I thermal_repeater: select timeout
10-13 11:43:45.768  3780  3971 D AudioTrack: write: userSize = 3824, blocking = 1
10-13 11:43:45.868  3780  3971 D AudioTrack: write: userSize = 3824, blocking = 1
10-13 11:43:45.946   959   959 E WifiTrafficPoller: TRAFFIC_STATS_POLL true Token 92 num clients 12
10-13 11:43:45.947   959   959 E WifiTrafficPoller:  packet count Tx=67334 Rx=126983
10-13 11:43:45.969  3780  3971 D AudioTrack: write: userSize = 3824, blocking = 1
10-13 11:43:46.033   959  1014 D WifiStateMachine:  ConnectedState (when=-3ms what=131155 arg1=19!CMD_RSSI_POLL  rt=9675646/16239465 19 0 "CDT_GUEST" 5c:83:8f:77:33:2f rssi=-71 f=5180 sc=56 link=65 tx=3,8, 0,0, 0,0  rx=3,5 bcn=0 [on:0 tx:0 rx:0 period:2998] from screen [on:0 period:-1116923791] gl hn rssi=-66 ag=0 ticks 0,6,127 ls-=0 [56,56,56,56,56] brc=0 lrc=0 offload-stopped
10-13 11:43:46.037   959  1014 D WifiStateMachine:  L2ConnectedState (when=-6ms what=131155 arg1=19!CMD_RSSI_POLL  rt=9675649/16239468 19 0 "CDT_GUEST" 5c:83:8f:77:33:2f rssi=-71 f=5180 sc=56 link=65 tx=3,8, 0,0, 0,0  rx=3,5 bcn=0 [on:0 tx:0 rx:0 period:4] from screen [on:0 period:-1116923787] gl hn rssi=-66 ag=0 ticks 0,6,127 ls-=0 [56,56,56,56,56] brc=0 lrc=0 offload-stopped
10-13 11:43:46.037   959  1014 D WifiStateMachine:  get link layer stats 0
10-13 11:43:46.038   959  1014 D WifiHW  : enter -->wifi_send_command cmd=IFNAME=wlan0 SIGNAL_POLL
10-13 11:43:46.038  1077  1077 D wpa_supplicant: wlan0: Control interface command 'SIGNAL_POLL'
10-13 11:43:46.058   959  1014 D WifiHW  : leave --> reply=RSSI=-71
10-13 11:43:46.058   959  1014 D WifiHW  : LINKSPEED=65
10-13 11:43:46.058   959  1014 D WifiHW  : NOISE=9999
10-13 11:43:46.058   959  1014 D WifiHW  : FREQUENCY=5180
10-13 11:43:46.058   959  1014 D WifiHW  : 
10-13 11:43:46.058   959  1014 I WifiStateMachine: fetchRssiLinkSpeedAndFrequencyNative, newRssi:-71, newLinkSpeed:65, SSID:"CDT_GUEST"
10-13 11:43:46.058   959  1014 D WifiStateMachine: mLastSignalLevel:3, newSignalLevel:3
10-13 11:43:46.059   959  1014 E WifiConfigStore: updateConfiguration freq=5180 BSSID=5c:83:8f:77:33:2f RSSI=-70 "CDT_GUEST"WPA_PSK
10-13 11:43:46.059   959  1014 V ActivityManager: Broadcast sticky: Intent { act=android.net.wifi.RSSI_CHANGED flg=0x4000010 (has extras) } ordered=false userid=-1 callerApp=ProcessRecord{14655d3 959:system/1000}
10-13 11:43:46.063   959  1045 D WifiWatchdogStateMachine: RSSI current: 3 new: -71, 3
10-13 11:43:46.065  1097  1495 D NetworkController: onReceive: intent=Intent { act=android.net.wifi.RSSI_CHANGED flg=0x4000010 (has extras) }
10-13 11:43:46.066   959  1086 D ConnectivityService: getActiveNetworkInfo networkInfo = [type: WIFI[], state: CONNECTED/CONNECTED, reason: (unspecified), extra: "CDT_GUEST", roaming: false, failover: false, isAvailable: true]
10-13 11:43:46.067   959  1084 D ConnectivityService: getActiveNetworkInfo networkInfo = [type: WIFI[], state: CONNECTED/CONNECTED, reason: (unspecified), extra: "CDT_GUEST", roaming: false, failover: false, isAvailable: true]
10-13 11:43:46.070  3780  3971 D AudioTrack: write: userSize = 3824, blocking = 1
10-13 11:43:46.072   959   970 W PackageManager: checkUidPermission(): android.permission.LOCAL_MAC_ADDRESS of 10079 is denied.
10-13 11:43:46.074   959  1542 W PackageManager: checkUidPermission(): android.permission.LOCAL_MAC_ADDRESS of 10082 is denied.
10-13 11:43:46.075   959  1910 D ConnectivityService: getActiveNetworkInfo networkInfo = [type: WIFI[], state: CONNECTED/CONNECTED, reason: (unspecified), extra: "CDT_GUEST", roaming: false, failover: false, isAvailable: true]
10-13 11:43:46.077   959   971 W PackageManager: checkUidPermission(): android.permission.LOCAL_MAC_ADDRESS of 10079 is denied.
10-13 11:43:46.087   312   492 D AALLightSensor: newLux = 106, [106, 104] -> 101
10-13 11:43:46.137  2489  2504 I System  : FinalizerDaemon: finalize objects = 91
10-13 11:43:46.142  6829  6837 I System  : FinalizerDaemon: finalize objects = 13
10-13 11:43:46.171  3780  3971 D AudioTrack: write: userSize = 3824, blocking = 1
10-13 11:43:46.271  3780  3971 D AudioTrack: write: userSize = 3824, blocking = 1
10-13 11:43:46.372  3780  3971 D AudioTrack: write: userSize = 3824, blocking = 1
10-13 11:43:46.456   326   326 I thermal_src: wake up function 3
10-13 11:43:46.456   326   326 I thermal_src: TA_DAEMON_CMD_GET_TPCB cmd=0x5, len=4 PCB=36000
10-13 11:43:46.456   326   326 I thermal_src: TA_DAEMON_CMD_SET_TTJ cmd=0x4, len=4 Tj=85000
10-13 11:43:46.456   326   326 I thermal_src: waiting NOTIFY from kernel...
10-13 11:43:46.473  3780  3971 D AudioTrack: write: userSize = 3824, blocking = 1
10-13 11:43:46.573  3780  3971 D AudioTrack: write: userSize = 3824, blocking = 1
10-13 11:43:46.676  3780  3971 D AudioTrack: write: userSize = 3824, blocking = 1
10-13 11:43:46.776  3780  3971 D AudioTrack: write: userSize = 3824, blocking = 1
10-13 11:43:46.876  3780  3971 D AudioTrack: write: userSize = 3824, blocking = 1
10-13 11:43:46.949   959   959 E WifiTrafficPoller: TRAFFIC_STATS_POLL true Token 92 num clients 12
10-13 11:43:46.950   959   959 E WifiTrafficPoller:  packet count Tx=67334 Rx=126983
10-13 11:43:46.977  3780  3971 D AudioTrack: write: userSize = 3824, blocking = 1
10-13 11:43:47.077  3780  3971 D AudioTrack: write: userSize = 3824, blocking = 1
10-13 11:43:47.178  3780  3971 D AudioTrack: write: userSize = 3824, blocking = 1
10-13 11:43:47.278  3780  3971 D AudioTrack: write: userSize = 3824, blocking = 1
10-13 11:43:47.311 11387 11394 I System  : FinalizerDaemon: finalize objects = 2143
10-13 11:43:47.378  3780  3971 D AudioTrack: write: userSize = 3824, blocking = 1
10-13 11:43:47.479  3780  3971 D AudioTrack: write: userSize = 3824, blocking = 1
10-13 11:43:47.579  3780  3971 D AudioTrack: write: userSize = 3824, blocking = 1
10-13 11:43:47.680  3780  3971 D AudioTrack: write: userSize = 3824, blocking = 1
10-13 11:43:47.780  3780  3971 D AudioTrack: write: userSize = 3824, blocking = 1
10-13 11:43:47.880  3780  3971 D AudioTrack: write: userSize = 3824, blocking = 1
10-13 11:43:47.951   959   959 E WifiTrafficPoller: TRAFFIC_STATS_POLL true Token 92 num clients 12
10-13 11:43:47.952   959   959 E WifiTrafficPoller:  packet count Tx=67334 Rx=126983
10-13 11:43:47.968   959  2522 D PowerManagerService: acquireWakeLockInternal: lock=194584050, flags=0x1, tag="GCM_CONN", ws=WorkSource{10011 com.google.android.gms}, uid=10011, pid=1903
10-13 11:43:47.968   959  2522 D PowerManagerService: updateWakeLockSummaryLocked: mWakefulness=Awake, mWakeLockSummary=0x1
10-13 11:43:47.969   959  2522 D PowerManagerService: updateUserActivitySummaryLocked: mWakefulness=Awake, mUserActivitySummary=0x2, nextTimeout=9679145 (in 1562 ms)
10-13 11:43:47.969   959  2522 D DisplayPowerController: requestPowerState: policy=DIM, useProximitySensor=false, screenBrightness=160, screenAutoBrightnessAdjustment=0.0, brightnessSetByUser=true, useAutoBrightness=false, blockScreenOn=false, lowPowerMode=false, boostScreenBrightness=false, dozeScreenBrightness=-1, dozeScreenState=UNKNOWN, waitForNegativeProximity=false
10-13 11:43:47.969   959  2522 I PowerManagerService: setBrightness mButtonLight 0.
10-13 11:43:47.969   959  2522 D PowerManagerService: updateDisplayPowerStateLocked: mDisplayReady=true, policy=2, mWakefulness=1, mWakeLockSummary=0x1, mUserActivitySummary=0x2, mBootCompleted=true, mScreenBrightnessBoostInProgress=false
10-13 11:43:47.970   959  2522 D PowerManagerService: Acquiring suspend blocker "PowerManagerService.WakeLocks".
10-13 11:43:47.970   959  2522 D PowerManagerNotifier: onWakeLockAcquired: flags=1, tag="GCM_CONN", packageName=com.google.android.gms, ownerUid=10011, ownerPid=1903, workSource=WorkSource{10011 com.google.android.gms}
10-13 11:43:47.982  3780  3971 D AudioTrack: write: userSize = 3824, blocking = 1
10-13 11:43:47.990   959  1498 D ConnectivityService: getActiveNetworkInfo networkInfo = [type: WIFI[], state: CONNECTED/CONNECTED, reason: (unspecified), extra: "CDT_GUEST", roaming: false, failover: false, isAvailable: true]
10-13 11:43:47.992   959  9794 D ConnectivityService: getActiveNetworkInfo networkInfo = [type: WIFI[], state: CONNECTED/CONNECTED, reason: (unspecified), extra: "CDT_GUEST", roaming: false, failover: false, isAvailable: true]
10-13 11:43:47.994   959  1807 D AlarmManager: manual remove option = PendingIntent{27dac43: PendingIntentRecord{33fee8e com.google.android.gms broadcastIntent}}
10-13 11:43:47.994   959  1807 D AlarmManager: remove(operation) changed bounds; rebatching operation = PendingIntent{27dac43: PendingIntentRecord{33fee8e com.google.android.gms broadcastIntent}}
10-13 11:43:47.994   959  1807 D AlarmManager: rebatchAllAlarmsLocked begin oldBatches count = 127
10-13 11:43:47.995   959  1807 D AlarmManager: rebatchAllAlarmsLocked  batch.size() = 1
10-13 11:43:47.995   959  1807 D AlarmManager:  whichBatch = -1
10-13 11:43:47.995   959  1807 D AlarmManager: rebatchAllAlarmsLocked  batch.size() = 1
10-13 11:43:47.995   959  1807 D AlarmManager:  whichBatch = -1
10-13 11:43:47.995   959  1807 D AlarmManager: rebatchAllAlarmsLocked  batch.size() = 1
10-13 11:43:47.995   959  1807 D AlarmManager:  whichBatch = -1
10-13 11:43:47.995   959  1807 D AlarmManager: rebatchAllAlarmsLocked  batch.size() = 1
10-13 11:43:47.995   959  1807 D AlarmManager:  whichBatch = -1
10-13 11:43:47.995   959  1807 D AlarmManager: rebatchAllAlarmsLocked  batch.size() = 1
10-13 11:43:47.997   959  1807 D AlarmManager:  whichBatch = -1
10-13 11:43:47.997   959  1807 D AlarmManager: rebatchAllAlarmsLocked  batch.size() = 1
10-13 11:43:47.997   959  1807 D AlarmManager:  whichBatch = -1
10-13 11:43:47.997   959  1807 D AlarmManager: rebatchAllAlarmsLocked  batch.size() = 1
10-13 11:43:47.997   959  1807 D AlarmManager:  whichBatch = -1
10-13 11:43:47.997   959  1807 D AlarmManager: rebatchAllAlarmsLocked  batch.size() = 1
10-13 11:43:47.997   959  1807 D AlarmManager:  whichBatch = -1
10-13 11:43:47.997   959  1807 D AlarmManager: rebatchAllAlarmsLocked  batch.size() = 1
10-13 11:43:47.997   959  1807 D AlarmManager:  whichBatch = -1
10-13 11:43:47.997   959  1807 D AlarmManager: rebatchAllAlarmsLocked  batch.size() = 1
10-13 11:43:47.998   959  1807 D AlarmManager:  whichBatch = -1
10-13 11:43:47.998   959  1807 D AlarmManager: rebatchAllAlarmsLocked  batch.size() = 1
10-13 11:43:47.998   959  1807 D AlarmManager:  whichBatch = -1
10-13 11:43:47.998   959  1807 D AlarmManager: rebatchAllAlarmsLocked  batch.size() = 1
10-13 11:43:47.998   959  1807 D AlarmManager:  whichBatch = -1
10-13 11:43:47.998   959  1807 D AlarmManager: rebatchAllAlarmsLocked  batch.size() = 1
10-13 11:43:47.998   959  1807 D AlarmManager:  whichBatch = -1
10-13 11:43:47.998   959  1807 D AlarmManager: rebatchAllAlarmsLocked  batch.size() = 1
10-13 11:43:47.998   959  1807 D AlarmManager:  whichBatch = -1
10-13 11:43:47.998   959  1807 D AlarmManager: rebatchAllAlarmsLocked  batch.size() = 1
10-13 11:43:47.998   959  1807 D AlarmManager:  whichBatch = -1
10-13 11:43:47.998   959  1807 D AlarmManager: rebatchAllAlarmsLocked  batch.size() = 1
10-13 11:43:47.999   959  1807 D AlarmManager:  whichBatch = -1
10-13 11:43:47.999   959  1807 D AlarmManager: rebatchAllAlarmsLocked  batch.size() = 1
10-13 11:43:47.999   959  1807 D AlarmManager:  whichBatch = -1
10-13 11:43:47.999   959  1807 D AlarmManager: rebatchAllAlarmsLocked  batch.size() = 1
10-13 11:43:47.999   959  1807 D AlarmManager:  whichBatch = -1
10-13 11:43:47.999   959  1807 D AlarmManager: rebatchAllAlarmsLocked  batch.size() = 1
10-13 11:43:47.999   959  1807 D AlarmManager:  whichBatch = -1
10-13 11:43:47.999   959  1807 D AlarmManager: rebatchAllAlarmsLocked  batch.size() = 1
10-13 11:43:47.999   959  1807 D AlarmManager:  whichBatch = -1
10-13 11:43:47.999   959  1807 D AlarmManager: rebatchAllAlarmsLocked  batch.size() = 1
10-13 11:43:47.999   959  1807 D AlarmManager:  whichBatch = -1
10-13 11:43:48.000   959  1807 D AlarmManager: rebatchAllAlarmsLocked  batch.size() = 1
10-13 11:43:48.000   959  1807 D AlarmManager:  whichBatch = -1
10-13 11:43:48.000   959  1807 D AlarmManager: rebatchAllAlarmsLocked  batch.size() = 1
10-13 11:43:48.000   959  1807 D AlarmManager:  whichBatch = -1
10-13 11:43:48.000   959  1807 D AlarmManager: rebatchAllAlarmsLocked  batch.size() = 1
10-13 11:43:48.000   959  1807 D AlarmManager:  whichBatch = -1
10-13 11:43:48.000   959  1807 D AlarmManager: rebatchAllAlarmsLocked  batch.size() = 1
10-13 11:43:48.000   959  1807 D AlarmManager:  whichBatch = -1
10-13 11:43:48.000   959  1807 D AlarmManager: rebatchAllAlarmsLocked  batch.size() = 1
10-13 11:43:48.000   959  1807 D AlarmManager:  whichBatch = -1
10-13 11:43:48.000   959  1807 D AlarmManager: rebatchAllAlarmsLocked  batch.size() = 1
10-13 11:43:48.000   959  1807 D AlarmManager:  whichBatch = -1
10-13 11:43:48.001   959  1807 D AlarmManager: rebatchAllAlarmsLocked  batch.size() = 1
10-13 11:43:48.001   959  1807 D AlarmManager:  whichBatch = -1
10-13 11:43:48.001   959  1807 D AlarmManager: rebatchAllAlarmsLocked  batch.size() = 1
10-13 11:43:48.001   959  1807 D AlarmManager:  whichBatch = -1
10-13 11:43:48.001   959  1807 D AlarmManager: rebatchAllAlarmsLocked  batch.size() = 1
10-13 11:43:48.001   959  1807 D AlarmManager:  whichBatch = -1
10-13 11:43:48.001   959  1807 D AlarmManager: rebatchAllAlarmsLocked  batch.size() = 1
10-13 11:43:48.001   959  1807 D AlarmManager:  whichBatch = -1
10-13 11:43:48.001   959  1807 D AlarmManager: rebatchAllAlarmsLocked  batch.size() = 1
10-13 11:43:48.001   959  1807 D AlarmManager:  whichBatch = -1
10-13 11:43:48.001   959  1807 D AlarmManager: rebatchAllAlarmsLocked  batch.size() = 1
10-13 11:43:48.002   959  1807 D AlarmManager:  whichBatch = -1
10-13 11:43:48.002   959  1807 D AlarmManager: rebatchAllAlarmsLocked  batch.size() = 1
10-13 11:43:48.002   959  1807 D AlarmManager:  whichBatch = -1
10-13 11:43:48.002   959  1807 D AlarmManager: rebatchAllAlarmsLocked  batch.size() = 1
10-13 11:43:48.002   959  1807 D AlarmManager:  whichBatch = -1
10-13 11:43:48.002   959  1807 D AlarmManager: rebatchAllAlarmsLocked  batch.size() = 1
10-13 11:43:48.002   959  1807 D AlarmManager:  whichBatch = -1
10-13 11:43:48.002   959  1807 D AlarmManager: rebatchAllAlarmsLocked  batch.size() = 1
10-13 11:43:48.002   959  1807 D AlarmManager:  whichBatch = -1
10-13 11:43:48.002   959  1807 D AlarmManager: rebatchAllAlarmsLocked  batch.size() = 1
10-13 11:43:48.002   959  1807 D AlarmManager:  whichBatch = -1
10-13 11:43:48.002   959  1807 D AlarmManager: rebatchAllAlarmsLocked  batch.size() = 1
10-13 11:43:48.003   959  1807 D AlarmManager:  whichBatch = -1
10-13 11:43:48.003   959  1807 D AlarmManager: rebatchAllAlarmsLocked  batch.size() = 1
10-13 11:43:48.003   959  1807 D AlarmManager:  whichBatch = -1
10-13 11:43:48.003   959  1807 D AlarmManager: rebatchAllAlarmsLocked  batch.size() = 1
10-13 11:43:48.003   959  1807 D AlarmManager:  whichBatch = -1
10-13 11:43:48.003   959  1807 D AlarmManager: rebatchAllAlarmsLocked  batch.size() = 1
10-13 11:43:48.003   959  1807 D AlarmManager:  whichBatch = -1
10-13 11:43:48.003   959  1807 D AlarmManager: rebatchAllAlarmsLocked  batch.size() = 1
10-13 11:43:48.003   959  1807 D AlarmManager:  whichBatch = -1
10-13 11:43:48.003   959  1807 D AlarmManager: rebatchAllAlarmsLocked  batch.size() = 1
10-13 11:43:48.003   959  1807 D AlarmManager:  whichBatch = -1
10-13 11:43:48.003   959  1807 D AlarmManager: rebatchAllAlarmsLocked  batch.size() = 1
10-13 11:43:48.004   959  1807 D AlarmManager:  whichBatch = -1
10-13 11:43:48.004   959  1807 D AlarmManager: rebatchAllAlarmsLocked  batch.size() = 1
10-13 11:43:48.004   959  1807 D AlarmManager:  whichBatch = -1
10-13 11:43:48.004   959  1807 D AlarmManager: rebatchAllAlarmsLocked  batch.size() = 1
10-13 11:43:48.004   959  1807 D AlarmManager:  whichBatch = -1
10-13 11:43:48.004   959  1807 D AlarmManager: rebatchAllAlarmsLocked  batch.size() = 1
10-13 11:43:48.004   959  1807 D AlarmManager:  whichBatch = -1
10-13 11:43:48.004   959  1807 D AlarmManager: rebatchAllAlarmsLocked  batch.size() = 1
10-13 11:43:48.004   959  1807 D AlarmManager:  whichBatch = -1
10-13 11:43:48.004   959  1807 D AlarmManager: rebatchAllAlarmsLocked  batch.size() = 1
10-13 11:43:48.004   959  1807 D AlarmManager:  whichBatch = -1
10-13 11:43:48.005   959  1807 D AlarmManager: rebatchAllAlarmsLocked  batch.size() = 1
10-13 11:43:48.005   959  1807 D AlarmManager:  whichBatch = -1
10-13 11:43:48.005   959  1807 D AlarmManager: rebatchAllAlarmsLocked  batch.size() = 1
10-13 11:43:48.005   959  1807 D AlarmManager:  whichBatch = -1
10-13 11:43:48.005   959  1807 D AlarmManager: rebatchAllAlarmsLocked  batch.size() = 1
10-13 11:43:48.005   959  1807 D AlarmManager:  whichBatch = -1
10-13 11:43:48.005   959  1807 D AlarmManager: rebatchAllAlarmsLocked  batch.size() = 1
10-13 11:43:48.005   959  1807 D AlarmManager:  whichBatch = -1
10-13 11:43:48.005   959  1807 D AlarmManager: rebatchAllAlarmsLocked  batch.size() = 1
10-13 11:43:48.005   959  1807 D AlarmManager:  whichBatch = -1
10-13 11:43:48.008   959  1807 D AlarmManager: rebatchAllAlarmsLocked  batch.size() = 1
10-13 11:43:48.008   959  1807 D AlarmManager:  whichBatch = -1
10-13 11:43:48.008   959  1807 D AlarmManager: rebatchAllAlarmsLocked  batch.size() = 1
10-13 11:43:48.008   959  1807 D AlarmManager:  whichBatch = -1
10-13 11:43:48.008   959  1807 D AlarmManager: rebatchAllAlarmsLocked  batch.size() = 1
10-13 11:43:48.008   959  1807 D AlarmManager:  whichBatch = -1
10-13 11:43:48.008   959  1807 D AlarmManager: rebatchAllAlarmsLocked  batch.size() = 1
10-13 11:43:48.008   959  1807 D AlarmManager:  whichBatch = -1
10-13 11:43:48.009   959  1807 D AlarmManager: rebatchAllAlarmsLocked  batch.size() = 1
10-13 11:43:48.009   959  1807 D AlarmManager:  whichBatch = -1
10-13 11:43:48.009   959  1807 D AlarmManager: rebatchAllAlarmsLocked  batch.size() = 1
10-13 11:43:48.009   959  1807 D AlarmManager:  whichBatch = -1
10-13 11:43:48.009   959  1807 D AlarmManager: rebatchAllAlarmsLocked  batch.size() = 1
10-13 11:43:48.009   959  1807 D AlarmManager:  whichBatch = -1
10-13 11:43:48.009   959  1807 D AlarmManager: rebatchAllAlarmsLocked  batch.size() = 1
10-13 11:43:48.009   959  1807 D AlarmManager:  whichBatch = -1
10-13 11:43:48.009   959  1807 D AlarmManager: rebatchAllAlarmsLocked  batch.size() = 1
10-13 11:43:48.009   959  1807 D AlarmManager:  whichBatch = -1
10-13 11:43:48.009   959  1807 D AlarmManager: rebatchAllAlarmsLocked  batch.size() = 1
10-13 11:43:48.009   959  1807 D AlarmManager:  whichBatch = -1
10-13 11:43:48.010   959  1807 D AlarmManager: rebatchAllAlarmsLocked  batch.size() = 1
10-13 11:43:48.010   959  1807 D AlarmManager:  whichBatch = -1
10-13 11:43:48.010   959  1807 D AlarmManager: rebatchAllAlarmsLocked  batch.size() = 1
10-13 11:43:48.010   959  1807 D AlarmManager:  whichBatch = -1
10-13 11:43:48.010   959  1807 D AlarmManager: rebatchAllAlarmsLocked  batch.size() = 1
10-13 11:43:48.010   959  1807 D AlarmManager:  whichBatch = -1
10-13 11:43:48.010   959  1807 D AlarmManager: rebatchAllAlarmsLocked  batch.size() = 1
10-13 11:43:48.010   959  1807 D AlarmManager:  whichBatch = -1
10-13 11:43:48.010   959  1807 D AlarmManager: rebatchAllAlarmsLocked  batch.size() = 1
10-13 11:43:48.010   959  1807 D AlarmManager:  whichBatch = -1
10-13 11:43:48.010   959  1807 D AlarmManager: rebatchAllAlarmsLocked  batch.size() = 1
10-13 11:43:48.011   959  1807 D AlarmManager:  whichBatch = -1
10-13 11:43:48.011   959  1807 D AlarmManager: rebatchAllAlarmsLocked  batch.size() = 1
10-13 11:43:48.011   959  1807 D AlarmManager:  whichBatch = -1
10-13 11:43:48.011   959  1807 D AlarmManager: rebatchAllAlarmsLocked  batch.size() = 1
10-13 11:43:48.011   959  1807 D AlarmManager:  whichBatch = -1
10-13 11:43:48.011   959  1807 D AlarmManager: rebatchAllAlarmsLocked  batch.size() = 1
10-13 11:43:48.011   959  1807 D AlarmManager:  whichBatch = -1
10-13 11:43:48.011   959  1807 D AlarmManager: rebatchAllAlarmsLocked  batch.size() = 1
10-13 11:43:48.011   959  1807 D AlarmManager:  whichBatch = -1
10-13 11:43:48.011   959  1807 D AlarmManager: rebatchAllAlarmsLocked  batch.size() = 1
10-13 11:43:48.011   959  1807 D AlarmManager:  whichBatch = -1
10-13 11:43:48.011   959  1807 D AlarmManager: rebatchAllAlarmsLocked  batch.size() = 1
10-13 11:43:48.012   959  1807 D AlarmManager:  whichBatch = -1
10-13 11:43:48.012   959  1807 D AlarmManager: rebatchAllAlarmsLocked  batch.size() = 1
10-13 11:43:48.012   959  1807 D AlarmManager:  whichBatch = -1
10-13 11:43:48.012   959  1807 D AlarmManager: rebatchAllAlarmsLocked  batch.size() = 1
10-13 11:43:48.012   959  1807 D AlarmManager:  whichBatch = -1
10-13 11:43:48.012   959  1807 D AlarmManager: rebatchAllAlarmsLocked  batch.size() = 1
10-13 11:43:48.012   959  1807 D AlarmManager:  whichBatch = -1
10-13 11:43:48.012   959  1807 D AlarmManager: rebatchAllAlarmsLocked  batch.size() = 1
10-13 11:43:48.012   959  1807 D AlarmManager:  whichBatch = -1
10-13 11:43:48.012   959  1807 D AlarmManager: rebatchAllAlarmsLocked  batch.size() = 1
10-13 11:43:48.012   959  1807 D AlarmManager:  whichBatch = -1
10-13 11:43:48.013   959  1807 D AlarmManager: rebatchAllAlarmsLocked  batch.size() = 1
10-13 11:43:48.013   959  1807 D AlarmManager:  whichBatch = -1
10-13 11:43:48.013   959  1807 D AlarmManager: rebatchAllAlarmsLocked  batch.size() = 1
10-13 11:43:48.013   959  1807 D AlarmManager:  whichBatch = -1
10-13 11:43:48.013   959  1807 D AlarmManager: rebatchAllAlarmsLocked  batch.size() = 1
10-13 11:43:48.013   959  1807 D AlarmManager:  whichBatch = -1
10-13 11:43:48.013   959  1807 D AlarmManager: rebatchAllAlarmsLocked  batch.size() = 2
10-13 11:43:48.013   959  1807 D AlarmManager:  whichBatch = -1
10-13 11:43:48.013   959  1807 D AlarmManager:  whichBatch = 3
10-13 11:43:48.013   959  1807 D AlarmManager:  alarm = Alarm{233e7a0 type 2 when 97329676 com.google.android.gms} add to Batch{8d0f2c0 num=1 start=16299552 end=469899552}
10-13 11:43:48.013   959  1807 D AlarmManager: rebatchAllAlarmsLocked  batch.size() = 1
10-13 11:43:48.014   959  1807 D AlarmManager:  whichBatch = -1
10-13 11:43:48.014   959  1807 D AlarmManager: rebatchAllAlarmsLocked  batch.size() = 1
10-13 11:43:48.014   959  1807 D AlarmManager:  whichBatch = -1
10-13 11:43:48.017   959  1807 D AlarmManager: rebatchAllAlarmsLocked  batch.size() = 1
10-13 11:43:48.017   959  1807 D AlarmManager:  whichBatch = -1
10-13 11:43:48.017   959  1807 D AlarmManager: rebatchAllAlarmsLocked  batch.size() = 1
10-13 11:43:48.017   959  1807 D AlarmManager:  whichBatch = -1
10-13 11:43:48.017   959  1807 D AlarmManager: rebatchAllAlarmsLocked  batch.size() = 1
10-13 11:43:48.017   959  1807 D AlarmManager:  whichBatch = -1
10-13 11:43:48.017   959  1807 D AlarmManager: rebatchAllAlarmsLocked  batch.size() = 1
10-13 11:43:48.017   959  1807 D AlarmManager:  whichBatch = -1
10-13 11:43:48.018   959  1807 D AlarmManager: rebatchAllAlarmsLocked  batch.size() = 1
10-13 11:43:48.018   959  1807 D AlarmManager:  whichBatch = -1
10-13 11:43:48.018   959  1807 D AlarmManager: rebatchAllAlarmsLocked  batch.size() = 1
10-13 11:43:48.018   959  1807 D AlarmManager:  whichBatch = -1
